Build started 08/20/2025 23:40:10.
     1>Project "/mnt/c/Users/newon/source/repos/FastFsm/FastFsm.Tests/FastFsm.Tests.csproj" on node 1 (Restore target(s)).
     1>_GetAllRestoreProjectPathItems:
         Determining projects to restore...
       Restore:
         X.509 certificate chain validation will use the fallback certificate bundle at '/home/lukasz/.dotnet/sdk/9.0.304/trustedroots/codesignctl.pem'.
         X.509 certificate chain validation will use the fallback certificate bundle at '/home/lukasz/.dotnet/sdk/9.0.304/trustedroots/timestampctl.pem'.
         Restoring packages for /mnt/c/Users/newon/source/repos/FastFsm/FastFsm.Tests/FastFsm.Tests.csproj...
           GET https://api.nuget.org/v3/vulnerabilities/index.json
           OK https://api.nuget.org/v3/vulnerabilities/index.json 128ms
           GET https://api.nuget.org/v3-vulnerabilities/2025.07.31.17.40.39/vulnerability.base.json
           GET https://api.nuget.org/v3-vulnerabilities/2025.07.31.17.40.39/2025.08.20.17.18.48/vulnerability.update.json
           OK https://api.nuget.org/v3-vulnerabilities/2025.07.31.17.40.39/vulnerability.base.json 131ms
           OK https://api.nuget.org/v3-vulnerabilities/2025.07.31.17.40.39/2025.08.20.17.18.48/vulnerability.update.json 273ms
         Generating MSBuild file /mnt/c/Users/newon/source/repos/FastFsm/FastFsm.Tests/obj/FastFsm.Tests.csproj.nuget.g.props.
         Generating MSBuild file /mnt/c/Users/newon/source/repos/FastFsm/FastFsm.Tests/obj/FastFsm.Tests.csproj.nuget.g.targets.
         Writing assets file to disk. Path: /mnt/c/Users/newon/source/repos/FastFsm/FastFsm.Tests/obj/project.assets.json
         Restored /mnt/c/Users/newon/source/repos/FastFsm/FastFsm.Tests/FastFsm.Tests.csproj (in 971 ms).
         
         NuGet Config files used:
             /mnt/c/Users/newon/source/repos/FastFsm/nuget.config
             /home/lukasz/.nuget/NuGet/NuGet.Config
         
         Feeds used:
             https://api.nuget.org/v3/index.json
             /mnt/c/Users/newon/source/repos/FastFsm/nuget
     1>Done Building Project "/mnt/c/Users/newon/source/repos/FastFsm/FastFsm.Tests/FastFsm.Tests.csproj" (Restore target(s)).
   1:7>Project "/mnt/c/Users/newon/source/repos/FastFsm/FastFsm.Tests/FastFsm.Tests.csproj" on node 1 (default targets).
     1>_GenerateSourceLinkFile:
         Updating Source Link file 'obj/Debug/net9.0/FastFsm.Tests.sourcelink.json'.
       CoreCompile:
         /home/lukasz/.dotnet/dotnet exec "/home/lukasz/.dotnet/sdk/9.0.304/Roslyn/bincore/csc.dll" /noconfig /unsafe- /checked- /nowarn:1701,1702,1701,1702 /fullpaths /nostdlib+ /errorreport:prompt /warn:9 /define:TRACE;DEBUG;NET;NET9_0;NETCOREAPP;NET5_0_OR_GREATER;NET6_0_OR_GREATER;NET7_0_OR_GREATER;NET8_0_OR_GREATER;NET9_0_OR_GREATER;NETCOREAPP1_0_OR_GREATER;NETCOREAPP1_1_OR_GREATER;NETCOREAPP2_0_OR_GREATER;NETCOREAPP2_1_OR_GREATER;NETCOREAPP2_2_OR_GREATER;NETCOREAPP3_0_OR_GREATER;NETCOREAPP3_1_OR_GREATER /highentropyva+ /nullable:enable /reference:/home/lukasz/.nuget/packages/fastfsm.net/0.6.9.2/lib/net9.0/Abstractions.dll /reference:/home/lukasz/.nuget/packages/castle.core/5.1.1/lib/net6.0/Castle.Core.dll /reference:/home/lukasz/.nuget/packages/diffengine/11.3.0/lib/net7.0/DiffEngine.dll /reference:/home/lukasz/.nuget/packages/emptyfiles/4.4.0/lib/net7.0/EmptyFiles.dll /reference:/home/lukasz/.nuget/packages/fastfsm.net/0.6.9.2/lib/net9.0/FastFsm.dll /reference:/home/lukasz/.nuget/packages/microsoft.codeanalysis.csharp/4.12.0/lib/net8.0/Microsoft.CodeAnalysis.CSharp.dll /reference:/home/lukasz/.nuget/packages/microsoft.codeanalysis.common/4.12.0/lib/net8.0/Microsoft.CodeAnalysis.dll /reference:/home/lukasz/.dotnet/packs/Microsoft.NETCore.App.Ref/9.0.8/ref/net9.0/Microsoft.CSharp.dll /reference:/home/lukasz/.nuget/packages/microsoft.extensions.dependencyinjection.abstractions/9.0.6/lib/net9.0/Microsoft.Extensions.DependencyInjection.Abstractions.dll /reference:/home/lukasz/.nuget/packages/microsoft.extensions.dependencyinjection/9.0.6/lib/net9.0/Microsoft.Extensions.DependencyInjection.dll /reference:/home/lukasz/.nuget/packages/microsoft.extensions.logging.abstractions/9.0.6/lib/net9.0/Microsoft.Extensions.Logging.Abstractions.dll /reference:/home/lukasz/.nuget/packages/microsoft.extensions.logging/9.0.6/lib/net9.0/Microsoft.Extensions.Logging.dll /reference:/home/lukasz/.nuget/packages/microsoft.extensions.options/9.0.6/lib/net9.0/Microsoft.Extensions.Options.dll /reference:/home/lukasz/.nuget/packages/microsoft.extensions.primitives/9.0.6/lib/net9.0/Microsoft.Extensions.Primitives.dll /reference:/home/lukasz/.nuget/packages/microsoft.testplatform.testhost/17.14.1/lib/net8.0/Microsoft.TestPlatform.CommunicationUtilities.dll /reference:/home/lukasz/.nuget/packages/microsoft.testplatform.testhost/17.14.1/lib/net8.0/Microsoft.TestPlatform.CoreUtilities.dll /reference:/home/lukasz/.nuget/packages/microsoft.testplatform.testhost/17.14.1/lib/net8.0/Microsoft.TestPlatform.CrossPlatEngine.dll /reference:/home/lukasz/.nuget/packages/microsoft.testplatform.testhost/17.14.1/lib/net8.0/Microsoft.TestPlatform.PlatformAbstractions.dll /reference:/home/lukasz/.nuget/packages/microsoft.testplatform.testhost/17.14.1/lib/net8.0/Microsoft.TestPlatform.Utilities.dll /reference:/home/lukasz/.dotnet/packs/Microsoft.NETCore.App.Ref/9.0.8/ref/net9.0/Microsoft.VisualBasic.Core.dll /reference:/home/lukasz/.dotnet/packs/Microsoft.NETCore.App.Ref/9.0.8/ref/net9.0/Microsoft.VisualBasic.dll /reference:/home/lukasz/.nuget/packages/microsoft.codecoverage/17.14.1/lib/net8.0/Microsoft.VisualStudio.CodeCoverage.Shim.dll /reference:/home/lukasz/.nuget/packages/microsoft.testplatform.testhost/17.14.1/lib/net8.0/Microsoft.VisualStudio.TestPlatform.Common.dll /reference:/home/lukasz/.nuget/packages/microsoft.testplatform.testhost/17.14.1/lib/net8.0/Microsoft.VisualStudio.TestPlatform.ObjectModel.dll /reference:/home/lukasz/.dotnet/packs/Microsoft.NETCore.App.Ref/9.0.8/ref/net9.0/Microsoft.Win32.Primitives.dll /reference:/home/lukasz/.dotnet/packs/Microsoft.NETCore.App.Ref/9.0.8/ref/net9.0/Microsoft.Win32.Registry.dll /reference:/home/lukasz/.nuget/packages/moq/4.20.72/lib/net6.0/Moq.dll /reference:/home/lukasz/.dotnet/packs/Microsoft.NETCore.App.Ref/9.0.8/ref/net9.0/mscorlib.dll /reference:/home/lukasz/.dotnet/packs/Microsoft.NETCore.App.Ref/9.0.8/ref/net9.0/netstandard.dll /reference:/home/lukasz/.nuget/packages/newtonsoft.json/13.0.3/lib/net6.0/Newtonsoft.Json.dll /reference:/home/lukasz/.nuget/packages/shouldly/4.3.0/lib/net9.0/Shouldly.dll /reference:/home/lukasz/.dotnet/packs/Microsoft.NETCore.App.Ref/9.0.8/ref/net9.0/System.AppContext.dll /reference:/home/lukasz/.dotnet/packs/Microsoft.NETCore.App.Ref/9.0.8/ref/net9.0/System.Buffers.dll /reference:/home/lukasz/.nuget/packages/system.codedom/6.0.0/lib/net6.0/System.CodeDom.dll /reference:/home/lukasz/.dotnet/packs/Microsoft.NETCore.App.Ref/9.0.8/ref/net9.0/System.Collections.Concurrent.dll /reference:/home/lukasz/.dotnet/packs/Microsoft.NETCore.App.Ref/9.0.8/ref/net9.0/System.Collections.dll /reference:/home/lukasz/.dotnet/packs/Microsoft.NETCore.App.Ref/9.0.8/ref/net9.0/System.Collections.Immutable.dll /reference:/home/lukasz/.dotnet/packs/Microsoft.NETCore.App.Ref/9.0.8/ref/net9.0/System.Collections.NonGeneric.dll /reference:/home/lukasz/.dotnet/packs/Microsoft.NETCore.App.Ref/9.0.8/ref/net9.0/System.Collections.Specialized.dll /reference:/home/lukasz/.dotnet/packs/Microsoft.NETCore.App.Ref/9.0.8/ref/net9.0/System.ComponentModel.Annotations.dll /reference:/home/lukasz/.dotnet/packs/Microsoft.NETCore.App.Ref/9.0.8/ref/net9.0/System.ComponentModel.DataAnnotations.dll /reference:/home/lukasz/.dotnet/packs/Microsoft.NETCore.App.Ref/9.0.8/ref/net9.0/System.ComponentModel.dll /reference:/home/lukasz/.dotnet/packs/Microsoft.NETCore.App.Ref/9.0.8/ref/net9.0/System.ComponentModel.EventBasedAsync.dll /reference:/home/lukasz/.dotnet/packs/Microsoft.NETCore.App.Ref/9.0.8/ref/net9.0/System.ComponentModel.Primitives.dll /reference:/home/lukasz/.dotnet/packs/Microsoft.NETCore.App.Ref/9.0.8/ref/net9.0/System.ComponentModel.TypeConverter.dll /reference:/home/lukasz/.dotnet/packs/Microsoft.NETCore.App.Ref/9.0.8/ref/net9.0/System.Configuration.dll /reference:/home/lukasz/.dotnet/packs/Microsoft.NETCore.App.Ref/9.0.8/ref/net9.0/System.Console.dll /reference:/home/lukasz/.dotnet/packs/Microsoft.NETCore.App.Ref/9.0.8/ref/net9.0/System.Core.dll /reference:/home/lukasz/.dotnet/packs/Microsoft.NETCore.App.Ref/9.0.8/ref/net9.0/System.Data.Common.dll /reference:/home/lukasz/.dotnet/packs/Microsoft.NETCore.App.Ref/9.0.8/ref/net9.0/System.Data.DataSetExtensions.dll /reference:/home/lukasz/.dotnet/packs/Microsoft.NETCore.App.Ref/9.0.8/ref/net9.0/System.Data.dll /reference:/home/lukasz/.dotnet/packs/Microsoft.NETCore.App.Ref/9.0.8/ref/net9.0/System.Diagnostics.Contracts.dll /reference:/home/lukasz/.dotnet/packs/Microsoft.NETCore.App.Ref/9.0.8/ref/net9.0/System.Diagnostics.Debug.dll /reference:/home/lukasz/.dotnet/packs/Microsoft.NETCore.App.Ref/9.0.8/ref/net9.0/System.Diagnostics.DiagnosticSource.dll /reference:/home/lukasz/.nuget/packages/system.diagnostics.eventlog/6.0.0/lib/net6.0/System.Diagnostics.EventLog.dll /reference:/home/lukasz/.dotnet/packs/Microsoft.NETCore.App.Ref/9.0.8/ref/net9.0/System.Diagnostics.FileVersionInfo.dll /reference:/home/lukasz/.dotnet/packs/Microsoft.NETCore.App.Ref/9.0.8/ref/net9.0/System.Diagnostics.Process.dll /reference:/home/lukasz/.dotnet/packs/Microsoft.NETCore.App.Ref/9.0.8/ref/net9.0/System.Diagnostics.StackTrace.dll /reference:/home/lukasz/.dotnet/packs/Microsoft.NETCore.App.Ref/9.0.8/ref/net9.0/System.Diagnostics.TextWriterTraceListener.dll /reference:/home/lukasz/.dotnet/packs/Microsoft.NETCore.App.Ref/9.0.8/ref/net9.0/System.Diagnostics.Tools.dll /reference:/home/lukasz/.dotnet/packs/Microsoft.NETCore.App.Ref/9.0.8/ref/net9.0/System.Diagnostics.TraceSource.dll /reference:/home/lukasz/.dotnet/packs/Microsoft.NETCore.App.Ref/9.0.8/ref/net9.0/System.Diagnostics.Tracing.dll /reference:/home/lukasz/.dotnet/packs/Microsoft.NETCore.App.Ref/9.0.8/ref/net9.0/System.dll /reference:/home/lukasz/.dotnet/packs/Microsoft.NETCore.App.Ref/9.0.8/ref/net9.0/System.Drawing.dll /reference:/home/lukasz/.dotnet/packs/Microsoft.NETCore.App.Ref/9.0.8/ref/net9.0/System.Drawing.Primitives.dll /reference:/home/lukasz/.dotnet/packs/Microsoft.NETCore.App.Ref/9.0.8/ref/net9.0/System.Dynamic.Runtime.dll /reference:/home/lukasz/.dotnet/packs/Microsoft.NETCore.App.Ref/9.0.8/ref/net9.0/System.Formats.Asn1.dll /reference:/home/lukasz/.dotnet/packs/Microsoft.NETCore.App.Ref/9.0.8/ref/net9.0/System.Formats.Tar.dll /reference:/home/lukasz/.dotnet/packs/Microsoft.NETCore.App.Ref/9.0.8/ref/net9.0/System.Globalization.Calendars.dll /reference:/home/lukasz/.dotnet/packs/Microsoft.NETCore.App.Ref/9.0.8/ref/net9.0/System.Globalization.dll /reference:/home/lukasz/.dotnet/packs/Microsoft.NETCore.App.Ref/9.0.8/ref/net9.0/System.Globalization.Extensions.dll /reference:/home/lukasz/.dotnet/packs/Microsoft.NETCore.App.Ref/9.0.8/ref/net9.0/System.IO.Compression.Brotli.dll /reference:/home/lukasz/.dotnet/packs/Microsoft.NETCore.App.Ref/9.0.8/ref/net9.0/System.IO.Compression.dll /reference:/home/lukasz/.dotnet/packs/Microsoft.NETCore.App.Ref/9.0.8/ref/net9.0/System.IO.Compression.FileSystem.dll /reference:/home/lukasz/.dotnet/packs/Microsoft.NETCore.App.Ref/9.0.8/ref/net9.0/System.IO.Compression.ZipFile.dll /reference:/home/lukasz/.dotnet/packs/Microsoft.NETCore.App.Ref/9.0.8/ref/net9.0/System.IO.dll /reference:/home/lukasz/.dotnet/packs/Microsoft.NETCore.App.Ref/9.0.8/ref/net9.0/System.IO.FileSystem.AccessControl.dll /reference:/home/lukasz/.dotnet/packs/Microsoft.NETCore.App.Ref/9.0.8/ref/net9.0/System.IO.FileSystem.dll /reference:/home/lukasz/.dotnet/packs/Microsoft.NETCore.App.Ref/9.0.8/ref/net9.0/System.IO.FileSystem.DriveInfo.dll /reference:/home/lukasz/.dotnet/packs/Microsoft.NETCore.App.Ref/9.0.8/ref/net9.0/System.IO.FileSystem.Primitives.dll /reference:/home/lukasz/.dotnet/packs/Microsoft.NETCore.App.Ref/9.0.8/ref/net9.0/System.IO.FileSystem.Watcher.dll /reference:/home/lukasz/.dotnet/packs/Microsoft.NETCore.App.Ref/9.0.8/ref/net9.0/System.IO.IsolatedStorage.dll /reference:/home/lukasz/.dotnet/packs/Microsoft.NETCore.App.Ref/9.0.8/ref/net9.0/System.IO.MemoryMappedFiles.dll /reference:/home/lukasz/.dotnet/packs/Microsoft.NETCore.App.Ref/9.0.8/ref/net9.0/System.IO.Pipelines.dll /reference:/home/lukasz/.dotnet/packs/Microsoft.NETCore.App.Ref/9.0.8/ref/net9.0/System.IO.Pipes.AccessControl.dll /reference:/home/lukasz/.dotnet/packs/Microsoft.NETCore.App.Ref/9.0.8/ref/net9.0/System.IO.Pipes.dll /reference:/home/lukasz/.dotnet/packs/Microsoft.NETCore.App.Ref/9.0.8/ref/net9.0/System.IO.UnmanagedMemoryStream.dll /reference:/home/lukasz/.dotnet/packs/Microsoft.NETCore.App.Ref/9.0.8/ref/net9.0/System.Linq.dll /reference:/home/lukasz/.dotnet/packs/Microsoft.NETCore.App.Ref/9.0.8/ref/net9.0/System.Linq.Expressions.dll /reference:/home/lukasz/.dotnet/packs/Microsoft.NETCore.App.Ref/9.0.8/ref/net9.0/System.Linq.Parallel.dll /reference:/home/lukasz/.dotnet/packs/Microsoft.NETCore.App.Ref/9.0.8/ref/net9.0/System.Linq.Queryable.dll /reference:/home/lukasz/.nuget/packages/system.management/6.0.1/lib/net6.0/System.Management.dll /reference:/home/lukasz/.dotnet/packs/Microsoft.NETCore.App.Ref/9.0.8/ref/net9.0/System.Memory.dll /reference:/home/lukasz/.dotnet/packs/Microsoft.NETCore.App.Ref/9.0.8/ref/net9.0/System.Net.dll /reference:/home/lukasz/.dotnet/packs/Microsoft.NETCore.App.Ref/9.0.8/ref/net9.0/System.Net.Http.dll /reference:/home/lukasz/.dotnet/packs/Microsoft.NETCore.App.Ref/9.0.8/ref/net9.0/System.Net.Http.Json.dll /reference:/home/lukasz/.dotnet/packs/Microsoft.NETCore.App.Ref/9.0.8/ref/net9.0/System.Net.HttpListener.dll /reference:/home/lukasz/.dotnet/packs/Microsoft.NETCore.App.Ref/9.0.8/ref/net9.0/System.Net.Mail.dll /reference:/home/lukasz/.dotnet/packs/Microsoft.NETCore.App.Ref/9.0.8/ref/net9.0/System.Net.NameResolution.dll /reference:/home/lukasz/.dotnet/packs/Microsoft.NETCore.App.Ref/9.0.8/ref/net9.0/System.Net.NetworkInformation.dll /reference:/home/lukasz/.dotnet/packs/Microsoft.NETCore.App.Ref/9.0.8/ref/net9.0/System.Net.Ping.dll /reference:/home/lukasz/.dotnet/packs/Microsoft.NETCore.App.Ref/9.0.8/ref/net9.0/System.Net.Primitives.dll /reference:/home/lukasz/.dotnet/packs/Microsoft.NETCore.App.Ref/9.0.8/ref/net9.0/System.Net.Quic.dll /reference:/home/lukasz/.dotnet/packs/Microsoft.NETCore.App.Ref/9.0.8/ref/net9.0/System.Net.Requests.dll /reference:/home/lukasz/.dotnet/packs/Microsoft.NETCore.App.Ref/9.0.8/ref/net9.0/System.Net.Security.dll /reference:/home/lukasz/.dotnet/packs/Microsoft.NETCore.App.Ref/9.0.8/ref/net9.0/System.Net.ServicePoint.dll /reference:/home/lukasz/.dotnet/packs/Microsoft.NETCore.App.Ref/9.0.8/ref/net9.0/System.Net.Sockets.dll /reference:/home/lukasz/.dotnet/packs/Microsoft.NETCore.App.Ref/9.0.8/ref/net9.0/System.Net.WebClient.dll /reference:/home/lukasz/.dotnet/packs/Microsoft.NETCore.App.Ref/9.0.8/ref/net9.0/System.Net.WebHeaderCollection.dll /reference:/home/lukasz/.dotnet/packs/Microsoft.NETCore.App.Ref/9.0.8/ref/net9.0/System.Net.WebProxy.dll /reference:/home/lukasz/.dotnet/packs/Microsoft.NETCore.App.Ref/9.0.8/ref/net9.0/System.Net.WebSockets.Client.dll /reference:/home/lukasz/.dotnet/packs/Microsoft.NETCore.App.Ref/9.0.8/ref/net9.0/System.Net.WebSockets.dll /reference:/home/lukasz/.dotnet/packs/Microsoft.NETCore.App.Ref/9.0.8/ref/net9.0/System.Numerics.dll /reference:/home/lukasz/.dotnet/packs/Microsoft.NETCore.App.Ref/9.0.8/ref/net9.0/System.Numerics.Vectors.dll /reference:/home/lukasz/.dotnet/packs/Microsoft.NETCore.App.Ref/9.0.8/ref/net9.0/System.ObjectModel.dll /reference:/home/lukasz/.dotnet/packs/Microsoft.NETCore.App.Ref/9.0.8/ref/net9.0/System.Reflection.DispatchProxy.dll /reference:/home/lukasz/.dotnet/packs/Microsoft.NETCore.App.Ref/9.0.8/ref/net9.0/System.Reflection.dll /reference:/home/lukasz/.dotnet/packs/Microsoft.NETCore.App.Ref/9.0.8/ref/net9.0/System.Reflection.Emit.dll /reference:/home/lukasz/.dotnet/packs/Microsoft.NETCore.App.Ref/9.0.8/ref/net9.0/System.Reflection.Emit.ILGeneration.dll /reference:/home/lukasz/.dotnet/packs/Microsoft.NETCore.App.Ref/9.0.8/ref/net9.0/System.Reflection.Emit.Lightweight.dll /reference:/home/lukasz/.dotnet/packs/Microsoft.NETCore.App.Ref/9.0.8/ref/net9.0/System.Reflection.Extensions.dll /reference:/home/lukasz/.dotnet/packs/Microsoft.NETCore.App.Ref/9.0.8/ref/net9.0/System.Reflection.Metadata.dll /reference:/home/lukasz/.dotnet/packs/Microsoft.NETCore.App.Ref/9.0.8/ref/net9.0/System.Reflection.Primitives.dll /reference:/home/lukasz/.dotnet/packs/Microsoft.NETCore.App.Ref/9.0.8/ref/net9.0/System.Reflection.TypeExtensions.dll /reference:/home/lukasz/.dotnet/packs/Microsoft.NETCore.App.Ref/9.0.8/ref/net9.0/System.Resources.Reader.dll /reference:/home/lukasz/.dotnet/packs/Microsoft.NETCore.App.Ref/9.0.8/ref/net9.0/System.Resources.ResourceManager.dll /reference:/home/lukasz/.dotnet/packs/Microsoft.NETCore.App.Ref/9.0.8/ref/net9.0/System.Resources.Writer.dll /reference:/home/lukasz/.dotnet/packs/Microsoft.NETCore.App.Ref/9.0.8/ref/net9.0/System.Runtime.CompilerServices.Unsafe.dll /reference:/home/lukasz/.dotnet/packs/Microsoft.NETCore.App.Ref/9.0.8/ref/net9.0/System.Runtime.CompilerServices.VisualC.dll /reference:/home/lukasz/.dotnet/packs/Microsoft.NETCore.App.Ref/9.0.8/ref/net9.0/System.Runtime.dll /reference:/home/lukasz/.dotnet/packs/Microsoft.NETCore.App.Ref/9.0.8/ref/net9.0/System.Runtime.Extensions.dll /reference:/home/lukasz/.dotnet/packs/Microsoft.NETCore.App.Ref/9.0.8/ref/net9.0/System.Runtime.Handles.dll /reference:/home/lukasz/.dotnet/packs/Microsoft.NETCore.App.Ref/9.0.8/ref/net9.0/System.Runtime.InteropServices.dll /reference:/home/lukasz/.dotnet/packs/Microsoft.NETCore.App.Ref/9.0.8/ref/net9.0/System.Runtime.InteropServices.JavaScript.dll /reference:/home/lukasz/.dotnet/packs/Microsoft.NETCore.App.Ref/9.0.8/ref/net9.0/System.Runtime.InteropServices.RuntimeInformation.dll /reference:/home/lukasz/.dotnet/packs/Microsoft.NETCore.App.Ref/9.0.8/ref/net9.0/System.Runtime.Intrinsics.dll /reference:/home/lukasz/.dotnet/packs/Microsoft.NETCore.App.Ref/9.0.8/ref/net9.0/System.Runtime.Loader.dll /reference:/home/lukasz/.dotnet/packs/Microsoft.NETCore.App.Ref/9.0.8/ref/net9.0/System.Runtime.Numerics.dll /reference:/home/lukasz/.dotnet/packs/Microsoft.NETCore.App.Ref/9.0.8/ref/net9.0/System.Runtime.Serialization.dll /reference:/home/lukasz/.dotnet/packs/Microsoft.NETCore.App.Ref/9.0.8/ref/net9.0/System.Runtime.Serialization.Formatters.dll /reference:/home/lukasz/.dotnet/packs/Microsoft.NETCore.App.Ref/9.0.8/ref/net9.0/System.Runtime.Serialization.Json.dll /reference:/home/lukasz/.dotnet/packs/Microsoft.NETCore.App.Ref/9.0.8/ref/net9.0/System.Runtime.Serialization.Primitives.dll /reference:/home/lukasz/.dotnet/packs/Microsoft.NETCore.App.Ref/9.0.8/ref/net9.0/System.Runtime.Serialization.Xml.dll /reference:/home/lukasz/.dotnet/packs/Microsoft.NETCore.App.Ref/9.0.8/ref/net9.0/System.Security.AccessControl.dll /reference:/home/lukasz/.dotnet/packs/Microsoft.NETCore.App.Ref/9.0.8/ref/net9.0/System.Security.Claims.dll /reference:/home/lukasz/.dotnet/packs/Microsoft.NETCore.App.Ref/9.0.8/ref/net9.0/System.Security.Cryptography.Algorithms.dll /reference:/home/lukasz/.dotnet/packs/Microsoft.NETCore.App.Ref/9.0.8/ref/net9.0/System.Security.Cryptography.Cng.dll /reference:/home/lukasz/.dotnet/packs/Microsoft.NETCore.App.Ref/9.0.8/ref/net9.0/System.Security.Cryptography.Csp.dll /reference:/home/lukasz/.dotnet/packs/Microsoft.NETCore.App.Ref/9.0.8/ref/net9.0/System.Security.Cryptography.dll /reference:/home/lukasz/.dotnet/packs/Microsoft.NETCore.App.Ref/9.0.8/ref/net9.0/System.Security.Cryptography.Encoding.dll /reference:/home/lukasz/.dotnet/packs/Microsoft.NETCore.App.Ref/9.0.8/ref/net9.0/System.Security.Cryptography.OpenSsl.dll /reference:/home/lukasz/.dotnet/packs/Microsoft.NETCore.App.Ref/9.0.8/ref/net9.0/System.Security.Cryptography.Primitives.dll /reference:/home/lukasz/.dotnet/packs/Microsoft.NETCore.App.Ref/9.0.8/ref/net9.0/System.Security.Cryptography.X509Certificates.dll /reference:/home/lukasz/.dotnet/packs/Microsoft.NETCore.App.Ref/9.0.8/ref/net9.0/System.Security.dll /reference:/home/lukasz/.dotnet/packs/Microsoft.NETCore.App.Ref/9.0.8/ref/net9.0/System.Security.Principal.dll /reference:/home/lukasz/.dotnet/packs/Microsoft.NETCore.App.Ref/9.0.8/ref/net9.0/System.Security.Principal.Windows.dll /reference:/home/lukasz/.dotnet/packs/Microsoft.NETCore.App.Ref/9.0.8/ref/net9.0/System.Security.SecureString.dll /reference:/home/lukasz/.dotnet/packs/Microsoft.NETCore.App.Ref/9.0.8/ref/net9.0/System.ServiceModel.Web.dll /reference:/home/lukasz/.dotnet/packs/Microsoft.NETCore.App.Ref/9.0.8/ref/net9.0/System.ServiceProcess.dll /reference:/home/lukasz/.dotnet/packs/Microsoft.NETCore.App.Ref/9.0.8/ref/net9.0/System.Text.Encoding.CodePages.dll /reference:/home/lukasz/.dotnet/packs/Microsoft.NETCore.App.Ref/9.0.8/ref/net9.0/System.Text.Encoding.dll /reference:/home/lukasz/.dotnet/packs/Microsoft.NETCore.App.Ref/9.0.8/ref/net9.0/System.Text.Encoding.Extensions.dll /reference:/home/lukasz/.dotnet/packs/Microsoft.NETCore.App.Ref/9.0.8/ref/net9.0/System.Text.Encodings.Web.dll /reference:/home/lukasz/.dotnet/packs/Microsoft.NETCore.App.Ref/9.0.8/ref/net9.0/System.Text.Json.dll /reference:/home/lukasz/.dotnet/packs/Microsoft.NETCore.App.Ref/9.0.8/ref/net9.0/System.Text.RegularExpressions.dll /reference:/home/lukasz/.dotnet/packs/Microsoft.NETCore.App.Ref/9.0.8/ref/net9.0/System.Threading.Channels.dll /reference:/home/lukasz/.dotnet/packs/Microsoft.NETCore.App.Ref/9.0.8/ref/net9.0/System.Threading.dll /reference:/home/lukasz/.dotnet/packs/Microsoft.NETCore.App.Ref/9.0.8/ref/net9.0/System.Threading.Overlapped.dll /reference:/home/lukasz/.dotnet/packs/Microsoft.NETCore.App.Ref/9.0.8/ref/net9.0/System.Threading.Tasks.Dataflow.dll /reference:/home/lukasz/.dotnet/packs/Microsoft.NETCore.App.Ref/9.0.8/ref/net9.0/System.Threading.Tasks.dll /reference:/home/lukasz/.dotnet/packs/Microsoft.NETCore.App.Ref/9.0.8/ref/net9.0/System.Threading.Tasks.Extensions.dll /reference:/home/lukasz/.dotnet/packs/Microsoft.NETCore.App.Ref/9.0.8/ref/net9.0/System.Threading.Tasks.Parallel.dll /reference:/home/lukasz/.dotnet/packs/Microsoft.NETCore.App.Ref/9.0.8/ref/net9.0/System.Threading.Thread.dll /reference:/home/lukasz/.dotnet/packs/Microsoft.NETCore.App.Ref/9.0.8/ref/net9.0/System.Threading.ThreadPool.dll /reference:/home/lukasz/.dotnet/packs/Microsoft.NETCore.App.Ref/9.0.8/ref/net9.0/System.Threading.Timer.dll /reference:/home/lukasz/.dotnet/packs/Microsoft.NETCore.App.Ref/9.0.8/ref/net9.0/System.Transactions.dll /reference:/home/lukasz/.dotnet/packs/Microsoft.NETCore.App.Ref/9.0.8/ref/net9.0/System.Transactions.Local.dll /reference:/home/lukasz/.dotnet/packs/Microsoft.NETCore.App.Ref/9.0.8/ref/net9.0/System.ValueTuple.dll /reference:/home/lukasz/.dotnet/packs/Microsoft.NETCore.App.Ref/9.0.8/ref/net9.0/System.Web.dll /reference:/home/lukasz/.dotnet/packs/Microsoft.NETCore.App.Ref/9.0.8/ref/net9.0/System.Web.HttpUtility.dll /reference:/home/lukasz/.dotnet/packs/Microsoft.NETCore.App.Ref/9.0.8/ref/net9.0/System.Windows.dll /reference:/home/lukasz/.dotnet/packs/Microsoft.NETCore.App.Ref/9.0.8/ref/net9.0/System.Xml.dll /reference:/home/lukasz/.dotnet/packs/Microsoft.NETCore.App.Ref/9.0.8/ref/net9.0/System.Xml.Linq.dll /reference:/home/lukasz/.dotnet/packs/Microsoft.NETCore.App.Ref/9.0.8/ref/net9.0/System.Xml.ReaderWriter.dll /reference:/home/lukasz/.dotnet/packs/Microsoft.NETCore.App.Ref/9.0.8/ref/net9.0/System.Xml.Serialization.dll /reference:/home/lukasz/.dotnet/packs/Microsoft.NETCore.App.Ref/9.0.8/ref/net9.0/System.Xml.XDocument.dll /reference:/home/lukasz/.dotnet/packs/Microsoft.NETCore.App.Ref/9.0.8/ref/net9.0/System.Xml.XmlDocument.dll /reference:/home/lukasz/.dotnet/packs/Microsoft.NETCore.App.Ref/9.0.8/ref/net9.0/System.Xml.XmlSerializer.dll /reference:/home/lukasz/.dotnet/packs/Microsoft.NETCore.App.Ref/9.0.8/ref/net9.0/System.Xml.XPath.dll /reference:/home/lukasz/.dotnet/packs/Microsoft.NETCore.App.Ref/9.0.8/ref/net9.0/System.Xml.XPath.XDocument.dll /reference:/home/lukasz/.nuget/packages/microsoft.testplatform.testhost/17.14.1/lib/net8.0/testhost.dll /reference:/home/lukasz/.dotnet/packs/Microsoft.NETCore.App.Ref/9.0.8/ref/net9.0/WindowsBase.dll /reference:/home/lukasz/.nuget/packages/xunit.abstractions/2.0.3/lib/netstandard2.0/xunit.abstractions.dll /reference:/home/lukasz/.nuget/packages/xunit.assert/2.9.3/lib/net6.0/xunit.assert.dll /reference:/home/lukasz/.nuget/packages/xunit.extensibility.core/2.9.3/lib/netstandard1.1/xunit.core.dll /reference:/home/lukasz/.nuget/packages/xunit.extensibility.execution/2.9.3/lib/netstandard1.1/xunit.execution.dotnet.dll /debug+ /debug:portable /filealign:512 /generatedfilesout:obj/GeneratedFiles /optimize- /out:obj/Debug/net9.0/FastFsm.Tests.dll /refout:obj/Debug/net9.0/refint/FastFsm.Tests.dll /target:exe /warnaserror- /utf8output /deterministic+ /sourcelink:obj/Debug/net9.0/FastFsm.Tests.sourcelink.json /langversion:13.0 /embed:/home/lukasz/.nuget/packages/fastfsm.net/0.6.9.2/contentFiles/cs/any/ExtensionRunner.cs /embed:/home/lukasz/.nuget/packages/fastfsm.net/0.6.9.2/contentFiles/cs/any/FsmServiceCollectionExtensions.cs /embed:/home/lukasz/.nuget/packages/fastfsm.net/0.6.9.2/contentFiles/cs/any/StateMachineFactory.cs /embed:/home/lukasz/.nuget/packages/microsoft.net.test.sdk/17.14.1/build/net8.0/Microsoft.NET.Test.Sdk.Program.cs /embed:"obj/Debug/net9.0/.NETCoreApp,Version=v9.0.AssemblyAttributes.cs" /embed:obj/Debug/net9.0/FastFsm.Tests.AssemblyInfo.cs /analyzerconfig:obj/Debug/net9.0/FastFsm.Tests.GeneratedMSBuildEditorConfig.editorconfig /analyzerconfig:/home/lukasz/.dotnet/sdk/9.0.304/Sdks/Microsoft.NET.Sdk/analyzers/build/config/analysislevel_9_default.globalconfig /analyzer:/home/lukasz/.dotnet/sdk/9.0.304/Sdks/Microsoft.NET.Sdk/targets/../analyzers/Microsoft.CodeAnalysis.CSharp.NetAnalyzers.dll /analyzer:/home/lukasz/.dotnet/sdk/9.0.304/Sdks/Microsoft.NET.Sdk/targets/../analyzers/Microsoft.CodeAnalysis.NetAnalyzers.dll /analyzer:/home/lukasz/.nuget/packages/fastfsm.net/0.6.9.2/analyzers/dotnet/cs/Abstractions.dll /analyzer:/home/lukasz/.nuget/packages/fastfsm.net/0.6.9.2/analyzers/dotnet/cs/Generator.DependencyInjection.dll /analyzer:/home/lukasz/.nuget/packages/fastfsm.net/0.6.9.2/analyzers/dotnet/cs/Generator.Logger.dll /analyzer:/home/lukasz/.nuget/packages/fastfsm.net/0.6.9.2/analyzers/dotnet/cs/Generator.Model.dll /analyzer:/home/lukasz/.nuget/packages/fastfsm.net/0.6.9.2/analyzers/dotnet/cs/Generator.Rules.dll /analyzer:/home/lukasz/.nuget/packages/fastfsm.net/0.6.9.2/analyzers/dotnet/cs/Generator.dll /analyzer:/home/lukasz/.nuget/packages/fastfsm.net/0.6.9.2/analyzers/dotnet/cs/IndentedStringBuilder.dll /analyzer:/home/lukasz/.nuget/packages/microsoft.codeanalysis.analyzers/3.3.4/analyzers/dotnet/cs/Microsoft.CodeAnalysis.Analyzers.dll /analyzer:/home/lukasz/.nuget/packages/microsoft.codeanalysis.analyzers/3.3.4/analyzers/dotnet/cs/Microsoft.CodeAnalysis.CSharp.Analyzers.dll /analyzer:/home/lukasz/.nuget/packages/microsoft.extensions.logging.abstractions/9.0.6/analyzers/dotnet/roslyn4.4/cs/Microsoft.Extensions.Logging.Generators.dll /analyzer:/home/lukasz/.nuget/packages/microsoft.extensions.options/9.0.6/analyzers/dotnet/roslyn4.4/cs/Microsoft.Extensions.Options.SourceGeneration.dll /analyzer:/home/lukasz/.nuget/packages/xunit.analyzers/1.18.0/analyzers/dotnet/cs/xunit.analyzers.dll /analyzer:/home/lukasz/.nuget/packages/xunit.analyzers/1.18.0/analyzers/dotnet/cs/xunit.analyzers.fixes.dll /analyzer:/home/lukasz/.dotnet/packs/Microsoft.NETCore.App.Ref/9.0.8/analyzers/dotnet/cs/Microsoft.Interop.ComInterfaceGenerator.dll /analyzer:/home/lukasz/.dotnet/packs/Microsoft.NETCore.App.Ref/9.0.8/analyzers/dotnet/cs/Microsoft.Interop.JavaScript.JSImportGenerator.dll /analyzer:/home/lukasz/.dotnet/packs/Microsoft.NETCore.App.Ref/9.0.8/analyzers/dotnet/cs/Microsoft.Interop.LibraryImportGenerator.dll /analyzer:/home/lukasz/.dotnet/packs/Microsoft.NETCore.App.Ref/9.0.8/analyzers/dotnet/cs/Microsoft.Interop.SourceGeneration.dll /analyzer:/home/lukasz/.dotnet/packs/Microsoft.NETCore.App.Ref/9.0.8/analyzers/dotnet/cs/System.Text.Json.SourceGeneration.dll /analyzer:/home/lukasz/.dotnet/packs/Microsoft.NETCore.App.Ref/9.0.8/analyzers/dotnet/cs/System.Text.RegularExpressions.Generator.dll /home/lukasz/.nuget/packages/fastfsm.net/0.6.9.2/contentFiles/cs/any/ExtensionRunner.cs /home/lukasz/.nuget/packages/fastfsm.net/0.6.9.2/contentFiles/cs/any/FsmServiceCollectionExtensions.cs /home/lukasz/.nuget/packages/fastfsm.net/0.6.9.2/contentFiles/cs/any/StateMachineFactory.cs Features/Core/CoreMinimalTests.cs Features/Core/GuardPermittedTriggersTests.cs Features/Core/StateCallbackTests.cs Features/EdgeCases/EmptyMachineTests.cs Features/EdgeCases/NameCollisionTests.cs Features/EdgeCases/NoTransitionsMachine.cs Features/Exceptions/ActionExceptionTests.cs Features/Exceptions/CountingExtension.cs Features/Exceptions/ExceptionDirective_Cancellation_Tests.cs Features/Exceptions/ExceptionDirective_Continue_Action_Tests.cs Features/Exceptions/ExceptionDirective_Continue_OnEntry_Tests.cs Features/Exceptions/ExceptionDirective_Propagate_Action_Tests.cs Features/Exceptions/ExceptionHandlingTests.cs Features/Exceptions/TestLogger.cs Features/Exceptions/TestMachine.cs Features/Exceptions/ThrowingExtension.cs Features/Extensions/ExtensionHookOrderTests.cs Features/Extensions/ExtensionsMachine.cs Features/Extensions/ExtensionsPermittedTriggersTests.cs Features/Extensions/ExtensionsStandaloneTests.cs Features/Hsm/CompileTime/HsmAdditionalCompilationTests.cs Features/Hsm/CompileTime/HsmDebugDumpTests.cs Features/Hsm/CompileTime/HsmParsingCompilationTests.cs Features/Hsm/Runtime/debug_history_test.cs Features/Hsm/Runtime/HierarchicalRuntime.cs Features/Hsm/Runtime/HsmIsInHierarchyTests.cs Features/Integration/FullVariantExtendedTests.cs Features/Lifecycle/LifecycleTests.cs Features/Payload/Machines.cs Features/Payload/PayloadVariantTests.cs Features/Performance/BenchmarkTests.cs Machines/BasicBenchmarkMachine.cs Machines/CallbackOrderMachine.cs Machines/CaseSensitiveMachine.cs Machines/ComplexCallbackMachine.cs Machines/ConflictingNamesMachine.cs Machines/CoreBenchmarkMachine.cs Machines/ExceptionCallbackMachine.cs Machines/FullMultiPayloadMachine.cs Machines/FullOrderMachine.cs Machines/GuardedCallbackMachine.cs Machines/InitialStateMachine.cs Machines/InternalOnlyMachine.cs Machines/InternalTransitionMachine.cs Machines/KeywordStateMachine.cs Machines/LongNameMachine.cs Machines/MultipleCallbacksMachine.cs Machines/NoGuardBenchmarkMachine.cs Machines/NumericMachine.cs Machines/PayloadStateMachine.cs Machines/SelfTransitionMachine.cs Machines/SingleStateMachine.cs Machines/UnicodeMachine.cs Machines/UnreachableMachine.cs Machines/WithGuardBenchmarkMachine.cs /home/lukasz/.nuget/packages/microsoft.net.test.sdk/17.14.1/build/net8.0/Microsoft.NET.Test.Sdk.Program.cs "obj/Debug/net9.0/.NETCoreApp,Version=v9.0.AssemblyAttributes.cs" obj/Debug/net9.0/FastFsm.Tests.AssemblyInfo.cs /warnaserror+:NU1605,SYSLIB0011
     1>/mnt/c/Users/newon/source/repos/FastFsm/FastFsm.Tests/Features/Hsm/CompileTime/HsmAdditionalCompilationTests.cs(20,30): warning FSM002: State 'ChildA' might be unreachable based on defined transitions. [/mnt/c/Users/newon/source/repos/FastFsm/FastFsm.Tests/FastFsm.Tests.csproj]
     1>/mnt/c/Users/newon/source/repos/FastFsm/FastFsm.Tests/Features/Hsm/CompileTime/HsmAdditionalCompilationTests.cs(20,30): warning FSM002: State 'ChildB' might be unreachable based on defined transitions. [/mnt/c/Users/newon/source/repos/FastFsm/FastFsm.Tests/FastFsm.Tests.csproj]
     1>/mnt/c/Users/newon/source/repos/FastFsm/FastFsm.Tests/Features/Hsm/CompileTime/HsmAdditionalCompilationTests.cs(67,14): warning FSM001: Duplicate transition from state 'A' on trigger 'Go'. Only the first one will be used by the generator. [/mnt/c/Users/newon/source/repos/FastFsm/FastFsm.Tests/FastFsm.Tests.csproj]
     1>/mnt/c/Users/newon/source/repos/FastFsm/FastFsm.Tests/Features/Hsm/CompileTime/HsmAdditionalCompilationTests.cs(62,30): warning FSM002: State 'C' might be unreachable based on defined transitions. [/mnt/c/Users/newon/source/repos/FastFsm/FastFsm.Tests/FastFsm.Tests.csproj]
     1>/mnt/c/Users/newon/source/repos/FastFsm/FastFsm.Tests/Features/Hsm/CompileTime/HsmParsingCompilationTests.cs(124,26): warning FSM002: State 'Error' might be unreachable based on defined transitions. [/mnt/c/Users/newon/source/repos/FastFsm/FastFsm.Tests/FastFsm.Tests.csproj]
     1>/mnt/c/Users/newon/source/repos/FastFsm/FastFsm.Tests/Features/Hsm/CompileTime/HsmParsingCompilationTests.cs(124,26): warning FSM002: State 'Paused' might be unreachable based on defined transitions. [/mnt/c/Users/newon/source/repos/FastFsm/FastFsm.Tests/FastFsm.Tests.csproj]
     1>/mnt/c/Users/newon/source/repos/FastFsm/FastFsm.Tests/Features/Hsm/CompileTime/HsmParsingCompilationTests.cs(124,26): warning FSM002: State 'Working_Initializing' might be unreachable based on defined transitions. [/mnt/c/Users/newon/source/repos/FastFsm/FastFsm.Tests/FastFsm.Tests.csproj]
     1>/mnt/c/Users/newon/source/repos/FastFsm/FastFsm.Tests/Features/Hsm/CompileTime/HsmParsingCompilationTests.cs(124,26): warning FSM002: State 'Working_Processing' might be unreachable based on defined transitions. [/mnt/c/Users/newon/source/repos/FastFsm/FastFsm.Tests/FastFsm.Tests.csproj]
     1>/mnt/c/Users/newon/source/repos/FastFsm/FastFsm.Tests/Features/Hsm/CompileTime/HsmParsingCompilationTests.cs(124,26): warning FSM002: State 'Working_Validating' might be unreachable based on defined transitions. [/mnt/c/Users/newon/source/repos/FastFsm/FastFsm.Tests/FastFsm.Tests.csproj]
     1>/mnt/c/Users/newon/source/repos/FastFsm/FastFsm.Tests/Features/Hsm/CompileTime/HsmParsingCompilationTests.cs(124,26): warning FSM002: State 'Working_Cleanup' might be unreachable based on defined transitions. [/mnt/c/Users/newon/source/repos/FastFsm/FastFsm.Tests/FastFsm.Tests.csproj]
     1>/mnt/c/Users/newon/source/repos/FastFsm/FastFsm.Tests/Features/Hsm/CompileTime/HsmParsingCompilationTests.cs(124,26): warning FSM002: State 'Working_Processing_Reading' might be unreachable based on defined transitions. [/mnt/c/Users/newon/source/repos/FastFsm/FastFsm.Tests/FastFsm.Tests.csproj]
     1>/mnt/c/Users/newon/source/repos/FastFsm/FastFsm.Tests/Features/Hsm/CompileTime/HsmParsingCompilationTests.cs(124,26): warning FSM002: State 'Working_Processing_Computing' might be unreachable based on defined transitions. [/mnt/c/Users/newon/source/repos/FastFsm/FastFsm.Tests/FastFsm.Tests.csproj]
     1>/mnt/c/Users/newon/source/repos/FastFsm/FastFsm.Tests/Features/Hsm/CompileTime/HsmParsingCompilationTests.cs(124,26): warning FSM002: State 'Working_Processing_Writing' might be unreachable based on defined transitions. [/mnt/c/Users/newon/source/repos/FastFsm/FastFsm.Tests/FastFsm.Tests.csproj]
     1>/mnt/c/Users/newon/source/repos/FastFsm/FastFsm.Tests/Features/Hsm/CompileTime/HsmParsingCompilationTests.cs(124,26): warning FSM002: State 'Working_Processing_Computing_Loading' might be unreachable based on defined transitions. [/mnt/c/Users/newon/source/repos/FastFsm/FastFsm.Tests/FastFsm.Tests.csproj]
     1>/mnt/c/Users/newon/source/repos/FastFsm/FastFsm.Tests/Features/Hsm/CompileTime/HsmParsingCompilationTests.cs(124,26): warning FSM002: State 'Working_Processing_Computing_Calculating' might be unreachable based on defined transitions. [/mnt/c/Users/newon/source/repos/FastFsm/FastFsm.Tests/FastFsm.Tests.csproj]
     1>/mnt/c/Users/newon/source/repos/FastFsm/FastFsm.Tests/Features/Hsm/CompileTime/HsmParsingCompilationTests.cs(124,26): warning FSM002: State 'Working_Processing_Computing_Storing' might be unreachable based on defined transitions. [/mnt/c/Users/newon/source/repos/FastFsm/FastFsm.Tests/FastFsm.Tests.csproj]
     1>/mnt/c/Users/newon/source/repos/FastFsm/FastFsm.Tests/Features/Hsm/CompileTime/HsmParsingCompilationTests.cs(124,26): warning FSM002: State 'HistoryParent' might be unreachable based on defined transitions. [/mnt/c/Users/newon/source/repos/FastFsm/FastFsm.Tests/FastFsm.Tests.csproj]
     1>/mnt/c/Users/newon/source/repos/FastFsm/FastFsm.Tests/Features/Hsm/CompileTime/HsmParsingCompilationTests.cs(124,26): warning FSM002: State 'HistoryParent_Child1' might be unreachable based on defined transitions. [/mnt/c/Users/newon/source/repos/FastFsm/FastFsm.Tests/FastFsm.Tests.csproj]
     1>/mnt/c/Users/newon/source/repos/FastFsm/FastFsm.Tests/Features/Hsm/CompileTime/HsmParsingCompilationTests.cs(124,26): warning FSM002: State 'HistoryParent_Child2' might be unreachable based on defined transitions. [/mnt/c/Users/newon/source/repos/FastFsm/FastFsm.Tests/FastFsm.Tests.csproj]
     1>/mnt/c/Users/newon/source/repos/FastFsm/FastFsm.Tests/Features/Hsm/CompileTime/HsmParsingCompilationTests.cs(124,26): warning FSM002: State 'HistoryParent_Child3' might be unreachable based on defined transitions. [/mnt/c/Users/newon/source/repos/FastFsm/FastFsm.Tests/FastFsm.Tests.csproj]
     1>/mnt/c/Users/newon/source/repos/FastFsm/FastFsm.Tests/Features/Hsm/CompileTime/HsmParsingCompilationTests.cs(124,26): warning FSM002: State 'DeepHistoryParent' might be unreachable based on defined transitions. [/mnt/c/Users/newon/source/repos/FastFsm/FastFsm.Tests/FastFsm.Tests.csproj]
     1>/mnt/c/Users/newon/source/repos/FastFsm/FastFsm.Tests/Features/Hsm/CompileTime/HsmParsingCompilationTests.cs(124,26): warning FSM002: State 'DeepHistoryParent_Child1' might be unreachable based on defined transitions. [/mnt/c/Users/newon/source/repos/FastFsm/FastFsm.Tests/FastFsm.Tests.csproj]
     1>/mnt/c/Users/newon/source/repos/FastFsm/FastFsm.Tests/Features/Hsm/CompileTime/HsmParsingCompilationTests.cs(124,26): warning FSM002: State 'DeepHistoryParent_Child1_SubChild1' might be unreachable based on defined transitions. [/mnt/c/Users/newon/source/repos/FastFsm/FastFsm.Tests/FastFsm.Tests.csproj]
     1>/mnt/c/Users/newon/source/repos/FastFsm/FastFsm.Tests/Features/Hsm/CompileTime/HsmParsingCompilationTests.cs(124,26): warning FSM002: State 'DeepHistoryParent_Child1_SubChild2' might be unreachable based on defined transitions. [/mnt/c/Users/newon/source/repos/FastFsm/FastFsm.Tests/FastFsm.Tests.csproj]
     1>/mnt/c/Users/newon/source/repos/FastFsm/FastFsm.Tests/Features/Hsm/CompileTime/HsmParsingCompilationTests.cs(124,26): warning FSM002: State 'DeepHistoryParent_Child2' might be unreachable based on defined transitions. [/mnt/c/Users/newon/source/repos/FastFsm/FastFsm.Tests/FastFsm.Tests.csproj]
     1>/mnt/c/Users/newon/source/repos/FastFsm/FastFsm.Tests/Features/Hsm/CompileTime/HsmParsingCompilationTests.cs(124,26): warning FSM002: State 'Priority_Low' might be unreachable based on defined transitions. [/mnt/c/Users/newon/source/repos/FastFsm/FastFsm.Tests/FastFsm.Tests.csproj]
     1>/mnt/c/Users/newon/source/repos/FastFsm/FastFsm.Tests/Features/Hsm/CompileTime/HsmParsingCompilationTests.cs(124,26): warning FSM002: State 'Priority_Medium' might be unreachable based on defined transitions. [/mnt/c/Users/newon/source/repos/FastFsm/FastFsm.Tests/FastFsm.Tests.csproj]
     1>/mnt/c/Users/newon/source/repos/FastFsm/FastFsm.Tests/Features/Hsm/CompileTime/HsmParsingCompilationTests.cs(124,26): warning FSM002: State 'Priority_High' might be unreachable based on defined transitions. [/mnt/c/Users/newon/source/repos/FastFsm/FastFsm.Tests/FastFsm.Tests.csproj]
     1>/mnt/c/Users/newon/source/repos/FastFsm/FastFsm.Tests/Features/Hsm/CompileTime/HsmParsingCompilationTests.cs(124,26): warning FSM002: State 'InternalParent' might be unreachable based on defined transitions. [/mnt/c/Users/newon/source/repos/FastFsm/FastFsm.Tests/FastFsm.Tests.csproj]
     1>/mnt/c/Users/newon/source/repos/FastFsm/FastFsm.Tests/Features/Hsm/CompileTime/HsmParsingCompilationTests.cs(124,26): warning FSM002: State 'InternalParent_Child1' might be unreachable based on defined transitions. [/mnt/c/Users/newon/source/repos/FastFsm/FastFsm.Tests/FastFsm.Tests.csproj]
     1>/mnt/c/Users/newon/source/repos/FastFsm/FastFsm.Tests/Features/Hsm/CompileTime/HsmParsingCompilationTests.cs(124,26): warning FSM002: State 'InternalParent_Child2' might be unreachable based on defined transitions. [/mnt/c/Users/newon/source/repos/FastFsm/FastFsm.Tests/FastFsm.Tests.csproj]
     1>/mnt/c/Users/newon/source/repos/FastFsm/FastFsm.Tests/Features/Hsm/CompileTime/HsmParsingCompilationTests.cs(124,26): warning FSM002: State 'Branch1' might be unreachable based on defined transitions. [/mnt/c/Users/newon/source/repos/FastFsm/FastFsm.Tests/FastFsm.Tests.csproj]
     1>/mnt/c/Users/newon/source/repos/FastFsm/FastFsm.Tests/Features/Hsm/CompileTime/HsmParsingCompilationTests.cs(124,26): warning FSM002: State 'Branch1_Leaf1' might be unreachable based on defined transitions. [/mnt/c/Users/newon/source/repos/FastFsm/FastFsm.Tests/FastFsm.Tests.csproj]
     1>/mnt/c/Users/newon/source/repos/FastFsm/FastFsm.Tests/Features/Hsm/CompileTime/HsmParsingCompilationTests.cs(124,26): warning FSM002: State 'Branch1_Leaf2' might be unreachable based on defined transitions. [/mnt/c/Users/newon/source/repos/FastFsm/FastFsm.Tests/FastFsm.Tests.csproj]
     1>/mnt/c/Users/newon/source/repos/FastFsm/FastFsm.Tests/Features/Hsm/CompileTime/HsmParsingCompilationTests.cs(124,26): warning FSM002: State 'Branch2' might be unreachable based on defined transitions. [/mnt/c/Users/newon/source/repos/FastFsm/FastFsm.Tests/FastFsm.Tests.csproj]
     1>/mnt/c/Users/newon/source/repos/FastFsm/FastFsm.Tests/Features/Hsm/CompileTime/HsmParsingCompilationTests.cs(124,26): warning FSM002: State 'Branch2_Leaf1' might be unreachable based on defined transitions. [/mnt/c/Users/newon/source/repos/FastFsm/FastFsm.Tests/FastFsm.Tests.csproj]
     1>/mnt/c/Users/newon/source/repos/FastFsm/FastFsm.Tests/Features/Hsm/CompileTime/HsmParsingCompilationTests.cs(124,26): warning FSM002: State 'Branch2_Leaf2' might be unreachable based on defined transitions. [/mnt/c/Users/newon/source/repos/FastFsm/FastFsm.Tests/FastFsm.Tests.csproj]
     1>/mnt/c/Users/newon/source/repos/FastFsm/FastFsm.Tests/Features/Hsm/CompileTime/HsmParsingCompilationTests.cs(124,26): warning FSM002: State 'ComplexParent' might be unreachable based on defined transitions. [/mnt/c/Users/newon/source/repos/FastFsm/FastFsm.Tests/FastFsm.Tests.csproj]
     1>/mnt/c/Users/newon/source/repos/FastFsm/FastFsm.Tests/Features/Hsm/CompileTime/HsmParsingCompilationTests.cs(124,26): warning FSM002: State 'ComplexParent_Child1' might be unreachable based on defined transitions. [/mnt/c/Users/newon/source/repos/FastFsm/FastFsm.Tests/FastFsm.Tests.csproj]
     1>/mnt/c/Users/newon/source/repos/FastFsm/FastFsm.Tests/Features/Hsm/CompileTime/HsmParsingCompilationTests.cs(124,26): warning FSM002: State 'ComplexParent_Child2' might be unreachable based on defined transitions. [/mnt/c/Users/newon/source/repos/FastFsm/FastFsm.Tests/FastFsm.Tests.csproj]
     1>/mnt/c/Users/newon/source/repos/FastFsm/FastFsm.Tests/Features/Hsm/CompileTime/HsmParsingCompilationTests.cs(124,26): warning FSM002: State 'ComplexParent_Child3' might be unreachable based on defined transitions. [/mnt/c/Users/newon/source/repos/FastFsm/FastFsm.Tests/FastFsm.Tests.csproj]
     1>/mnt/c/Users/newon/source/repos/FastFsm/FastFsm.Tests/Features/Hsm/CompileTime/HsmParsingCompilationTests.cs(124,26): warning FSM002: State 'EdgeParent' might be unreachable based on defined transitions. [/mnt/c/Users/newon/source/repos/FastFsm/FastFsm.Tests/FastFsm.Tests.csproj]
     1>/mnt/c/Users/newon/source/repos/FastFsm/FastFsm.Tests/Features/Hsm/CompileTime/HsmParsingCompilationTests.cs(124,26): warning FSM002: State 'EdgeParent_Child' might be unreachable based on defined transitions. [/mnt/c/Users/newon/source/repos/FastFsm/FastFsm.Tests/FastFsm.Tests.csproj]
     1>/mnt/c/Users/newon/source/repos/FastFsm/FastFsm.Tests/Features/Hsm/CompileTime/HsmParsingCompilationTests.cs(124,26): warning FSM002: State 'EdgeComplexParent' might be unreachable based on defined transitions. [/mnt/c/Users/newon/source/repos/FastFsm/FastFsm.Tests/FastFsm.Tests.csproj]
     1>/mnt/c/Users/newon/source/repos/FastFsm/FastFsm.Tests/Features/Hsm/CompileTime/HsmParsingCompilationTests.cs(124,26): warning FSM002: State 'EdgeComplexParent_Child1' might be unreachable based on defined transitions. [/mnt/c/Users/newon/source/repos/FastFsm/FastFsm.Tests/FastFsm.Tests.csproj]
     1>/mnt/c/Users/newon/source/repos/FastFsm/FastFsm.Tests/Features/Hsm/CompileTime/HsmParsingCompilationTests.cs(124,26): warning FSM002: State 'EdgeComplexParent_Child2' might be unreachable based on defined transitions. [/mnt/c/Users/newon/source/repos/FastFsm/FastFsm.Tests/FastFsm.Tests.csproj]
     1>/mnt/c/Users/newon/source/repos/FastFsm/FastFsm.Tests/Features/Hsm/CompileTime/HsmParsingCompilationTests.cs(169,26): warning FSM002: State 'Working' might be unreachable based on defined transitions. [/mnt/c/Users/newon/source/repos/FastFsm/FastFsm.Tests/FastFsm.Tests.csproj]
     1>/mnt/c/Users/newon/source/repos/FastFsm/FastFsm.Tests/Features/Hsm/CompileTime/HsmParsingCompilationTests.cs(169,26): warning FSM002: State 'Completed' might be unreachable based on defined transitions. [/mnt/c/Users/newon/source/repos/FastFsm/FastFsm.Tests/FastFsm.Tests.csproj]
     1>/mnt/c/Users/newon/source/repos/FastFsm/FastFsm.Tests/Features/Hsm/CompileTime/HsmParsingCompilationTests.cs(169,26): warning FSM002: State 'Error' might be unreachable based on defined transitions. [/mnt/c/Users/newon/source/repos/FastFsm/FastFsm.Tests/FastFsm.Tests.csproj]
     1>/mnt/c/Users/newon/source/repos/FastFsm/FastFsm.Tests/Features/Hsm/CompileTime/HsmParsingCompilationTests.cs(169,26): warning FSM002: State 'Paused' might be unreachable based on defined transitions. [/mnt/c/Users/newon/source/repos/FastFsm/FastFsm.Tests/FastFsm.Tests.csproj]
     1>/mnt/c/Users/newon/source/repos/FastFsm/FastFsm.Tests/Features/Hsm/CompileTime/HsmParsingCompilationTests.cs(169,26): warning FSM002: State 'Working_Initializing' might be unreachable based on defined transitions. [/mnt/c/Users/newon/source/repos/FastFsm/FastFsm.Tests/FastFsm.Tests.csproj]
     1>/mnt/c/Users/newon/source/repos/FastFsm/FastFsm.Tests/Features/Hsm/CompileTime/HsmParsingCompilationTests.cs(169,26): warning FSM002: State 'Working_Processing' might be unreachable based on defined transitions. [/mnt/c/Users/newon/source/repos/FastFsm/FastFsm.Tests/FastFsm.Tests.csproj]
     1>/mnt/c/Users/newon/source/repos/FastFsm/FastFsm.Tests/Features/Hsm/CompileTime/HsmParsingCompilationTests.cs(169,26): warning FSM002: State 'Working_Validating' might be unreachable based on defined transitions. [/mnt/c/Users/newon/source/repos/FastFsm/FastFsm.Tests/FastFsm.Tests.csproj]
     1>/mnt/c/Users/newon/source/repos/FastFsm/FastFsm.Tests/Features/Hsm/CompileTime/HsmParsingCompilationTests.cs(169,26): warning FSM002: State 'Working_Cleanup' might be unreachable based on defined transitions. [/mnt/c/Users/newon/source/repos/FastFsm/FastFsm.Tests/FastFsm.Tests.csproj]
     1>/mnt/c/Users/newon/source/repos/FastFsm/FastFsm.Tests/Features/Hsm/CompileTime/HsmParsingCompilationTests.cs(169,26): warning FSM002: State 'Working_Processing_Reading' might be unreachable based on defined transitions. [/mnt/c/Users/newon/source/repos/FastFsm/FastFsm.Tests/FastFsm.Tests.csproj]
     1>/mnt/c/Users/newon/source/repos/FastFsm/FastFsm.Tests/Features/Hsm/CompileTime/HsmParsingCompilationTests.cs(169,26): warning FSM002: State 'Working_Processing_Computing' might be unreachable based on defined transitions. [/mnt/c/Users/newon/source/repos/FastFsm/FastFsm.Tests/FastFsm.Tests.csproj]
     1>/mnt/c/Users/newon/source/repos/FastFsm/FastFsm.Tests/Features/Hsm/CompileTime/HsmParsingCompilationTests.cs(169,26): warning FSM002: State 'Working_Processing_Writing' might be unreachable based on defined transitions. [/mnt/c/Users/newon/source/repos/FastFsm/FastFsm.Tests/FastFsm.Tests.csproj]
     1>/mnt/c/Users/newon/source/repos/FastFsm/FastFsm.Tests/Features/Hsm/CompileTime/HsmParsingCompilationTests.cs(169,26): warning FSM002: State 'Working_Processing_Computing_Loading' might be unreachable based on defined transitions. [/mnt/c/Users/newon/source/repos/FastFsm/FastFsm.Tests/FastFsm.Tests.csproj]
     1>/mnt/c/Users/newon/source/repos/FastFsm/FastFsm.Tests/Features/Hsm/CompileTime/HsmParsingCompilationTests.cs(169,26): warning FSM002: State 'Working_Processing_Computing_Calculating' might be unreachable based on defined transitions. [/mnt/c/Users/newon/source/repos/FastFsm/FastFsm.Tests/FastFsm.Tests.csproj]
     1>/mnt/c/Users/newon/source/repos/FastFsm/FastFsm.Tests/Features/Hsm/CompileTime/HsmParsingCompilationTests.cs(169,26): warning FSM002: State 'Working_Processing_Computing_Storing' might be unreachable based on defined transitions. [/mnt/c/Users/newon/source/repos/FastFsm/FastFsm.Tests/FastFsm.Tests.csproj]
     1>/mnt/c/Users/newon/source/repos/FastFsm/FastFsm.Tests/Features/Hsm/CompileTime/HsmParsingCompilationTests.cs(169,26): warning FSM002: State 'HistoryParent' might be unreachable based on defined transitions. [/mnt/c/Users/newon/source/repos/FastFsm/FastFsm.Tests/FastFsm.Tests.csproj]
     1>/mnt/c/Users/newon/source/repos/FastFsm/FastFsm.Tests/Features/Hsm/CompileTime/HsmParsingCompilationTests.cs(169,26): warning FSM002: State 'HistoryParent_Child1' might be unreachable based on defined transitions. [/mnt/c/Users/newon/source/repos/FastFsm/FastFsm.Tests/FastFsm.Tests.csproj]
     1>/mnt/c/Users/newon/source/repos/FastFsm/FastFsm.Tests/Features/Hsm/CompileTime/HsmParsingCompilationTests.cs(169,26): warning FSM002: State 'HistoryParent_Child2' might be unreachable based on defined transitions. [/mnt/c/Users/newon/source/repos/FastFsm/FastFsm.Tests/FastFsm.Tests.csproj]
     1>/mnt/c/Users/newon/source/repos/FastFsm/FastFsm.Tests/Features/Hsm/CompileTime/HsmParsingCompilationTests.cs(169,26): warning FSM002: State 'HistoryParent_Child3' might be unreachable based on defined transitions. [/mnt/c/Users/newon/source/repos/FastFsm/FastFsm.Tests/FastFsm.Tests.csproj]
     1>/mnt/c/Users/newon/source/repos/FastFsm/FastFsm.Tests/Features/Hsm/CompileTime/HsmParsingCompilationTests.cs(169,26): warning FSM002: State 'DeepHistoryParent' might be unreachable based on defined transitions. [/mnt/c/Users/newon/source/repos/FastFsm/FastFsm.Tests/FastFsm.Tests.csproj]
     1>/mnt/c/Users/newon/source/repos/FastFsm/FastFsm.Tests/Features/Hsm/CompileTime/HsmParsingCompilationTests.cs(169,26): warning FSM002: State 'DeepHistoryParent_Child1' might be unreachable based on defined transitions. [/mnt/c/Users/newon/source/repos/FastFsm/FastFsm.Tests/FastFsm.Tests.csproj]
     1>/mnt/c/Users/newon/source/repos/FastFsm/FastFsm.Tests/Features/Hsm/CompileTime/HsmParsingCompilationTests.cs(169,26): warning FSM002: State 'DeepHistoryParent_Child1_SubChild1' might be unreachable based on defined transitions. [/mnt/c/Users/newon/source/repos/FastFsm/FastFsm.Tests/FastFsm.Tests.csproj]
     1>/mnt/c/Users/newon/source/repos/FastFsm/FastFsm.Tests/Features/Hsm/CompileTime/HsmParsingCompilationTests.cs(169,26): warning FSM002: State 'DeepHistoryParent_Child1_SubChild2' might be unreachable based on defined transitions. [/mnt/c/Users/newon/source/repos/FastFsm/FastFsm.Tests/FastFsm.Tests.csproj]
     1>/mnt/c/Users/newon/source/repos/FastFsm/FastFsm.Tests/Features/Hsm/CompileTime/HsmParsingCompilationTests.cs(169,26): warning FSM002: State 'DeepHistoryParent_Child2' might be unreachable based on defined transitions. [/mnt/c/Users/newon/source/repos/FastFsm/FastFsm.Tests/FastFsm.Tests.csproj]
     1>/mnt/c/Users/newon/source/repos/FastFsm/FastFsm.Tests/Features/Hsm/CompileTime/HsmParsingCompilationTests.cs(169,26): warning FSM002: State 'Priority_Low' might be unreachable based on defined transitions. [/mnt/c/Users/newon/source/repos/FastFsm/FastFsm.Tests/FastFsm.Tests.csproj]
     1>/mnt/c/Users/newon/source/repos/FastFsm/FastFsm.Tests/Features/Hsm/CompileTime/HsmParsingCompilationTests.cs(169,26): warning FSM002: State 'Priority_Medium' might be unreachable based on defined transitions. [/mnt/c/Users/newon/source/repos/FastFsm/FastFsm.Tests/FastFsm.Tests.csproj]
     1>/mnt/c/Users/newon/source/repos/FastFsm/FastFsm.Tests/Features/Hsm/CompileTime/HsmParsingCompilationTests.cs(169,26): warning FSM002: State 'Priority_High' might be unreachable based on defined transitions. [/mnt/c/Users/newon/source/repos/FastFsm/FastFsm.Tests/FastFsm.Tests.csproj]
     1>/mnt/c/Users/newon/source/repos/FastFsm/FastFsm.Tests/Features/Hsm/CompileTime/HsmParsingCompilationTests.cs(169,26): warning FSM002: State 'InternalParent' might be unreachable based on defined transitions. [/mnt/c/Users/newon/source/repos/FastFsm/FastFsm.Tests/FastFsm.Tests.csproj]
     1>/mnt/c/Users/newon/source/repos/FastFsm/FastFsm.Tests/Features/Hsm/CompileTime/HsmParsingCompilationTests.cs(169,26): warning FSM002: State 'InternalParent_Child1' might be unreachable based on defined transitions. [/mnt/c/Users/newon/source/repos/FastFsm/FastFsm.Tests/FastFsm.Tests.csproj]
     1>/mnt/c/Users/newon/source/repos/FastFsm/FastFsm.Tests/Features/Hsm/CompileTime/HsmParsingCompilationTests.cs(169,26): warning FSM002: State 'InternalParent_Child2' might be unreachable based on defined transitions. [/mnt/c/Users/newon/source/repos/FastFsm/FastFsm.Tests/FastFsm.Tests.csproj]
     1>/mnt/c/Users/newon/source/repos/FastFsm/FastFsm.Tests/Features/Hsm/CompileTime/HsmParsingCompilationTests.cs(169,26): warning FSM002: State 'Branch1' might be unreachable based on defined transitions. [/mnt/c/Users/newon/source/repos/FastFsm/FastFsm.Tests/FastFsm.Tests.csproj]
     1>/mnt/c/Users/newon/source/repos/FastFsm/FastFsm.Tests/Features/Hsm/CompileTime/HsmParsingCompilationTests.cs(169,26): warning FSM002: State 'Branch1_Leaf1' might be unreachable based on defined transitions. [/mnt/c/Users/newon/source/repos/FastFsm/FastFsm.Tests/FastFsm.Tests.csproj]
     1>/mnt/c/Users/newon/source/repos/FastFsm/FastFsm.Tests/Features/Hsm/CompileTime/HsmParsingCompilationTests.cs(169,26): warning FSM002: State 'Branch1_Leaf2' might be unreachable based on defined transitions. [/mnt/c/Users/newon/source/repos/FastFsm/FastFsm.Tests/FastFsm.Tests.csproj]
     1>/mnt/c/Users/newon/source/repos/FastFsm/FastFsm.Tests/Features/Hsm/CompileTime/HsmParsingCompilationTests.cs(169,26): warning FSM002: State 'Branch2' might be unreachable based on defined transitions. [/mnt/c/Users/newon/source/repos/FastFsm/FastFsm.Tests/FastFsm.Tests.csproj]
     1>/mnt/c/Users/newon/source/repos/FastFsm/FastFsm.Tests/Features/Hsm/CompileTime/HsmParsingCompilationTests.cs(169,26): warning FSM002: State 'Branch2_Leaf1' might be unreachable based on defined transitions. [/mnt/c/Users/newon/source/repos/FastFsm/FastFsm.Tests/FastFsm.Tests.csproj]
     1>/mnt/c/Users/newon/source/repos/FastFsm/FastFsm.Tests/Features/Hsm/CompileTime/HsmParsingCompilationTests.cs(169,26): warning FSM002: State 'Branch2_Leaf2' might be unreachable based on defined transitions. [/mnt/c/Users/newon/source/repos/FastFsm/FastFsm.Tests/FastFsm.Tests.csproj]
     1>/mnt/c/Users/newon/source/repos/FastFsm/FastFsm.Tests/Features/Hsm/CompileTime/HsmParsingCompilationTests.cs(169,26): warning FSM002: State 'ComplexParent' might be unreachable based on defined transitions. [/mnt/c/Users/newon/source/repos/FastFsm/FastFsm.Tests/FastFsm.Tests.csproj]
     1>/mnt/c/Users/newon/source/repos/FastFsm/FastFsm.Tests/Features/Hsm/CompileTime/HsmParsingCompilationTests.cs(169,26): warning FSM002: State 'ComplexParent_Child1' might be unreachable based on defined transitions. [/mnt/c/Users/newon/source/repos/FastFsm/FastFsm.Tests/FastFsm.Tests.csproj]
     1>/mnt/c/Users/newon/source/repos/FastFsm/FastFsm.Tests/Features/Hsm/CompileTime/HsmParsingCompilationTests.cs(169,26): warning FSM002: State 'ComplexParent_Child2' might be unreachable based on defined transitions. [/mnt/c/Users/newon/source/repos/FastFsm/FastFsm.Tests/FastFsm.Tests.csproj]
     1>/mnt/c/Users/newon/source/repos/FastFsm/FastFsm.Tests/Features/Hsm/CompileTime/HsmParsingCompilationTests.cs(169,26): warning FSM002: State 'ComplexParent_Child3' might be unreachable based on defined transitions. [/mnt/c/Users/newon/source/repos/FastFsm/FastFsm.Tests/FastFsm.Tests.csproj]
     1>/mnt/c/Users/newon/source/repos/FastFsm/FastFsm.Tests/Features/Hsm/CompileTime/HsmParsingCompilationTests.cs(169,26): warning FSM002: State 'EdgeParent' might be unreachable based on defined transitions. [/mnt/c/Users/newon/source/repos/FastFsm/FastFsm.Tests/FastFsm.Tests.csproj]
     1>/mnt/c/Users/newon/source/repos/FastFsm/FastFsm.Tests/Features/Hsm/CompileTime/HsmParsingCompilationTests.cs(169,26): warning FSM002: State 'EdgeParent_Child' might be unreachable based on defined transitions. [/mnt/c/Users/newon/source/repos/FastFsm/FastFsm.Tests/FastFsm.Tests.csproj]
     1>/mnt/c/Users/newon/source/repos/FastFsm/FastFsm.Tests/Features/Hsm/CompileTime/HsmParsingCompilationTests.cs(169,26): warning FSM002: State 'EdgeComplexParent' might be unreachable based on defined transitions. [/mnt/c/Users/newon/source/repos/FastFsm/FastFsm.Tests/FastFsm.Tests.csproj]
     1>/mnt/c/Users/newon/source/repos/FastFsm/FastFsm.Tests/Features/Hsm/CompileTime/HsmParsingCompilationTests.cs(169,26): warning FSM002: State 'EdgeComplexParent_Child1' might be unreachable based on defined transitions. [/mnt/c/Users/newon/source/repos/FastFsm/FastFsm.Tests/FastFsm.Tests.csproj]
     1>/mnt/c/Users/newon/source/repos/FastFsm/FastFsm.Tests/Features/Hsm/CompileTime/HsmParsingCompilationTests.cs(169,26): warning FSM002: State 'EdgeComplexParent_Child2' might be unreachable based on defined transitions. [/mnt/c/Users/newon/source/repos/FastFsm/FastFsm.Tests/FastFsm.Tests.csproj]
     1>/mnt/c/Users/newon/source/repos/FastFsm/FastFsm.Tests/Features/Hsm/CompileTime/HsmParsingCompilationTests.cs(222,26): warning FSM002: State 'Working' might be unreachable based on defined transitions. [/mnt/c/Users/newon/source/repos/FastFsm/FastFsm.Tests/FastFsm.Tests.csproj]
     1>/mnt/c/Users/newon/source/repos/FastFsm/FastFsm.Tests/Features/Hsm/CompileTime/HsmParsingCompilationTests.cs(222,26): warning FSM002: State 'Completed' might be unreachable based on defined transitions. [/mnt/c/Users/newon/source/repos/FastFsm/FastFsm.Tests/FastFsm.Tests.csproj]
     1>/mnt/c/Users/newon/source/repos/FastFsm/FastFsm.Tests/Features/Hsm/CompileTime/HsmParsingCompilationTests.cs(222,26): warning FSM002: State 'Error' might be unreachable based on defined transitions. [/mnt/c/Users/newon/source/repos/FastFsm/FastFsm.Tests/FastFsm.Tests.csproj]
     1>/mnt/c/Users/newon/source/repos/FastFsm/FastFsm.Tests/Features/Hsm/CompileTime/HsmParsingCompilationTests.cs(222,26): warning FSM002: State 'Paused' might be unreachable based on defined transitions. [/mnt/c/Users/newon/source/repos/FastFsm/FastFsm.Tests/FastFsm.Tests.csproj]
     1>/mnt/c/Users/newon/source/repos/FastFsm/FastFsm.Tests/Features/Hsm/CompileTime/HsmParsingCompilationTests.cs(222,26): warning FSM002: State 'Working_Initializing' might be unreachable based on defined transitions. [/mnt/c/Users/newon/source/repos/FastFsm/FastFsm.Tests/FastFsm.Tests.csproj]
     1>/mnt/c/Users/newon/source/repos/FastFsm/FastFsm.Tests/Features/Hsm/CompileTime/HsmParsingCompilationTests.cs(222,26): warning FSM002: State 'Working_Processing' might be unreachable based on defined transitions. [/mnt/c/Users/newon/source/repos/FastFsm/FastFsm.Tests/FastFsm.Tests.csproj]
     1>/mnt/c/Users/newon/source/repos/FastFsm/FastFsm.Tests/Features/Hsm/CompileTime/HsmParsingCompilationTests.cs(222,26): warning FSM002: State 'Working_Validating' might be unreachable based on defined transitions. [/mnt/c/Users/newon/source/repos/FastFsm/FastFsm.Tests/FastFsm.Tests.csproj]
     1>/mnt/c/Users/newon/source/repos/FastFsm/FastFsm.Tests/Features/Hsm/CompileTime/HsmParsingCompilationTests.cs(222,26): warning FSM002: State 'Working_Cleanup' might be unreachable based on defined transitions. [/mnt/c/Users/newon/source/repos/FastFsm/FastFsm.Tests/FastFsm.Tests.csproj]
     1>/mnt/c/Users/newon/source/repos/FastFsm/FastFsm.Tests/Features/Hsm/CompileTime/HsmParsingCompilationTests.cs(222,26): warning FSM002: State 'Working_Processing_Reading' might be unreachable based on defined transitions. [/mnt/c/Users/newon/source/repos/FastFsm/FastFsm.Tests/FastFsm.Tests.csproj]
     1>/mnt/c/Users/newon/source/repos/FastFsm/FastFsm.Tests/Features/Hsm/CompileTime/HsmParsingCompilationTests.cs(222,26): warning FSM002: State 'Working_Processing_Computing' might be unreachable based on defined transitions. [/mnt/c/Users/newon/source/repos/FastFsm/FastFsm.Tests/FastFsm.Tests.csproj]
     1>/mnt/c/Users/newon/source/repos/FastFsm/FastFsm.Tests/Features/Hsm/CompileTime/HsmParsingCompilationTests.cs(222,26): warning FSM002: State 'Working_Processing_Writing' might be unreachable based on defined transitions. [/mnt/c/Users/newon/source/repos/FastFsm/FastFsm.Tests/FastFsm.Tests.csproj]
     1>/mnt/c/Users/newon/source/repos/FastFsm/FastFsm.Tests/Features/Hsm/CompileTime/HsmParsingCompilationTests.cs(222,26): warning FSM002: State 'Working_Processing_Computing_Loading' might be unreachable based on defined transitions. [/mnt/c/Users/newon/source/repos/FastFsm/FastFsm.Tests/FastFsm.Tests.csproj]
     1>/mnt/c/Users/newon/source/repos/FastFsm/FastFsm.Tests/Features/Hsm/CompileTime/HsmParsingCompilationTests.cs(222,26): warning FSM002: State 'Working_Processing_Computing_Calculating' might be unreachable based on defined transitions. [/mnt/c/Users/newon/source/repos/FastFsm/FastFsm.Tests/FastFsm.Tests.csproj]
     1>/mnt/c/Users/newon/source/repos/FastFsm/FastFsm.Tests/Features/Hsm/CompileTime/HsmParsingCompilationTests.cs(222,26): warning FSM002: State 'Working_Processing_Computing_Storing' might be unreachable based on defined transitions. [/mnt/c/Users/newon/source/repos/FastFsm/FastFsm.Tests/FastFsm.Tests.csproj]
     1>/mnt/c/Users/newon/source/repos/FastFsm/FastFsm.Tests/Features/Hsm/CompileTime/HsmParsingCompilationTests.cs(222,26): warning FSM002: State 'HistoryParent' might be unreachable based on defined transitions. [/mnt/c/Users/newon/source/repos/FastFsm/FastFsm.Tests/FastFsm.Tests.csproj]
     1>/mnt/c/Users/newon/source/repos/FastFsm/FastFsm.Tests/Features/Hsm/CompileTime/HsmParsingCompilationTests.cs(222,26): warning FSM002: State 'HistoryParent_Child1' might be unreachable based on defined transitions. [/mnt/c/Users/newon/source/repos/FastFsm/FastFsm.Tests/FastFsm.Tests.csproj]
     1>/mnt/c/Users/newon/source/repos/FastFsm/FastFsm.Tests/Features/Hsm/CompileTime/HsmParsingCompilationTests.cs(222,26): warning FSM002: State 'HistoryParent_Child2' might be unreachable based on defined transitions. [/mnt/c/Users/newon/source/repos/FastFsm/FastFsm.Tests/FastFsm.Tests.csproj]
     1>/mnt/c/Users/newon/source/repos/FastFsm/FastFsm.Tests/Features/Hsm/CompileTime/HsmParsingCompilationTests.cs(222,26): warning FSM002: State 'HistoryParent_Child3' might be unreachable based on defined transitions. [/mnt/c/Users/newon/source/repos/FastFsm/FastFsm.Tests/FastFsm.Tests.csproj]
     1>/mnt/c/Users/newon/source/repos/FastFsm/FastFsm.Tests/Features/Hsm/CompileTime/HsmParsingCompilationTests.cs(222,26): warning FSM002: State 'DeepHistoryParent' might be unreachable based on defined transitions. [/mnt/c/Users/newon/source/repos/FastFsm/FastFsm.Tests/FastFsm.Tests.csproj]
     1>/mnt/c/Users/newon/source/repos/FastFsm/FastFsm.Tests/Features/Hsm/CompileTime/HsmParsingCompilationTests.cs(222,26): warning FSM002: State 'DeepHistoryParent_Child1' might be unreachable based on defined transitions. [/mnt/c/Users/newon/source/repos/FastFsm/FastFsm.Tests/FastFsm.Tests.csproj]
     1>/mnt/c/Users/newon/source/repos/FastFsm/FastFsm.Tests/Features/Hsm/CompileTime/HsmParsingCompilationTests.cs(222,26): warning FSM002: State 'DeepHistoryParent_Child1_SubChild1' might be unreachable based on defined transitions. [/mnt/c/Users/newon/source/repos/FastFsm/FastFsm.Tests/FastFsm.Tests.csproj]
     1>/mnt/c/Users/newon/source/repos/FastFsm/FastFsm.Tests/Features/Hsm/CompileTime/HsmParsingCompilationTests.cs(222,26): warning FSM002: State 'DeepHistoryParent_Child1_SubChild2' might be unreachable based on defined transitions. [/mnt/c/Users/newon/source/repos/FastFsm/FastFsm.Tests/FastFsm.Tests.csproj]
     1>/mnt/c/Users/newon/source/repos/FastFsm/FastFsm.Tests/Features/Hsm/CompileTime/HsmParsingCompilationTests.cs(222,26): warning FSM002: State 'DeepHistoryParent_Child2' might be unreachable based on defined transitions. [/mnt/c/Users/newon/source/repos/FastFsm/FastFsm.Tests/FastFsm.Tests.csproj]
     1>/mnt/c/Users/newon/source/repos/FastFsm/FastFsm.Tests/Features/Hsm/CompileTime/HsmParsingCompilationTests.cs(222,26): warning FSM002: State 'Priority_Low' might be unreachable based on defined transitions. [/mnt/c/Users/newon/source/repos/FastFsm/FastFsm.Tests/FastFsm.Tests.csproj]
     1>/mnt/c/Users/newon/source/repos/FastFsm/FastFsm.Tests/Features/Hsm/CompileTime/HsmParsingCompilationTests.cs(222,26): warning FSM002: State 'Priority_Medium' might be unreachable based on defined transitions. [/mnt/c/Users/newon/source/repos/FastFsm/FastFsm.Tests/FastFsm.Tests.csproj]
     1>/mnt/c/Users/newon/source/repos/FastFsm/FastFsm.Tests/Features/Hsm/CompileTime/HsmParsingCompilationTests.cs(222,26): warning FSM002: State 'Priority_High' might be unreachable based on defined transitions. [/mnt/c/Users/newon/source/repos/FastFsm/FastFsm.Tests/FastFsm.Tests.csproj]
     1>/mnt/c/Users/newon/source/repos/FastFsm/FastFsm.Tests/Features/Hsm/CompileTime/HsmParsingCompilationTests.cs(222,26): warning FSM002: State 'InternalParent' might be unreachable based on defined transitions. [/mnt/c/Users/newon/source/repos/FastFsm/FastFsm.Tests/FastFsm.Tests.csproj]
     1>/mnt/c/Users/newon/source/repos/FastFsm/FastFsm.Tests/Features/Hsm/CompileTime/HsmParsingCompilationTests.cs(222,26): warning FSM002: State 'InternalParent_Child1' might be unreachable based on defined transitions. [/mnt/c/Users/newon/source/repos/FastFsm/FastFsm.Tests/FastFsm.Tests.csproj]
     1>/mnt/c/Users/newon/source/repos/FastFsm/FastFsm.Tests/Features/Hsm/CompileTime/HsmParsingCompilationTests.cs(222,26): warning FSM002: State 'InternalParent_Child2' might be unreachable based on defined transitions. [/mnt/c/Users/newon/source/repos/FastFsm/FastFsm.Tests/FastFsm.Tests.csproj]
     1>/mnt/c/Users/newon/source/repos/FastFsm/FastFsm.Tests/Features/Hsm/CompileTime/HsmParsingCompilationTests.cs(222,26): warning FSM002: State 'Branch1' might be unreachable based on defined transitions. [/mnt/c/Users/newon/source/repos/FastFsm/FastFsm.Tests/FastFsm.Tests.csproj]
     1>/mnt/c/Users/newon/source/repos/FastFsm/FastFsm.Tests/Features/Hsm/CompileTime/HsmParsingCompilationTests.cs(222,26): warning FSM002: State 'Branch1_Leaf1' might be unreachable based on defined transitions. [/mnt/c/Users/newon/source/repos/FastFsm/FastFsm.Tests/FastFsm.Tests.csproj]
     1>/mnt/c/Users/newon/source/repos/FastFsm/FastFsm.Tests/Features/Hsm/CompileTime/HsmParsingCompilationTests.cs(222,26): warning FSM002: State 'Branch1_Leaf2' might be unreachable based on defined transitions. [/mnt/c/Users/newon/source/repos/FastFsm/FastFsm.Tests/FastFsm.Tests.csproj]
     1>/mnt/c/Users/newon/source/repos/FastFsm/FastFsm.Tests/Features/Hsm/CompileTime/HsmParsingCompilationTests.cs(222,26): warning FSM002: State 'Branch2' might be unreachable based on defined transitions. [/mnt/c/Users/newon/source/repos/FastFsm/FastFsm.Tests/FastFsm.Tests.csproj]
     1>/mnt/c/Users/newon/source/repos/FastFsm/FastFsm.Tests/Features/Hsm/CompileTime/HsmParsingCompilationTests.cs(222,26): warning FSM002: State 'Branch2_Leaf1' might be unreachable based on defined transitions. [/mnt/c/Users/newon/source/repos/FastFsm/FastFsm.Tests/FastFsm.Tests.csproj]
     1>/mnt/c/Users/newon/source/repos/FastFsm/FastFsm.Tests/Features/Hsm/CompileTime/HsmParsingCompilationTests.cs(222,26): warning FSM002: State 'Branch2_Leaf2' might be unreachable based on defined transitions. [/mnt/c/Users/newon/source/repos/FastFsm/FastFsm.Tests/FastFsm.Tests.csproj]
     1>/mnt/c/Users/newon/source/repos/FastFsm/FastFsm.Tests/Features/Hsm/CompileTime/HsmParsingCompilationTests.cs(222,26): warning FSM002: State 'ComplexParent' might be unreachable based on defined transitions. [/mnt/c/Users/newon/source/repos/FastFsm/FastFsm.Tests/FastFsm.Tests.csproj]
     1>/mnt/c/Users/newon/source/repos/FastFsm/FastFsm.Tests/Features/Hsm/CompileTime/HsmParsingCompilationTests.cs(222,26): warning FSM002: State 'ComplexParent_Child1' might be unreachable based on defined transitions. [/mnt/c/Users/newon/source/repos/FastFsm/FastFsm.Tests/FastFsm.Tests.csproj]
     1>/mnt/c/Users/newon/source/repos/FastFsm/FastFsm.Tests/Features/Hsm/CompileTime/HsmParsingCompilationTests.cs(222,26): warning FSM002: State 'ComplexParent_Child2' might be unreachable based on defined transitions. [/mnt/c/Users/newon/source/repos/FastFsm/FastFsm.Tests/FastFsm.Tests.csproj]
     1>/mnt/c/Users/newon/source/repos/FastFsm/FastFsm.Tests/Features/Hsm/CompileTime/HsmParsingCompilationTests.cs(222,26): warning FSM002: State 'ComplexParent_Child3' might be unreachable based on defined transitions. [/mnt/c/Users/newon/source/repos/FastFsm/FastFsm.Tests/FastFsm.Tests.csproj]
     1>/mnt/c/Users/newon/source/repos/FastFsm/FastFsm.Tests/Features/Hsm/CompileTime/HsmParsingCompilationTests.cs(222,26): warning FSM002: State 'EdgeParent' might be unreachable based on defined transitions. [/mnt/c/Users/newon/source/repos/FastFsm/FastFsm.Tests/FastFsm.Tests.csproj]
     1>/mnt/c/Users/newon/source/repos/FastFsm/FastFsm.Tests/Features/Hsm/CompileTime/HsmParsingCompilationTests.cs(222,26): warning FSM002: State 'EdgeParent_Child' might be unreachable based on defined transitions. [/mnt/c/Users/newon/source/repos/FastFsm/FastFsm.Tests/FastFsm.Tests.csproj]
     1>/mnt/c/Users/newon/source/repos/FastFsm/FastFsm.Tests/Features/Hsm/CompileTime/HsmParsingCompilationTests.cs(222,26): warning FSM002: State 'EdgeComplexParent' might be unreachable based on defined transitions. [/mnt/c/Users/newon/source/repos/FastFsm/FastFsm.Tests/FastFsm.Tests.csproj]
     1>/mnt/c/Users/newon/source/repos/FastFsm/FastFsm.Tests/Features/Hsm/CompileTime/HsmParsingCompilationTests.cs(222,26): warning FSM002: State 'EdgeComplexParent_Child1' might be unreachable based on defined transitions. [/mnt/c/Users/newon/source/repos/FastFsm/FastFsm.Tests/FastFsm.Tests.csproj]
     1>/mnt/c/Users/newon/source/repos/FastFsm/FastFsm.Tests/Features/Hsm/CompileTime/HsmParsingCompilationTests.cs(222,26): warning FSM002: State 'EdgeComplexParent_Child2' might be unreachable based on defined transitions. [/mnt/c/Users/newon/source/repos/FastFsm/FastFsm.Tests/FastFsm.Tests.csproj]
     1>/mnt/c/Users/newon/source/repos/FastFsm/FastFsm.Tests/Features/Hsm/CompileTime/HsmParsingCompilationTests.cs(255,26): warning FSM002: State 'Working' might be unreachable based on defined transitions. [/mnt/c/Users/newon/source/repos/FastFsm/FastFsm.Tests/FastFsm.Tests.csproj]
     1>/mnt/c/Users/newon/source/repos/FastFsm/FastFsm.Tests/Features/Hsm/CompileTime/HsmParsingCompilationTests.cs(255,26): warning FSM002: State 'Completed' might be unreachable based on defined transitions. [/mnt/c/Users/newon/source/repos/FastFsm/FastFsm.Tests/FastFsm.Tests.csproj]
     1>/mnt/c/Users/newon/source/repos/FastFsm/FastFsm.Tests/Features/Hsm/CompileTime/HsmParsingCompilationTests.cs(255,26): warning FSM002: State 'Error' might be unreachable based on defined transitions. [/mnt/c/Users/newon/source/repos/FastFsm/FastFsm.Tests/FastFsm.Tests.csproj]
     1>/mnt/c/Users/newon/source/repos/FastFsm/FastFsm.Tests/Features/Hsm/CompileTime/HsmParsingCompilationTests.cs(255,26): warning FSM002: State 'Paused' might be unreachable based on defined transitions. [/mnt/c/Users/newon/source/repos/FastFsm/FastFsm.Tests/FastFsm.Tests.csproj]
     1>/mnt/c/Users/newon/source/repos/FastFsm/FastFsm.Tests/Features/Hsm/CompileTime/HsmParsingCompilationTests.cs(255,26): warning FSM002: State 'Working_Initializing' might be unreachable based on defined transitions. [/mnt/c/Users/newon/source/repos/FastFsm/FastFsm.Tests/FastFsm.Tests.csproj]
     1>/mnt/c/Users/newon/source/repos/FastFsm/FastFsm.Tests/Features/Hsm/CompileTime/HsmParsingCompilationTests.cs(255,26): warning FSM002: State 'Working_Processing' might be unreachable based on defined transitions. [/mnt/c/Users/newon/source/repos/FastFsm/FastFsm.Tests/FastFsm.Tests.csproj]
     1>/mnt/c/Users/newon/source/repos/FastFsm/FastFsm.Tests/Features/Hsm/CompileTime/HsmParsingCompilationTests.cs(255,26): warning FSM002: State 'Working_Validating' might be unreachable based on defined transitions. [/mnt/c/Users/newon/source/repos/FastFsm/FastFsm.Tests/FastFsm.Tests.csproj]
     1>/mnt/c/Users/newon/source/repos/FastFsm/FastFsm.Tests/Features/Hsm/CompileTime/HsmParsingCompilationTests.cs(255,26): warning FSM002: State 'Working_Cleanup' might be unreachable based on defined transitions. [/mnt/c/Users/newon/source/repos/FastFsm/FastFsm.Tests/FastFsm.Tests.csproj]
     1>/mnt/c/Users/newon/source/repos/FastFsm/FastFsm.Tests/Features/Hsm/CompileTime/HsmParsingCompilationTests.cs(255,26): warning FSM002: State 'Working_Processing_Reading' might be unreachable based on defined transitions. [/mnt/c/Users/newon/source/repos/FastFsm/FastFsm.Tests/FastFsm.Tests.csproj]
     1>/mnt/c/Users/newon/source/repos/FastFsm/FastFsm.Tests/Features/Hsm/CompileTime/HsmParsingCompilationTests.cs(255,26): warning FSM002: State 'Working_Processing_Computing' might be unreachable based on defined transitions. [/mnt/c/Users/newon/source/repos/FastFsm/FastFsm.Tests/FastFsm.Tests.csproj]
     1>/mnt/c/Users/newon/source/repos/FastFsm/FastFsm.Tests/Features/Hsm/CompileTime/HsmParsingCompilationTests.cs(255,26): warning FSM002: State 'Working_Processing_Writing' might be unreachable based on defined transitions. [/mnt/c/Users/newon/source/repos/FastFsm/FastFsm.Tests/FastFsm.Tests.csproj]
     1>/mnt/c/Users/newon/source/repos/FastFsm/FastFsm.Tests/Features/Hsm/CompileTime/HsmParsingCompilationTests.cs(255,26): warning FSM002: State 'Working_Processing_Computing_Loading' might be unreachable based on defined transitions. [/mnt/c/Users/newon/source/repos/FastFsm/FastFsm.Tests/FastFsm.Tests.csproj]
     1>/mnt/c/Users/newon/source/repos/FastFsm/FastFsm.Tests/Features/Hsm/CompileTime/HsmParsingCompilationTests.cs(255,26): warning FSM002: State 'Working_Processing_Computing_Calculating' might be unreachable based on defined transitions. [/mnt/c/Users/newon/source/repos/FastFsm/FastFsm.Tests/FastFsm.Tests.csproj]
     1>/mnt/c/Users/newon/source/repos/FastFsm/FastFsm.Tests/Features/Hsm/CompileTime/HsmParsingCompilationTests.cs(255,26): warning FSM002: State 'Working_Processing_Computing_Storing' might be unreachable based on defined transitions. [/mnt/c/Users/newon/source/repos/FastFsm/FastFsm.Tests/FastFsm.Tests.csproj]
     1>/mnt/c/Users/newon/source/repos/FastFsm/FastFsm.Tests/Features/Hsm/CompileTime/HsmParsingCompilationTests.cs(255,26): warning FSM002: State 'HistoryParent' might be unreachable based on defined transitions. [/mnt/c/Users/newon/source/repos/FastFsm/FastFsm.Tests/FastFsm.Tests.csproj]
     1>/mnt/c/Users/newon/source/repos/FastFsm/FastFsm.Tests/Features/Hsm/CompileTime/HsmParsingCompilationTests.cs(255,26): warning FSM002: State 'HistoryParent_Child1' might be unreachable based on defined transitions. [/mnt/c/Users/newon/source/repos/FastFsm/FastFsm.Tests/FastFsm.Tests.csproj]
     1>/mnt/c/Users/newon/source/repos/FastFsm/FastFsm.Tests/Features/Hsm/CompileTime/HsmParsingCompilationTests.cs(255,26): warning FSM002: State 'HistoryParent_Child2' might be unreachable based on defined transitions. [/mnt/c/Users/newon/source/repos/FastFsm/FastFsm.Tests/FastFsm.Tests.csproj]
     1>/mnt/c/Users/newon/source/repos/FastFsm/FastFsm.Tests/Features/Hsm/CompileTime/HsmParsingCompilationTests.cs(255,26): warning FSM002: State 'HistoryParent_Child3' might be unreachable based on defined transitions. [/mnt/c/Users/newon/source/repos/FastFsm/FastFsm.Tests/FastFsm.Tests.csproj]
     1>/mnt/c/Users/newon/source/repos/FastFsm/FastFsm.Tests/Features/Hsm/CompileTime/HsmParsingCompilationTests.cs(255,26): warning FSM002: State 'DeepHistoryParent' might be unreachable based on defined transitions. [/mnt/c/Users/newon/source/repos/FastFsm/FastFsm.Tests/FastFsm.Tests.csproj]
     1>/mnt/c/Users/newon/source/repos/FastFsm/FastFsm.Tests/Features/Hsm/CompileTime/HsmParsingCompilationTests.cs(255,26): warning FSM002: State 'DeepHistoryParent_Child1' might be unreachable based on defined transitions. [/mnt/c/Users/newon/source/repos/FastFsm/FastFsm.Tests/FastFsm.Tests.csproj]
     1>/mnt/c/Users/newon/source/repos/FastFsm/FastFsm.Tests/Features/Hsm/CompileTime/HsmParsingCompilationTests.cs(255,26): warning FSM002: State 'DeepHistoryParent_Child1_SubChild1' might be unreachable based on defined transitions. [/mnt/c/Users/newon/source/repos/FastFsm/FastFsm.Tests/FastFsm.Tests.csproj]
     1>/mnt/c/Users/newon/source/repos/FastFsm/FastFsm.Tests/Features/Hsm/CompileTime/HsmParsingCompilationTests.cs(255,26): warning FSM002: State 'DeepHistoryParent_Child1_SubChild2' might be unreachable based on defined transitions. [/mnt/c/Users/newon/source/repos/FastFsm/FastFsm.Tests/FastFsm.Tests.csproj]
     1>/mnt/c/Users/newon/source/repos/FastFsm/FastFsm.Tests/Features/Hsm/CompileTime/HsmParsingCompilationTests.cs(255,26): warning FSM002: State 'DeepHistoryParent_Child2' might be unreachable based on defined transitions. [/mnt/c/Users/newon/source/repos/FastFsm/FastFsm.Tests/FastFsm.Tests.csproj]
     1>/mnt/c/Users/newon/source/repos/FastFsm/FastFsm.Tests/Features/Hsm/CompileTime/HsmParsingCompilationTests.cs(255,26): warning FSM002: State 'Priority_Low' might be unreachable based on defined transitions. [/mnt/c/Users/newon/source/repos/FastFsm/FastFsm.Tests/FastFsm.Tests.csproj]
     1>/mnt/c/Users/newon/source/repos/FastFsm/FastFsm.Tests/Features/Hsm/CompileTime/HsmParsingCompilationTests.cs(255,26): warning FSM002: State 'Priority_Medium' might be unreachable based on defined transitions. [/mnt/c/Users/newon/source/repos/FastFsm/FastFsm.Tests/FastFsm.Tests.csproj]
     1>/mnt/c/Users/newon/source/repos/FastFsm/FastFsm.Tests/Features/Hsm/CompileTime/HsmParsingCompilationTests.cs(255,26): warning FSM002: State 'Priority_High' might be unreachable based on defined transitions. [/mnt/c/Users/newon/source/repos/FastFsm/FastFsm.Tests/FastFsm.Tests.csproj]
     1>/mnt/c/Users/newon/source/repos/FastFsm/FastFsm.Tests/Features/Hsm/CompileTime/HsmParsingCompilationTests.cs(255,26): warning FSM002: State 'InternalParent' might be unreachable based on defined transitions. [/mnt/c/Users/newon/source/repos/FastFsm/FastFsm.Tests/FastFsm.Tests.csproj]
     1>/mnt/c/Users/newon/source/repos/FastFsm/FastFsm.Tests/Features/Hsm/CompileTime/HsmParsingCompilationTests.cs(255,26): warning FSM002: State 'InternalParent_Child1' might be unreachable based on defined transitions. [/mnt/c/Users/newon/source/repos/FastFsm/FastFsm.Tests/FastFsm.Tests.csproj]
     1>/mnt/c/Users/newon/source/repos/FastFsm/FastFsm.Tests/Features/Hsm/CompileTime/HsmParsingCompilationTests.cs(255,26): warning FSM002: State 'InternalParent_Child2' might be unreachable based on defined transitions. [/mnt/c/Users/newon/source/repos/FastFsm/FastFsm.Tests/FastFsm.Tests.csproj]
     1>/mnt/c/Users/newon/source/repos/FastFsm/FastFsm.Tests/Features/Hsm/CompileTime/HsmParsingCompilationTests.cs(255,26): warning FSM002: State 'Branch1' might be unreachable based on defined transitions. [/mnt/c/Users/newon/source/repos/FastFsm/FastFsm.Tests/FastFsm.Tests.csproj]
     1>/mnt/c/Users/newon/source/repos/FastFsm/FastFsm.Tests/Features/Hsm/CompileTime/HsmParsingCompilationTests.cs(255,26): warning FSM002: State 'Branch1_Leaf1' might be unreachable based on defined transitions. [/mnt/c/Users/newon/source/repos/FastFsm/FastFsm.Tests/FastFsm.Tests.csproj]
     1>/mnt/c/Users/newon/source/repos/FastFsm/FastFsm.Tests/Features/Hsm/CompileTime/HsmParsingCompilationTests.cs(255,26): warning FSM002: State 'Branch1_Leaf2' might be unreachable based on defined transitions. [/mnt/c/Users/newon/source/repos/FastFsm/FastFsm.Tests/FastFsm.Tests.csproj]
     1>/mnt/c/Users/newon/source/repos/FastFsm/FastFsm.Tests/Features/Hsm/CompileTime/HsmParsingCompilationTests.cs(255,26): warning FSM002: State 'Branch2' might be unreachable based on defined transitions. [/mnt/c/Users/newon/source/repos/FastFsm/FastFsm.Tests/FastFsm.Tests.csproj]
     1>/mnt/c/Users/newon/source/repos/FastFsm/FastFsm.Tests/Features/Hsm/CompileTime/HsmParsingCompilationTests.cs(255,26): warning FSM002: State 'Branch2_Leaf1' might be unreachable based on defined transitions. [/mnt/c/Users/newon/source/repos/FastFsm/FastFsm.Tests/FastFsm.Tests.csproj]
     1>/mnt/c/Users/newon/source/repos/FastFsm/FastFsm.Tests/Features/Hsm/CompileTime/HsmParsingCompilationTests.cs(255,26): warning FSM002: State 'Branch2_Leaf2' might be unreachable based on defined transitions. [/mnt/c/Users/newon/source/repos/FastFsm/FastFsm.Tests/FastFsm.Tests.csproj]
     1>/mnt/c/Users/newon/source/repos/FastFsm/FastFsm.Tests/Features/Hsm/CompileTime/HsmParsingCompilationTests.cs(255,26): warning FSM002: State 'ComplexParent' might be unreachable based on defined transitions. [/mnt/c/Users/newon/source/repos/FastFsm/FastFsm.Tests/FastFsm.Tests.csproj]
     1>/mnt/c/Users/newon/source/repos/FastFsm/FastFsm.Tests/Features/Hsm/CompileTime/HsmParsingCompilationTests.cs(255,26): warning FSM002: State 'ComplexParent_Child1' might be unreachable based on defined transitions. [/mnt/c/Users/newon/source/repos/FastFsm/FastFsm.Tests/FastFsm.Tests.csproj]
     1>/mnt/c/Users/newon/source/repos/FastFsm/FastFsm.Tests/Features/Hsm/CompileTime/HsmParsingCompilationTests.cs(255,26): warning FSM002: State 'ComplexParent_Child2' might be unreachable based on defined transitions. [/mnt/c/Users/newon/source/repos/FastFsm/FastFsm.Tests/FastFsm.Tests.csproj]
     1>/mnt/c/Users/newon/source/repos/FastFsm/FastFsm.Tests/Features/Hsm/CompileTime/HsmParsingCompilationTests.cs(255,26): warning FSM002: State 'ComplexParent_Child3' might be unreachable based on defined transitions. [/mnt/c/Users/newon/source/repos/FastFsm/FastFsm.Tests/FastFsm.Tests.csproj]
     1>/mnt/c/Users/newon/source/repos/FastFsm/FastFsm.Tests/Features/Hsm/CompileTime/HsmParsingCompilationTests.cs(255,26): warning FSM002: State 'EdgeParent' might be unreachable based on defined transitions. [/mnt/c/Users/newon/source/repos/FastFsm/FastFsm.Tests/FastFsm.Tests.csproj]
     1>/mnt/c/Users/newon/source/repos/FastFsm/FastFsm.Tests/Features/Hsm/CompileTime/HsmParsingCompilationTests.cs(255,26): warning FSM002: State 'EdgeParent_Child' might be unreachable based on defined transitions. [/mnt/c/Users/newon/source/repos/FastFsm/FastFsm.Tests/FastFsm.Tests.csproj]
     1>/mnt/c/Users/newon/source/repos/FastFsm/FastFsm.Tests/Features/Hsm/CompileTime/HsmParsingCompilationTests.cs(255,26): warning FSM002: State 'EdgeComplexParent' might be unreachable based on defined transitions. [/mnt/c/Users/newon/source/repos/FastFsm/FastFsm.Tests/FastFsm.Tests.csproj]
     1>/mnt/c/Users/newon/source/repos/FastFsm/FastFsm.Tests/Features/Hsm/CompileTime/HsmParsingCompilationTests.cs(255,26): warning FSM002: State 'EdgeComplexParent_Child1' might be unreachable based on defined transitions. [/mnt/c/Users/newon/source/repos/FastFsm/FastFsm.Tests/FastFsm.Tests.csproj]
     1>/mnt/c/Users/newon/source/repos/FastFsm/FastFsm.Tests/Features/Hsm/CompileTime/HsmParsingCompilationTests.cs(255,26): warning FSM002: State 'EdgeComplexParent_Child2' might be unreachable based on defined transitions. [/mnt/c/Users/newon/source/repos/FastFsm/FastFsm.Tests/FastFsm.Tests.csproj]
     1>/mnt/c/Users/newon/source/repos/FastFsm/FastFsm.Tests/Features/Hsm/CompileTime/HsmParsingCompilationTests.cs(299,10): warning FSM001: Duplicate transition from state 'Priority_Low' on trigger 'Execute'. Only the first one will be used by the generator. [/mnt/c/Users/newon/source/repos/FastFsm/FastFsm.Tests/FastFsm.Tests.csproj]
     1>/mnt/c/Users/newon/source/repos/FastFsm/FastFsm.Tests/Features/Hsm/CompileTime/HsmParsingCompilationTests.cs(293,26): warning FSM002: State 'Working' might be unreachable based on defined transitions. [/mnt/c/Users/newon/source/repos/FastFsm/FastFsm.Tests/FastFsm.Tests.csproj]
     1>/mnt/c/Users/newon/source/repos/FastFsm/FastFsm.Tests/Features/Hsm/CompileTime/HsmParsingCompilationTests.cs(293,26): warning FSM002: State 'Completed' might be unreachable based on defined transitions. [/mnt/c/Users/newon/source/repos/FastFsm/FastFsm.Tests/FastFsm.Tests.csproj]
     1>/mnt/c/Users/newon/source/repos/FastFsm/FastFsm.Tests/Features/Hsm/CompileTime/HsmParsingCompilationTests.cs(293,26): warning FSM002: State 'Error' might be unreachable based on defined transitions. [/mnt/c/Users/newon/source/repos/FastFsm/FastFsm.Tests/FastFsm.Tests.csproj]
     1>/mnt/c/Users/newon/source/repos/FastFsm/FastFsm.Tests/Features/Hsm/CompileTime/HsmParsingCompilationTests.cs(293,26): warning FSM002: State 'Paused' might be unreachable based on defined transitions. [/mnt/c/Users/newon/source/repos/FastFsm/FastFsm.Tests/FastFsm.Tests.csproj]
     1>/mnt/c/Users/newon/source/repos/FastFsm/FastFsm.Tests/Features/Hsm/CompileTime/HsmParsingCompilationTests.cs(293,26): warning FSM002: State 'Working_Initializing' might be unreachable based on defined transitions. [/mnt/c/Users/newon/source/repos/FastFsm/FastFsm.Tests/FastFsm.Tests.csproj]
     1>/mnt/c/Users/newon/source/repos/FastFsm/FastFsm.Tests/Features/Hsm/CompileTime/HsmParsingCompilationTests.cs(293,26): warning FSM002: State 'Working_Processing' might be unreachable based on defined transitions. [/mnt/c/Users/newon/source/repos/FastFsm/FastFsm.Tests/FastFsm.Tests.csproj]
     1>/mnt/c/Users/newon/source/repos/FastFsm/FastFsm.Tests/Features/Hsm/CompileTime/HsmParsingCompilationTests.cs(293,26): warning FSM002: State 'Working_Validating' might be unreachable based on defined transitions. [/mnt/c/Users/newon/source/repos/FastFsm/FastFsm.Tests/FastFsm.Tests.csproj]
     1>/mnt/c/Users/newon/source/repos/FastFsm/FastFsm.Tests/Features/Hsm/CompileTime/HsmParsingCompilationTests.cs(293,26): warning FSM002: State 'Working_Cleanup' might be unreachable based on defined transitions. [/mnt/c/Users/newon/source/repos/FastFsm/FastFsm.Tests/FastFsm.Tests.csproj]
     1>/mnt/c/Users/newon/source/repos/FastFsm/FastFsm.Tests/Features/Hsm/CompileTime/HsmParsingCompilationTests.cs(293,26): warning FSM002: State 'Working_Processing_Reading' might be unreachable based on defined transitions. [/mnt/c/Users/newon/source/repos/FastFsm/FastFsm.Tests/FastFsm.Tests.csproj]
     1>/mnt/c/Users/newon/source/repos/FastFsm/FastFsm.Tests/Features/Hsm/CompileTime/HsmParsingCompilationTests.cs(293,26): warning FSM002: State 'Working_Processing_Computing' might be unreachable based on defined transitions. [/mnt/c/Users/newon/source/repos/FastFsm/FastFsm.Tests/FastFsm.Tests.csproj]
     1>/mnt/c/Users/newon/source/repos/FastFsm/FastFsm.Tests/Features/Hsm/CompileTime/HsmParsingCompilationTests.cs(293,26): warning FSM002: State 'Working_Processing_Writing' might be unreachable based on defined transitions. [/mnt/c/Users/newon/source/repos/FastFsm/FastFsm.Tests/FastFsm.Tests.csproj]
     1>/mnt/c/Users/newon/source/repos/FastFsm/FastFsm.Tests/Features/Hsm/CompileTime/HsmParsingCompilationTests.cs(293,26): warning FSM002: State 'Working_Processing_Computing_Loading' might be unreachable based on defined transitions. [/mnt/c/Users/newon/source/repos/FastFsm/FastFsm.Tests/FastFsm.Tests.csproj]
     1>/mnt/c/Users/newon/source/repos/FastFsm/FastFsm.Tests/Features/Hsm/CompileTime/HsmParsingCompilationTests.cs(293,26): warning FSM002: State 'Working_Processing_Computing_Calculating' might be unreachable based on defined transitions. [/mnt/c/Users/newon/source/repos/FastFsm/FastFsm.Tests/FastFsm.Tests.csproj]
     1>/mnt/c/Users/newon/source/repos/FastFsm/FastFsm.Tests/Features/Hsm/CompileTime/HsmParsingCompilationTests.cs(293,26): warning FSM002: State 'Working_Processing_Computing_Storing' might be unreachable based on defined transitions. [/mnt/c/Users/newon/source/repos/FastFsm/FastFsm.Tests/FastFsm.Tests.csproj]
     1>/mnt/c/Users/newon/source/repos/FastFsm/FastFsm.Tests/Features/Hsm/CompileTime/HsmParsingCompilationTests.cs(293,26): warning FSM002: State 'HistoryParent' might be unreachable based on defined transitions. [/mnt/c/Users/newon/source/repos/FastFsm/FastFsm.Tests/FastFsm.Tests.csproj]
     1>/mnt/c/Users/newon/source/repos/FastFsm/FastFsm.Tests/Features/Hsm/CompileTime/HsmParsingCompilationTests.cs(293,26): warning FSM002: State 'HistoryParent_Child1' might be unreachable based on defined transitions. [/mnt/c/Users/newon/source/repos/FastFsm/FastFsm.Tests/FastFsm.Tests.csproj]
     1>/mnt/c/Users/newon/source/repos/FastFsm/FastFsm.Tests/Features/Hsm/CompileTime/HsmParsingCompilationTests.cs(293,26): warning FSM002: State 'HistoryParent_Child2' might be unreachable based on defined transitions. [/mnt/c/Users/newon/source/repos/FastFsm/FastFsm.Tests/FastFsm.Tests.csproj]
     1>/mnt/c/Users/newon/source/repos/FastFsm/FastFsm.Tests/Features/Hsm/CompileTime/HsmParsingCompilationTests.cs(293,26): warning FSM002: State 'HistoryParent_Child3' might be unreachable based on defined transitions. [/mnt/c/Users/newon/source/repos/FastFsm/FastFsm.Tests/FastFsm.Tests.csproj]
     1>/mnt/c/Users/newon/source/repos/FastFsm/FastFsm.Tests/Features/Hsm/CompileTime/HsmParsingCompilationTests.cs(293,26): warning FSM002: State 'DeepHistoryParent' might be unreachable based on defined transitions. [/mnt/c/Users/newon/source/repos/FastFsm/FastFsm.Tests/FastFsm.Tests.csproj]
     1>/mnt/c/Users/newon/source/repos/FastFsm/FastFsm.Tests/Features/Hsm/CompileTime/HsmParsingCompilationTests.cs(293,26): warning FSM002: State 'DeepHistoryParent_Child1' might be unreachable based on defined transitions. [/mnt/c/Users/newon/source/repos/FastFsm/FastFsm.Tests/FastFsm.Tests.csproj]
     1>/mnt/c/Users/newon/source/repos/FastFsm/FastFsm.Tests/Features/Hsm/CompileTime/HsmParsingCompilationTests.cs(293,26): warning FSM002: State 'DeepHistoryParent_Child1_SubChild1' might be unreachable based on defined transitions. [/mnt/c/Users/newon/source/repos/FastFsm/FastFsm.Tests/FastFsm.Tests.csproj]
     1>/mnt/c/Users/newon/source/repos/FastFsm/FastFsm.Tests/Features/Hsm/CompileTime/HsmParsingCompilationTests.cs(293,26): warning FSM002: State 'DeepHistoryParent_Child1_SubChild2' might be unreachable based on defined transitions. [/mnt/c/Users/newon/source/repos/FastFsm/FastFsm.Tests/FastFsm.Tests.csproj]
     1>/mnt/c/Users/newon/source/repos/FastFsm/FastFsm.Tests/Features/Hsm/CompileTime/HsmParsingCompilationTests.cs(293,26): warning FSM002: State 'DeepHistoryParent_Child2' might be unreachable based on defined transitions. [/mnt/c/Users/newon/source/repos/FastFsm/FastFsm.Tests/FastFsm.Tests.csproj]
     1>/mnt/c/Users/newon/source/repos/FastFsm/FastFsm.Tests/Features/Hsm/CompileTime/HsmParsingCompilationTests.cs(293,26): warning FSM002: State 'Priority_Low' might be unreachable based on defined transitions. [/mnt/c/Users/newon/source/repos/FastFsm/FastFsm.Tests/FastFsm.Tests.csproj]
     1>/mnt/c/Users/newon/source/repos/FastFsm/FastFsm.Tests/Features/Hsm/CompileTime/HsmParsingCompilationTests.cs(293,26): warning FSM002: State 'Priority_Medium' might be unreachable based on defined transitions. [/mnt/c/Users/newon/source/repos/FastFsm/FastFsm.Tests/FastFsm.Tests.csproj]
     1>/mnt/c/Users/newon/source/repos/FastFsm/FastFsm.Tests/Features/Hsm/CompileTime/HsmParsingCompilationTests.cs(293,26): warning FSM002: State 'Priority_High' might be unreachable based on defined transitions. [/mnt/c/Users/newon/source/repos/FastFsm/FastFsm.Tests/FastFsm.Tests.csproj]
     1>/mnt/c/Users/newon/source/repos/FastFsm/FastFsm.Tests/Features/Hsm/CompileTime/HsmParsingCompilationTests.cs(293,26): warning FSM002: State 'InternalParent' might be unreachable based on defined transitions. [/mnt/c/Users/newon/source/repos/FastFsm/FastFsm.Tests/FastFsm.Tests.csproj]
     1>/mnt/c/Users/newon/source/repos/FastFsm/FastFsm.Tests/Features/Hsm/CompileTime/HsmParsingCompilationTests.cs(293,26): warning FSM002: State 'InternalParent_Child1' might be unreachable based on defined transitions. [/mnt/c/Users/newon/source/repos/FastFsm/FastFsm.Tests/FastFsm.Tests.csproj]
     1>/mnt/c/Users/newon/source/repos/FastFsm/FastFsm.Tests/Features/Hsm/CompileTime/HsmParsingCompilationTests.cs(293,26): warning FSM002: State 'InternalParent_Child2' might be unreachable based on defined transitions. [/mnt/c/Users/newon/source/repos/FastFsm/FastFsm.Tests/FastFsm.Tests.csproj]
     1>/mnt/c/Users/newon/source/repos/FastFsm/FastFsm.Tests/Features/Hsm/CompileTime/HsmParsingCompilationTests.cs(293,26): warning FSM002: State 'Branch1' might be unreachable based on defined transitions. [/mnt/c/Users/newon/source/repos/FastFsm/FastFsm.Tests/FastFsm.Tests.csproj]
     1>/mnt/c/Users/newon/source/repos/FastFsm/FastFsm.Tests/Features/Hsm/CompileTime/HsmParsingCompilationTests.cs(293,26): warning FSM002: State 'Branch1_Leaf1' might be unreachable based on defined transitions. [/mnt/c/Users/newon/source/repos/FastFsm/FastFsm.Tests/FastFsm.Tests.csproj]
     1>/mnt/c/Users/newon/source/repos/FastFsm/FastFsm.Tests/Features/Hsm/CompileTime/HsmParsingCompilationTests.cs(293,26): warning FSM002: State 'Branch1_Leaf2' might be unreachable based on defined transitions. [/mnt/c/Users/newon/source/repos/FastFsm/FastFsm.Tests/FastFsm.Tests.csproj]
     1>/mnt/c/Users/newon/source/repos/FastFsm/FastFsm.Tests/Features/Hsm/CompileTime/HsmParsingCompilationTests.cs(293,26): warning FSM002: State 'Branch2' might be unreachable based on defined transitions. [/mnt/c/Users/newon/source/repos/FastFsm/FastFsm.Tests/FastFsm.Tests.csproj]
     1>/mnt/c/Users/newon/source/repos/FastFsm/FastFsm.Tests/Features/Hsm/CompileTime/HsmParsingCompilationTests.cs(293,26): warning FSM002: State 'Branch2_Leaf1' might be unreachable based on defined transitions. [/mnt/c/Users/newon/source/repos/FastFsm/FastFsm.Tests/FastFsm.Tests.csproj]
     1>/mnt/c/Users/newon/source/repos/FastFsm/FastFsm.Tests/Features/Hsm/CompileTime/HsmParsingCompilationTests.cs(293,26): warning FSM002: State 'Branch2_Leaf2' might be unreachable based on defined transitions. [/mnt/c/Users/newon/source/repos/FastFsm/FastFsm.Tests/FastFsm.Tests.csproj]
     1>/mnt/c/Users/newon/source/repos/FastFsm/FastFsm.Tests/Features/Hsm/CompileTime/HsmParsingCompilationTests.cs(293,26): warning FSM002: State 'ComplexParent' might be unreachable based on defined transitions. [/mnt/c/Users/newon/source/repos/FastFsm/FastFsm.Tests/FastFsm.Tests.csproj]
     1>/mnt/c/Users/newon/source/repos/FastFsm/FastFsm.Tests/Features/Hsm/CompileTime/HsmParsingCompilationTests.cs(293,26): warning FSM002: State 'ComplexParent_Child1' might be unreachable based on defined transitions. [/mnt/c/Users/newon/source/repos/FastFsm/FastFsm.Tests/FastFsm.Tests.csproj]
     1>/mnt/c/Users/newon/source/repos/FastFsm/FastFsm.Tests/Features/Hsm/CompileTime/HsmParsingCompilationTests.cs(293,26): warning FSM002: State 'ComplexParent_Child2' might be unreachable based on defined transitions. [/mnt/c/Users/newon/source/repos/FastFsm/FastFsm.Tests/FastFsm.Tests.csproj]
     1>/mnt/c/Users/newon/source/repos/FastFsm/FastFsm.Tests/Features/Hsm/CompileTime/HsmParsingCompilationTests.cs(293,26): warning FSM002: State 'ComplexParent_Child3' might be unreachable based on defined transitions. [/mnt/c/Users/newon/source/repos/FastFsm/FastFsm.Tests/FastFsm.Tests.csproj]
     1>/mnt/c/Users/newon/source/repos/FastFsm/FastFsm.Tests/Features/Hsm/CompileTime/HsmParsingCompilationTests.cs(293,26): warning FSM002: State 'EdgeParent' might be unreachable based on defined transitions. [/mnt/c/Users/newon/source/repos/FastFsm/FastFsm.Tests/FastFsm.Tests.csproj]
     1>/mnt/c/Users/newon/source/repos/FastFsm/FastFsm.Tests/Features/Hsm/CompileTime/HsmParsingCompilationTests.cs(293,26): warning FSM002: State 'EdgeParent_Child' might be unreachable based on defined transitions. [/mnt/c/Users/newon/source/repos/FastFsm/FastFsm.Tests/FastFsm.Tests.csproj]
     1>/mnt/c/Users/newon/source/repos/FastFsm/FastFsm.Tests/Features/Hsm/CompileTime/HsmParsingCompilationTests.cs(293,26): warning FSM002: State 'EdgeComplexParent' might be unreachable based on defined transitions. [/mnt/c/Users/newon/source/repos/FastFsm/FastFsm.Tests/FastFsm.Tests.csproj]
     1>/mnt/c/Users/newon/source/repos/FastFsm/FastFsm.Tests/Features/Hsm/CompileTime/HsmParsingCompilationTests.cs(293,26): warning FSM002: State 'EdgeComplexParent_Child1' might be unreachable based on defined transitions. [/mnt/c/Users/newon/source/repos/FastFsm/FastFsm.Tests/FastFsm.Tests.csproj]
     1>/mnt/c/Users/newon/source/repos/FastFsm/FastFsm.Tests/Features/Hsm/CompileTime/HsmParsingCompilationTests.cs(293,26): warning FSM002: State 'EdgeComplexParent_Child2' might be unreachable based on defined transitions. [/mnt/c/Users/newon/source/repos/FastFsm/FastFsm.Tests/FastFsm.Tests.csproj]
     1>CSC : warning FSM989D: ENTERING ProcessCandidateAndGenerate for: StateMachine.Tests.Features.Hsm.CompileTime.HsmParsingCompilationTests.InternalTransitionMachine [/mnt/c/Users/newon/source/repos/FastFsm/FastFsm.Tests/FastFsm.Tests.csproj]
     1>/mnt/c/Users/newon/source/repos/FastFsm/FastFsm.Tests/Features/Hsm/CompileTime/HsmParsingCompilationTests.cs(324,5): warning FSM998A: Starting parse for: StateMachine.Tests.Features.Hsm.CompileTime.HsmParsingCompilationTests.InternalTransitionMachine [/mnt/c/Users/newon/source/repos/FastFsm/FastFsm.Tests/FastFsm.Tests.csproj]
     1>/mnt/c/Users/newon/source/repos/FastFsm/FastFsm.Tests/Features/Hsm/CompileTime/HsmParsingCompilationTests.cs(324,5): warning FSM998: === START TryParse === [/mnt/c/Users/newon/source/repos/FastFsm/FastFsm.Tests/FastFsm.Tests.csproj]
     1>/mnt/c/Users/newon/source/repos/FastFsm/FastFsm.Tests/Features/Hsm/CompileTime/HsmParsingCompilationTests.cs(324,5): warning FSM998: Parsing class: InternalTransitionMachine [/mnt/c/Users/newon/source/repos/FastFsm/FastFsm.Tests/FastFsm.Tests.csproj]
     1>/mnt/c/Users/newon/source/repos/FastFsm/FastFsm.Tests/Features/Hsm/CompileTime/HsmParsingCompilationTests.cs(324,5): warning FSM998: Section 1: Getting semantic model and class symbol [/mnt/c/Users/newon/source/repos/FastFsm/FastFsm.Tests/FastFsm.Tests.csproj]
     1>/mnt/c/Users/newon/source/repos/FastFsm/FastFsm.Tests/Features/Hsm/CompileTime/HsmParsingCompilationTests.cs(324,5): warning FSM998: Class symbol obtained: InternalTransitionMachine [/mnt/c/Users/newon/source/repos/FastFsm/FastFsm.Tests/FastFsm.Tests.csproj]
     1>/mnt/c/Users/newon/source/repos/FastFsm/FastFsm.Tests/Features/Hsm/CompileTime/HsmParsingCompilationTests.cs(324,5): warning FSM998: Section 2: Creating initial model [/mnt/c/Users/newon/source/repos/FastFsm/FastFsm.Tests/FastFsm.Tests.csproj]
     1>/mnt/c/Users/newon/source/repos/FastFsm/FastFsm.Tests/Features/Hsm/CompileTime/HsmParsingCompilationTests.cs(324,5): warning FSM998: Model created - Namespace: StateMachine.Tests.Features.Hsm.CompileTime, ClassName: InternalTransitionMachine [/mnt/c/Users/newon/source/repos/FastFsm/FastFsm.Tests/FastFsm.Tests.csproj]
     1>/mnt/c/Users/newon/source/repos/FastFsm/FastFsm.Tests/Features/Hsm/CompileTime/HsmParsingCompilationTests.cs(324,5): warning FSM998: Section 3: Getting StateMachine attribute [/mnt/c/Users/newon/source/repos/FastFsm/FastFsm.Tests/FastFsm.Tests.csproj]
     1>/mnt/c/Users/newon/source/repos/FastFsm/FastFsm.Tests/Features/Hsm/CompileTime/HsmParsingCompilationTests.cs(324,5): warning FSM998: StateMachine attribute found: True [/mnt/c/Users/newon/source/repos/FastFsm/FastFsm.Tests/FastFsm.Tests.csproj]
     1>/mnt/c/Users/newon/source/repos/FastFsm/FastFsm.Tests/Features/Hsm/CompileTime/HsmParsingCompilationTests.cs(324,5): warning FSM998: Section 4: Reading StateMachine attribute arguments [/mnt/c/Users/newon/source/repos/FastFsm/FastFsm.Tests/FastFsm.Tests.csproj]
     1>/mnt/c/Users/newon/source/repos/FastFsm/FastFsm.Tests/Features/Hsm/CompileTime/HsmParsingCompilationTests.cs(324,5): warning FSM998: EnableHierarchy set: True [/mnt/c/Users/newon/source/repos/FastFsm/FastFsm.Tests/FastFsm.Tests.csproj]
     1>/mnt/c/Users/newon/source/repos/FastFsm/FastFsm.Tests/Features/Hsm/CompileTime/HsmParsingCompilationTests.cs(324,5): warning FSM998: Section 5: Basic attribute and class validation [/mnt/c/Users/newon/source/repos/FastFsm/FastFsm.Tests/FastFsm.Tests.csproj]
     1>/mnt/c/Users/newon/source/repos/FastFsm/FastFsm.Tests/Features/Hsm/CompileTime/HsmParsingCompilationTests.cs(324,5): warning FSM998: Class is partial: True [/mnt/c/Users/newon/source/repos/FastFsm/FastFsm.Tests/FastFsm.Tests.csproj]
     1>/mnt/c/Users/newon/source/repos/FastFsm/FastFsm.Tests/Features/Hsm/CompileTime/HsmParsingCompilationTests.cs(324,5): warning FSM998: Validating missing attribute rule [/mnt/c/Users/newon/source/repos/FastFsm/FastFsm.Tests/FastFsm.Tests.csproj]
     1>/mnt/c/Users/newon/source/repos/FastFsm/FastFsm.Tests/Features/Hsm/CompileTime/HsmParsingCompilationTests.cs(324,5): warning FSM998: Critical error after missing attribute validation: False [/mnt/c/Users/newon/source/repos/FastFsm/FastFsm.Tests/FastFsm.Tests.csproj]
     1>/mnt/c/Users/newon/source/repos/FastFsm/FastFsm.Tests/Features/Hsm/CompileTime/HsmParsingCompilationTests.cs(324,5): warning FSM998: Section 6: Validating State and Trigger types [/mnt/c/Users/newon/source/repos/FastFsm/FastFsm.Tests/FastFsm.Tests.csproj]
     1>/mnt/c/Users/newon/source/repos/FastFsm/FastFsm.Tests/Features/Hsm/CompileTime/HsmParsingCompilationTests.cs(324,5): warning FSM998: State type: StateMachine.Tests.Features.Hsm.CompileTime.HsmParsingCompilationTests.HsmState [/mnt/c/Users/newon/source/repos/FastFsm/FastFsm.Tests/FastFsm.Tests.csproj]
     1>/mnt/c/Users/newon/source/repos/FastFsm/FastFsm.Tests/Features/Hsm/CompileTime/HsmParsingCompilationTests.cs(324,5): warning FSM998: Trigger type: StateMachine.Tests.Features.Hsm.CompileTime.HsmParsingCompilationTests.HsmTrigger [/mnt/c/Users/newon/source/repos/FastFsm/FastFsm.Tests/FastFsm.Tests.csproj]
     1>/mnt/c/Users/newon/source/repos/FastFsm/FastFsm.Tests/Features/Hsm/CompileTime/HsmParsingCompilationTests.cs(324,5): warning FSM998: Validating attribute types [/mnt/c/Users/newon/source/repos/FastFsm/FastFsm.Tests/FastFsm.Tests.csproj]
     1>/mnt/c/Users/newon/source/repos/FastFsm/FastFsm.Tests/Features/Hsm/CompileTime/HsmParsingCompilationTests.cs(324,5): warning FSM998: Critical error after type validation: False [/mnt/c/Users/newon/source/repos/FastFsm/FastFsm.Tests/FastFsm.Tests.csproj]
     1>/mnt/c/Users/newon/source/repos/FastFsm/FastFsm.Tests/Features/Hsm/CompileTime/HsmParsingCompilationTests.cs(324,5): warning FSM998: Section 7: Building basic model [/mnt/c/Users/newon/source/repos/FastFsm/FastFsm.Tests/FastFsm.Tests.csproj]
     1>/mnt/c/Users/newon/source/repos/FastFsm/FastFsm.Tests/Features/Hsm/CompileTime/HsmParsingCompilationTests.cs(324,5): warning FSM998: StateType: StateMachine.Tests.Features.Hsm.CompileTime.HsmParsingCompilationTests+HsmState [/mnt/c/Users/newon/source/repos/FastFsm/FastFsm.Tests/FastFsm.Tests.csproj]
     1>/mnt/c/Users/newon/source/repos/FastFsm/FastFsm.Tests/Features/Hsm/CompileTime/HsmParsingCompilationTests.cs(324,5): warning FSM998: TriggerType: StateMachine.Tests.Features.Hsm.CompileTime.HsmParsingCompilationTests+HsmTrigger [/mnt/c/Users/newon/source/repos/FastFsm/FastFsm.Tests/FastFsm.Tests.csproj]
     1>/mnt/c/Users/newon/source/repos/FastFsm/FastFsm.Tests/Features/Hsm/CompileTime/HsmParsingCompilationTests.cs(324,5): warning FSM998: Enumerating states from enum [/mnt/c/Users/newon/source/repos/FastFsm/FastFsm.Tests/FastFsm.Tests.csproj]
     1>/mnt/c/Users/newon/source/repos/FastFsm/FastFsm.Tests/Features/Hsm/CompileTime/HsmParsingCompilationTests.cs(324,5): warning FSM998: Found 45 states [/mnt/c/Users/newon/source/repos/FastFsm/FastFsm.Tests/FastFsm.Tests.csproj]
     1>/mnt/c/Users/newon/source/repos/FastFsm/FastFsm.Tests/Features/Hsm/CompileTime/HsmParsingCompilationTests.cs(324,5): warning FSM998: Section 8: Parsing member attributes [/mnt/c/Users/newon/source/repos/FastFsm/FastFsm.Tests/FastFsm.Tests.csproj]
     1>/mnt/c/Users/newon/source/repos/FastFsm/FastFsm.Tests/Features/Hsm/CompileTime/HsmParsingCompilationTests.cs(324,5): warning FSM998: Calling ParseMemberAttributes [/mnt/c/Users/newon/source/repos/FastFsm/FastFsm.Tests/FastFsm.Tests.csproj]
     1>/mnt/c/Users/newon/source/repos/FastFsm/FastFsm.Tests/Features/Hsm/CompileTime/HsmParsingCompilationTests.cs(324,5): warning FSM998: ParseMemberAttributes completed. Critical error: False, IsAsync: False [/mnt/c/Users/newon/source/repos/FastFsm/FastFsm.Tests/FastFsm.Tests.csproj]
     1>/mnt/c/Users/newon/source/repos/FastFsm/FastFsm.Tests/Features/Hsm/CompileTime/HsmParsingCompilationTests.cs(324,5): warning FSM998: Section 8.5: Building HSM hierarchy [/mnt/c/Users/newon/source/repos/FastFsm/FastFsm.Tests/FastFsm.Tests.csproj]
     1>/mnt/c/Users/newon/source/repos/FastFsm/FastFsm.Tests/Features/Hsm/CompileTime/HsmParsingCompilationTests.cs(324,5): warning FSM998: Building HSM hierarchy from state attributes [/mnt/c/Users/newon/source/repos/FastFsm/FastFsm.Tests/FastFsm.Tests.csproj]
     1>/mnt/c/Users/newon/source/repos/FastFsm/FastFsm.Tests/Features/Hsm/CompileTime/HsmParsingCompilationTests.cs(324,5): warning FSM998: HierarchyEnabled already true from attribute [/mnt/c/Users/newon/source/repos/FastFsm/FastFsm.Tests/FastFsm.Tests.csproj]
     1>/mnt/c/Users/newon/source/repos/FastFsm/FastFsm.Tests/Features/Hsm/CompileTime/HsmParsingCompilationTests.cs(324,5): warning FSM998: Hierarchy built: 45 parent relationships, 45 composite states [/mnt/c/Users/newon/source/repos/FastFsm/FastFsm.Tests/FastFsm.Tests.csproj]
     1>/mnt/c/Users/newon/source/repos/FastFsm/FastFsm.Tests/Features/Hsm/CompileTime/HsmParsingCompilationTests.cs(324,5): warning FSM998: Hierarchy built. HierarchyEnabled: True [/mnt/c/Users/newon/source/repos/FastFsm/FastFsm.Tests/FastFsm.Tests.csproj]
     1>/mnt/c/Users/newon/source/repos/FastFsm/FastFsm.Tests/Features/Hsm/CompileTime/HsmParsingCompilationTests.cs(324,5): warning FSM998: Section 9: Determining feature configuration [/mnt/c/Users/newon/source/repos/FastFsm/FastFsm.Tests/FastFsm.Tests.csproj]
     1>/mnt/c/Users/newon/source/repos/FastFsm/FastFsm.Tests/Features/Hsm/CompileTime/HsmParsingCompilationTests.cs(324,5): warning FSM998: Feature config: HasPayload=False, HasExt=False, HasCallbacks=True [/mnt/c/Users/newon/source/repos/FastFsm/FastFsm.Tests/FastFsm.Tests.csproj]
     1>/mnt/c/Users/newon/source/repos/FastFsm/FastFsm.Tests/Features/Hsm/CompileTime/HsmParsingCompilationTests.cs(324,5): warning FSM998: Section 10: Feature configuration validations [/mnt/c/Users/newon/source/repos/FastFsm/FastFsm.Tests/FastFsm.Tests.csproj]
     1>/mnt/c/Users/newon/source/repos/FastFsm/FastFsm.Tests/Features/Hsm/CompileTime/HsmParsingCompilationTests.cs(324,5): warning FSM998: Section 11: Validating state reachability [/mnt/c/Users/newon/source/repos/FastFsm/FastFsm.Tests/FastFsm.Tests.csproj]
     1>/mnt/c/Users/newon/source/repos/FastFsm/FastFsm.Tests/Features/Hsm/CompileTime/HsmParsingCompilationTests.cs(324,5): warning FSM998: Total states count: 45 [/mnt/c/Users/newon/source/repos/FastFsm/FastFsm.Tests/FastFsm.Tests.csproj]
     1>/mnt/c/Users/newon/source/repos/FastFsm/FastFsm.Tests/Features/Hsm/CompileTime/HsmParsingCompilationTests.cs(324,5): warning FSM998: Transition metrics: internal=3, external=1, total=4 [/mnt/c/Users/newon/source/repos/FastFsm/FastFsm.Tests/FastFsm.Tests.csproj]
     1>/mnt/c/Users/newon/source/repos/FastFsm/FastFsm.Tests/Features/Hsm/CompileTime/HsmParsingCompilationTests.cs(324,5): warning FSM998: Initial state: Idle [/mnt/c/Users/newon/source/repos/FastFsm/FastFsm.Tests/FastFsm.Tests.csproj]
     1>/mnt/c/Users/newon/source/repos/FastFsm/FastFsm.Tests/Features/Hsm/CompileTime/HsmParsingCompilationTests.cs(324,5): warning FSM998: Validating unreachable states [/mnt/c/Users/newon/source/repos/FastFsm/FastFsm.Tests/FastFsm.Tests.csproj]
     1>/mnt/c/Users/newon/source/repos/FastFsm/FastFsm.Tests/Features/Hsm/CompileTime/HsmParsingCompilationTests.cs(325,26): warning FSM002: State 'Working' might be unreachable based on defined transitions. [/mnt/c/Users/newon/source/repos/FastFsm/FastFsm.Tests/FastFsm.Tests.csproj]
     1>/mnt/c/Users/newon/source/repos/FastFsm/FastFsm.Tests/Features/Hsm/CompileTime/HsmParsingCompilationTests.cs(325,26): warning FSM002: State 'Completed' might be unreachable based on defined transitions. [/mnt/c/Users/newon/source/repos/FastFsm/FastFsm.Tests/FastFsm.Tests.csproj]
     1>/mnt/c/Users/newon/source/repos/FastFsm/FastFsm.Tests/Features/Hsm/CompileTime/HsmParsingCompilationTests.cs(325,26): warning FSM002: State 'Error' might be unreachable based on defined transitions. [/mnt/c/Users/newon/source/repos/FastFsm/FastFsm.Tests/FastFsm.Tests.csproj]
     1>/mnt/c/Users/newon/source/repos/FastFsm/FastFsm.Tests/Features/Hsm/CompileTime/HsmParsingCompilationTests.cs(325,26): warning FSM002: State 'Paused' might be unreachable based on defined transitions. [/mnt/c/Users/newon/source/repos/FastFsm/FastFsm.Tests/FastFsm.Tests.csproj]
     1>/mnt/c/Users/newon/source/repos/FastFsm/FastFsm.Tests/Features/Hsm/CompileTime/HsmParsingCompilationTests.cs(325,26): warning FSM002: State 'Working_Initializing' might be unreachable based on defined transitions. [/mnt/c/Users/newon/source/repos/FastFsm/FastFsm.Tests/FastFsm.Tests.csproj]
     1>/mnt/c/Users/newon/source/repos/FastFsm/FastFsm.Tests/Features/Hsm/CompileTime/HsmParsingCompilationTests.cs(325,26): warning FSM002: State 'Working_Processing' might be unreachable based on defined transitions. [/mnt/c/Users/newon/source/repos/FastFsm/FastFsm.Tests/FastFsm.Tests.csproj]
     1>/mnt/c/Users/newon/source/repos/FastFsm/FastFsm.Tests/Features/Hsm/CompileTime/HsmParsingCompilationTests.cs(325,26): warning FSM002: State 'Working_Validating' might be unreachable based on defined transitions. [/mnt/c/Users/newon/source/repos/FastFsm/FastFsm.Tests/FastFsm.Tests.csproj]
     1>/mnt/c/Users/newon/source/repos/FastFsm/FastFsm.Tests/Features/Hsm/CompileTime/HsmParsingCompilationTests.cs(325,26): warning FSM002: State 'Working_Cleanup' might be unreachable based on defined transitions. [/mnt/c/Users/newon/source/repos/FastFsm/FastFsm.Tests/FastFsm.Tests.csproj]
     1>/mnt/c/Users/newon/source/repos/FastFsm/FastFsm.Tests/Features/Hsm/CompileTime/HsmParsingCompilationTests.cs(325,26): warning FSM002: State 'Working_Processing_Reading' might be unreachable based on defined transitions. [/mnt/c/Users/newon/source/repos/FastFsm/FastFsm.Tests/FastFsm.Tests.csproj]
     1>/mnt/c/Users/newon/source/repos/FastFsm/FastFsm.Tests/Features/Hsm/CompileTime/HsmParsingCompilationTests.cs(325,26): warning FSM002: State 'Working_Processing_Computing' might be unreachable based on defined transitions. [/mnt/c/Users/newon/source/repos/FastFsm/FastFsm.Tests/FastFsm.Tests.csproj]
     1>/mnt/c/Users/newon/source/repos/FastFsm/FastFsm.Tests/Features/Hsm/CompileTime/HsmParsingCompilationTests.cs(325,26): warning FSM002: State 'Working_Processing_Writing' might be unreachable based on defined transitions. [/mnt/c/Users/newon/source/repos/FastFsm/FastFsm.Tests/FastFsm.Tests.csproj]
     1>/mnt/c/Users/newon/source/repos/FastFsm/FastFsm.Tests/Features/Hsm/CompileTime/HsmParsingCompilationTests.cs(325,26): warning FSM002: State 'Working_Processing_Computing_Loading' might be unreachable based on defined transitions. [/mnt/c/Users/newon/source/repos/FastFsm/FastFsm.Tests/FastFsm.Tests.csproj]
     1>/mnt/c/Users/newon/source/repos/FastFsm/FastFsm.Tests/Features/Hsm/CompileTime/HsmParsingCompilationTests.cs(325,26): warning FSM002: State 'Working_Processing_Computing_Calculating' might be unreachable based on defined transitions. [/mnt/c/Users/newon/source/repos/FastFsm/FastFsm.Tests/FastFsm.Tests.csproj]
     1>/mnt/c/Users/newon/source/repos/FastFsm/FastFsm.Tests/Features/Hsm/CompileTime/HsmParsingCompilationTests.cs(325,26): warning FSM002: State 'Working_Processing_Computing_Storing' might be unreachable based on defined transitions. [/mnt/c/Users/newon/source/repos/FastFsm/FastFsm.Tests/FastFsm.Tests.csproj]
     1>/mnt/c/Users/newon/source/repos/FastFsm/FastFsm.Tests/Features/Hsm/CompileTime/HsmParsingCompilationTests.cs(325,26): warning FSM002: State 'HistoryParent' might be unreachable based on defined transitions. [/mnt/c/Users/newon/source/repos/FastFsm/FastFsm.Tests/FastFsm.Tests.csproj]
     1>/mnt/c/Users/newon/source/repos/FastFsm/FastFsm.Tests/Features/Hsm/CompileTime/HsmParsingCompilationTests.cs(325,26): warning FSM002: State 'HistoryParent_Child1' might be unreachable based on defined transitions. [/mnt/c/Users/newon/source/repos/FastFsm/FastFsm.Tests/FastFsm.Tests.csproj]
     1>/mnt/c/Users/newon/source/repos/FastFsm/FastFsm.Tests/Features/Hsm/CompileTime/HsmParsingCompilationTests.cs(325,26): warning FSM002: State 'HistoryParent_Child2' might be unreachable based on defined transitions. [/mnt/c/Users/newon/source/repos/FastFsm/FastFsm.Tests/FastFsm.Tests.csproj]
     1>/mnt/c/Users/newon/source/repos/FastFsm/FastFsm.Tests/Features/Hsm/CompileTime/HsmParsingCompilationTests.cs(325,26): warning FSM002: State 'HistoryParent_Child3' might be unreachable based on defined transitions. [/mnt/c/Users/newon/source/repos/FastFsm/FastFsm.Tests/FastFsm.Tests.csproj]
     1>/mnt/c/Users/newon/source/repos/FastFsm/FastFsm.Tests/Features/Hsm/CompileTime/HsmParsingCompilationTests.cs(325,26): warning FSM002: State 'DeepHistoryParent' might be unreachable based on defined transitions. [/mnt/c/Users/newon/source/repos/FastFsm/FastFsm.Tests/FastFsm.Tests.csproj]
     1>/mnt/c/Users/newon/source/repos/FastFsm/FastFsm.Tests/Features/Hsm/CompileTime/HsmParsingCompilationTests.cs(325,26): warning FSM002: State 'DeepHistoryParent_Child1' might be unreachable based on defined transitions. [/mnt/c/Users/newon/source/repos/FastFsm/FastFsm.Tests/FastFsm.Tests.csproj]
     1>/mnt/c/Users/newon/source/repos/FastFsm/FastFsm.Tests/Features/Hsm/CompileTime/HsmParsingCompilationTests.cs(325,26): warning FSM002: State 'DeepHistoryParent_Child1_SubChild1' might be unreachable based on defined transitions. [/mnt/c/Users/newon/source/repos/FastFsm/FastFsm.Tests/FastFsm.Tests.csproj]
     1>/mnt/c/Users/newon/source/repos/FastFsm/FastFsm.Tests/Features/Hsm/CompileTime/HsmParsingCompilationTests.cs(325,26): warning FSM002: State 'DeepHistoryParent_Child1_SubChild2' might be unreachable based on defined transitions. [/mnt/c/Users/newon/source/repos/FastFsm/FastFsm.Tests/FastFsm.Tests.csproj]
     1>/mnt/c/Users/newon/source/repos/FastFsm/FastFsm.Tests/Features/Hsm/CompileTime/HsmParsingCompilationTests.cs(325,26): warning FSM002: State 'DeepHistoryParent_Child2' might be unreachable based on defined transitions. [/mnt/c/Users/newon/source/repos/FastFsm/FastFsm.Tests/FastFsm.Tests.csproj]
     1>/mnt/c/Users/newon/source/repos/FastFsm/FastFsm.Tests/Features/Hsm/CompileTime/HsmParsingCompilationTests.cs(325,26): warning FSM002: State 'Priority_Low' might be unreachable based on defined transitions. [/mnt/c/Users/newon/source/repos/FastFsm/FastFsm.Tests/FastFsm.Tests.csproj]
     1>/mnt/c/Users/newon/source/repos/FastFsm/FastFsm.Tests/Features/Hsm/CompileTime/HsmParsingCompilationTests.cs(325,26): warning FSM002: State 'Priority_Medium' might be unreachable based on defined transitions. [/mnt/c/Users/newon/source/repos/FastFsm/FastFsm.Tests/FastFsm.Tests.csproj]
     1>/mnt/c/Users/newon/source/repos/FastFsm/FastFsm.Tests/Features/Hsm/CompileTime/HsmParsingCompilationTests.cs(325,26): warning FSM002: State 'Priority_High' might be unreachable based on defined transitions. [/mnt/c/Users/newon/source/repos/FastFsm/FastFsm.Tests/FastFsm.Tests.csproj]
     1>/mnt/c/Users/newon/source/repos/FastFsm/FastFsm.Tests/Features/Hsm/CompileTime/HsmParsingCompilationTests.cs(325,26): warning FSM002: State 'InternalParent' might be unreachable based on defined transitions. [/mnt/c/Users/newon/source/repos/FastFsm/FastFsm.Tests/FastFsm.Tests.csproj]
     1>/mnt/c/Users/newon/source/repos/FastFsm/FastFsm.Tests/Features/Hsm/CompileTime/HsmParsingCompilationTests.cs(325,26): warning FSM002: State 'InternalParent_Child1' might be unreachable based on defined transitions. [/mnt/c/Users/newon/source/repos/FastFsm/FastFsm.Tests/FastFsm.Tests.csproj]
     1>/mnt/c/Users/newon/source/repos/FastFsm/FastFsm.Tests/Features/Hsm/CompileTime/HsmParsingCompilationTests.cs(325,26): warning FSM002: State 'InternalParent_Child2' might be unreachable based on defined transitions. [/mnt/c/Users/newon/source/repos/FastFsm/FastFsm.Tests/FastFsm.Tests.csproj]
     1>/mnt/c/Users/newon/source/repos/FastFsm/FastFsm.Tests/Features/Hsm/CompileTime/HsmParsingCompilationTests.cs(325,26): warning FSM002: State 'Branch1' might be unreachable based on defined transitions. [/mnt/c/Users/newon/source/repos/FastFsm/FastFsm.Tests/FastFsm.Tests.csproj]
     1>/mnt/c/Users/newon/source/repos/FastFsm/FastFsm.Tests/Features/Hsm/CompileTime/HsmParsingCompilationTests.cs(325,26): warning FSM002: State 'Branch1_Leaf1' might be unreachable based on defined transitions. [/mnt/c/Users/newon/source/repos/FastFsm/FastFsm.Tests/FastFsm.Tests.csproj]
     1>/mnt/c/Users/newon/source/repos/FastFsm/FastFsm.Tests/Features/Hsm/CompileTime/HsmParsingCompilationTests.cs(325,26): warning FSM002: State 'Branch1_Leaf2' might be unreachable based on defined transitions. [/mnt/c/Users/newon/source/repos/FastFsm/FastFsm.Tests/FastFsm.Tests.csproj]
     1>/mnt/c/Users/newon/source/repos/FastFsm/FastFsm.Tests/Features/Hsm/CompileTime/HsmParsingCompilationTests.cs(325,26): warning FSM002: State 'Branch2' might be unreachable based on defined transitions. [/mnt/c/Users/newon/source/repos/FastFsm/FastFsm.Tests/FastFsm.Tests.csproj]
     1>/mnt/c/Users/newon/source/repos/FastFsm/FastFsm.Tests/Features/Hsm/CompileTime/HsmParsingCompilationTests.cs(325,26): warning FSM002: State 'Branch2_Leaf1' might be unreachable based on defined transitions. [/mnt/c/Users/newon/source/repos/FastFsm/FastFsm.Tests/FastFsm.Tests.csproj]
     1>/mnt/c/Users/newon/source/repos/FastFsm/FastFsm.Tests/Features/Hsm/CompileTime/HsmParsingCompilationTests.cs(325,26): warning FSM002: State 'Branch2_Leaf2' might be unreachable based on defined transitions. [/mnt/c/Users/newon/source/repos/FastFsm/FastFsm.Tests/FastFsm.Tests.csproj]
     1>/mnt/c/Users/newon/source/repos/FastFsm/FastFsm.Tests/Features/Hsm/CompileTime/HsmParsingCompilationTests.cs(325,26): warning FSM002: State 'ComplexParent' might be unreachable based on defined transitions. [/mnt/c/Users/newon/source/repos/FastFsm/FastFsm.Tests/FastFsm.Tests.csproj]
     1>/mnt/c/Users/newon/source/repos/FastFsm/FastFsm.Tests/Features/Hsm/CompileTime/HsmParsingCompilationTests.cs(325,26): warning FSM002: State 'ComplexParent_Child1' might be unreachable based on defined transitions. [/mnt/c/Users/newon/source/repos/FastFsm/FastFsm.Tests/FastFsm.Tests.csproj]
     1>/mnt/c/Users/newon/source/repos/FastFsm/FastFsm.Tests/Features/Hsm/CompileTime/HsmParsingCompilationTests.cs(325,26): warning FSM002: State 'ComplexParent_Child2' might be unreachable based on defined transitions. [/mnt/c/Users/newon/source/repos/FastFsm/FastFsm.Tests/FastFsm.Tests.csproj]
     1>/mnt/c/Users/newon/source/repos/FastFsm/FastFsm.Tests/Features/Hsm/CompileTime/HsmParsingCompilationTests.cs(325,26): warning FSM002: State 'ComplexParent_Child3' might be unreachable based on defined transitions. [/mnt/c/Users/newon/source/repos/FastFsm/FastFsm.Tests/FastFsm.Tests.csproj]
     1>/mnt/c/Users/newon/source/repos/FastFsm/FastFsm.Tests/Features/Hsm/CompileTime/HsmParsingCompilationTests.cs(325,26): warning FSM002: State 'EdgeParent' might be unreachable based on defined transitions. [/mnt/c/Users/newon/source/repos/FastFsm/FastFsm.Tests/FastFsm.Tests.csproj]
     1>/mnt/c/Users/newon/source/repos/FastFsm/FastFsm.Tests/Features/Hsm/CompileTime/HsmParsingCompilationTests.cs(325,26): warning FSM002: State 'EdgeParent_Child' might be unreachable based on defined transitions. [/mnt/c/Users/newon/source/repos/FastFsm/FastFsm.Tests/FastFsm.Tests.csproj]
     1>/mnt/c/Users/newon/source/repos/FastFsm/FastFsm.Tests/Features/Hsm/CompileTime/HsmParsingCompilationTests.cs(325,26): warning FSM002: State 'EdgeComplexParent' might be unreachable based on defined transitions. [/mnt/c/Users/newon/source/repos/FastFsm/FastFsm.Tests/FastFsm.Tests.csproj]
     1>/mnt/c/Users/newon/source/repos/FastFsm/FastFsm.Tests/Features/Hsm/CompileTime/HsmParsingCompilationTests.cs(325,26): warning FSM002: State 'EdgeComplexParent_Child1' might be unreachable based on defined transitions. [/mnt/c/Users/newon/source/repos/FastFsm/FastFsm.Tests/FastFsm.Tests.csproj]
     1>/mnt/c/Users/newon/source/repos/FastFsm/FastFsm.Tests/Features/Hsm/CompileTime/HsmParsingCompilationTests.cs(325,26): warning FSM002: State 'EdgeComplexParent_Child2' might be unreachable based on defined transitions. [/mnt/c/Users/newon/source/repos/FastFsm/FastFsm.Tests/FastFsm.Tests.csproj]
     1>/mnt/c/Users/newon/source/repos/FastFsm/FastFsm.Tests/Features/Hsm/CompileTime/HsmParsingCompilationTests.cs(324,5): warning FSM998: Critical error after reachability validation: False [/mnt/c/Users/newon/source/repos/FastFsm/FastFsm.Tests/FastFsm.Tests.csproj]
     1>/mnt/c/Users/newon/source/repos/FastFsm/FastFsm.Tests/Features/Hsm/CompileTime/HsmParsingCompilationTests.cs(324,5): warning FSM998: Section 12: Finalization [/mnt/c/Users/newon/source/repos/FastFsm/FastFsm.Tests/FastFsm.Tests.csproj]
     1>/mnt/c/Users/newon/source/repos/FastFsm/FastFsm.Tests/Features/Hsm/CompileTime/HsmParsingCompilationTests.cs(324,5): warning FSM998: Final IsAsync: False [/mnt/c/Users/newon/source/repos/FastFsm/FastFsm.Tests/FastFsm.Tests.csproj]
     1>/mnt/c/Users/newon/source/repos/FastFsm/FastFsm.Tests/Features/Hsm/CompileTime/HsmParsingCompilationTests.cs(324,5): warning FSM998: === SUCCESS: TryParse completed successfully === [/mnt/c/Users/newon/source/repos/FastFsm/FastFsm.Tests/FastFsm.Tests.csproj]
     1>/mnt/c/Users/newon/source/repos/FastFsm/FastFsm.Tests/Features/Hsm/CompileTime/HsmParsingCompilationTests.cs(377,26): warning FSM002: State 'Working' might be unreachable based on defined transitions. [/mnt/c/Users/newon/source/repos/FastFsm/FastFsm.Tests/FastFsm.Tests.csproj]
     1>/mnt/c/Users/newon/source/repos/FastFsm/FastFsm.Tests/Features/Hsm/CompileTime/HsmParsingCompilationTests.cs(377,26): warning FSM002: State 'Completed' might be unreachable based on defined transitions. [/mnt/c/Users/newon/source/repos/FastFsm/FastFsm.Tests/FastFsm.Tests.csproj]
     1>/mnt/c/Users/newon/source/repos/FastFsm/FastFsm.Tests/Features/Hsm/CompileTime/HsmParsingCompilationTests.cs(377,26): warning FSM002: State 'Error' might be unreachable based on defined transitions. [/mnt/c/Users/newon/source/repos/FastFsm/FastFsm.Tests/FastFsm.Tests.csproj]
     1>/mnt/c/Users/newon/source/repos/FastFsm/FastFsm.Tests/Features/Hsm/CompileTime/HsmParsingCompilationTests.cs(377,26): warning FSM002: State 'Paused' might be unreachable based on defined transitions. [/mnt/c/Users/newon/source/repos/FastFsm/FastFsm.Tests/FastFsm.Tests.csproj]
     1>/mnt/c/Users/newon/source/repos/FastFsm/FastFsm.Tests/Features/Hsm/CompileTime/HsmParsingCompilationTests.cs(377,26): warning FSM002: State 'Working_Initializing' might be unreachable based on defined transitions. [/mnt/c/Users/newon/source/repos/FastFsm/FastFsm.Tests/FastFsm.Tests.csproj]
     1>/mnt/c/Users/newon/source/repos/FastFsm/FastFsm.Tests/Features/Hsm/CompileTime/HsmParsingCompilationTests.cs(377,26): warning FSM002: State 'Working_Processing' might be unreachable based on defined transitions. [/mnt/c/Users/newon/source/repos/FastFsm/FastFsm.Tests/FastFsm.Tests.csproj]
     1>/mnt/c/Users/newon/source/repos/FastFsm/FastFsm.Tests/Features/Hsm/CompileTime/HsmParsingCompilationTests.cs(377,26): warning FSM002: State 'Working_Validating' might be unreachable based on defined transitions. [/mnt/c/Users/newon/source/repos/FastFsm/FastFsm.Tests/FastFsm.Tests.csproj]
     1>/mnt/c/Users/newon/source/repos/FastFsm/FastFsm.Tests/Features/Hsm/CompileTime/HsmParsingCompilationTests.cs(377,26): warning FSM002: State 'Working_Cleanup' might be unreachable based on defined transitions. [/mnt/c/Users/newon/source/repos/FastFsm/FastFsm.Tests/FastFsm.Tests.csproj]
     1>/mnt/c/Users/newon/source/repos/FastFsm/FastFsm.Tests/Features/Hsm/CompileTime/HsmParsingCompilationTests.cs(377,26): warning FSM002: State 'Working_Processing_Reading' might be unreachable based on defined transitions. [/mnt/c/Users/newon/source/repos/FastFsm/FastFsm.Tests/FastFsm.Tests.csproj]
     1>/mnt/c/Users/newon/source/repos/FastFsm/FastFsm.Tests/Features/Hsm/CompileTime/HsmParsingCompilationTests.cs(377,26): warning FSM002: State 'Working_Processing_Computing' might be unreachable based on defined transitions. [/mnt/c/Users/newon/source/repos/FastFsm/FastFsm.Tests/FastFsm.Tests.csproj]
     1>/mnt/c/Users/newon/source/repos/FastFsm/FastFsm.Tests/Features/Hsm/CompileTime/HsmParsingCompilationTests.cs(377,26): warning FSM002: State 'Working_Processing_Writing' might be unreachable based on defined transitions. [/mnt/c/Users/newon/source/repos/FastFsm/FastFsm.Tests/FastFsm.Tests.csproj]
     1>/mnt/c/Users/newon/source/repos/FastFsm/FastFsm.Tests/Features/Hsm/CompileTime/HsmParsingCompilationTests.cs(377,26): warning FSM002: State 'Working_Processing_Computing_Loading' might be unreachable based on defined transitions. [/mnt/c/Users/newon/source/repos/FastFsm/FastFsm.Tests/FastFsm.Tests.csproj]
     1>/mnt/c/Users/newon/source/repos/FastFsm/FastFsm.Tests/Features/Hsm/CompileTime/HsmParsingCompilationTests.cs(377,26): warning FSM002: State 'Working_Processing_Computing_Calculating' might be unreachable based on defined transitions. [/mnt/c/Users/newon/source/repos/FastFsm/FastFsm.Tests/FastFsm.Tests.csproj]
     1>/mnt/c/Users/newon/source/repos/FastFsm/FastFsm.Tests/Features/Hsm/CompileTime/HsmParsingCompilationTests.cs(377,26): warning FSM002: State 'Working_Processing_Computing_Storing' might be unreachable based on defined transitions. [/mnt/c/Users/newon/source/repos/FastFsm/FastFsm.Tests/FastFsm.Tests.csproj]
     1>/mnt/c/Users/newon/source/repos/FastFsm/FastFsm.Tests/Features/Hsm/CompileTime/HsmParsingCompilationTests.cs(377,26): warning FSM002: State 'HistoryParent' might be unreachable based on defined transitions. [/mnt/c/Users/newon/source/repos/FastFsm/FastFsm.Tests/FastFsm.Tests.csproj]
     1>/mnt/c/Users/newon/source/repos/FastFsm/FastFsm.Tests/Features/Hsm/CompileTime/HsmParsingCompilationTests.cs(377,26): warning FSM002: State 'HistoryParent_Child1' might be unreachable based on defined transitions. [/mnt/c/Users/newon/source/repos/FastFsm/FastFsm.Tests/FastFsm.Tests.csproj]
     1>/mnt/c/Users/newon/source/repos/FastFsm/FastFsm.Tests/Features/Hsm/CompileTime/HsmParsingCompilationTests.cs(377,26): warning FSM002: State 'HistoryParent_Child2' might be unreachable based on defined transitions. [/mnt/c/Users/newon/source/repos/FastFsm/FastFsm.Tests/FastFsm.Tests.csproj]
     1>/mnt/c/Users/newon/source/repos/FastFsm/FastFsm.Tests/Features/Hsm/CompileTime/HsmParsingCompilationTests.cs(377,26): warning FSM002: State 'HistoryParent_Child3' might be unreachable based on defined transitions. [/mnt/c/Users/newon/source/repos/FastFsm/FastFsm.Tests/FastFsm.Tests.csproj]
     1>/mnt/c/Users/newon/source/repos/FastFsm/FastFsm.Tests/Features/Hsm/CompileTime/HsmParsingCompilationTests.cs(377,26): warning FSM002: State 'DeepHistoryParent' might be unreachable based on defined transitions. [/mnt/c/Users/newon/source/repos/FastFsm/FastFsm.Tests/FastFsm.Tests.csproj]
     1>/mnt/c/Users/newon/source/repos/FastFsm/FastFsm.Tests/Features/Hsm/CompileTime/HsmParsingCompilationTests.cs(377,26): warning FSM002: State 'DeepHistoryParent_Child1' might be unreachable based on defined transitions. [/mnt/c/Users/newon/source/repos/FastFsm/FastFsm.Tests/FastFsm.Tests.csproj]
     1>/mnt/c/Users/newon/source/repos/FastFsm/FastFsm.Tests/Features/Hsm/CompileTime/HsmParsingCompilationTests.cs(377,26): warning FSM002: State 'DeepHistoryParent_Child1_SubChild1' might be unreachable based on defined transitions. [/mnt/c/Users/newon/source/repos/FastFsm/FastFsm.Tests/FastFsm.Tests.csproj]
     1>/mnt/c/Users/newon/source/repos/FastFsm/FastFsm.Tests/Features/Hsm/CompileTime/HsmParsingCompilationTests.cs(377,26): warning FSM002: State 'DeepHistoryParent_Child1_SubChild2' might be unreachable based on defined transitions. [/mnt/c/Users/newon/source/repos/FastFsm/FastFsm.Tests/FastFsm.Tests.csproj]
     1>/mnt/c/Users/newon/source/repos/FastFsm/FastFsm.Tests/Features/Hsm/CompileTime/HsmParsingCompilationTests.cs(377,26): warning FSM002: State 'DeepHistoryParent_Child2' might be unreachable based on defined transitions. [/mnt/c/Users/newon/source/repos/FastFsm/FastFsm.Tests/FastFsm.Tests.csproj]
     1>/mnt/c/Users/newon/source/repos/FastFsm/FastFsm.Tests/Features/Hsm/CompileTime/HsmParsingCompilationTests.cs(377,26): warning FSM002: State 'Priority_Low' might be unreachable based on defined transitions. [/mnt/c/Users/newon/source/repos/FastFsm/FastFsm.Tests/FastFsm.Tests.csproj]
     1>/mnt/c/Users/newon/source/repos/FastFsm/FastFsm.Tests/Features/Hsm/CompileTime/HsmParsingCompilationTests.cs(377,26): warning FSM002: State 'Priority_Medium' might be unreachable based on defined transitions. [/mnt/c/Users/newon/source/repos/FastFsm/FastFsm.Tests/FastFsm.Tests.csproj]
     1>/mnt/c/Users/newon/source/repos/FastFsm/FastFsm.Tests/Features/Hsm/CompileTime/HsmParsingCompilationTests.cs(377,26): warning FSM002: State 'Priority_High' might be unreachable based on defined transitions. [/mnt/c/Users/newon/source/repos/FastFsm/FastFsm.Tests/FastFsm.Tests.csproj]
     1>/mnt/c/Users/newon/source/repos/FastFsm/FastFsm.Tests/Features/Hsm/CompileTime/HsmParsingCompilationTests.cs(377,26): warning FSM002: State 'InternalParent' might be unreachable based on defined transitions. [/mnt/c/Users/newon/source/repos/FastFsm/FastFsm.Tests/FastFsm.Tests.csproj]
     1>/mnt/c/Users/newon/source/repos/FastFsm/FastFsm.Tests/Features/Hsm/CompileTime/HsmParsingCompilationTests.cs(377,26): warning FSM002: State 'InternalParent_Child1' might be unreachable based on defined transitions. [/mnt/c/Users/newon/source/repos/FastFsm/FastFsm.Tests/FastFsm.Tests.csproj]
     1>/mnt/c/Users/newon/source/repos/FastFsm/FastFsm.Tests/Features/Hsm/CompileTime/HsmParsingCompilationTests.cs(377,26): warning FSM002: State 'InternalParent_Child2' might be unreachable based on defined transitions. [/mnt/c/Users/newon/source/repos/FastFsm/FastFsm.Tests/FastFsm.Tests.csproj]
     1>/mnt/c/Users/newon/source/repos/FastFsm/FastFsm.Tests/Features/Hsm/CompileTime/HsmParsingCompilationTests.cs(377,26): warning FSM002: State 'Branch1' might be unreachable based on defined transitions. [/mnt/c/Users/newon/source/repos/FastFsm/FastFsm.Tests/FastFsm.Tests.csproj]
     1>/mnt/c/Users/newon/source/repos/FastFsm/FastFsm.Tests/Features/Hsm/CompileTime/HsmParsingCompilationTests.cs(377,26): warning FSM002: State 'Branch1_Leaf1' might be unreachable based on defined transitions. [/mnt/c/Users/newon/source/repos/FastFsm/FastFsm.Tests/FastFsm.Tests.csproj]
     1>/mnt/c/Users/newon/source/repos/FastFsm/FastFsm.Tests/Features/Hsm/CompileTime/HsmParsingCompilationTests.cs(377,26): warning FSM002: State 'Branch1_Leaf2' might be unreachable based on defined transitions. [/mnt/c/Users/newon/source/repos/FastFsm/FastFsm.Tests/FastFsm.Tests.csproj]
     1>/mnt/c/Users/newon/source/repos/FastFsm/FastFsm.Tests/Features/Hsm/CompileTime/HsmParsingCompilationTests.cs(377,26): warning FSM002: State 'Branch2' might be unreachable based on defined transitions. [/mnt/c/Users/newon/source/repos/FastFsm/FastFsm.Tests/FastFsm.Tests.csproj]
     1>/mnt/c/Users/newon/source/repos/FastFsm/FastFsm.Tests/Features/Hsm/CompileTime/HsmParsingCompilationTests.cs(377,26): warning FSM002: State 'Branch2_Leaf1' might be unreachable based on defined transitions. [/mnt/c/Users/newon/source/repos/FastFsm/FastFsm.Tests/FastFsm.Tests.csproj]
     1>/mnt/c/Users/newon/source/repos/FastFsm/FastFsm.Tests/Features/Hsm/CompileTime/HsmParsingCompilationTests.cs(377,26): warning FSM002: State 'Branch2_Leaf2' might be unreachable based on defined transitions. [/mnt/c/Users/newon/source/repos/FastFsm/FastFsm.Tests/FastFsm.Tests.csproj]
     1>/mnt/c/Users/newon/source/repos/FastFsm/FastFsm.Tests/Features/Hsm/CompileTime/HsmParsingCompilationTests.cs(377,26): warning FSM002: State 'ComplexParent' might be unreachable based on defined transitions. [/mnt/c/Users/newon/source/repos/FastFsm/FastFsm.Tests/FastFsm.Tests.csproj]
     1>/mnt/c/Users/newon/source/repos/FastFsm/FastFsm.Tests/Features/Hsm/CompileTime/HsmParsingCompilationTests.cs(377,26): warning FSM002: State 'ComplexParent_Child1' might be unreachable based on defined transitions. [/mnt/c/Users/newon/source/repos/FastFsm/FastFsm.Tests/FastFsm.Tests.csproj]
     1>/mnt/c/Users/newon/source/repos/FastFsm/FastFsm.Tests/Features/Hsm/CompileTime/HsmParsingCompilationTests.cs(377,26): warning FSM002: State 'ComplexParent_Child2' might be unreachable based on defined transitions. [/mnt/c/Users/newon/source/repos/FastFsm/FastFsm.Tests/FastFsm.Tests.csproj]
     1>/mnt/c/Users/newon/source/repos/FastFsm/FastFsm.Tests/Features/Hsm/CompileTime/HsmParsingCompilationTests.cs(377,26): warning FSM002: State 'ComplexParent_Child3' might be unreachable based on defined transitions. [/mnt/c/Users/newon/source/repos/FastFsm/FastFsm.Tests/FastFsm.Tests.csproj]
     1>/mnt/c/Users/newon/source/repos/FastFsm/FastFsm.Tests/Features/Hsm/CompileTime/HsmParsingCompilationTests.cs(377,26): warning FSM002: State 'EdgeParent' might be unreachable based on defined transitions. [/mnt/c/Users/newon/source/repos/FastFsm/FastFsm.Tests/FastFsm.Tests.csproj]
     1>/mnt/c/Users/newon/source/repos/FastFsm/FastFsm.Tests/Features/Hsm/CompileTime/HsmParsingCompilationTests.cs(377,26): warning FSM002: State 'EdgeParent_Child' might be unreachable based on defined transitions. [/mnt/c/Users/newon/source/repos/FastFsm/FastFsm.Tests/FastFsm.Tests.csproj]
     1>/mnt/c/Users/newon/source/repos/FastFsm/FastFsm.Tests/Features/Hsm/CompileTime/HsmParsingCompilationTests.cs(377,26): warning FSM002: State 'EdgeComplexParent' might be unreachable based on defined transitions. [/mnt/c/Users/newon/source/repos/FastFsm/FastFsm.Tests/FastFsm.Tests.csproj]
     1>/mnt/c/Users/newon/source/repos/FastFsm/FastFsm.Tests/Features/Hsm/CompileTime/HsmParsingCompilationTests.cs(377,26): warning FSM002: State 'EdgeComplexParent_Child1' might be unreachable based on defined transitions. [/mnt/c/Users/newon/source/repos/FastFsm/FastFsm.Tests/FastFsm.Tests.csproj]
     1>/mnt/c/Users/newon/source/repos/FastFsm/FastFsm.Tests/Features/Hsm/CompileTime/HsmParsingCompilationTests.cs(377,26): warning FSM002: State 'EdgeComplexParent_Child2' might be unreachable based on defined transitions. [/mnt/c/Users/newon/source/repos/FastFsm/FastFsm.Tests/FastFsm.Tests.csproj]
     1>/mnt/c/Users/newon/source/repos/FastFsm/FastFsm.Tests/Features/Hsm/CompileTime/HsmParsingCompilationTests.cs(417,26): warning FSM002: State 'Working' might be unreachable based on defined transitions. [/mnt/c/Users/newon/source/repos/FastFsm/FastFsm.Tests/FastFsm.Tests.csproj]
     1>/mnt/c/Users/newon/source/repos/FastFsm/FastFsm.Tests/Features/Hsm/CompileTime/HsmParsingCompilationTests.cs(417,26): warning FSM002: State 'Completed' might be unreachable based on defined transitions. [/mnt/c/Users/newon/source/repos/FastFsm/FastFsm.Tests/FastFsm.Tests.csproj]
     1>/mnt/c/Users/newon/source/repos/FastFsm/FastFsm.Tests/Features/Hsm/CompileTime/HsmParsingCompilationTests.cs(417,26): warning FSM002: State 'Error' might be unreachable based on defined transitions. [/mnt/c/Users/newon/source/repos/FastFsm/FastFsm.Tests/FastFsm.Tests.csproj]
     1>/mnt/c/Users/newon/source/repos/FastFsm/FastFsm.Tests/Features/Hsm/CompileTime/HsmParsingCompilationTests.cs(417,26): warning FSM002: State 'Paused' might be unreachable based on defined transitions. [/mnt/c/Users/newon/source/repos/FastFsm/FastFsm.Tests/FastFsm.Tests.csproj]
     1>/mnt/c/Users/newon/source/repos/FastFsm/FastFsm.Tests/Features/Hsm/CompileTime/HsmParsingCompilationTests.cs(417,26): warning FSM002: State 'Working_Initializing' might be unreachable based on defined transitions. [/mnt/c/Users/newon/source/repos/FastFsm/FastFsm.Tests/FastFsm.Tests.csproj]
     1>/mnt/c/Users/newon/source/repos/FastFsm/FastFsm.Tests/Features/Hsm/CompileTime/HsmParsingCompilationTests.cs(417,26): warning FSM002: State 'Working_Processing' might be unreachable based on defined transitions. [/mnt/c/Users/newon/source/repos/FastFsm/FastFsm.Tests/FastFsm.Tests.csproj]
     1>/mnt/c/Users/newon/source/repos/FastFsm/FastFsm.Tests/Features/Hsm/CompileTime/HsmParsingCompilationTests.cs(417,26): warning FSM002: State 'Working_Validating' might be unreachable based on defined transitions. [/mnt/c/Users/newon/source/repos/FastFsm/FastFsm.Tests/FastFsm.Tests.csproj]
     1>/mnt/c/Users/newon/source/repos/FastFsm/FastFsm.Tests/Features/Hsm/CompileTime/HsmParsingCompilationTests.cs(417,26): warning FSM002: State 'Working_Cleanup' might be unreachable based on defined transitions. [/mnt/c/Users/newon/source/repos/FastFsm/FastFsm.Tests/FastFsm.Tests.csproj]
     1>/mnt/c/Users/newon/source/repos/FastFsm/FastFsm.Tests/Features/Hsm/CompileTime/HsmParsingCompilationTests.cs(417,26): warning FSM002: State 'Working_Processing_Reading' might be unreachable based on defined transitions. [/mnt/c/Users/newon/source/repos/FastFsm/FastFsm.Tests/FastFsm.Tests.csproj]
     1>/mnt/c/Users/newon/source/repos/FastFsm/FastFsm.Tests/Features/Hsm/CompileTime/HsmParsingCompilationTests.cs(417,26): warning FSM002: State 'Working_Processing_Computing' might be unreachable based on defined transitions. [/mnt/c/Users/newon/source/repos/FastFsm/FastFsm.Tests/FastFsm.Tests.csproj]
     1>/mnt/c/Users/newon/source/repos/FastFsm/FastFsm.Tests/Features/Hsm/CompileTime/HsmParsingCompilationTests.cs(417,26): warning FSM002: State 'Working_Processing_Writing' might be unreachable based on defined transitions. [/mnt/c/Users/newon/source/repos/FastFsm/FastFsm.Tests/FastFsm.Tests.csproj]
     1>/mnt/c/Users/newon/source/repos/FastFsm/FastFsm.Tests/Features/Hsm/CompileTime/HsmParsingCompilationTests.cs(417,26): warning FSM002: State 'Working_Processing_Computing_Loading' might be unreachable based on defined transitions. [/mnt/c/Users/newon/source/repos/FastFsm/FastFsm.Tests/FastFsm.Tests.csproj]
     1>/mnt/c/Users/newon/source/repos/FastFsm/FastFsm.Tests/Features/Hsm/CompileTime/HsmParsingCompilationTests.cs(417,26): warning FSM002: State 'Working_Processing_Computing_Calculating' might be unreachable based on defined transitions. [/mnt/c/Users/newon/source/repos/FastFsm/FastFsm.Tests/FastFsm.Tests.csproj]
     1>/mnt/c/Users/newon/source/repos/FastFsm/FastFsm.Tests/Features/Hsm/CompileTime/HsmParsingCompilationTests.cs(417,26): warning FSM002: State 'Working_Processing_Computing_Storing' might be unreachable based on defined transitions. [/mnt/c/Users/newon/source/repos/FastFsm/FastFsm.Tests/FastFsm.Tests.csproj]
     1>/mnt/c/Users/newon/source/repos/FastFsm/FastFsm.Tests/Features/Hsm/CompileTime/HsmParsingCompilationTests.cs(417,26): warning FSM002: State 'HistoryParent' might be unreachable based on defined transitions. [/mnt/c/Users/newon/source/repos/FastFsm/FastFsm.Tests/FastFsm.Tests.csproj]
     1>/mnt/c/Users/newon/source/repos/FastFsm/FastFsm.Tests/Features/Hsm/CompileTime/HsmParsingCompilationTests.cs(417,26): warning FSM002: State 'HistoryParent_Child1' might be unreachable based on defined transitions. [/mnt/c/Users/newon/source/repos/FastFsm/FastFsm.Tests/FastFsm.Tests.csproj]
     1>/mnt/c/Users/newon/source/repos/FastFsm/FastFsm.Tests/Features/Hsm/CompileTime/HsmParsingCompilationTests.cs(417,26): warning FSM002: State 'HistoryParent_Child2' might be unreachable based on defined transitions. [/mnt/c/Users/newon/source/repos/FastFsm/FastFsm.Tests/FastFsm.Tests.csproj]
     1>/mnt/c/Users/newon/source/repos/FastFsm/FastFsm.Tests/Features/Hsm/CompileTime/HsmParsingCompilationTests.cs(417,26): warning FSM002: State 'HistoryParent_Child3' might be unreachable based on defined transitions. [/mnt/c/Users/newon/source/repos/FastFsm/FastFsm.Tests/FastFsm.Tests.csproj]
     1>/mnt/c/Users/newon/source/repos/FastFsm/FastFsm.Tests/Features/Hsm/CompileTime/HsmParsingCompilationTests.cs(417,26): warning FSM002: State 'DeepHistoryParent' might be unreachable based on defined transitions. [/mnt/c/Users/newon/source/repos/FastFsm/FastFsm.Tests/FastFsm.Tests.csproj]
     1>/mnt/c/Users/newon/source/repos/FastFsm/FastFsm.Tests/Features/Hsm/CompileTime/HsmParsingCompilationTests.cs(417,26): warning FSM002: State 'DeepHistoryParent_Child1' might be unreachable based on defined transitions. [/mnt/c/Users/newon/source/repos/FastFsm/FastFsm.Tests/FastFsm.Tests.csproj]
     1>/mnt/c/Users/newon/source/repos/FastFsm/FastFsm.Tests/Features/Hsm/CompileTime/HsmParsingCompilationTests.cs(417,26): warning FSM002: State 'DeepHistoryParent_Child1_SubChild1' might be unreachable based on defined transitions. [/mnt/c/Users/newon/source/repos/FastFsm/FastFsm.Tests/FastFsm.Tests.csproj]
     1>/mnt/c/Users/newon/source/repos/FastFsm/FastFsm.Tests/Features/Hsm/CompileTime/HsmParsingCompilationTests.cs(417,26): warning FSM002: State 'DeepHistoryParent_Child1_SubChild2' might be unreachable based on defined transitions. [/mnt/c/Users/newon/source/repos/FastFsm/FastFsm.Tests/FastFsm.Tests.csproj]
     1>/mnt/c/Users/newon/source/repos/FastFsm/FastFsm.Tests/Features/Hsm/CompileTime/HsmParsingCompilationTests.cs(417,26): warning FSM002: State 'DeepHistoryParent_Child2' might be unreachable based on defined transitions. [/mnt/c/Users/newon/source/repos/FastFsm/FastFsm.Tests/FastFsm.Tests.csproj]
     1>/mnt/c/Users/newon/source/repos/FastFsm/FastFsm.Tests/Features/Hsm/CompileTime/HsmParsingCompilationTests.cs(417,26): warning FSM002: State 'Priority_Low' might be unreachable based on defined transitions. [/mnt/c/Users/newon/source/repos/FastFsm/FastFsm.Tests/FastFsm.Tests.csproj]
     1>/mnt/c/Users/newon/source/repos/FastFsm/FastFsm.Tests/Features/Hsm/CompileTime/HsmParsingCompilationTests.cs(417,26): warning FSM002: State 'Priority_Medium' might be unreachable based on defined transitions. [/mnt/c/Users/newon/source/repos/FastFsm/FastFsm.Tests/FastFsm.Tests.csproj]
     1>/mnt/c/Users/newon/source/repos/FastFsm/FastFsm.Tests/Features/Hsm/CompileTime/HsmParsingCompilationTests.cs(417,26): warning FSM002: State 'Priority_High' might be unreachable based on defined transitions. [/mnt/c/Users/newon/source/repos/FastFsm/FastFsm.Tests/FastFsm.Tests.csproj]
     1>/mnt/c/Users/newon/source/repos/FastFsm/FastFsm.Tests/Features/Hsm/CompileTime/HsmParsingCompilationTests.cs(417,26): warning FSM002: State 'InternalParent' might be unreachable based on defined transitions. [/mnt/c/Users/newon/source/repos/FastFsm/FastFsm.Tests/FastFsm.Tests.csproj]
     1>/mnt/c/Users/newon/source/repos/FastFsm/FastFsm.Tests/Features/Hsm/CompileTime/HsmParsingCompilationTests.cs(417,26): warning FSM002: State 'InternalParent_Child1' might be unreachable based on defined transitions. [/mnt/c/Users/newon/source/repos/FastFsm/FastFsm.Tests/FastFsm.Tests.csproj]
     1>/mnt/c/Users/newon/source/repos/FastFsm/FastFsm.Tests/Features/Hsm/CompileTime/HsmParsingCompilationTests.cs(417,26): warning FSM002: State 'InternalParent_Child2' might be unreachable based on defined transitions. [/mnt/c/Users/newon/source/repos/FastFsm/FastFsm.Tests/FastFsm.Tests.csproj]
     1>/mnt/c/Users/newon/source/repos/FastFsm/FastFsm.Tests/Features/Hsm/CompileTime/HsmParsingCompilationTests.cs(417,26): warning FSM002: State 'Branch1' might be unreachable based on defined transitions. [/mnt/c/Users/newon/source/repos/FastFsm/FastFsm.Tests/FastFsm.Tests.csproj]
     1>/mnt/c/Users/newon/source/repos/FastFsm/FastFsm.Tests/Features/Hsm/CompileTime/HsmParsingCompilationTests.cs(417,26): warning FSM002: State 'Branch1_Leaf1' might be unreachable based on defined transitions. [/mnt/c/Users/newon/source/repos/FastFsm/FastFsm.Tests/FastFsm.Tests.csproj]
     1>/mnt/c/Users/newon/source/repos/FastFsm/FastFsm.Tests/Features/Hsm/CompileTime/HsmParsingCompilationTests.cs(417,26): warning FSM002: State 'Branch1_Leaf2' might be unreachable based on defined transitions. [/mnt/c/Users/newon/source/repos/FastFsm/FastFsm.Tests/FastFsm.Tests.csproj]
     1>/mnt/c/Users/newon/source/repos/FastFsm/FastFsm.Tests/Features/Hsm/CompileTime/HsmParsingCompilationTests.cs(417,26): warning FSM002: State 'Branch2' might be unreachable based on defined transitions. [/mnt/c/Users/newon/source/repos/FastFsm/FastFsm.Tests/FastFsm.Tests.csproj]
     1>/mnt/c/Users/newon/source/repos/FastFsm/FastFsm.Tests/Features/Hsm/CompileTime/HsmParsingCompilationTests.cs(417,26): warning FSM002: State 'Branch2_Leaf1' might be unreachable based on defined transitions. [/mnt/c/Users/newon/source/repos/FastFsm/FastFsm.Tests/FastFsm.Tests.csproj]
     1>/mnt/c/Users/newon/source/repos/FastFsm/FastFsm.Tests/Features/Hsm/CompileTime/HsmParsingCompilationTests.cs(417,26): warning FSM002: State 'Branch2_Leaf2' might be unreachable based on defined transitions. [/mnt/c/Users/newon/source/repos/FastFsm/FastFsm.Tests/FastFsm.Tests.csproj]
     1>/mnt/c/Users/newon/source/repos/FastFsm/FastFsm.Tests/Features/Hsm/CompileTime/HsmParsingCompilationTests.cs(417,26): warning FSM002: State 'ComplexParent' might be unreachable based on defined transitions. [/mnt/c/Users/newon/source/repos/FastFsm/FastFsm.Tests/FastFsm.Tests.csproj]
     1>/mnt/c/Users/newon/source/repos/FastFsm/FastFsm.Tests/Features/Hsm/CompileTime/HsmParsingCompilationTests.cs(417,26): warning FSM002: State 'ComplexParent_Child1' might be unreachable based on defined transitions. [/mnt/c/Users/newon/source/repos/FastFsm/FastFsm.Tests/FastFsm.Tests.csproj]
     1>/mnt/c/Users/newon/source/repos/FastFsm/FastFsm.Tests/Features/Hsm/CompileTime/HsmParsingCompilationTests.cs(417,26): warning FSM002: State 'ComplexParent_Child2' might be unreachable based on defined transitions. [/mnt/c/Users/newon/source/repos/FastFsm/FastFsm.Tests/FastFsm.Tests.csproj]
     1>/mnt/c/Users/newon/source/repos/FastFsm/FastFsm.Tests/Features/Hsm/CompileTime/HsmParsingCompilationTests.cs(417,26): warning FSM002: State 'ComplexParent_Child3' might be unreachable based on defined transitions. [/mnt/c/Users/newon/source/repos/FastFsm/FastFsm.Tests/FastFsm.Tests.csproj]
     1>/mnt/c/Users/newon/source/repos/FastFsm/FastFsm.Tests/Features/Hsm/CompileTime/HsmParsingCompilationTests.cs(417,26): warning FSM002: State 'EdgeParent' might be unreachable based on defined transitions. [/mnt/c/Users/newon/source/repos/FastFsm/FastFsm.Tests/FastFsm.Tests.csproj]
     1>/mnt/c/Users/newon/source/repos/FastFsm/FastFsm.Tests/Features/Hsm/CompileTime/HsmParsingCompilationTests.cs(417,26): warning FSM002: State 'EdgeParent_Child' might be unreachable based on defined transitions. [/mnt/c/Users/newon/source/repos/FastFsm/FastFsm.Tests/FastFsm.Tests.csproj]
     1>/mnt/c/Users/newon/source/repos/FastFsm/FastFsm.Tests/Features/Hsm/CompileTime/HsmParsingCompilationTests.cs(417,26): warning FSM002: State 'EdgeComplexParent' might be unreachable based on defined transitions. [/mnt/c/Users/newon/source/repos/FastFsm/FastFsm.Tests/FastFsm.Tests.csproj]
     1>/mnt/c/Users/newon/source/repos/FastFsm/FastFsm.Tests/Features/Hsm/CompileTime/HsmParsingCompilationTests.cs(417,26): warning FSM002: State 'EdgeComplexParent_Child1' might be unreachable based on defined transitions. [/mnt/c/Users/newon/source/repos/FastFsm/FastFsm.Tests/FastFsm.Tests.csproj]
     1>/mnt/c/Users/newon/source/repos/FastFsm/FastFsm.Tests/Features/Hsm/CompileTime/HsmParsingCompilationTests.cs(417,26): warning FSM002: State 'EdgeComplexParent_Child2' might be unreachable based on defined transitions. [/mnt/c/Users/newon/source/repos/FastFsm/FastFsm.Tests/FastFsm.Tests.csproj]
     1>/mnt/c/Users/newon/source/repos/FastFsm/FastFsm.Tests/Features/Hsm/Runtime/HierarchicalRuntime.cs(34,30): warning FSM002: State 'Parent_A' might be unreachable based on defined transitions. [/mnt/c/Users/newon/source/repos/FastFsm/FastFsm.Tests/FastFsm.Tests.csproj]
     1>/mnt/c/Users/newon/source/repos/FastFsm/FastFsm.Tests/Features/Hsm/Runtime/HierarchicalRuntime.cs(34,30): warning FSM002: State 'Parent_B' might be unreachable based on defined transitions. [/mnt/c/Users/newon/source/repos/FastFsm/FastFsm.Tests/FastFsm.Tests.csproj]
     1>/mnt/c/Users/newon/source/repos/FastFsm/FastFsm.Tests/Features/Hsm/Runtime/HierarchicalRuntime.cs(78,30): warning FSM002: State 'Menu_Main' might be unreachable based on defined transitions. [/mnt/c/Users/newon/source/repos/FastFsm/FastFsm.Tests/FastFsm.Tests.csproj]
     1>/mnt/c/Users/newon/source/repos/FastFsm/FastFsm.Tests/Features/Hsm/Runtime/HierarchicalRuntime.cs(78,30): warning FSM002: State 'Menu_Settings' might be unreachable based on defined transitions. [/mnt/c/Users/newon/source/repos/FastFsm/FastFsm.Tests/FastFsm.Tests.csproj]
     1>/mnt/c/Users/newon/source/repos/FastFsm/FastFsm.Tests/Features/Hsm/Runtime/HierarchicalRuntime.cs(157,30): warning FSM002: State 'Work_S1' might be unreachable based on defined transitions. [/mnt/c/Users/newon/source/repos/FastFsm/FastFsm.Tests/FastFsm.Tests.csproj]
     1>/mnt/c/Users/newon/source/repos/FastFsm/FastFsm.Tests/Features/Hsm/Runtime/HierarchicalRuntime.cs(157,30): warning FSM002: State 'Work_S1_Loading' might be unreachable based on defined transitions. [/mnt/c/Users/newon/source/repos/FastFsm/FastFsm.Tests/FastFsm.Tests.csproj]
     1>/mnt/c/Users/newon/source/repos/FastFsm/FastFsm.Tests/Features/Hsm/Runtime/HierarchicalRuntime.cs(157,30): warning FSM002: State 'Work_S1_Calc' might be unreachable based on defined transitions. [/mnt/c/Users/newon/source/repos/FastFsm/FastFsm.Tests/FastFsm.Tests.csproj]
     1>/mnt/c/Users/newon/source/repos/FastFsm/FastFsm.Tests/Features/Hsm/Runtime/HierarchicalRuntime.cs(271,30): warning FSM002: State 'Child' might be unreachable based on defined transitions. [/mnt/c/Users/newon/source/repos/FastFsm/FastFsm.Tests/FastFsm.Tests.csproj]
     1>/mnt/c/Users/newon/source/repos/FastFsm/FastFsm.Tests/Features/Hsm/Runtime/HierarchicalRuntime.cs(271,30): warning FSM002: State 'A' might be unreachable based on defined transitions. [/mnt/c/Users/newon/source/repos/FastFsm/FastFsm.Tests/FastFsm.Tests.csproj]
     1>/mnt/c/Users/newon/source/repos/FastFsm/FastFsm.Tests/Features/Hsm/Runtime/HierarchicalRuntime.cs(271,30): warning FSM002: State 'B' might be unreachable based on defined transitions. [/mnt/c/Users/newon/source/repos/FastFsm/FastFsm.Tests/FastFsm.Tests.csproj]
     1>/mnt/c/Users/newon/source/repos/FastFsm/FastFsm.Tests/Features/Hsm/Runtime/HierarchicalRuntime.cs(271,30): warning FSM002: State 'C' might be unreachable based on defined transitions. [/mnt/c/Users/newon/source/repos/FastFsm/FastFsm.Tests/FastFsm.Tests.csproj]
     1>/mnt/c/Users/newon/source/repos/FastFsm/FastFsm.Tests/Features/Hsm/Runtime/HierarchicalRuntime.cs(287,30): warning FSM002: State 'Child' might be unreachable based on defined transitions. [/mnt/c/Users/newon/source/repos/FastFsm/FastFsm.Tests/FastFsm.Tests.csproj]
     1>/mnt/c/Users/newon/source/repos/FastFsm/FastFsm.Tests/Features/Hsm/Runtime/HierarchicalRuntime.cs(287,30): warning FSM002: State 'ParentDone' might be unreachable based on defined transitions. [/mnt/c/Users/newon/source/repos/FastFsm/FastFsm.Tests/FastFsm.Tests.csproj]
     1>/mnt/c/Users/newon/source/repos/FastFsm/FastFsm.Tests/Features/Hsm/Runtime/HierarchicalRuntime.cs(287,30): warning FSM002: State 'A' might be unreachable based on defined transitions. [/mnt/c/Users/newon/source/repos/FastFsm/FastFsm.Tests/FastFsm.Tests.csproj]
     1>/mnt/c/Users/newon/source/repos/FastFsm/FastFsm.Tests/Features/Hsm/Runtime/HierarchicalRuntime.cs(287,30): warning FSM002: State 'B' might be unreachable based on defined transitions. [/mnt/c/Users/newon/source/repos/FastFsm/FastFsm.Tests/FastFsm.Tests.csproj]
     1>/mnt/c/Users/newon/source/repos/FastFsm/FastFsm.Tests/Features/Hsm/Runtime/HierarchicalRuntime.cs(287,30): warning FSM002: State 'C' might be unreachable based on defined transitions. [/mnt/c/Users/newon/source/repos/FastFsm/FastFsm.Tests/FastFsm.Tests.csproj]
     1>/mnt/c/Users/newon/source/repos/FastFsm/FastFsm.Tests/Features/Hsm/Runtime/HierarchicalRuntime.cs(308,14): warning FSM001: Duplicate transition from state 'A' on trigger 'Go'. Only the first one will be used by the generator. [/mnt/c/Users/newon/source/repos/FastFsm/FastFsm.Tests/FastFsm.Tests.csproj]
     1>/mnt/c/Users/newon/source/repos/FastFsm/FastFsm.Tests/Features/Hsm/Runtime/HierarchicalRuntime.cs(303,30): warning FSM002: State 'Child' might be unreachable based on defined transitions. [/mnt/c/Users/newon/source/repos/FastFsm/FastFsm.Tests/FastFsm.Tests.csproj]
     1>/mnt/c/Users/newon/source/repos/FastFsm/FastFsm.Tests/Features/Hsm/Runtime/HierarchicalRuntime.cs(303,30): warning FSM002: State 'ParentDone' might be unreachable based on defined transitions. [/mnt/c/Users/newon/source/repos/FastFsm/FastFsm.Tests/FastFsm.Tests.csproj]
     1>/mnt/c/Users/newon/source/repos/FastFsm/FastFsm.Tests/Features/Hsm/Runtime/HierarchicalRuntime.cs(303,30): warning FSM002: State 'A' might be unreachable based on defined transitions. [/mnt/c/Users/newon/source/repos/FastFsm/FastFsm.Tests/FastFsm.Tests.csproj]
     1>/mnt/c/Users/newon/source/repos/FastFsm/FastFsm.Tests/Features/Hsm/Runtime/HierarchicalRuntime.cs(303,30): warning FSM002: State 'B' might be unreachable based on defined transitions. [/mnt/c/Users/newon/source/repos/FastFsm/FastFsm.Tests/FastFsm.Tests.csproj]
     1>/mnt/c/Users/newon/source/repos/FastFsm/FastFsm.Tests/Features/Hsm/Runtime/HierarchicalRuntime.cs(303,30): warning FSM002: State 'C' might be unreachable based on defined transitions. [/mnt/c/Users/newon/source/repos/FastFsm/FastFsm.Tests/FastFsm.Tests.csproj]
     1>/mnt/c/Users/newon/source/repos/FastFsm/FastFsm.Tests/Features/Hsm/Runtime/HierarchicalRuntime.cs(370,30): warning FSM002: State 'Parent_A' might be unreachable based on defined transitions. [/mnt/c/Users/newon/source/repos/FastFsm/FastFsm.Tests/FastFsm.Tests.csproj]
     1>/mnt/c/Users/newon/source/repos/FastFsm/FastFsm.Tests/Features/Hsm/Runtime/HierarchicalRuntime.cs(370,30): warning FSM002: State 'Parent_B' might be unreachable based on defined transitions. [/mnt/c/Users/newon/source/repos/FastFsm/FastFsm.Tests/FastFsm.Tests.csproj]
     1>/mnt/c/Users/newon/source/repos/FastFsm/FastFsm.Tests/Features/Payload/Machines.cs(9,26): warning FSM002: State 'Processing' might be unreachable based on defined transitions. [/mnt/c/Users/newon/source/repos/FastFsm/FastFsm.Tests/FastFsm.Tests.csproj]
     1>/mnt/c/Users/newon/source/repos/FastFsm/FastFsm.Tests/Features/Payload/Machines.cs(9,26): warning FSM002: State 'Completed' might be unreachable based on defined transitions. [/mnt/c/Users/newon/source/repos/FastFsm/FastFsm.Tests/FastFsm.Tests.csproj]
     1>/mnt/c/Users/newon/source/repos/FastFsm/FastFsm.Tests/Features/Payload/Machines.cs(9,26): warning FSM002: State 'Paid' might be unreachable based on defined transitions. [/mnt/c/Users/newon/source/repos/FastFsm/FastFsm.Tests/FastFsm.Tests.csproj]
     1>/mnt/c/Users/newon/source/repos/FastFsm/FastFsm.Tests/Features/Payload/Machines.cs(9,26): warning FSM002: State 'Cancelled' might be unreachable based on defined transitions. [/mnt/c/Users/newon/source/repos/FastFsm/FastFsm.Tests/FastFsm.Tests.csproj]
     1>/mnt/c/Users/newon/source/repos/FastFsm/FastFsm.Tests/Features/Payload/Machines.cs(9,26): warning FSM002: State 'Shipped' might be unreachable based on defined transitions. [/mnt/c/Users/newon/source/repos/FastFsm/FastFsm.Tests/FastFsm.Tests.csproj]
     1>/mnt/c/Users/newon/source/repos/FastFsm/FastFsm.Tests/Features/Payload/Machines.cs(28,26): warning FSM002: State 'Failed' might be unreachable based on defined transitions. [/mnt/c/Users/newon/source/repos/FastFsm/FastFsm.Tests/FastFsm.Tests.csproj]
     1>/mnt/c/Users/newon/source/repos/FastFsm/FastFsm.Tests/Features/Payload/Machines.cs(42,26): warning FSM002: State 'Failed' might be unreachable based on defined transitions. [/mnt/c/Users/newon/source/repos/FastFsm/FastFsm.Tests/FastFsm.Tests.csproj]
     1>/mnt/c/Users/newon/source/repos/FastFsm/FastFsm.Tests/Features/Payload/Machines.cs(61,26): warning FSM002: State 'Completed' might be unreachable based on defined transitions. [/mnt/c/Users/newon/source/repos/FastFsm/FastFsm.Tests/FastFsm.Tests.csproj]
     1>CSC : warning FSM989D: ENTERING ProcessCandidateAndGenerate for: StateMachine.Tests.Features.Payload.InternalPayloadMachine [/mnt/c/Users/newon/source/repos/FastFsm/FastFsm.Tests/FastFsm.Tests.csproj]
     1>/mnt/c/Users/newon/source/repos/FastFsm/FastFsm.Tests/Features/Payload/Machines.cs(166,5): warning FSM998A: Starting parse for: StateMachine.Tests.Features.Payload.InternalPayloadMachine [/mnt/c/Users/newon/source/repos/FastFsm/FastFsm.Tests/FastFsm.Tests.csproj]
     1>/mnt/c/Users/newon/source/repos/FastFsm/FastFsm.Tests/Features/Payload/Machines.cs(166,5): warning FSM998: === START TryParse === [/mnt/c/Users/newon/source/repos/FastFsm/FastFsm.Tests/FastFsm.Tests.csproj]
     1>/mnt/c/Users/newon/source/repos/FastFsm/FastFsm.Tests/Features/Payload/Machines.cs(166,5): warning FSM998: Parsing class: InternalPayloadMachine [/mnt/c/Users/newon/source/repos/FastFsm/FastFsm.Tests/FastFsm.Tests.csproj]
     1>/mnt/c/Users/newon/source/repos/FastFsm/FastFsm.Tests/Features/Payload/Machines.cs(166,5): warning FSM998: Section 1: Getting semantic model and class symbol [/mnt/c/Users/newon/source/repos/FastFsm/FastFsm.Tests/FastFsm.Tests.csproj]
     1>/mnt/c/Users/newon/source/repos/FastFsm/FastFsm.Tests/Features/Payload/Machines.cs(166,5): warning FSM998: Class symbol obtained: InternalPayloadMachine [/mnt/c/Users/newon/source/repos/FastFsm/FastFsm.Tests/FastFsm.Tests.csproj]
     1>/mnt/c/Users/newon/source/repos/FastFsm/FastFsm.Tests/Features/Payload/Machines.cs(166,5): warning FSM998: Section 2: Creating initial model [/mnt/c/Users/newon/source/repos/FastFsm/FastFsm.Tests/FastFsm.Tests.csproj]
     1>/mnt/c/Users/newon/source/repos/FastFsm/FastFsm.Tests/Features/Payload/Machines.cs(166,5): warning FSM998: Model created - Namespace: StateMachine.Tests.Features.Payload, ClassName: InternalPayloadMachine [/mnt/c/Users/newon/source/repos/FastFsm/FastFsm.Tests/FastFsm.Tests.csproj]
     1>/mnt/c/Users/newon/source/repos/FastFsm/FastFsm.Tests/Features/Payload/Machines.cs(166,5): warning FSM998: Section 3: Getting StateMachine attribute [/mnt/c/Users/newon/source/repos/FastFsm/FastFsm.Tests/FastFsm.Tests.csproj]
     1>/mnt/c/Users/newon/source/repos/FastFsm/FastFsm.Tests/Features/Payload/Machines.cs(166,5): warning FSM998: StateMachine attribute found: True [/mnt/c/Users/newon/source/repos/FastFsm/FastFsm.Tests/FastFsm.Tests.csproj]
     1>/mnt/c/Users/newon/source/repos/FastFsm/FastFsm.Tests/Features/Payload/Machines.cs(166,5): warning FSM998: Section 4: Reading StateMachine attribute arguments [/mnt/c/Users/newon/source/repos/FastFsm/FastFsm.Tests/FastFsm.Tests.csproj]
     1>/mnt/c/Users/newon/source/repos/FastFsm/FastFsm.Tests/Features/Payload/Machines.cs(166,5): warning FSM998: Section 5: Basic attribute and class validation [/mnt/c/Users/newon/source/repos/FastFsm/FastFsm.Tests/FastFsm.Tests.csproj]
     1>/mnt/c/Users/newon/source/repos/FastFsm/FastFsm.Tests/Features/Payload/Machines.cs(166,5): warning FSM998: Class is partial: True [/mnt/c/Users/newon/source/repos/FastFsm/FastFsm.Tests/FastFsm.Tests.csproj]
     1>/mnt/c/Users/newon/source/repos/FastFsm/FastFsm.Tests/Features/Payload/Machines.cs(166,5): warning FSM998: Validating missing attribute rule [/mnt/c/Users/newon/source/repos/FastFsm/FastFsm.Tests/FastFsm.Tests.csproj]
     1>/mnt/c/Users/newon/source/repos/FastFsm/FastFsm.Tests/Features/Payload/Machines.cs(166,5): warning FSM998: Critical error after missing attribute validation: False [/mnt/c/Users/newon/source/repos/FastFsm/FastFsm.Tests/FastFsm.Tests.csproj]
     1>/mnt/c/Users/newon/source/repos/FastFsm/FastFsm.Tests/Features/Payload/Machines.cs(166,5): warning FSM998: Section 6: Validating State and Trigger types [/mnt/c/Users/newon/source/repos/FastFsm/FastFsm.Tests/FastFsm.Tests.csproj]
     1>/mnt/c/Users/newon/source/repos/FastFsm/FastFsm.Tests/Features/Payload/Machines.cs(166,5): warning FSM998: State type: StateMachine.Tests.Features.Payload.PayloadVariantTests.InternalPayloadState [/mnt/c/Users/newon/source/repos/FastFsm/FastFsm.Tests/FastFsm.Tests.csproj]
     1>/mnt/c/Users/newon/source/repos/FastFsm/FastFsm.Tests/Features/Payload/Machines.cs(166,5): warning FSM998: Trigger type: StateMachine.Tests.Features.Payload.PayloadVariantTests.InternalPayloadTrigger [/mnt/c/Users/newon/source/repos/FastFsm/FastFsm.Tests/FastFsm.Tests.csproj]
     1>/mnt/c/Users/newon/source/repos/FastFsm/FastFsm.Tests/Features/Payload/Machines.cs(166,5): warning FSM998: Validating attribute types [/mnt/c/Users/newon/source/repos/FastFsm/FastFsm.Tests/FastFsm.Tests.csproj]
     1>/mnt/c/Users/newon/source/repos/FastFsm/FastFsm.Tests/Features/Payload/Machines.cs(166,5): warning FSM998: Critical error after type validation: False [/mnt/c/Users/newon/source/repos/FastFsm/FastFsm.Tests/FastFsm.Tests.csproj]
     1>/mnt/c/Users/newon/source/repos/FastFsm/FastFsm.Tests/Features/Payload/Machines.cs(166,5): warning FSM998: Section 7: Building basic model [/mnt/c/Users/newon/source/repos/FastFsm/FastFsm.Tests/FastFsm.Tests.csproj]
     1>/mnt/c/Users/newon/source/repos/FastFsm/FastFsm.Tests/Features/Payload/Machines.cs(166,5): warning FSM998: StateType: StateMachine.Tests.Features.Payload.PayloadVariantTests+InternalPayloadState [/mnt/c/Users/newon/source/repos/FastFsm/FastFsm.Tests/FastFsm.Tests.csproj]
     1>/mnt/c/Users/newon/source/repos/FastFsm/FastFsm.Tests/Features/Payload/Machines.cs(166,5): warning FSM998: TriggerType: StateMachine.Tests.Features.Payload.PayloadVariantTests+InternalPayloadTrigger [/mnt/c/Users/newon/source/repos/FastFsm/FastFsm.Tests/FastFsm.Tests.csproj]
     1>/mnt/c/Users/newon/source/repos/FastFsm/FastFsm.Tests/Features/Payload/Machines.cs(166,5): warning FSM998: Enumerating states from enum [/mnt/c/Users/newon/source/repos/FastFsm/FastFsm.Tests/FastFsm.Tests.csproj]
     1>/mnt/c/Users/newon/source/repos/FastFsm/FastFsm.Tests/Features/Payload/Machines.cs(166,5): warning FSM998: Found 2 states [/mnt/c/Users/newon/source/repos/FastFsm/FastFsm.Tests/FastFsm.Tests.csproj]
     1>/mnt/c/Users/newon/source/repos/FastFsm/FastFsm.Tests/Features/Payload/Machines.cs(166,5): warning FSM998: Section 8: Parsing member attributes [/mnt/c/Users/newon/source/repos/FastFsm/FastFsm.Tests/FastFsm.Tests.csproj]
     1>/mnt/c/Users/newon/source/repos/FastFsm/FastFsm.Tests/Features/Payload/Machines.cs(166,5): warning FSM998: Calling ParseMemberAttributes [/mnt/c/Users/newon/source/repos/FastFsm/FastFsm.Tests/FastFsm.Tests.csproj]
     1>/mnt/c/Users/newon/source/repos/FastFsm/FastFsm.Tests/Features/Payload/Machines.cs(166,5): warning FSM998: ParseMemberAttributes completed. Critical error: False, IsAsync: False [/mnt/c/Users/newon/source/repos/FastFsm/FastFsm.Tests/FastFsm.Tests.csproj]
     1>/mnt/c/Users/newon/source/repos/FastFsm/FastFsm.Tests/Features/Payload/Machines.cs(166,5): warning FSM998: Section 8.4: Enum-only fallback - no [State] attributes found [/mnt/c/Users/newon/source/repos/FastFsm/FastFsm.Tests/FastFsm.Tests.csproj]
     1>/mnt/c/Users/newon/source/repos/FastFsm/FastFsm.Tests/Features/Payload/Machines.cs(166,5): warning FSM998: Enum-only fallback applied: 2 states from enum [/mnt/c/Users/newon/source/repos/FastFsm/FastFsm.Tests/FastFsm.Tests.csproj]
     1>/mnt/c/Users/newon/source/repos/FastFsm/FastFsm.Tests/Features/Payload/Machines.cs(166,5): warning FSM998: Section 8.5: Building HSM hierarchy [/mnt/c/Users/newon/source/repos/FastFsm/FastFsm.Tests/FastFsm.Tests.csproj]
     1>/mnt/c/Users/newon/source/repos/FastFsm/FastFsm.Tests/Features/Payload/Machines.cs(166,5): warning FSM998: Building HSM hierarchy from state attributes [/mnt/c/Users/newon/source/repos/FastFsm/FastFsm.Tests/FastFsm.Tests.csproj]
     1>/mnt/c/Users/newon/source/repos/FastFsm/FastFsm.Tests/Features/Payload/Machines.cs(166,5): warning FSM998: Hierarchy not enabled, skipping hierarchy building [/mnt/c/Users/newon/source/repos/FastFsm/FastFsm.Tests/FastFsm.Tests.csproj]
     1>/mnt/c/Users/newon/source/repos/FastFsm/FastFsm.Tests/Features/Payload/Machines.cs(166,5): warning FSM998: Hierarchy built. HierarchyEnabled: False [/mnt/c/Users/newon/source/repos/FastFsm/FastFsm.Tests/FastFsm.Tests.csproj]
     1>/mnt/c/Users/newon/source/repos/FastFsm/FastFsm.Tests/Features/Payload/Machines.cs(166,5): warning FSM998: Section 9: Determining feature configuration [/mnt/c/Users/newon/source/repos/FastFsm/FastFsm.Tests/FastFsm.Tests.csproj]
     1>/mnt/c/Users/newon/source/repos/FastFsm/FastFsm.Tests/Features/Payload/Machines.cs(166,5): warning FSM998: Feature config: HasPayload=True, HasExt=False, HasCallbacks=False [/mnt/c/Users/newon/source/repos/FastFsm/FastFsm.Tests/FastFsm.Tests.csproj]
     1>/mnt/c/Users/newon/source/repos/FastFsm/FastFsm.Tests/Features/Payload/Machines.cs(166,5): warning FSM998: Section 10: Feature configuration validations [/mnt/c/Users/newon/source/repos/FastFsm/FastFsm.Tests/FastFsm.Tests.csproj]
     1>/mnt/c/Users/newon/source/repos/FastFsm/FastFsm.Tests/Features/Payload/Machines.cs(166,5): warning FSM998: Section 11: Validating state reachability [/mnt/c/Users/newon/source/repos/FastFsm/FastFsm.Tests/FastFsm.Tests.csproj]
     1>/mnt/c/Users/newon/source/repos/FastFsm/FastFsm.Tests/Features/Payload/Machines.cs(166,5): warning FSM998: Total states count: 2 [/mnt/c/Users/newon/source/repos/FastFsm/FastFsm.Tests/FastFsm.Tests.csproj]
     1>/mnt/c/Users/newon/source/repos/FastFsm/FastFsm.Tests/Features/Payload/Machines.cs(166,5): warning FSM998: Transition metrics: internal=1, external=1, total=2 [/mnt/c/Users/newon/source/repos/FastFsm/FastFsm.Tests/FastFsm.Tests.csproj]
     1>/mnt/c/Users/newon/source/repos/FastFsm/FastFsm.Tests/Features/Payload/Machines.cs(166,5): warning FSM998: Initial state: Active [/mnt/c/Users/newon/source/repos/FastFsm/FastFsm.Tests/FastFsm.Tests.csproj]
     1>/mnt/c/Users/newon/source/repos/FastFsm/FastFsm.Tests/Features/Payload/Machines.cs(166,5): warning FSM998: Validating unreachable states [/mnt/c/Users/newon/source/repos/FastFsm/FastFsm.Tests/FastFsm.Tests.csproj]
     1>/mnt/c/Users/newon/source/repos/FastFsm/FastFsm.Tests/Features/Payload/Machines.cs(166,5): warning FSM998: Critical error after reachability validation: False [/mnt/c/Users/newon/source/repos/FastFsm/FastFsm.Tests/FastFsm.Tests.csproj]
     1>/mnt/c/Users/newon/source/repos/FastFsm/FastFsm.Tests/Features/Payload/Machines.cs(166,5): warning FSM998: Section 12: Finalization [/mnt/c/Users/newon/source/repos/FastFsm/FastFsm.Tests/FastFsm.Tests.csproj]
     1>/mnt/c/Users/newon/source/repos/FastFsm/FastFsm.Tests/Features/Payload/Machines.cs(166,5): warning FSM998: Final IsAsync: False [/mnt/c/Users/newon/source/repos/FastFsm/FastFsm.Tests/FastFsm.Tests.csproj]
     1>/mnt/c/Users/newon/source/repos/FastFsm/FastFsm.Tests/Features/Payload/Machines.cs(166,5): warning FSM998: === SUCCESS: TryParse completed successfully === [/mnt/c/Users/newon/source/repos/FastFsm/FastFsm.Tests/FastFsm.Tests.csproj]
     1>/mnt/c/Users/newon/source/repos/FastFsm/FastFsm.Tests/Machines/FullMultiPayloadMachine.cs(15,26): warning FSM002: State 'Delivered' might be unreachable based on defined transitions. [/mnt/c/Users/newon/source/repos/FastFsm/FastFsm.Tests/FastFsm.Tests.csproj]
     1>/mnt/c/Users/newon/source/repos/FastFsm/FastFsm.Tests/Machines/FullMultiPayloadMachine.cs(15,26): warning FSM002: State 'Cancelled' might be unreachable based on defined transitions. [/mnt/c/Users/newon/source/repos/FastFsm/FastFsm.Tests/FastFsm.Tests.csproj]
     1>/mnt/c/Users/newon/source/repos/FastFsm/FastFsm.Tests/Machines/FullOrderMachine.cs(13,26): warning FSM002: State 'Delivered' might be unreachable based on defined transitions. [/mnt/c/Users/newon/source/repos/FastFsm/FastFsm.Tests/FastFsm.Tests.csproj]
     1>CSC : warning FSM989D: ENTERING ProcessCandidateAndGenerate for: StateMachine.Tests.Machines.InternalOnlyMachine [/mnt/c/Users/newon/source/repos/FastFsm/FastFsm.Tests/FastFsm.Tests.csproj]
     1>/mnt/c/Users/newon/source/repos/FastFsm/FastFsm.Tests/Machines/InternalOnlyMachine.cs(7,5): warning FSM998A: Starting parse for: StateMachine.Tests.Machines.InternalOnlyMachine [/mnt/c/Users/newon/source/repos/FastFsm/FastFsm.Tests/FastFsm.Tests.csproj]
     1>/mnt/c/Users/newon/source/repos/FastFsm/FastFsm.Tests/Machines/InternalOnlyMachine.cs(7,5): warning FSM998: === START TryParse === [/mnt/c/Users/newon/source/repos/FastFsm/FastFsm.Tests/FastFsm.Tests.csproj]
     1>/mnt/c/Users/newon/source/repos/FastFsm/FastFsm.Tests/Machines/InternalOnlyMachine.cs(7,5): warning FSM998: Parsing class: InternalOnlyMachine [/mnt/c/Users/newon/source/repos/FastFsm/FastFsm.Tests/FastFsm.Tests.csproj]
     1>/mnt/c/Users/newon/source/repos/FastFsm/FastFsm.Tests/Machines/InternalOnlyMachine.cs(7,5): warning FSM998: Section 1: Getting semantic model and class symbol [/mnt/c/Users/newon/source/repos/FastFsm/FastFsm.Tests/FastFsm.Tests.csproj]
     1>/mnt/c/Users/newon/source/repos/FastFsm/FastFsm.Tests/Machines/InternalOnlyMachine.cs(7,5): warning FSM998: Class symbol obtained: InternalOnlyMachine [/mnt/c/Users/newon/source/repos/FastFsm/FastFsm.Tests/FastFsm.Tests.csproj]
     1>/mnt/c/Users/newon/source/repos/FastFsm/FastFsm.Tests/Machines/InternalOnlyMachine.cs(7,5): warning FSM998: Section 2: Creating initial model [/mnt/c/Users/newon/source/repos/FastFsm/FastFsm.Tests/FastFsm.Tests.csproj]
     1>/mnt/c/Users/newon/source/repos/FastFsm/FastFsm.Tests/Machines/InternalOnlyMachine.cs(7,5): warning FSM998: Model created - Namespace: StateMachine.Tests.Machines, ClassName: InternalOnlyMachine [/mnt/c/Users/newon/source/repos/FastFsm/FastFsm.Tests/FastFsm.Tests.csproj]
     1>/mnt/c/Users/newon/source/repos/FastFsm/FastFsm.Tests/Machines/InternalOnlyMachine.cs(7,5): warning FSM998: Section 3: Getting StateMachine attribute [/mnt/c/Users/newon/source/repos/FastFsm/FastFsm.Tests/FastFsm.Tests.csproj]
     1>/mnt/c/Users/newon/source/repos/FastFsm/FastFsm.Tests/Machines/InternalOnlyMachine.cs(7,5): warning FSM998: StateMachine attribute found: True [/mnt/c/Users/newon/source/repos/FastFsm/FastFsm.Tests/FastFsm.Tests.csproj]
     1>/mnt/c/Users/newon/source/repos/FastFsm/FastFsm.Tests/Machines/InternalOnlyMachine.cs(7,5): warning FSM998: Section 4: Reading StateMachine attribute arguments [/mnt/c/Users/newon/source/repos/FastFsm/FastFsm.Tests/FastFsm.Tests.csproj]
     1>/mnt/c/Users/newon/source/repos/FastFsm/FastFsm.Tests/Machines/InternalOnlyMachine.cs(7,5): warning FSM998: Section 5: Basic attribute and class validation [/mnt/c/Users/newon/source/repos/FastFsm/FastFsm.Tests/FastFsm.Tests.csproj]
     1>/mnt/c/Users/newon/source/repos/FastFsm/FastFsm.Tests/Machines/InternalOnlyMachine.cs(7,5): warning FSM998: Class is partial: True [/mnt/c/Users/newon/source/repos/FastFsm/FastFsm.Tests/FastFsm.Tests.csproj]
     1>/mnt/c/Users/newon/source/repos/FastFsm/FastFsm.Tests/Machines/InternalOnlyMachine.cs(7,5): warning FSM998: Validating missing attribute rule [/mnt/c/Users/newon/source/repos/FastFsm/FastFsm.Tests/FastFsm.Tests.csproj]
     1>/mnt/c/Users/newon/source/repos/FastFsm/FastFsm.Tests/Machines/InternalOnlyMachine.cs(7,5): warning FSM998: Critical error after missing attribute validation: False [/mnt/c/Users/newon/source/repos/FastFsm/FastFsm.Tests/FastFsm.Tests.csproj]
     1>/mnt/c/Users/newon/source/repos/FastFsm/FastFsm.Tests/Machines/InternalOnlyMachine.cs(7,5): warning FSM998: Section 6: Validating State and Trigger types [/mnt/c/Users/newon/source/repos/FastFsm/FastFsm.Tests/FastFsm.Tests.csproj]
     1>/mnt/c/Users/newon/source/repos/FastFsm/FastFsm.Tests/Machines/InternalOnlyMachine.cs(7,5): warning FSM998: State type: StateMachine.Tests.Features.EdgeCases.EmptyMachineTests.InternalOnlyState [/mnt/c/Users/newon/source/repos/FastFsm/FastFsm.Tests/FastFsm.Tests.csproj]
     1>/mnt/c/Users/newon/source/repos/FastFsm/FastFsm.Tests/Machines/InternalOnlyMachine.cs(7,5): warning FSM998: Trigger type: StateMachine.Tests.Features.EdgeCases.EmptyMachineTests.InternalOnlyTrigger [/mnt/c/Users/newon/source/repos/FastFsm/FastFsm.Tests/FastFsm.Tests.csproj]
     1>/mnt/c/Users/newon/source/repos/FastFsm/FastFsm.Tests/Machines/InternalOnlyMachine.cs(7,5): warning FSM998: Validating attribute types [/mnt/c/Users/newon/source/repos/FastFsm/FastFsm.Tests/FastFsm.Tests.csproj]
     1>/mnt/c/Users/newon/source/repos/FastFsm/FastFsm.Tests/Machines/InternalOnlyMachine.cs(7,5): warning FSM998: Critical error after type validation: False [/mnt/c/Users/newon/source/repos/FastFsm/FastFsm.Tests/FastFsm.Tests.csproj]
     1>/mnt/c/Users/newon/source/repos/FastFsm/FastFsm.Tests/Machines/InternalOnlyMachine.cs(7,5): warning FSM998: Section 7: Building basic model [/mnt/c/Users/newon/source/repos/FastFsm/FastFsm.Tests/FastFsm.Tests.csproj]
     1>/mnt/c/Users/newon/source/repos/FastFsm/FastFsm.Tests/Machines/InternalOnlyMachine.cs(7,5): warning FSM998: StateType: StateMachine.Tests.Features.EdgeCases.EmptyMachineTests+InternalOnlyState [/mnt/c/Users/newon/source/repos/FastFsm/FastFsm.Tests/FastFsm.Tests.csproj]
     1>/mnt/c/Users/newon/source/repos/FastFsm/FastFsm.Tests/Machines/InternalOnlyMachine.cs(7,5): warning FSM998: TriggerType: StateMachine.Tests.Features.EdgeCases.EmptyMachineTests+InternalOnlyTrigger [/mnt/c/Users/newon/source/repos/FastFsm/FastFsm.Tests/FastFsm.Tests.csproj]
     1>/mnt/c/Users/newon/source/repos/FastFsm/FastFsm.Tests/Machines/InternalOnlyMachine.cs(7,5): warning FSM998: Enumerating states from enum [/mnt/c/Users/newon/source/repos/FastFsm/FastFsm.Tests/FastFsm.Tests.csproj]
     1>/mnt/c/Users/newon/source/repos/FastFsm/FastFsm.Tests/Machines/InternalOnlyMachine.cs(7,5): warning FSM998: Found 1 states [/mnt/c/Users/newon/source/repos/FastFsm/FastFsm.Tests/FastFsm.Tests.csproj]
     1>/mnt/c/Users/newon/source/repos/FastFsm/FastFsm.Tests/Machines/InternalOnlyMachine.cs(7,5): warning FSM998: Section 8: Parsing member attributes [/mnt/c/Users/newon/source/repos/FastFsm/FastFsm.Tests/FastFsm.Tests.csproj]
     1>/mnt/c/Users/newon/source/repos/FastFsm/FastFsm.Tests/Machines/InternalOnlyMachine.cs(7,5): warning FSM998: Calling ParseMemberAttributes [/mnt/c/Users/newon/source/repos/FastFsm/FastFsm.Tests/FastFsm.Tests.csproj]
     1>/mnt/c/Users/newon/source/repos/FastFsm/FastFsm.Tests/Machines/InternalOnlyMachine.cs(7,5): warning FSM998: ParseMemberAttributes completed. Critical error: False, IsAsync: False [/mnt/c/Users/newon/source/repos/FastFsm/FastFsm.Tests/FastFsm.Tests.csproj]
     1>/mnt/c/Users/newon/source/repos/FastFsm/FastFsm.Tests/Machines/InternalOnlyMachine.cs(7,5): warning FSM998: Section 8.4: Enum-only fallback - no [State] attributes found [/mnt/c/Users/newon/source/repos/FastFsm/FastFsm.Tests/FastFsm.Tests.csproj]
     1>/mnt/c/Users/newon/source/repos/FastFsm/FastFsm.Tests/Machines/InternalOnlyMachine.cs(7,5): warning FSM998: Enum-only fallback applied: 1 states from enum [/mnt/c/Users/newon/source/repos/FastFsm/FastFsm.Tests/FastFsm.Tests.csproj]
     1>/mnt/c/Users/newon/source/repos/FastFsm/FastFsm.Tests/Machines/InternalOnlyMachine.cs(7,5): warning FSM998: Section 8.5: Building HSM hierarchy [/mnt/c/Users/newon/source/repos/FastFsm/FastFsm.Tests/FastFsm.Tests.csproj]
     1>/mnt/c/Users/newon/source/repos/FastFsm/FastFsm.Tests/Machines/InternalOnlyMachine.cs(7,5): warning FSM998: Building HSM hierarchy from state attributes [/mnt/c/Users/newon/source/repos/FastFsm/FastFsm.Tests/FastFsm.Tests.csproj]
     1>/mnt/c/Users/newon/source/repos/FastFsm/FastFsm.Tests/Machines/InternalOnlyMachine.cs(7,5): warning FSM998: Hierarchy not enabled, skipping hierarchy building [/mnt/c/Users/newon/source/repos/FastFsm/FastFsm.Tests/FastFsm.Tests.csproj]
     1>/mnt/c/Users/newon/source/repos/FastFsm/FastFsm.Tests/Machines/InternalOnlyMachine.cs(7,5): warning FSM998: Hierarchy built. HierarchyEnabled: False [/mnt/c/Users/newon/source/repos/FastFsm/FastFsm.Tests/FastFsm.Tests.csproj]
     1>/mnt/c/Users/newon/source/repos/FastFsm/FastFsm.Tests/Machines/InternalOnlyMachine.cs(7,5): warning FSM998: Section 9: Determining feature configuration [/mnt/c/Users/newon/source/repos/FastFsm/FastFsm.Tests/FastFsm.Tests.csproj]
     1>/mnt/c/Users/newon/source/repos/FastFsm/FastFsm.Tests/Machines/InternalOnlyMachine.cs(7,5): warning FSM998: Feature config: HasPayload=False, HasExt=False, HasCallbacks=False [/mnt/c/Users/newon/source/repos/FastFsm/FastFsm.Tests/FastFsm.Tests.csproj]
     1>/mnt/c/Users/newon/source/repos/FastFsm/FastFsm.Tests/Machines/InternalOnlyMachine.cs(7,5): warning FSM998: Section 10: Feature configuration validations [/mnt/c/Users/newon/source/repos/FastFsm/FastFsm.Tests/FastFsm.Tests.csproj]
     1>/mnt/c/Users/newon/source/repos/FastFsm/FastFsm.Tests/Machines/InternalOnlyMachine.cs(7,5): warning FSM998: Section 11: Validating state reachability [/mnt/c/Users/newon/source/repos/FastFsm/FastFsm.Tests/FastFsm.Tests.csproj]
     1>/mnt/c/Users/newon/source/repos/FastFsm/FastFsm.Tests/Machines/InternalOnlyMachine.cs(7,5): warning FSM998: Total states count: 1 [/mnt/c/Users/newon/source/repos/FastFsm/FastFsm.Tests/FastFsm.Tests.csproj]
     1>/mnt/c/Users/newon/source/repos/FastFsm/FastFsm.Tests/Machines/InternalOnlyMachine.cs(7,5): warning FSM998: Transition metrics: internal=1, external=0, total=1 [/mnt/c/Users/newon/source/repos/FastFsm/FastFsm.Tests/FastFsm.Tests.csproj]
     1>/mnt/c/Users/newon/source/repos/FastFsm/FastFsm.Tests/Machines/InternalOnlyMachine.cs(7,5): warning FSM998: Internal-only machine detected: 1 internal transitions [/mnt/c/Users/newon/source/repos/FastFsm/FastFsm.Tests/FastFsm.Tests.csproj]
     1>/mnt/c/Users/newon/source/repos/FastFsm/FastFsm.Tests/Machines/InternalOnlyMachine.cs(7,5): warning FSM998: Skipping reachability check for internal-only or no-transitions machine [/mnt/c/Users/newon/source/repos/FastFsm/FastFsm.Tests/FastFsm.Tests.csproj]
     1>/mnt/c/Users/newon/source/repos/FastFsm/FastFsm.Tests/Machines/InternalOnlyMachine.cs(7,5): warning FSM998: Section 12: Finalization [/mnt/c/Users/newon/source/repos/FastFsm/FastFsm.Tests/FastFsm.Tests.csproj]
     1>/mnt/c/Users/newon/source/repos/FastFsm/FastFsm.Tests/Machines/InternalOnlyMachine.cs(7,5): warning FSM998: Final IsAsync: False [/mnt/c/Users/newon/source/repos/FastFsm/FastFsm.Tests/FastFsm.Tests.csproj]
     1>/mnt/c/Users/newon/source/repos/FastFsm/FastFsm.Tests/Machines/InternalOnlyMachine.cs(7,5): warning FSM998: === SUCCESS: TryParse completed successfully === [/mnt/c/Users/newon/source/repos/FastFsm/FastFsm.Tests/FastFsm.Tests.csproj]
     1>CSC : warning FSM989D: ENTERING ProcessCandidateAndGenerate for: StateMachine.Tests.Machines.InternalTransitionMachine [/mnt/c/Users/newon/source/repos/FastFsm/FastFsm.Tests/FastFsm.Tests.csproj]
     1>/mnt/c/Users/newon/source/repos/FastFsm/FastFsm.Tests/Machines/InternalTransitionMachine.cs(8,5): warning FSM998A: Starting parse for: StateMachine.Tests.Machines.InternalTransitionMachine [/mnt/c/Users/newon/source/repos/FastFsm/FastFsm.Tests/FastFsm.Tests.csproj]
     1>/mnt/c/Users/newon/source/repos/FastFsm/FastFsm.Tests/Machines/InternalTransitionMachine.cs(8,5): warning FSM998: === START TryParse === [/mnt/c/Users/newon/source/repos/FastFsm/FastFsm.Tests/FastFsm.Tests.csproj]
     1>/mnt/c/Users/newon/source/repos/FastFsm/FastFsm.Tests/Machines/InternalTransitionMachine.cs(8,5): warning FSM998: Parsing class: InternalTransitionMachine [/mnt/c/Users/newon/source/repos/FastFsm/FastFsm.Tests/FastFsm.Tests.csproj]
     1>/mnt/c/Users/newon/source/repos/FastFsm/FastFsm.Tests/Machines/InternalTransitionMachine.cs(8,5): warning FSM998: Section 1: Getting semantic model and class symbol [/mnt/c/Users/newon/source/repos/FastFsm/FastFsm.Tests/FastFsm.Tests.csproj]
     1>/mnt/c/Users/newon/source/repos/FastFsm/FastFsm.Tests/Machines/InternalTransitionMachine.cs(8,5): warning FSM998: Class symbol obtained: InternalTransitionMachine [/mnt/c/Users/newon/source/repos/FastFsm/FastFsm.Tests/FastFsm.Tests.csproj]
     1>/mnt/c/Users/newon/source/repos/FastFsm/FastFsm.Tests/Machines/InternalTransitionMachine.cs(8,5): warning FSM998: Section 2: Creating initial model [/mnt/c/Users/newon/source/repos/FastFsm/FastFsm.Tests/FastFsm.Tests.csproj]
     1>/mnt/c/Users/newon/source/repos/FastFsm/FastFsm.Tests/Machines/InternalTransitionMachine.cs(8,5): warning FSM998: Model created - Namespace: StateMachine.Tests.Machines, ClassName: InternalTransitionMachine [/mnt/c/Users/newon/source/repos/FastFsm/FastFsm.Tests/FastFsm.Tests.csproj]
     1>/mnt/c/Users/newon/source/repos/FastFsm/FastFsm.Tests/Machines/InternalTransitionMachine.cs(8,5): warning FSM998: Section 3: Getting StateMachine attribute [/mnt/c/Users/newon/source/repos/FastFsm/FastFsm.Tests/FastFsm.Tests.csproj]
     1>/mnt/c/Users/newon/source/repos/FastFsm/FastFsm.Tests/Machines/InternalTransitionMachine.cs(8,5): warning FSM998: StateMachine attribute found: True [/mnt/c/Users/newon/source/repos/FastFsm/FastFsm.Tests/FastFsm.Tests.csproj]
     1>/mnt/c/Users/newon/source/repos/FastFsm/FastFsm.Tests/Machines/InternalTransitionMachine.cs(8,5): warning FSM998: Section 4: Reading StateMachine attribute arguments [/mnt/c/Users/newon/source/repos/FastFsm/FastFsm.Tests/FastFsm.Tests.csproj]
     1>/mnt/c/Users/newon/source/repos/FastFsm/FastFsm.Tests/Machines/InternalTransitionMachine.cs(8,5): warning FSM998: Section 5: Basic attribute and class validation [/mnt/c/Users/newon/source/repos/FastFsm/FastFsm.Tests/FastFsm.Tests.csproj]
     1>/mnt/c/Users/newon/source/repos/FastFsm/FastFsm.Tests/Machines/InternalTransitionMachine.cs(8,5): warning FSM998: Class is partial: True [/mnt/c/Users/newon/source/repos/FastFsm/FastFsm.Tests/FastFsm.Tests.csproj]
     1>/mnt/c/Users/newon/source/repos/FastFsm/FastFsm.Tests/Machines/InternalTransitionMachine.cs(8,5): warning FSM998: Validating missing attribute rule [/mnt/c/Users/newon/source/repos/FastFsm/FastFsm.Tests/FastFsm.Tests.csproj]
     1>/mnt/c/Users/newon/source/repos/FastFsm/FastFsm.Tests/Machines/InternalTransitionMachine.cs(8,5): warning FSM998: Critical error after missing attribute validation: False [/mnt/c/Users/newon/source/repos/FastFsm/FastFsm.Tests/FastFsm.Tests.csproj]
     1>/mnt/c/Users/newon/source/repos/FastFsm/FastFsm.Tests/Machines/InternalTransitionMachine.cs(8,5): warning FSM998: Section 6: Validating State and Trigger types [/mnt/c/Users/newon/source/repos/FastFsm/FastFsm.Tests/FastFsm.Tests.csproj]
     1>/mnt/c/Users/newon/source/repos/FastFsm/FastFsm.Tests/Machines/InternalTransitionMachine.cs(8,5): warning FSM998: State type: StateMachine.Tests.Features.Core.StateCallbackTests.InternalState [/mnt/c/Users/newon/source/repos/FastFsm/FastFsm.Tests/FastFsm.Tests.csproj]
     1>/mnt/c/Users/newon/source/repos/FastFsm/FastFsm.Tests/Machines/InternalTransitionMachine.cs(8,5): warning FSM998: Trigger type: StateMachine.Tests.Features.Core.StateCallbackTests.InternalTrigger [/mnt/c/Users/newon/source/repos/FastFsm/FastFsm.Tests/FastFsm.Tests.csproj]
     1>/mnt/c/Users/newon/source/repos/FastFsm/FastFsm.Tests/Machines/InternalTransitionMachine.cs(8,5): warning FSM998: Validating attribute types [/mnt/c/Users/newon/source/repos/FastFsm/FastFsm.Tests/FastFsm.Tests.csproj]
     1>/mnt/c/Users/newon/source/repos/FastFsm/FastFsm.Tests/Machines/InternalTransitionMachine.cs(8,5): warning FSM998: Critical error after type validation: False [/mnt/c/Users/newon/source/repos/FastFsm/FastFsm.Tests/FastFsm.Tests.csproj]
     1>/mnt/c/Users/newon/source/repos/FastFsm/FastFsm.Tests/Machines/InternalTransitionMachine.cs(8,5): warning FSM998: Section 7: Building basic model [/mnt/c/Users/newon/source/repos/FastFsm/FastFsm.Tests/FastFsm.Tests.csproj]
     1>/mnt/c/Users/newon/source/repos/FastFsm/FastFsm.Tests/Machines/InternalTransitionMachine.cs(8,5): warning FSM998: StateType: StateMachine.Tests.Features.Core.StateCallbackTests+InternalState [/mnt/c/Users/newon/source/repos/FastFsm/FastFsm.Tests/FastFsm.Tests.csproj]
     1>/mnt/c/Users/newon/source/repos/FastFsm/FastFsm.Tests/Machines/InternalTransitionMachine.cs(8,5): warning FSM998: TriggerType: StateMachine.Tests.Features.Core.StateCallbackTests+InternalTrigger [/mnt/c/Users/newon/source/repos/FastFsm/FastFsm.Tests/FastFsm.Tests.csproj]
     1>/mnt/c/Users/newon/source/repos/FastFsm/FastFsm.Tests/Machines/InternalTransitionMachine.cs(8,5): warning FSM998: Enumerating states from enum [/mnt/c/Users/newon/source/repos/FastFsm/FastFsm.Tests/FastFsm.Tests.csproj]
     1>/mnt/c/Users/newon/source/repos/FastFsm/FastFsm.Tests/Machines/InternalTransitionMachine.cs(8,5): warning FSM998: Found 2 states [/mnt/c/Users/newon/source/repos/FastFsm/FastFsm.Tests/FastFsm.Tests.csproj]
     1>/mnt/c/Users/newon/source/repos/FastFsm/FastFsm.Tests/Machines/InternalTransitionMachine.cs(8,5): warning FSM998: Section 8: Parsing member attributes [/mnt/c/Users/newon/source/repos/FastFsm/FastFsm.Tests/FastFsm.Tests.csproj]
     1>/mnt/c/Users/newon/source/repos/FastFsm/FastFsm.Tests/Machines/InternalTransitionMachine.cs(8,5): warning FSM998: Calling ParseMemberAttributes [/mnt/c/Users/newon/source/repos/FastFsm/FastFsm.Tests/FastFsm.Tests.csproj]
     1>/mnt/c/Users/newon/source/repos/FastFsm/FastFsm.Tests/Machines/InternalTransitionMachine.cs(8,5): warning FSM998: ParseMemberAttributes completed. Critical error: False, IsAsync: False [/mnt/c/Users/newon/source/repos/FastFsm/FastFsm.Tests/FastFsm.Tests.csproj]
     1>/mnt/c/Users/newon/source/repos/FastFsm/FastFsm.Tests/Machines/InternalTransitionMachine.cs(8,5): warning FSM998: Section 8.5: Building HSM hierarchy [/mnt/c/Users/newon/source/repos/FastFsm/FastFsm.Tests/FastFsm.Tests.csproj]
     1>/mnt/c/Users/newon/source/repos/FastFsm/FastFsm.Tests/Machines/InternalTransitionMachine.cs(8,5): warning FSM998: Building HSM hierarchy from state attributes [/mnt/c/Users/newon/source/repos/FastFsm/FastFsm.Tests/FastFsm.Tests.csproj]
     1>/mnt/c/Users/newon/source/repos/FastFsm/FastFsm.Tests/Machines/InternalTransitionMachine.cs(8,5): warning FSM998: Hierarchy not enabled, skipping hierarchy building [/mnt/c/Users/newon/source/repos/FastFsm/FastFsm.Tests/FastFsm.Tests.csproj]
     1>/mnt/c/Users/newon/source/repos/FastFsm/FastFsm.Tests/Machines/InternalTransitionMachine.cs(8,5): warning FSM998: Hierarchy built. HierarchyEnabled: False [/mnt/c/Users/newon/source/repos/FastFsm/FastFsm.Tests/FastFsm.Tests.csproj]
     1>/mnt/c/Users/newon/source/repos/FastFsm/FastFsm.Tests/Machines/InternalTransitionMachine.cs(8,5): warning FSM998: Section 9: Determining feature configuration [/mnt/c/Users/newon/source/repos/FastFsm/FastFsm.Tests/FastFsm.Tests.csproj]
     1>/mnt/c/Users/newon/source/repos/FastFsm/FastFsm.Tests/Machines/InternalTransitionMachine.cs(8,5): warning FSM998: Feature config: HasPayload=False, HasExt=False, HasCallbacks=True [/mnt/c/Users/newon/source/repos/FastFsm/FastFsm.Tests/FastFsm.Tests.csproj]
     1>/mnt/c/Users/newon/source/repos/FastFsm/FastFsm.Tests/Machines/InternalTransitionMachine.cs(8,5): warning FSM998: Section 10: Feature configuration validations [/mnt/c/Users/newon/source/repos/FastFsm/FastFsm.Tests/FastFsm.Tests.csproj]
     1>/mnt/c/Users/newon/source/repos/FastFsm/FastFsm.Tests/Machines/InternalTransitionMachine.cs(8,5): warning FSM998: Section 11: Validating state reachability [/mnt/c/Users/newon/source/repos/FastFsm/FastFsm.Tests/FastFsm.Tests.csproj]
     1>/mnt/c/Users/newon/source/repos/FastFsm/FastFsm.Tests/Machines/InternalTransitionMachine.cs(8,5): warning FSM998: Total states count: 2 [/mnt/c/Users/newon/source/repos/FastFsm/FastFsm.Tests/FastFsm.Tests.csproj]
     1>/mnt/c/Users/newon/source/repos/FastFsm/FastFsm.Tests/Machines/InternalTransitionMachine.cs(8,5): warning FSM998: Transition metrics: internal=1, external=1, total=2 [/mnt/c/Users/newon/source/repos/FastFsm/FastFsm.Tests/FastFsm.Tests.csproj]
     1>/mnt/c/Users/newon/source/repos/FastFsm/FastFsm.Tests/Machines/InternalTransitionMachine.cs(8,5): warning FSM998: Initial state: Active [/mnt/c/Users/newon/source/repos/FastFsm/FastFsm.Tests/FastFsm.Tests.csproj]
     1>/mnt/c/Users/newon/source/repos/FastFsm/FastFsm.Tests/Machines/InternalTransitionMachine.cs(8,5): warning FSM998: Validating unreachable states [/mnt/c/Users/newon/source/repos/FastFsm/FastFsm.Tests/FastFsm.Tests.csproj]
     1>/mnt/c/Users/newon/source/repos/FastFsm/FastFsm.Tests/Machines/InternalTransitionMachine.cs(8,5): warning FSM998: Critical error after reachability validation: False [/mnt/c/Users/newon/source/repos/FastFsm/FastFsm.Tests/FastFsm.Tests.csproj]
     1>/mnt/c/Users/newon/source/repos/FastFsm/FastFsm.Tests/Machines/InternalTransitionMachine.cs(8,5): warning FSM998: Section 12: Finalization [/mnt/c/Users/newon/source/repos/FastFsm/FastFsm.Tests/FastFsm.Tests.csproj]
     1>/mnt/c/Users/newon/source/repos/FastFsm/FastFsm.Tests/Machines/InternalTransitionMachine.cs(8,5): warning FSM998: Final IsAsync: False [/mnt/c/Users/newon/source/repos/FastFsm/FastFsm.Tests/FastFsm.Tests.csproj]
     1>/mnt/c/Users/newon/source/repos/FastFsm/FastFsm.Tests/Machines/InternalTransitionMachine.cs(8,5): warning FSM998: === SUCCESS: TryParse completed successfully === [/mnt/c/Users/newon/source/repos/FastFsm/FastFsm.Tests/FastFsm.Tests.csproj]
     1>/mnt/c/Users/newon/source/repos/FastFsm/FastFsm.Tests/Machines/NoGuardBenchmarkMachine.cs(7,22): warning FSM002: State 'C' might be unreachable based on defined transitions. [/mnt/c/Users/newon/source/repos/FastFsm/FastFsm.Tests/FastFsm.Tests.csproj]
     1>/mnt/c/Users/newon/source/repos/FastFsm/FastFsm.Tests/Machines/NoGuardBenchmarkMachine.cs(7,22): warning FSM002: State 'D' might be unreachable based on defined transitions. [/mnt/c/Users/newon/source/repos/FastFsm/FastFsm.Tests/FastFsm.Tests.csproj]
     1>/mnt/c/Users/newon/source/repos/FastFsm/FastFsm.Tests/Machines/PayloadStateMachine.cs(26,10): warning FSM001: Duplicate transition from state 'Processing' on trigger 'Complete'. Only the first one will be used by the generator. [/mnt/c/Users/newon/source/repos/FastFsm/FastFsm.Tests/FastFsm.Tests.csproj]
     1>/mnt/c/Users/newon/source/repos/FastFsm/FastFsm.Tests/Machines/PayloadStateMachine.cs(27,10): warning FSM001: Duplicate transition from state 'Processing' on trigger 'Fail'. Only the first one will be used by the generator. [/mnt/c/Users/newon/source/repos/FastFsm/FastFsm.Tests/FastFsm.Tests.csproj]
     1>/mnt/c/Users/newon/source/repos/FastFsm/FastFsm.Tests/Machines/UnreachableMachine.cs(7,26): warning FSM002: State 'Isolated' might be unreachable based on defined transitions. [/mnt/c/Users/newon/source/repos/FastFsm/FastFsm.Tests/FastFsm.Tests.csproj]
     1>/mnt/c/Users/newon/source/repos/FastFsm/FastFsm.Tests/Machines/WithGuardBenchmarkMachine.cs(7,26): warning FSM002: State 'C' might be unreachable based on defined transitions. [/mnt/c/Users/newon/source/repos/FastFsm/FastFsm.Tests/FastFsm.Tests.csproj]
     1>/mnt/c/Users/newon/source/repos/FastFsm/FastFsm.Tests/Machines/WithGuardBenchmarkMachine.cs(7,26): warning FSM002: State 'D' might be unreachable based on defined transitions. [/mnt/c/Users/newon/source/repos/FastFsm/FastFsm.Tests/FastFsm.Tests.csproj]
     1>/mnt/c/Users/newon/source/repos/FastFsm/FastFsm.Tests/Features/Exceptions/TestLogger.cs(14,28): warning CS8633: Nullability in constraints for type parameter 'TState' of method 'TestLogger<T>.BeginScope<TState>(TState)' doesn't match the constraints for type parameter 'TState' of interface method 'ILogger.BeginScope<TState>(TState)'. Consider using an explicit interface implementation instead. [/mnt/c/Users/newon/source/repos/FastFsm/FastFsm.Tests/FastFsm.Tests.csproj]
     1>/mnt/c/Users/newon/source/repos/FastFsm/FastFsm.Tests/obj/GeneratedFiles/Generator/Generator.StateMachineGenerator/global__StateMachine.Tests.Features.Hsm.CompileTime.HsmAdditionalCompilationTests.HsmPayloadMachine.Generated.cs(32,39): warning CS0108: 'HsmAdditionalCompilationTests.HsmPayloadMachine.s_parent' hides inherited member 'StateMachineBase<HsmAdditionalCompilationTests.HP_State, HsmAdditionalCompilationTests.HP_Trigger>.s_parent'. Use the new keyword if hiding was intended. [/mnt/c/Users/newon/source/repos/FastFsm/FastFsm.Tests/FastFsm.Tests.csproj]
     1>/mnt/c/Users/newon/source/repos/FastFsm/FastFsm.Tests/obj/GeneratedFiles/Generator/Generator.StateMachineGenerator/global__StateMachine.Tests.Features.Hsm.CompileTime.HsmAdditionalCompilationTests.HsmPayloadMachine.Generated.cs(33,39): warning CS0108: 'HsmAdditionalCompilationTests.HsmPayloadMachine.s_depth' hides inherited member 'StateMachineBase<HsmAdditionalCompilationTests.HP_State, HsmAdditionalCompilationTests.HP_Trigger>.s_depth'. Use the new keyword if hiding was intended. [/mnt/c/Users/newon/source/repos/FastFsm/FastFsm.Tests/FastFsm.Tests.csproj]
     1>/mnt/c/Users/newon/source/repos/FastFsm/FastFsm.Tests/obj/GeneratedFiles/Generator/Generator.StateMachineGenerator/global__StateMachine.Tests.Features.Hsm.CompileTime.HsmAdditionalCompilationTests.HsmPayloadMachine.Generated.cs(34,39): warning CS0108: 'HsmAdditionalCompilationTests.HsmPayloadMachine.s_initialChild' hides inherited member 'StateMachineBase<HsmAdditionalCompilationTests.HP_State, HsmAdditionalCompilationTests.HP_Trigger>.s_initialChild'. Use the new keyword if hiding was intended. [/mnt/c/Users/newon/source/repos/FastFsm/FastFsm.Tests/FastFsm.Tests.csproj]
     1>/mnt/c/Users/newon/source/repos/FastFsm/FastFsm.Tests/obj/GeneratedFiles/Generator/Generator.StateMachineGenerator/global__StateMachine.Tests.Features.Hsm.CompileTime.HsmAdditionalCompilationTests.HsmPayloadMachine.Generated.cs(35,47): warning CS0108: 'HsmAdditionalCompilationTests.HsmPayloadMachine.s_history' hides inherited member 'StateMachineBase<HsmAdditionalCompilationTests.HP_State, HsmAdditionalCompilationTests.HP_Trigger>.s_history'. Use the new keyword if hiding was intended. [/mnt/c/Users/newon/source/repos/FastFsm/FastFsm.Tests/FastFsm.Tests.csproj]
     1>/mnt/c/Users/newon/source/repos/FastFsm/FastFsm.Tests/obj/GeneratedFiles/Generator/Generator.StateMachineGenerator/global__StateMachine.Tests.Features.Hsm.CompileTime.HsmAdditionalCompilationTests.HsmPayloadMachine.Generated.cs(45,44): warning CS0108: 'HsmAdditionalCompilationTests.HsmPayloadMachine._lastActiveChild' hides inherited member 'StateMachineBase<HsmAdditionalCompilationTests.HP_State, HsmAdditionalCompilationTests.HP_Trigger>._lastActiveChild'. Use the new keyword if hiding was intended. [/mnt/c/Users/newon/source/repos/FastFsm/FastFsm.Tests/FastFsm.Tests.csproj]
     1>/mnt/c/Users/newon/source/repos/FastFsm/FastFsm.Tests/obj/GeneratedFiles/Generator/Generator.StateMachineGenerator/global__StateMachine.Tests.Features.Hsm.CompileTime.HsmAdditionalCompilationTests.HsmPayloadMachine.Generated.cs(68,25): warning CS0108: 'HsmAdditionalCompilationTests.HsmPayloadMachine.GetCompositeEntryTarget(int)' hides inherited member 'StateMachineBase<HsmAdditionalCompilationTests.HP_State, HsmAdditionalCompilationTests.HP_Trigger>.GetCompositeEntryTarget(int)'. Use the new keyword if hiding was intended. [/mnt/c/Users/newon/source/repos/FastFsm/FastFsm.Tests/FastFsm.Tests.csproj]
     1>/mnt/c/Users/newon/source/repos/FastFsm/FastFsm.Tests/obj/GeneratedFiles/Generator/Generator.StateMachineGenerator/global__StateMachine.Tests.Features.Hsm.Runtime.InitialChildTests.InitialChildMachine.Generated.cs(30,39): warning CS0108: 'InitialChildTests.InitialChildMachine.s_parent' hides inherited member 'StateMachineBase<InitialChildTests.S, InitialChildTests.T>.s_parent'. Use the new keyword if hiding was intended. [/mnt/c/Users/newon/source/repos/FastFsm/FastFsm.Tests/FastFsm.Tests.csproj]
     1>/mnt/c/Users/newon/source/repos/FastFsm/FastFsm.Tests/obj/GeneratedFiles/Generator/Generator.StateMachineGenerator/global__StateMachine.Tests.Features.Hsm.Runtime.InitialChildTests.InitialChildMachine.Generated.cs(31,39): warning CS0108: 'InitialChildTests.InitialChildMachine.s_depth' hides inherited member 'StateMachineBase<InitialChildTests.S, InitialChildTests.T>.s_depth'. Use the new keyword if hiding was intended. [/mnt/c/Users/newon/source/repos/FastFsm/FastFsm.Tests/FastFsm.Tests.csproj]
     1>/mnt/c/Users/newon/source/repos/FastFsm/FastFsm.Tests/obj/GeneratedFiles/Generator/Generator.StateMachineGenerator/global__StateMachine.Tests.Features.Hsm.Runtime.InitialChildTests.InitialChildMachine.Generated.cs(32,39): warning CS0108: 'InitialChildTests.InitialChildMachine.s_initialChild' hides inherited member 'StateMachineBase<InitialChildTests.S, InitialChildTests.T>.s_initialChild'. Use the new keyword if hiding was intended. [/mnt/c/Users/newon/source/repos/FastFsm/FastFsm.Tests/FastFsm.Tests.csproj]
     1>/mnt/c/Users/newon/source/repos/FastFsm/FastFsm.Tests/obj/GeneratedFiles/Generator/Generator.StateMachineGenerator/global__StateMachine.Tests.Features.Hsm.Runtime.InitialChildTests.InitialChildMachine.Generated.cs(33,47): warning CS0108: 'InitialChildTests.InitialChildMachine.s_history' hides inherited member 'StateMachineBase<InitialChildTests.S, InitialChildTests.T>.s_history'. Use the new keyword if hiding was intended. [/mnt/c/Users/newon/source/repos/FastFsm/FastFsm.Tests/FastFsm.Tests.csproj]
     1>/mnt/c/Users/newon/source/repos/FastFsm/FastFsm.Tests/obj/GeneratedFiles/Generator/Generator.StateMachineGenerator/global__StateMachine.Tests.Features.Hsm.Runtime.InitialChildTests.InitialChildMachine.Generated.cs(47,44): warning CS0108: 'InitialChildTests.InitialChildMachine._lastActiveChild' hides inherited member 'StateMachineBase<InitialChildTests.S, InitialChildTests.T>._lastActiveChild'. Use the new keyword if hiding was intended. [/mnt/c/Users/newon/source/repos/FastFsm/FastFsm.Tests/FastFsm.Tests.csproj]
     1>/mnt/c/Users/newon/source/repos/FastFsm/FastFsm.Tests/obj/GeneratedFiles/Generator/Generator.StateMachineGenerator/global__StateMachine.Tests.Features.Hsm.Runtime.InitialChildTests.InitialChildMachine.Generated.cs(70,25): warning CS0108: 'InitialChildTests.InitialChildMachine.GetCompositeEntryTarget(int)' hides inherited member 'StateMachineBase<InitialChildTests.S, InitialChildTests.T>.GetCompositeEntryTarget(int)'. Use the new keyword if hiding was intended. [/mnt/c/Users/newon/source/repos/FastFsm/FastFsm.Tests/FastFsm.Tests.csproj]
     1>/mnt/c/Users/newon/source/repos/FastFsm/FastFsm.Tests/obj/GeneratedFiles/Generator/Generator.StateMachineGenerator/global__StateMachine.Tests.Features.Hsm.CompileTime.HsmAdditionalCompilationTests.EqualPriorityMachine.Generated.cs(31,39): warning CS0108: 'HsmAdditionalCompilationTests.EqualPriorityMachine.s_parent' hides inherited member 'StateMachineBase<HsmAdditionalCompilationTests.EP_State, HsmAdditionalCompilationTests.EP_Trigger>.s_parent'. Use the new keyword if hiding was intended. [/mnt/c/Users/newon/source/repos/FastFsm/FastFsm.Tests/FastFsm.Tests.csproj]
     1>/mnt/c/Users/newon/source/repos/FastFsm/FastFsm.Tests/obj/GeneratedFiles/Generator/Generator.StateMachineGenerator/global__StateMachine.Tests.Features.Hsm.CompileTime.HsmAdditionalCompilationTests.EqualPriorityMachine.Generated.cs(32,39): warning CS0108: 'HsmAdditionalCompilationTests.EqualPriorityMachine.s_depth' hides inherited member 'StateMachineBase<HsmAdditionalCompilationTests.EP_State, HsmAdditionalCompilationTests.EP_Trigger>.s_depth'. Use the new keyword if hiding was intended. [/mnt/c/Users/newon/source/repos/FastFsm/FastFsm.Tests/FastFsm.Tests.csproj]
     1>/mnt/c/Users/newon/source/repos/FastFsm/FastFsm.Tests/obj/GeneratedFiles/Generator/Generator.StateMachineGenerator/global__StateMachine.Tests.Features.Hsm.CompileTime.HsmAdditionalCompilationTests.EqualPriorityMachine.Generated.cs(33,39): warning CS0108: 'HsmAdditionalCompilationTests.EqualPriorityMachine.s_initialChild' hides inherited member 'StateMachineBase<HsmAdditionalCompilationTests.EP_State, HsmAdditionalCompilationTests.EP_Trigger>.s_initialChild'. Use the new keyword if hiding was intended. [/mnt/c/Users/newon/source/repos/FastFsm/FastFsm.Tests/FastFsm.Tests.csproj]
     1>/mnt/c/Users/newon/source/repos/FastFsm/FastFsm.Tests/obj/GeneratedFiles/Generator/Generator.StateMachineGenerator/global__StateMachine.Tests.Features.Hsm.CompileTime.HsmAdditionalCompilationTests.EqualPriorityMachine.Generated.cs(34,47): warning CS0108: 'HsmAdditionalCompilationTests.EqualPriorityMachine.s_history' hides inherited member 'StateMachineBase<HsmAdditionalCompilationTests.EP_State, HsmAdditionalCompilationTests.EP_Trigger>.s_history'. Use the new keyword if hiding was intended. [/mnt/c/Users/newon/source/repos/FastFsm/FastFsm.Tests/FastFsm.Tests.csproj]
     1>/mnt/c/Users/newon/source/repos/FastFsm/FastFsm.Tests/obj/GeneratedFiles/Generator/Generator.StateMachineGenerator/global__StateMachine.Tests.Features.Hsm.CompileTime.HsmAdditionalCompilationTests.EqualPriorityMachine.Generated.cs(42,44): warning CS0108: 'HsmAdditionalCompilationTests.EqualPriorityMachine._lastActiveChild' hides inherited member 'StateMachineBase<HsmAdditionalCompilationTests.EP_State, HsmAdditionalCompilationTests.EP_Trigger>._lastActiveChild'. Use the new keyword if hiding was intended. [/mnt/c/Users/newon/source/repos/FastFsm/FastFsm.Tests/FastFsm.Tests.csproj]
     1>/mnt/c/Users/newon/source/repos/FastFsm/FastFsm.Tests/obj/GeneratedFiles/Generator/Generator.StateMachineGenerator/global__StateMachine.Tests.Features.Hsm.CompileTime.HsmAdditionalCompilationTests.EqualPriorityMachine.Generated.cs(65,25): warning CS0108: 'HsmAdditionalCompilationTests.EqualPriorityMachine.GetCompositeEntryTarget(int)' hides inherited member 'StateMachineBase<HsmAdditionalCompilationTests.EP_State, HsmAdditionalCompilationTests.EP_Trigger>.GetCompositeEntryTarget(int)'. Use the new keyword if hiding was intended. [/mnt/c/Users/newon/source/repos/FastFsm/FastFsm.Tests/FastFsm.Tests.csproj]
     1>/mnt/c/Users/newon/source/repos/FastFsm/FastFsm.Tests/obj/GeneratedFiles/Generator/Generator.StateMachineGenerator/global__StateMachine.Tests.Features.Hsm.Runtime.ShallowHistoryTests.ShallowHistoryMachine.Generated.cs(30,39): warning CS0108: 'ShallowHistoryTests.ShallowHistoryMachine.s_parent' hides inherited member 'StateMachineBase<ShallowHistoryTests.S, ShallowHistoryTests.T>.s_parent'. Use the new keyword if hiding was intended. [/mnt/c/Users/newon/source/repos/FastFsm/FastFsm.Tests/FastFsm.Tests.csproj]
     1>/mnt/c/Users/newon/source/repos/FastFsm/FastFsm.Tests/obj/GeneratedFiles/Generator/Generator.StateMachineGenerator/global__StateMachine.Tests.Features.Hsm.Runtime.ShallowHistoryTests.ShallowHistoryMachine.Generated.cs(31,39): warning CS0108: 'ShallowHistoryTests.ShallowHistoryMachine.s_depth' hides inherited member 'StateMachineBase<ShallowHistoryTests.S, ShallowHistoryTests.T>.s_depth'. Use the new keyword if hiding was intended. [/mnt/c/Users/newon/source/repos/FastFsm/FastFsm.Tests/FastFsm.Tests.csproj]
     1>/mnt/c/Users/newon/source/repos/FastFsm/FastFsm.Tests/obj/GeneratedFiles/Generator/Generator.StateMachineGenerator/global__StateMachine.Tests.Features.Hsm.Runtime.ShallowHistoryTests.ShallowHistoryMachine.Generated.cs(32,39): warning CS0108: 'ShallowHistoryTests.ShallowHistoryMachine.s_initialChild' hides inherited member 'StateMachineBase<ShallowHistoryTests.S, ShallowHistoryTests.T>.s_initialChild'. Use the new keyword if hiding was intended. [/mnt/c/Users/newon/source/repos/FastFsm/FastFsm.Tests/FastFsm.Tests.csproj]
     1>/mnt/c/Users/newon/source/repos/FastFsm/FastFsm.Tests/obj/GeneratedFiles/Generator/Generator.StateMachineGenerator/global__StateMachine.Tests.Features.Hsm.Runtime.ShallowHistoryTests.ShallowHistoryMachine.Generated.cs(33,47): warning CS0108: 'ShallowHistoryTests.ShallowHistoryMachine.s_history' hides inherited member 'StateMachineBase<ShallowHistoryTests.S, ShallowHistoryTests.T>.s_history'. Use the new keyword if hiding was intended. [/mnt/c/Users/newon/source/repos/FastFsm/FastFsm.Tests/FastFsm.Tests.csproj]
     1>/mnt/c/Users/newon/source/repos/FastFsm/FastFsm.Tests/obj/GeneratedFiles/Generator/Generator.StateMachineGenerator/global__StateMachine.Tests.Features.Hsm.Runtime.ShallowHistoryTests.ShallowHistoryMachine.Generated.cs(55,44): warning CS0108: 'ShallowHistoryTests.ShallowHistoryMachine._lastActiveChild' hides inherited member 'StateMachineBase<ShallowHistoryTests.S, ShallowHistoryTests.T>._lastActiveChild'. Use the new keyword if hiding was intended. [/mnt/c/Users/newon/source/repos/FastFsm/FastFsm.Tests/FastFsm.Tests.csproj]
     1>/mnt/c/Users/newon/source/repos/FastFsm/FastFsm.Tests/obj/GeneratedFiles/Generator/Generator.StateMachineGenerator/global__StateMachine.Tests.Features.Hsm.Runtime.ShallowHistoryTests.ShallowHistoryMachine.Generated.cs(78,25): warning CS0108: 'ShallowHistoryTests.ShallowHistoryMachine.GetCompositeEntryTarget(int)' hides inherited member 'StateMachineBase<ShallowHistoryTests.S, ShallowHistoryTests.T>.GetCompositeEntryTarget(int)'. Use the new keyword if hiding was intended. [/mnt/c/Users/newon/source/repos/FastFsm/FastFsm.Tests/FastFsm.Tests.csproj]
     1>/mnt/c/Users/newon/source/repos/FastFsm/FastFsm.Tests/obj/GeneratedFiles/Generator/Generator.StateMachineGenerator/global__StateMachine.Tests.Features.Hsm.CompileTime.HsmAdditionalCompilationTests.HierarchyFlagNoHierarchyMachine.Generated.cs(30,39): warning CS0108: 'HsmAdditionalCompilationTests.HierarchyFlagNoHierarchyMachine.s_parent' hides inherited member 'StateMachineBase<HsmAdditionalCompilationTests.NH_State, HsmAdditionalCompilationTests.NH_Trigger>.s_parent'. Use the new keyword if hiding was intended. [/mnt/c/Users/newon/source/repos/FastFsm/FastFsm.Tests/FastFsm.Tests.csproj]
     1>/mnt/c/Users/newon/source/repos/FastFsm/FastFsm.Tests/obj/GeneratedFiles/Generator/Generator.StateMachineGenerator/global__StateMachine.Tests.Features.Hsm.CompileTime.HsmAdditionalCompilationTests.HierarchyFlagNoHierarchyMachine.Generated.cs(31,39): warning CS0108: 'HsmAdditionalCompilationTests.HierarchyFlagNoHierarchyMachine.s_depth' hides inherited member 'StateMachineBase<HsmAdditionalCompilationTests.NH_State, HsmAdditionalCompilationTests.NH_Trigger>.s_depth'. Use the new keyword if hiding was intended. [/mnt/c/Users/newon/source/repos/FastFsm/FastFsm.Tests/FastFsm.Tests.csproj]
     1>/mnt/c/Users/newon/source/repos/FastFsm/FastFsm.Tests/obj/GeneratedFiles/Generator/Generator.StateMachineGenerator/global__StateMachine.Tests.Features.Hsm.CompileTime.HsmAdditionalCompilationTests.HierarchyFlagNoHierarchyMachine.Generated.cs(32,39): warning CS0108: 'HsmAdditionalCompilationTests.HierarchyFlagNoHierarchyMachine.s_initialChild' hides inherited member 'StateMachineBase<HsmAdditionalCompilationTests.NH_State, HsmAdditionalCompilationTests.NH_Trigger>.s_initialChild'. Use the new keyword if hiding was intended. [/mnt/c/Users/newon/source/repos/FastFsm/FastFsm.Tests/FastFsm.Tests.csproj]
     1>/mnt/c/Users/newon/source/repos/FastFsm/FastFsm.Tests/obj/GeneratedFiles/Generator/Generator.StateMachineGenerator/global__StateMachine.Tests.Features.Hsm.CompileTime.HsmAdditionalCompilationTests.HierarchyFlagNoHierarchyMachine.Generated.cs(33,47): warning CS0108: 'HsmAdditionalCompilationTests.HierarchyFlagNoHierarchyMachine.s_history' hides inherited member 'StateMachineBase<HsmAdditionalCompilationTests.NH_State, HsmAdditionalCompilationTests.NH_Trigger>.s_history'. Use the new keyword if hiding was intended. [/mnt/c/Users/newon/source/repos/FastFsm/FastFsm.Tests/FastFsm.Tests.csproj]
     1>/mnt/c/Users/newon/source/repos/FastFsm/FastFsm.Tests/obj/GeneratedFiles/Generator/Generator.StateMachineGenerator/global__StateMachine.Tests.Features.Hsm.CompileTime.HsmAdditionalCompilationTests.HierarchyFlagNoHierarchyMachine.Generated.cs(41,44): warning CS0108: 'HsmAdditionalCompilationTests.HierarchyFlagNoHierarchyMachine._lastActiveChild' hides inherited member 'StateMachineBase<HsmAdditionalCompilationTests.NH_State, HsmAdditionalCompilationTests.NH_Trigger>._lastActiveChild'. Use the new keyword if hiding was intended. [/mnt/c/Users/newon/source/repos/FastFsm/FastFsm.Tests/FastFsm.Tests.csproj]
     1>/mnt/c/Users/newon/source/repos/FastFsm/FastFsm.Tests/obj/GeneratedFiles/Generator/Generator.StateMachineGenerator/global__StateMachine.Tests.Features.Hsm.CompileTime.HsmAdditionalCompilationTests.HierarchyFlagNoHierarchyMachine.Generated.cs(64,25): warning CS0108: 'HsmAdditionalCompilationTests.HierarchyFlagNoHierarchyMachine.GetCompositeEntryTarget(int)' hides inherited member 'StateMachineBase<HsmAdditionalCompilationTests.NH_State, HsmAdditionalCompilationTests.NH_Trigger>.GetCompositeEntryTarget(int)'. Use the new keyword if hiding was intended. [/mnt/c/Users/newon/source/repos/FastFsm/FastFsm.Tests/FastFsm.Tests.csproj]
     1>/mnt/c/Users/newon/source/repos/FastFsm/FastFsm.Tests/obj/GeneratedFiles/Generator/Generator.StateMachineGenerator/global__StateMachine.Tests.Features.Hsm.Runtime.InheritanceAndIntrospectionTests.InheritanceMachine.Generated.cs(30,39): warning CS0108: 'InheritanceAndIntrospectionTests.InheritanceMachine.s_parent' hides inherited member 'StateMachineBase<InheritanceAndIntrospectionTests.S, InheritanceAndIntrospectionTests.T>.s_parent'. Use the new keyword if hiding was intended. [/mnt/c/Users/newon/source/repos/FastFsm/FastFsm.Tests/FastFsm.Tests.csproj]
     1>/mnt/c/Users/newon/source/repos/FastFsm/FastFsm.Tests/obj/GeneratedFiles/Generator/Generator.StateMachineGenerator/global__StateMachine.Tests.Features.Hsm.Runtime.InheritanceAndIntrospectionTests.InheritanceMachine.Generated.cs(31,39): warning CS0108: 'InheritanceAndIntrospectionTests.InheritanceMachine.s_depth' hides inherited member 'StateMachineBase<InheritanceAndIntrospectionTests.S, InheritanceAndIntrospectionTests.T>.s_depth'. Use the new keyword if hiding was intended. [/mnt/c/Users/newon/source/repos/FastFsm/FastFsm.Tests/FastFsm.Tests.csproj]
     1>/mnt/c/Users/newon/source/repos/FastFsm/FastFsm.Tests/obj/GeneratedFiles/Generator/Generator.StateMachineGenerator/global__StateMachine.Tests.Features.Hsm.Runtime.InheritanceAndIntrospectionTests.InheritanceMachine.Generated.cs(32,39): warning CS0108: 'InheritanceAndIntrospectionTests.InheritanceMachine.s_initialChild' hides inherited member 'StateMachineBase<InheritanceAndIntrospectionTests.S, InheritanceAndIntrospectionTests.T>.s_initialChild'. Use the new keyword if hiding was intended. [/mnt/c/Users/newon/source/repos/FastFsm/FastFsm.Tests/FastFsm.Tests.csproj]
     1>/mnt/c/Users/newon/source/repos/FastFsm/FastFsm.Tests/obj/GeneratedFiles/Generator/Generator.StateMachineGenerator/global__StateMachine.Tests.Features.Hsm.Runtime.InheritanceAndIntrospectionTests.InheritanceMachine.Generated.cs(33,47): warning CS0108: 'InheritanceAndIntrospectionTests.InheritanceMachine.s_history' hides inherited member 'StateMachineBase<InheritanceAndIntrospectionTests.S, InheritanceAndIntrospectionTests.T>.s_history'. Use the new keyword if hiding was intended. [/mnt/c/Users/newon/source/repos/FastFsm/FastFsm.Tests/FastFsm.Tests.csproj]
     1>/mnt/c/Users/newon/source/repos/FastFsm/FastFsm.Tests/obj/GeneratedFiles/Generator/Generator.StateMachineGenerator/global__StateMachine.Tests.Features.Hsm.Runtime.InheritanceAndIntrospectionTests.InheritanceMachine.Generated.cs(47,44): warning CS0108: 'InheritanceAndIntrospectionTests.InheritanceMachine._lastActiveChild' hides inherited member 'StateMachineBase<InheritanceAndIntrospectionTests.S, InheritanceAndIntrospectionTests.T>._lastActiveChild'. Use the new keyword if hiding was intended. [/mnt/c/Users/newon/source/repos/FastFsm/FastFsm.Tests/FastFsm.Tests.csproj]
     1>/mnt/c/Users/newon/source/repos/FastFsm/FastFsm.Tests/obj/GeneratedFiles/Generator/Generator.StateMachineGenerator/global__StateMachine.Tests.Features.Hsm.Runtime.InheritanceAndIntrospectionTests.InheritanceMachine.Generated.cs(70,25): warning CS0108: 'InheritanceAndIntrospectionTests.InheritanceMachine.GetCompositeEntryTarget(int)' hides inherited member 'StateMachineBase<InheritanceAndIntrospectionTests.S, InheritanceAndIntrospectionTests.T>.GetCompositeEntryTarget(int)'. Use the new keyword if hiding was intended. [/mnt/c/Users/newon/source/repos/FastFsm/FastFsm.Tests/FastFsm.Tests.csproj]
     1>/mnt/c/Users/newon/source/repos/FastFsm/FastFsm.Tests/obj/GeneratedFiles/Generator/Generator.StateMachineGenerator/global__StateMachine.Tests.Features.Hsm.Runtime.InternalTransitionTests.InternalMachine.Generated.cs(32,39): warning CS0108: 'InternalTransitionTests.InternalMachine.s_parent' hides inherited member 'StateMachineBase<InternalTransitionTests.S, InternalTransitionTests.T>.s_parent'. Use the new keyword if hiding was intended. [/mnt/c/Users/newon/source/repos/FastFsm/FastFsm.Tests/FastFsm.Tests.csproj]
     1>/mnt/c/Users/newon/source/repos/FastFsm/FastFsm.Tests/obj/GeneratedFiles/Generator/Generator.StateMachineGenerator/global__StateMachine.Tests.Features.Hsm.Runtime.InternalTransitionTests.InternalMachine.Generated.cs(33,39): warning CS0108: 'InternalTransitionTests.InternalMachine.s_depth' hides inherited member 'StateMachineBase<InternalTransitionTests.S, InternalTransitionTests.T>.s_depth'. Use the new keyword if hiding was intended. [/mnt/c/Users/newon/source/repos/FastFsm/FastFsm.Tests/FastFsm.Tests.csproj]
     1>/mnt/c/Users/newon/source/repos/FastFsm/FastFsm.Tests/obj/GeneratedFiles/Generator/Generator.StateMachineGenerator/global__StateMachine.Tests.Features.Hsm.Runtime.InternalTransitionTests.InternalMachine.Generated.cs(34,39): warning CS0108: 'InternalTransitionTests.InternalMachine.s_initialChild' hides inherited member 'StateMachineBase<InternalTransitionTests.S, InternalTransitionTests.T>.s_initialChild'. Use the new keyword if hiding was intended. [/mnt/c/Users/newon/source/repos/FastFsm/FastFsm.Tests/FastFsm.Tests.csproj]
     1>/mnt/c/Users/newon/source/repos/FastFsm/FastFsm.Tests/obj/GeneratedFiles/Generator/Generator.StateMachineGenerator/global__StateMachine.Tests.Features.Hsm.Runtime.InternalTransitionTests.InternalMachine.Generated.cs(35,47): warning CS0108: 'InternalTransitionTests.InternalMachine.s_history' hides inherited member 'StateMachineBase<InternalTransitionTests.S, InternalTransitionTests.T>.s_history'. Use the new keyword if hiding was intended. [/mnt/c/Users/newon/source/repos/FastFsm/FastFsm.Tests/FastFsm.Tests.csproj]
     1>/mnt/c/Users/newon/source/repos/FastFsm/FastFsm.Tests/obj/GeneratedFiles/Generator/Generator.StateMachineGenerator/global__StateMachine.Tests.Features.Hsm.Runtime.InternalTransitionTests.InternalMachine.Generated.cs(43,44): warning CS0108: 'InternalTransitionTests.InternalMachine._lastActiveChild' hides inherited member 'StateMachineBase<InternalTransitionTests.S, InternalTransitionTests.T>._lastActiveChild'. Use the new keyword if hiding was intended. [/mnt/c/Users/newon/source/repos/FastFsm/FastFsm.Tests/FastFsm.Tests.csproj]
     1>/mnt/c/Users/newon/source/repos/FastFsm/FastFsm.Tests/obj/GeneratedFiles/Generator/Generator.StateMachineGenerator/global__StateMachine.Tests.Features.Hsm.Runtime.InternalTransitionTests.InternalMachine.Generated.cs(66,25): warning CS0108: 'InternalTransitionTests.InternalMachine.GetCompositeEntryTarget(int)' hides inherited member 'StateMachineBase<InternalTransitionTests.S, InternalTransitionTests.T>.GetCompositeEntryTarget(int)'. Use the new keyword if hiding was intended. [/mnt/c/Users/newon/source/repos/FastFsm/FastFsm.Tests/FastFsm.Tests.csproj]
     1>/mnt/c/Users/newon/source/repos/FastFsm/FastFsm.Tests/obj/GeneratedFiles/Generator/Generator.StateMachineGenerator/global__StateMachine.Tests.Features.Hsm.CompileTime.HsmParsingCompilationTests.SimpleParentChildMachine.Generated.cs(30,39): warning CS0108: 'HsmParsingCompilationTests.SimpleParentChildMachine.s_parent' hides inherited member 'StateMachineBase<HsmParsingCompilationTests.HsmState, HsmParsingCompilationTests.HsmTrigger>.s_parent'. Use the new keyword if hiding was intended. [/mnt/c/Users/newon/source/repos/FastFsm/FastFsm.Tests/FastFsm.Tests.csproj]
     1>/mnt/c/Users/newon/source/repos/FastFsm/FastFsm.Tests/obj/GeneratedFiles/Generator/Generator.StateMachineGenerator/global__StateMachine.Tests.Features.Hsm.CompileTime.HsmParsingCompilationTests.SimpleParentChildMachine.Generated.cs(31,39): warning CS0108: 'HsmParsingCompilationTests.SimpleParentChildMachine.s_depth' hides inherited member 'StateMachineBase<HsmParsingCompilationTests.HsmState, HsmParsingCompilationTests.HsmTrigger>.s_depth'. Use the new keyword if hiding was intended. [/mnt/c/Users/newon/source/repos/FastFsm/FastFsm.Tests/FastFsm.Tests.csproj]
     1>/mnt/c/Users/newon/source/repos/FastFsm/FastFsm.Tests/obj/GeneratedFiles/Generator/Generator.StateMachineGenerator/global__StateMachine.Tests.Features.Hsm.CompileTime.HsmParsingCompilationTests.SimpleParentChildMachine.Generated.cs(32,39): warning CS0108: 'HsmParsingCompilationTests.SimpleParentChildMachine.s_initialChild' hides inherited member 'StateMachineBase<HsmParsingCompilationTests.HsmState, HsmParsingCompilationTests.HsmTrigger>.s_initialChild'. Use the new keyword if hiding was intended. [/mnt/c/Users/newon/source/repos/FastFsm/FastFsm.Tests/FastFsm.Tests.csproj]
     1>/mnt/c/Users/newon/source/repos/FastFsm/FastFsm.Tests/obj/GeneratedFiles/Generator/Generator.StateMachineGenerator/global__StateMachine.Tests.Features.Hsm.CompileTime.HsmParsingCompilationTests.SimpleParentChildMachine.Generated.cs(33,47): warning CS0108: 'HsmParsingCompilationTests.SimpleParentChildMachine.s_history' hides inherited member 'StateMachineBase<HsmParsingCompilationTests.HsmState, HsmParsingCompilationTests.HsmTrigger>.s_history'. Use the new keyword if hiding was intended. [/mnt/c/Users/newon/source/repos/FastFsm/FastFsm.Tests/FastFsm.Tests.csproj]
     1>/mnt/c/Users/newon/source/repos/FastFsm/FastFsm.Tests/obj/GeneratedFiles/Generator/Generator.StateMachineGenerator/global__StateMachine.Tests.Features.Hsm.CompileTime.HsmParsingCompilationTests.SimpleParentChildMachine.Generated.cs(55,44): warning CS0108: 'HsmParsingCompilationTests.SimpleParentChildMachine._lastActiveChild' hides inherited member 'StateMachineBase<HsmParsingCompilationTests.HsmState, HsmParsingCompilationTests.HsmTrigger>._lastActiveChild'. Use the new keyword if hiding was intended. [/mnt/c/Users/newon/source/repos/FastFsm/FastFsm.Tests/FastFsm.Tests.csproj]
     1>/mnt/c/Users/newon/source/repos/FastFsm/FastFsm.Tests/obj/GeneratedFiles/Generator/Generator.StateMachineGenerator/global__StateMachine.Tests.Features.Hsm.CompileTime.HsmParsingCompilationTests.SimpleParentChildMachine.Generated.cs(78,25): warning CS0108: 'HsmParsingCompilationTests.SimpleParentChildMachine.GetCompositeEntryTarget(int)' hides inherited member 'StateMachineBase<HsmParsingCompilationTests.HsmState, HsmParsingCompilationTests.HsmTrigger>.GetCompositeEntryTarget(int)'. Use the new keyword if hiding was intended. [/mnt/c/Users/newon/source/repos/FastFsm/FastFsm.Tests/FastFsm.Tests.csproj]
     1>/mnt/c/Users/newon/source/repos/FastFsm/FastFsm.Tests/obj/GeneratedFiles/Generator/Generator.StateMachineGenerator/global__StateMachine.Tests.Features.Hsm.Runtime.DeepHistoryTests.DeepHistoryMachine.Generated.cs(30,39): warning CS0108: 'DeepHistoryTests.DeepHistoryMachine.s_parent' hides inherited member 'StateMachineBase<DeepHistoryTests.S, DeepHistoryTests.T>.s_parent'. Use the new keyword if hiding was intended. [/mnt/c/Users/newon/source/repos/FastFsm/FastFsm.Tests/FastFsm.Tests.csproj]
     1>/mnt/c/Users/newon/source/repos/FastFsm/FastFsm.Tests/obj/GeneratedFiles/Generator/Generator.StateMachineGenerator/global__StateMachine.Tests.Features.Hsm.Runtime.DeepHistoryTests.DeepHistoryMachine.Generated.cs(31,39): warning CS0108: 'DeepHistoryTests.DeepHistoryMachine.s_depth' hides inherited member 'StateMachineBase<DeepHistoryTests.S, DeepHistoryTests.T>.s_depth'. Use the new keyword if hiding was intended. [/mnt/c/Users/newon/source/repos/FastFsm/FastFsm.Tests/FastFsm.Tests.csproj]
     1>/mnt/c/Users/newon/source/repos/FastFsm/FastFsm.Tests/obj/GeneratedFiles/Generator/Generator.StateMachineGenerator/global__StateMachine.Tests.Features.Hsm.Runtime.DeepHistoryTests.DeepHistoryMachine.Generated.cs(32,39): warning CS0108: 'DeepHistoryTests.DeepHistoryMachine.s_initialChild' hides inherited member 'StateMachineBase<DeepHistoryTests.S, DeepHistoryTests.T>.s_initialChild'. Use the new keyword if hiding was intended. [/mnt/c/Users/newon/source/repos/FastFsm/FastFsm.Tests/FastFsm.Tests.csproj]
     1>/mnt/c/Users/newon/source/repos/FastFsm/FastFsm.Tests/obj/GeneratedFiles/Generator/Generator.StateMachineGenerator/global__StateMachine.Tests.Features.Hsm.Runtime.DeepHistoryTests.DeepHistoryMachine.Generated.cs(33,47): warning CS0108: 'DeepHistoryTests.DeepHistoryMachine.s_history' hides inherited member 'StateMachineBase<DeepHistoryTests.S, DeepHistoryTests.T>.s_history'. Use the new keyword if hiding was intended. [/mnt/c/Users/newon/source/repos/FastFsm/FastFsm.Tests/FastFsm.Tests.csproj]
     1>/mnt/c/Users/newon/source/repos/FastFsm/FastFsm.Tests/obj/GeneratedFiles/Generator/Generator.StateMachineGenerator/global__StateMachine.Tests.Features.Hsm.Runtime.DeepHistoryTests.DeepHistoryMachine.Generated.cs(47,44): warning CS0108: 'DeepHistoryTests.DeepHistoryMachine._lastActiveChild' hides inherited member 'StateMachineBase<DeepHistoryTests.S, DeepHistoryTests.T>._lastActiveChild'. Use the new keyword if hiding was intended. [/mnt/c/Users/newon/source/repos/FastFsm/FastFsm.Tests/FastFsm.Tests.csproj]
     1>/mnt/c/Users/newon/source/repos/FastFsm/FastFsm.Tests/obj/GeneratedFiles/Generator/Generator.StateMachineGenerator/global__StateMachine.Tests.Features.Hsm.Runtime.DeepHistoryTests.DeepHistoryMachine.Generated.cs(70,25): warning CS0108: 'DeepHistoryTests.DeepHistoryMachine.GetCompositeEntryTarget(int)' hides inherited member 'StateMachineBase<DeepHistoryTests.S, DeepHistoryTests.T>.GetCompositeEntryTarget(int)'. Use the new keyword if hiding was intended. [/mnt/c/Users/newon/source/repos/FastFsm/FastFsm.Tests/FastFsm.Tests.csproj]
     1>/mnt/c/Users/newon/source/repos/FastFsm/FastFsm.Tests/obj/GeneratedFiles/Generator/Generator.StateMachineGenerator/global__StateMachine.Tests.Features.Hsm.Runtime.ResolutionOrderTests.PriorityMachine.Generated.cs(32,39): warning CS0108: 'ResolutionOrderTests.PriorityMachine.s_parent' hides inherited member 'StateMachineBase<ResolutionOrderTests.S, ResolutionOrderTests.T>.s_parent'. Use the new keyword if hiding was intended. [/mnt/c/Users/newon/source/repos/FastFsm/FastFsm.Tests/FastFsm.Tests.csproj]
     1>/mnt/c/Users/newon/source/repos/FastFsm/FastFsm.Tests/obj/GeneratedFiles/Generator/Generator.StateMachineGenerator/global__StateMachine.Tests.Features.Hsm.Runtime.ResolutionOrderTests.PriorityMachine.Generated.cs(33,39): warning CS0108: 'ResolutionOrderTests.PriorityMachine.s_depth' hides inherited member 'StateMachineBase<ResolutionOrderTests.S, ResolutionOrderTests.T>.s_depth'. Use the new keyword if hiding was intended. [/mnt/c/Users/newon/source/repos/FastFsm/FastFsm.Tests/FastFsm.Tests.csproj]
     1>/mnt/c/Users/newon/source/repos/FastFsm/FastFsm.Tests/obj/GeneratedFiles/Generator/Generator.StateMachineGenerator/global__StateMachine.Tests.Features.Hsm.Runtime.ResolutionOrderTests.PriorityMachine.Generated.cs(34,39): warning CS0108: 'ResolutionOrderTests.PriorityMachine.s_initialChild' hides inherited member 'StateMachineBase<ResolutionOrderTests.S, ResolutionOrderTests.T>.s_initialChild'. Use the new keyword if hiding was intended. [/mnt/c/Users/newon/source/repos/FastFsm/FastFsm.Tests/FastFsm.Tests.csproj]
     1>/mnt/c/Users/newon/source/repos/FastFsm/FastFsm.Tests/obj/GeneratedFiles/Generator/Generator.StateMachineGenerator/global__StateMachine.Tests.Features.Hsm.Runtime.ResolutionOrderTests.PriorityMachine.Generated.cs(35,47): warning CS0108: 'ResolutionOrderTests.PriorityMachine.s_history' hides inherited member 'StateMachineBase<ResolutionOrderTests.S, ResolutionOrderTests.T>.s_history'. Use the new keyword if hiding was intended. [/mnt/c/Users/newon/source/repos/FastFsm/FastFsm.Tests/FastFsm.Tests.csproj]
     1>/mnt/c/Users/newon/source/repos/FastFsm/FastFsm.Tests/obj/GeneratedFiles/Generator/Generator.StateMachineGenerator/global__StateMachine.Tests.Features.Hsm.Runtime.ResolutionOrderTests.PriorityMachine.Generated.cs(43,44): warning CS0108: 'ResolutionOrderTests.PriorityMachine._lastActiveChild' hides inherited member 'StateMachineBase<ResolutionOrderTests.S, ResolutionOrderTests.T>._lastActiveChild'. Use the new keyword if hiding was intended. [/mnt/c/Users/newon/source/repos/FastFsm/FastFsm.Tests/FastFsm.Tests.csproj]
     1>/mnt/c/Users/newon/source/repos/FastFsm/FastFsm.Tests/obj/GeneratedFiles/Generator/Generator.StateMachineGenerator/global__StateMachine.Tests.Features.Hsm.Runtime.ResolutionOrderTests.PriorityMachine.Generated.cs(66,25): warning CS0108: 'ResolutionOrderTests.PriorityMachine.GetCompositeEntryTarget(int)' hides inherited member 'StateMachineBase<ResolutionOrderTests.S, ResolutionOrderTests.T>.GetCompositeEntryTarget(int)'. Use the new keyword if hiding was intended. [/mnt/c/Users/newon/source/repos/FastFsm/FastFsm.Tests/FastFsm.Tests.csproj]
     1>/mnt/c/Users/newon/source/repos/FastFsm/FastFsm.Tests/obj/GeneratedFiles/Generator/Generator.StateMachineGenerator/global__StateMachine.Tests.Features.Hsm.Runtime.ResolutionOrderTests.ChildOverridesMachine.Generated.cs(32,39): warning CS0108: 'ResolutionOrderTests.ChildOverridesMachine.s_parent' hides inherited member 'StateMachineBase<ResolutionOrderTests.S, ResolutionOrderTests.T>.s_parent'. Use the new keyword if hiding was intended. [/mnt/c/Users/newon/source/repos/FastFsm/FastFsm.Tests/FastFsm.Tests.csproj]
     1>/mnt/c/Users/newon/source/repos/FastFsm/FastFsm.Tests/obj/GeneratedFiles/Generator/Generator.StateMachineGenerator/global__StateMachine.Tests.Features.Hsm.Runtime.ResolutionOrderTests.ChildOverridesMachine.Generated.cs(33,39): warning CS0108: 'ResolutionOrderTests.ChildOverridesMachine.s_depth' hides inherited member 'StateMachineBase<ResolutionOrderTests.S, ResolutionOrderTests.T>.s_depth'. Use the new keyword if hiding was intended. [/mnt/c/Users/newon/source/repos/FastFsm/FastFsm.Tests/FastFsm.Tests.csproj]
     1>/mnt/c/Users/newon/source/repos/FastFsm/FastFsm.Tests/obj/GeneratedFiles/Generator/Generator.StateMachineGenerator/global__StateMachine.Tests.Features.Hsm.Runtime.ResolutionOrderTests.ChildOverridesMachine.Generated.cs(34,39): warning CS0108: 'ResolutionOrderTests.ChildOverridesMachine.s_initialChild' hides inherited member 'StateMachineBase<ResolutionOrderTests.S, ResolutionOrderTests.T>.s_initialChild'. Use the new keyword if hiding was intended. [/mnt/c/Users/newon/source/repos/FastFsm/FastFsm.Tests/FastFsm.Tests.csproj]
     1>/mnt/c/Users/newon/source/repos/FastFsm/FastFsm.Tests/obj/GeneratedFiles/Generator/Generator.StateMachineGenerator/global__StateMachine.Tests.Features.Hsm.Runtime.ResolutionOrderTests.ChildOverridesMachine.Generated.cs(35,47): warning CS0108: 'ResolutionOrderTests.ChildOverridesMachine.s_history' hides inherited member 'StateMachineBase<ResolutionOrderTests.S, ResolutionOrderTests.T>.s_history'. Use the new keyword if hiding was intended. [/mnt/c/Users/newon/source/repos/FastFsm/FastFsm.Tests/FastFsm.Tests.csproj]
     1>/mnt/c/Users/newon/source/repos/FastFsm/FastFsm.Tests/obj/GeneratedFiles/Generator/Generator.StateMachineGenerator/global__StateMachine.Tests.Features.Hsm.Runtime.ResolutionOrderTests.ChildOverridesMachine.Generated.cs(43,44): warning CS0108: 'ResolutionOrderTests.ChildOverridesMachine._lastActiveChild' hides inherited member 'StateMachineBase<ResolutionOrderTests.S, ResolutionOrderTests.T>._lastActiveChild'. Use the new keyword if hiding was intended. [/mnt/c/Users/newon/source/repos/FastFsm/FastFsm.Tests/FastFsm.Tests.csproj]
     1>/mnt/c/Users/newon/source/repos/FastFsm/FastFsm.Tests/obj/GeneratedFiles/Generator/Generator.StateMachineGenerator/global__StateMachine.Tests.Features.Hsm.Runtime.ResolutionOrderTests.ChildOverridesMachine.Generated.cs(66,25): warning CS0108: 'ResolutionOrderTests.ChildOverridesMachine.GetCompositeEntryTarget(int)' hides inherited member 'StateMachineBase<ResolutionOrderTests.S, ResolutionOrderTests.T>.GetCompositeEntryTarget(int)'. Use the new keyword if hiding was intended. [/mnt/c/Users/newon/source/repos/FastFsm/FastFsm.Tests/FastFsm.Tests.csproj]
     1>/mnt/c/Users/newon/source/repos/FastFsm/FastFsm.Tests/obj/GeneratedFiles/Generator/Generator.StateMachineGenerator/global__StateMachine.Tests.Features.Hsm.CompileTime.HsmParsingCompilationTests.DeepHierarchyMachine.Generated.cs(30,39): warning CS0108: 'HsmParsingCompilationTests.DeepHierarchyMachine.s_parent' hides inherited member 'StateMachineBase<HsmParsingCompilationTests.HsmState, HsmParsingCompilationTests.HsmTrigger>.s_parent'. Use the new keyword if hiding was intended. [/mnt/c/Users/newon/source/repos/FastFsm/FastFsm.Tests/FastFsm.Tests.csproj]
     1>/mnt/c/Users/newon/source/repos/FastFsm/FastFsm.Tests/obj/GeneratedFiles/Generator/Generator.StateMachineGenerator/global__StateMachine.Tests.Features.Hsm.CompileTime.HsmParsingCompilationTests.DeepHierarchyMachine.Generated.cs(31,39): warning CS0108: 'HsmParsingCompilationTests.DeepHierarchyMachine.s_depth' hides inherited member 'StateMachineBase<HsmParsingCompilationTests.HsmState, HsmParsingCompilationTests.HsmTrigger>.s_depth'. Use the new keyword if hiding was intended. [/mnt/c/Users/newon/source/repos/FastFsm/FastFsm.Tests/FastFsm.Tests.csproj]
     1>/mnt/c/Users/newon/source/repos/FastFsm/FastFsm.Tests/obj/GeneratedFiles/Generator/Generator.StateMachineGenerator/global__StateMachine.Tests.Features.Hsm.CompileTime.HsmParsingCompilationTests.DeepHierarchyMachine.Generated.cs(32,39): warning CS0108: 'HsmParsingCompilationTests.DeepHierarchyMachine.s_initialChild' hides inherited member 'StateMachineBase<HsmParsingCompilationTests.HsmState, HsmParsingCompilationTests.HsmTrigger>.s_initialChild'. Use the new keyword if hiding was intended. [/mnt/c/Users/newon/source/repos/FastFsm/FastFsm.Tests/FastFsm.Tests.csproj]
     1>/mnt/c/Users/newon/source/repos/FastFsm/FastFsm.Tests/obj/GeneratedFiles/Generator/Generator.StateMachineGenerator/global__StateMachine.Tests.Features.Hsm.CompileTime.HsmParsingCompilationTests.DeepHierarchyMachine.Generated.cs(33,47): warning CS0108: 'HsmParsingCompilationTests.DeepHierarchyMachine.s_history' hides inherited member 'StateMachineBase<HsmParsingCompilationTests.HsmState, HsmParsingCompilationTests.HsmTrigger>.s_history'. Use the new keyword if hiding was intended. [/mnt/c/Users/newon/source/repos/FastFsm/FastFsm.Tests/FastFsm.Tests.csproj]
     1>/mnt/c/Users/newon/source/repos/FastFsm/FastFsm.Tests/obj/GeneratedFiles/Generator/Generator.StateMachineGenerator/global__StateMachine.Tests.Features.Hsm.CompileTime.HsmParsingCompilationTests.DeepHierarchyMachine.Generated.cs(55,44): warning CS0108: 'HsmParsingCompilationTests.DeepHierarchyMachine._lastActiveChild' hides inherited member 'StateMachineBase<HsmParsingCompilationTests.HsmState, HsmParsingCompilationTests.HsmTrigger>._lastActiveChild'. Use the new keyword if hiding was intended. [/mnt/c/Users/newon/source/repos/FastFsm/FastFsm.Tests/FastFsm.Tests.csproj]
     1>/mnt/c/Users/newon/source/repos/FastFsm/FastFsm.Tests/obj/GeneratedFiles/Generator/Generator.StateMachineGenerator/global__StateMachine.Tests.Features.Hsm.CompileTime.HsmParsingCompilationTests.DeepHierarchyMachine.Generated.cs(78,25): warning CS0108: 'HsmParsingCompilationTests.DeepHierarchyMachine.GetCompositeEntryTarget(int)' hides inherited member 'StateMachineBase<HsmParsingCompilationTests.HsmState, HsmParsingCompilationTests.HsmTrigger>.GetCompositeEntryTarget(int)'. Use the new keyword if hiding was intended. [/mnt/c/Users/newon/source/repos/FastFsm/FastFsm.Tests/FastFsm.Tests.csproj]
     1>/mnt/c/Users/newon/source/repos/FastFsm/FastFsm.Tests/obj/GeneratedFiles/Generator/Generator.StateMachineGenerator/global__StateMachine.Tests.Features.Hsm.CompileTime.HsmParsingCompilationTests.ShallowHistoryMachine.Generated.cs(30,39): warning CS0108: 'HsmParsingCompilationTests.ShallowHistoryMachine.s_parent' hides inherited member 'StateMachineBase<HsmParsingCompilationTests.HsmState, HsmParsingCompilationTests.HsmTrigger>.s_parent'. Use the new keyword if hiding was intended. [/mnt/c/Users/newon/source/repos/FastFsm/FastFsm.Tests/FastFsm.Tests.csproj]
     1>/mnt/c/Users/newon/source/repos/FastFsm/FastFsm.Tests/obj/GeneratedFiles/Generator/Generator.StateMachineGenerator/global__StateMachine.Tests.Features.Hsm.CompileTime.HsmParsingCompilationTests.ShallowHistoryMachine.Generated.cs(31,39): warning CS0108: 'HsmParsingCompilationTests.ShallowHistoryMachine.s_depth' hides inherited member 'StateMachineBase<HsmParsingCompilationTests.HsmState, HsmParsingCompilationTests.HsmTrigger>.s_depth'. Use the new keyword if hiding was intended. [/mnt/c/Users/newon/source/repos/FastFsm/FastFsm.Tests/FastFsm.Tests.csproj]
     1>/mnt/c/Users/newon/source/repos/FastFsm/FastFsm.Tests/obj/GeneratedFiles/Generator/Generator.StateMachineGenerator/global__StateMachine.Tests.Features.Hsm.CompileTime.HsmParsingCompilationTests.ShallowHistoryMachine.Generated.cs(32,39): warning CS0108: 'HsmParsingCompilationTests.ShallowHistoryMachine.s_initialChild' hides inherited member 'StateMachineBase<HsmParsingCompilationTests.HsmState, HsmParsingCompilationTests.HsmTrigger>.s_initialChild'. Use the new keyword if hiding was intended. [/mnt/c/Users/newon/source/repos/FastFsm/FastFsm.Tests/FastFsm.Tests.csproj]
     1>/mnt/c/Users/newon/source/repos/FastFsm/FastFsm.Tests/obj/GeneratedFiles/Generator/Generator.StateMachineGenerator/global__StateMachine.Tests.Features.Hsm.CompileTime.HsmParsingCompilationTests.ShallowHistoryMachine.Generated.cs(33,47): warning CS0108: 'HsmParsingCompilationTests.ShallowHistoryMachine.s_history' hides inherited member 'StateMachineBase<HsmParsingCompilationTests.HsmState, HsmParsingCompilationTests.HsmTrigger>.s_history'. Use the new keyword if hiding was intended. [/mnt/c/Users/newon/source/repos/FastFsm/FastFsm.Tests/FastFsm.Tests.csproj]
     1>/mnt/c/Users/newon/source/repos/FastFsm/FastFsm.Tests/obj/GeneratedFiles/Generator/Generator.StateMachineGenerator/global__StateMachine.Tests.Features.Hsm.CompileTime.HsmParsingCompilationTests.ShallowHistoryMachine.Generated.cs(43,44): warning CS0108: 'HsmParsingCompilationTests.ShallowHistoryMachine._lastActiveChild' hides inherited member 'StateMachineBase<HsmParsingCompilationTests.HsmState, HsmParsingCompilationTests.HsmTrigger>._lastActiveChild'. Use the new keyword if hiding was intended. [/mnt/c/Users/newon/source/repos/FastFsm/FastFsm.Tests/FastFsm.Tests.csproj]
     1>/mnt/c/Users/newon/source/repos/FastFsm/FastFsm.Tests/obj/GeneratedFiles/Generator/Generator.StateMachineGenerator/global__StateMachine.Tests.Features.Hsm.CompileTime.HsmParsingCompilationTests.ShallowHistoryMachine.Generated.cs(66,25): warning CS0108: 'HsmParsingCompilationTests.ShallowHistoryMachine.GetCompositeEntryTarget(int)' hides inherited member 'StateMachineBase<HsmParsingCompilationTests.HsmState, HsmParsingCompilationTests.HsmTrigger>.GetCompositeEntryTarget(int)'. Use the new keyword if hiding was intended. [/mnt/c/Users/newon/source/repos/FastFsm/FastFsm.Tests/FastFsm.Tests.csproj]
     1>/mnt/c/Users/newon/source/repos/FastFsm/FastFsm.Tests/obj/GeneratedFiles/Generator/Generator.StateMachineGenerator/global__StateMachine.Tests.Features.Hsm.CompileTime.HsmParsingCompilationTests.DeepHistoryMachine.Generated.cs(30,39): warning CS0108: 'HsmParsingCompilationTests.DeepHistoryMachine.s_parent' hides inherited member 'StateMachineBase<HsmParsingCompilationTests.HsmState, HsmParsingCompilationTests.HsmTrigger>.s_parent'. Use the new keyword if hiding was intended. [/mnt/c/Users/newon/source/repos/FastFsm/FastFsm.Tests/FastFsm.Tests.csproj]
     1>/mnt/c/Users/newon/source/repos/FastFsm/FastFsm.Tests/obj/GeneratedFiles/Generator/Generator.StateMachineGenerator/global__StateMachine.Tests.Features.Hsm.CompileTime.HsmParsingCompilationTests.DeepHistoryMachine.Generated.cs(31,39): warning CS0108: 'HsmParsingCompilationTests.DeepHistoryMachine.s_depth' hides inherited member 'StateMachineBase<HsmParsingCompilationTests.HsmState, HsmParsingCompilationTests.HsmTrigger>.s_depth'. Use the new keyword if hiding was intended. [/mnt/c/Users/newon/source/repos/FastFsm/FastFsm.Tests/FastFsm.Tests.csproj]
     1>/mnt/c/Users/newon/source/repos/FastFsm/FastFsm.Tests/obj/GeneratedFiles/Generator/Generator.StateMachineGenerator/global__StateMachine.Tests.Features.Hsm.CompileTime.HsmParsingCompilationTests.DeepHistoryMachine.Generated.cs(32,39): warning CS0108: 'HsmParsingCompilationTests.DeepHistoryMachine.s_initialChild' hides inherited member 'StateMachineBase<HsmParsingCompilationTests.HsmState, HsmParsingCompilationTests.HsmTrigger>.s_initialChild'. Use the new keyword if hiding was intended. [/mnt/c/Users/newon/source/repos/FastFsm/FastFsm.Tests/FastFsm.Tests.csproj]
     1>/mnt/c/Users/newon/source/repos/FastFsm/FastFsm.Tests/obj/GeneratedFiles/Generator/Generator.StateMachineGenerator/global__StateMachine.Tests.Features.Hsm.CompileTime.HsmParsingCompilationTests.DeepHistoryMachine.Generated.cs(33,47): warning CS0108: 'HsmParsingCompilationTests.DeepHistoryMachine.s_history' hides inherited member 'StateMachineBase<HsmParsingCompilationTests.HsmState, HsmParsingCompilationTests.HsmTrigger>.s_history'. Use the new keyword if hiding was intended. [/mnt/c/Users/newon/source/repos/FastFsm/FastFsm.Tests/FastFsm.Tests.csproj]
     1>/mnt/c/Users/newon/source/repos/FastFsm/FastFsm.Tests/obj/GeneratedFiles/Generator/Generator.StateMachineGenerator/global__StateMachine.Tests.Features.Hsm.CompileTime.HsmParsingCompilationTests.DeepHistoryMachine.Generated.cs(41,44): warning CS0108: 'HsmParsingCompilationTests.DeepHistoryMachine._lastActiveChild' hides inherited member 'StateMachineBase<HsmParsingCompilationTests.HsmState, HsmParsingCompilationTests.HsmTrigger>._lastActiveChild'. Use the new keyword if hiding was intended. [/mnt/c/Users/newon/source/repos/FastFsm/FastFsm.Tests/FastFsm.Tests.csproj]
     1>/mnt/c/Users/newon/source/repos/FastFsm/FastFsm.Tests/obj/GeneratedFiles/Generator/Generator.StateMachineGenerator/global__StateMachine.Tests.Features.Hsm.CompileTime.HsmParsingCompilationTests.DeepHistoryMachine.Generated.cs(64,25): warning CS0108: 'HsmParsingCompilationTests.DeepHistoryMachine.GetCompositeEntryTarget(int)' hides inherited member 'StateMachineBase<HsmParsingCompilationTests.HsmState, HsmParsingCompilationTests.HsmTrigger>.GetCompositeEntryTarget(int)'. Use the new keyword if hiding was intended. [/mnt/c/Users/newon/source/repos/FastFsm/FastFsm.Tests/FastFsm.Tests.csproj]
     1>/mnt/c/Users/newon/source/repos/FastFsm/FastFsm.Tests/obj/GeneratedFiles/Generator/Generator.StateMachineGenerator/global__StateMachine.Tests.Features.Hsm.CompileTime.HsmParsingCompilationTests.PriorityTransitionMachine.Generated.cs(32,39): warning CS0108: 'HsmParsingCompilationTests.PriorityTransitionMachine.s_parent' hides inherited member 'StateMachineBase<HsmParsingCompilationTests.HsmState, HsmParsingCompilationTests.HsmTrigger>.s_parent'. Use the new keyword if hiding was intended. [/mnt/c/Users/newon/source/repos/FastFsm/FastFsm.Tests/FastFsm.Tests.csproj]
     1>/mnt/c/Users/newon/source/repos/FastFsm/FastFsm.Tests/obj/GeneratedFiles/Generator/Generator.StateMachineGenerator/global__StateMachine.Tests.Features.Hsm.CompileTime.HsmParsingCompilationTests.PriorityTransitionMachine.Generated.cs(33,39): warning CS0108: 'HsmParsingCompilationTests.PriorityTransitionMachine.s_depth' hides inherited member 'StateMachineBase<HsmParsingCompilationTests.HsmState, HsmParsingCompilationTests.HsmTrigger>.s_depth'. Use the new keyword if hiding was intended. [/mnt/c/Users/newon/source/repos/FastFsm/FastFsm.Tests/FastFsm.Tests.csproj]
     1>/mnt/c/Users/newon/source/repos/FastFsm/FastFsm.Tests/obj/GeneratedFiles/Generator/Generator.StateMachineGenerator/global__StateMachine.Tests.Features.Hsm.CompileTime.HsmParsingCompilationTests.PriorityTransitionMachine.Generated.cs(34,39): warning CS0108: 'HsmParsingCompilationTests.PriorityTransitionMachine.s_initialChild' hides inherited member 'StateMachineBase<HsmParsingCompilationTests.HsmState, HsmParsingCompilationTests.HsmTrigger>.s_initialChild'. Use the new keyword if hiding was intended. [/mnt/c/Users/newon/source/repos/FastFsm/FastFsm.Tests/FastFsm.Tests.csproj]
     1>/mnt/c/Users/newon/source/repos/FastFsm/FastFsm.Tests/obj/GeneratedFiles/Generator/Generator.StateMachineGenerator/global__StateMachine.Tests.Features.Hsm.CompileTime.HsmParsingCompilationTests.PriorityTransitionMachine.Generated.cs(35,47): warning CS0108: 'HsmParsingCompilationTests.PriorityTransitionMachine.s_history' hides inherited member 'StateMachineBase<HsmParsingCompilationTests.HsmState, HsmParsingCompilationTests.HsmTrigger>.s_history'. Use the new keyword if hiding was intended. [/mnt/c/Users/newon/source/repos/FastFsm/FastFsm.Tests/FastFsm.Tests.csproj]
     1>/mnt/c/Users/newon/source/repos/FastFsm/FastFsm.Tests/obj/GeneratedFiles/Generator/Generator.StateMachineGenerator/global__StateMachine.Tests.Features.Hsm.CompileTime.HsmParsingCompilationTests.PriorityTransitionMachine.Generated.cs(45,44): warning CS0108: 'HsmParsingCompilationTests.PriorityTransitionMachine._lastActiveChild' hides inherited member 'StateMachineBase<HsmParsingCompilationTests.HsmState, HsmParsingCompilationTests.HsmTrigger>._lastActiveChild'. Use the new keyword if hiding was intended. [/mnt/c/Users/newon/source/repos/FastFsm/FastFsm.Tests/FastFsm.Tests.csproj]
     1>/mnt/c/Users/newon/source/repos/FastFsm/FastFsm.Tests/obj/GeneratedFiles/Generator/Generator.StateMachineGenerator/global__StateMachine.Tests.Features.Hsm.CompileTime.HsmParsingCompilationTests.PriorityTransitionMachine.Generated.cs(68,25): warning CS0108: 'HsmParsingCompilationTests.PriorityTransitionMachine.GetCompositeEntryTarget(int)' hides inherited member 'StateMachineBase<HsmParsingCompilationTests.HsmState, HsmParsingCompilationTests.HsmTrigger>.GetCompositeEntryTarget(int)'. Use the new keyword if hiding was intended. [/mnt/c/Users/newon/source/repos/FastFsm/FastFsm.Tests/FastFsm.Tests.csproj]
     1>/mnt/c/Users/newon/source/repos/FastFsm/FastFsm.Tests/obj/GeneratedFiles/Generator/Generator.StateMachineGenerator/global__StateMachine.Tests.Features.Hsm.CompileTime.HsmParsingCompilationTests.InternalTransitionMachine.Generated.cs(34,39): warning CS0108: 'HsmParsingCompilationTests.InternalTransitionMachine.s_parent' hides inherited member 'StateMachineBase<HsmParsingCompilationTests.HsmState, HsmParsingCompilationTests.HsmTrigger>.s_parent'. Use the new keyword if hiding was intended. [/mnt/c/Users/newon/source/repos/FastFsm/FastFsm.Tests/FastFsm.Tests.csproj]
     1>/mnt/c/Users/newon/source/repos/FastFsm/FastFsm.Tests/obj/GeneratedFiles/Generator/Generator.StateMachineGenerator/global__StateMachine.Tests.Features.Hsm.CompileTime.HsmParsingCompilationTests.InternalTransitionMachine.Generated.cs(35,39): warning CS0108: 'HsmParsingCompilationTests.InternalTransitionMachine.s_depth' hides inherited member 'StateMachineBase<HsmParsingCompilationTests.HsmState, HsmParsingCompilationTests.HsmTrigger>.s_depth'. Use the new keyword if hiding was intended. [/mnt/c/Users/newon/source/repos/FastFsm/FastFsm.Tests/FastFsm.Tests.csproj]
     1>/mnt/c/Users/newon/source/repos/FastFsm/FastFsm.Tests/obj/GeneratedFiles/Generator/Generator.StateMachineGenerator/global__StateMachine.Tests.Features.Hsm.CompileTime.HsmParsingCompilationTests.InternalTransitionMachine.Generated.cs(36,39): warning CS0108: 'HsmParsingCompilationTests.InternalTransitionMachine.s_initialChild' hides inherited member 'StateMachineBase<HsmParsingCompilationTests.HsmState, HsmParsingCompilationTests.HsmTrigger>.s_initialChild'. Use the new keyword if hiding was intended. [/mnt/c/Users/newon/source/repos/FastFsm/FastFsm.Tests/FastFsm.Tests.csproj]
     1>/mnt/c/Users/newon/source/repos/FastFsm/FastFsm.Tests/obj/GeneratedFiles/Generator/Generator.StateMachineGenerator/global__StateMachine.Tests.Features.Hsm.CompileTime.HsmParsingCompilationTests.InternalTransitionMachine.Generated.cs(37,47): warning CS0108: 'HsmParsingCompilationTests.InternalTransitionMachine.s_history' hides inherited member 'StateMachineBase<HsmParsingCompilationTests.HsmState, HsmParsingCompilationTests.HsmTrigger>.s_history'. Use the new keyword if hiding was intended. [/mnt/c/Users/newon/source/repos/FastFsm/FastFsm.Tests/FastFsm.Tests.csproj]
     1>/mnt/c/Users/newon/source/repos/FastFsm/FastFsm.Tests/obj/GeneratedFiles/Generator/Generator.StateMachineGenerator/global__StateMachine.Tests.Features.Hsm.CompileTime.HsmParsingCompilationTests.InternalTransitionMachine.Generated.cs(51,44): warning CS0108: 'HsmParsingCompilationTests.InternalTransitionMachine._lastActiveChild' hides inherited member 'StateMachineBase<HsmParsingCompilationTests.HsmState, HsmParsingCompilationTests.HsmTrigger>._lastActiveChild'. Use the new keyword if hiding was intended. [/mnt/c/Users/newon/source/repos/FastFsm/FastFsm.Tests/FastFsm.Tests.csproj]
     1>/mnt/c/Users/newon/source/repos/FastFsm/FastFsm.Tests/obj/GeneratedFiles/Generator/Generator.StateMachineGenerator/global__StateMachine.Tests.Features.Hsm.CompileTime.HsmParsingCompilationTests.InternalTransitionMachine.Generated.cs(74,25): warning CS0108: 'HsmParsingCompilationTests.InternalTransitionMachine.GetCompositeEntryTarget(int)' hides inherited member 'StateMachineBase<HsmParsingCompilationTests.HsmState, HsmParsingCompilationTests.HsmTrigger>.GetCompositeEntryTarget(int)'. Use the new keyword if hiding was intended. [/mnt/c/Users/newon/source/repos/FastFsm/FastFsm.Tests/FastFsm.Tests.csproj]
     1>/mnt/c/Users/newon/source/repos/FastFsm/FastFsm.Tests/obj/GeneratedFiles/Generator/Generator.StateMachineGenerator/global__StateMachine.Tests.Features.Hsm.CompileTime.HsmParsingCompilationTests.CrossHierarchyMachine.Generated.cs(30,39): warning CS0108: 'HsmParsingCompilationTests.CrossHierarchyMachine.s_parent' hides inherited member 'StateMachineBase<HsmParsingCompilationTests.HsmState, HsmParsingCompilationTests.HsmTrigger>.s_parent'. Use the new keyword if hiding was intended. [/mnt/c/Users/newon/source/repos/FastFsm/FastFsm.Tests/FastFsm.Tests.csproj]
     1>/mnt/c/Users/newon/source/repos/FastFsm/FastFsm.Tests/obj/GeneratedFiles/Generator/Generator.StateMachineGenerator/global__StateMachine.Tests.Features.Hsm.CompileTime.HsmParsingCompilationTests.CrossHierarchyMachine.Generated.cs(31,39): warning CS0108: 'HsmParsingCompilationTests.CrossHierarchyMachine.s_depth' hides inherited member 'StateMachineBase<HsmParsingCompilationTests.HsmState, HsmParsingCompilationTests.HsmTrigger>.s_depth'. Use the new keyword if hiding was intended. [/mnt/c/Users/newon/source/repos/FastFsm/FastFsm.Tests/FastFsm.Tests.csproj]
     1>/mnt/c/Users/newon/source/repos/FastFsm/FastFsm.Tests/obj/GeneratedFiles/Generator/Generator.StateMachineGenerator/global__StateMachine.Tests.Features.Hsm.CompileTime.HsmParsingCompilationTests.CrossHierarchyMachine.Generated.cs(32,39): warning CS0108: 'HsmParsingCompilationTests.CrossHierarchyMachine.s_initialChild' hides inherited member 'StateMachineBase<HsmParsingCompilationTests.HsmState, HsmParsingCompilationTests.HsmTrigger>.s_initialChild'. Use the new keyword if hiding was intended. [/mnt/c/Users/newon/source/repos/FastFsm/FastFsm.Tests/FastFsm.Tests.csproj]
     1>/mnt/c/Users/newon/source/repos/FastFsm/FastFsm.Tests/obj/GeneratedFiles/Generator/Generator.StateMachineGenerator/global__StateMachine.Tests.Features.Hsm.CompileTime.HsmParsingCompilationTests.CrossHierarchyMachine.Generated.cs(33,47): warning CS0108: 'HsmParsingCompilationTests.CrossHierarchyMachine.s_history' hides inherited member 'StateMachineBase<HsmParsingCompilationTests.HsmState, HsmParsingCompilationTests.HsmTrigger>.s_history'. Use the new keyword if hiding was intended. [/mnt/c/Users/newon/source/repos/FastFsm/FastFsm.Tests/FastFsm.Tests.csproj]
     1>/mnt/c/Users/newon/source/repos/FastFsm/FastFsm.Tests/obj/GeneratedFiles/Generator/Generator.StateMachineGenerator/global__StateMachine.Tests.Features.Hsm.CompileTime.HsmParsingCompilationTests.CrossHierarchyMachine.Generated.cs(41,44): warning CS0108: 'HsmParsingCompilationTests.CrossHierarchyMachine._lastActiveChild' hides inherited member 'StateMachineBase<HsmParsingCompilationTests.HsmState, HsmParsingCompilationTests.HsmTrigger>._lastActiveChild'. Use the new keyword if hiding was intended. [/mnt/c/Users/newon/source/repos/FastFsm/FastFsm.Tests/FastFsm.Tests.csproj]
     1>/mnt/c/Users/newon/source/repos/FastFsm/FastFsm.Tests/obj/GeneratedFiles/Generator/Generator.StateMachineGenerator/global__StateMachine.Tests.Features.Hsm.CompileTime.HsmParsingCompilationTests.CrossHierarchyMachine.Generated.cs(64,25): warning CS0108: 'HsmParsingCompilationTests.CrossHierarchyMachine.GetCompositeEntryTarget(int)' hides inherited member 'StateMachineBase<HsmParsingCompilationTests.HsmState, HsmParsingCompilationTests.HsmTrigger>.GetCompositeEntryTarget(int)'. Use the new keyword if hiding was intended. [/mnt/c/Users/newon/source/repos/FastFsm/FastFsm.Tests/FastFsm.Tests.csproj]
     1>/mnt/c/Users/newon/source/repos/FastFsm/FastFsm.Tests/obj/GeneratedFiles/Generator/Generator.StateMachineGenerator/global__StateMachine.Tests.Features.Hsm.CompileTime.HsmParsingCompilationTests.ComplexMixedScenarioMachine.Generated.cs(32,39): warning CS0108: 'HsmParsingCompilationTests.ComplexMixedScenarioMachine.s_parent' hides inherited member 'StateMachineBase<HsmParsingCompilationTests.HsmState, HsmParsingCompilationTests.HsmTrigger>.s_parent'. Use the new keyword if hiding was intended. [/mnt/c/Users/newon/source/repos/FastFsm/FastFsm.Tests/FastFsm.Tests.csproj]
     1>/mnt/c/Users/newon/source/repos/FastFsm/FastFsm.Tests/obj/GeneratedFiles/Generator/Generator.StateMachineGenerator/global__StateMachine.Tests.Features.Hsm.CompileTime.HsmParsingCompilationTests.ComplexMixedScenarioMachine.Generated.cs(33,39): warning CS0108: 'HsmParsingCompilationTests.ComplexMixedScenarioMachine.s_depth' hides inherited member 'StateMachineBase<HsmParsingCompilationTests.HsmState, HsmParsingCompilationTests.HsmTrigger>.s_depth'. Use the new keyword if hiding was intended. [/mnt/c/Users/newon/source/repos/FastFsm/FastFsm.Tests/FastFsm.Tests.csproj]
     1>/mnt/c/Users/newon/source/repos/FastFsm/FastFsm.Tests/obj/GeneratedFiles/Generator/Generator.StateMachineGenerator/global__StateMachine.Tests.Features.Hsm.CompileTime.HsmParsingCompilationTests.ComplexMixedScenarioMachine.Generated.cs(34,39): warning CS0108: 'HsmParsingCompilationTests.ComplexMixedScenarioMachine.s_initialChild' hides inherited member 'StateMachineBase<HsmParsingCompilationTests.HsmState, HsmParsingCompilationTests.HsmTrigger>.s_initialChild'. Use the new keyword if hiding was intended. [/mnt/c/Users/newon/source/repos/FastFsm/FastFsm.Tests/FastFsm.Tests.csproj]
     1>/mnt/c/Users/newon/source/repos/FastFsm/FastFsm.Tests/obj/GeneratedFiles/Generator/Generator.StateMachineGenerator/global__StateMachine.Tests.Features.Hsm.CompileTime.HsmParsingCompilationTests.ComplexMixedScenarioMachine.Generated.cs(35,47): warning CS0108: 'HsmParsingCompilationTests.ComplexMixedScenarioMachine.s_history' hides inherited member 'StateMachineBase<HsmParsingCompilationTests.HsmState, HsmParsingCompilationTests.HsmTrigger>.s_history'. Use the new keyword if hiding was intended. [/mnt/c/Users/newon/source/repos/FastFsm/FastFsm.Tests/FastFsm.Tests.csproj]
     1>/mnt/c/Users/newon/source/repos/FastFsm/FastFsm.Tests/obj/GeneratedFiles/Generator/Generator.StateMachineGenerator/global__StateMachine.Tests.Features.Hsm.CompileTime.HsmParsingCompilationTests.ComplexMixedScenarioMachine.Generated.cs(45,44): warning CS0108: 'HsmParsingCompilationTests.ComplexMixedScenarioMachine._lastActiveChild' hides inherited member 'StateMachineBase<HsmParsingCompilationTests.HsmState, HsmParsingCompilationTests.HsmTrigger>._lastActiveChild'. Use the new keyword if hiding was intended. [/mnt/c/Users/newon/source/repos/FastFsm/FastFsm.Tests/FastFsm.Tests.csproj]
     1>/mnt/c/Users/newon/source/repos/FastFsm/FastFsm.Tests/obj/GeneratedFiles/Generator/Generator.StateMachineGenerator/global__StateMachine.Tests.Features.Hsm.CompileTime.HsmParsingCompilationTests.ComplexMixedScenarioMachine.Generated.cs(68,25): warning CS0108: 'HsmParsingCompilationTests.ComplexMixedScenarioMachine.GetCompositeEntryTarget(int)' hides inherited member 'StateMachineBase<HsmParsingCompilationTests.HsmState, HsmParsingCompilationTests.HsmTrigger>.GetCompositeEntryTarget(int)'. Use the new keyword if hiding was intended. [/mnt/c/Users/newon/source/repos/FastFsm/FastFsm.Tests/FastFsm.Tests.csproj]
     1>/mnt/c/Users/newon/source/repos/FastFsm/FastFsm.Tests/obj/GeneratedFiles/Generator/Generator.StateMachineGenerator/global__StateMachine.Tests.Features.Hsm.CompileTime.HsmParsingCompilationTests.InitialStateMachine.Generated.cs(30,39): warning CS0108: 'HsmParsingCompilationTests.InitialStateMachine.s_parent' hides inherited member 'StateMachineBase<HsmParsingCompilationTests.HsmState, HsmParsingCompilationTests.HsmTrigger>.s_parent'. Use the new keyword if hiding was intended. [/mnt/c/Users/newon/source/repos/FastFsm/FastFsm.Tests/FastFsm.Tests.csproj]
     1>/mnt/c/Users/newon/source/repos/FastFsm/FastFsm.Tests/obj/GeneratedFiles/Generator/Generator.StateMachineGenerator/global__StateMachine.Tests.Features.Hsm.CompileTime.HsmParsingCompilationTests.InitialStateMachine.Generated.cs(31,39): warning CS0108: 'HsmParsingCompilationTests.InitialStateMachine.s_depth' hides inherited member 'StateMachineBase<HsmParsingCompilationTests.HsmState, HsmParsingCompilationTests.HsmTrigger>.s_depth'. Use the new keyword if hiding was intended. [/mnt/c/Users/newon/source/repos/FastFsm/FastFsm.Tests/FastFsm.Tests.csproj]
     1>/mnt/c/Users/newon/source/repos/FastFsm/FastFsm.Tests/obj/GeneratedFiles/Generator/Generator.StateMachineGenerator/global__StateMachine.Tests.Features.Hsm.CompileTime.HsmParsingCompilationTests.InitialStateMachine.Generated.cs(32,39): warning CS0108: 'HsmParsingCompilationTests.InitialStateMachine.s_initialChild' hides inherited member 'StateMachineBase<HsmParsingCompilationTests.HsmState, HsmParsingCompilationTests.HsmTrigger>.s_initialChild'. Use the new keyword if hiding was intended. [/mnt/c/Users/newon/source/repos/FastFsm/FastFsm.Tests/FastFsm.Tests.csproj]
     1>/mnt/c/Users/newon/source/repos/FastFsm/FastFsm.Tests/obj/GeneratedFiles/Generator/Generator.StateMachineGenerator/global__StateMachine.Tests.Features.Hsm.CompileTime.HsmParsingCompilationTests.InitialStateMachine.Generated.cs(33,47): warning CS0108: 'HsmParsingCompilationTests.InitialStateMachine.s_history' hides inherited member 'StateMachineBase<HsmParsingCompilationTests.HsmState, HsmParsingCompilationTests.HsmTrigger>.s_history'. Use the new keyword if hiding was intended. [/mnt/c/Users/newon/source/repos/FastFsm/FastFsm.Tests/FastFsm.Tests.csproj]
     1>/mnt/c/Users/newon/source/repos/FastFsm/FastFsm.Tests/obj/GeneratedFiles/Generator/Generator.StateMachineGenerator/global__StateMachine.Tests.Features.Hsm.CompileTime.HsmParsingCompilationTests.InitialStateMachine.Generated.cs(36,44): warning CS0108: 'HsmParsingCompilationTests.InitialStateMachine._lastActiveChild' hides inherited member 'StateMachineBase<HsmParsingCompilationTests.HsmState, HsmParsingCompilationTests.HsmTrigger>._lastActiveChild'. Use the new keyword if hiding was intended. [/mnt/c/Users/newon/source/repos/FastFsm/FastFsm.Tests/FastFsm.Tests.csproj]
     1>/mnt/c/Users/newon/source/repos/FastFsm/FastFsm.Tests/obj/GeneratedFiles/Generator/Generator.StateMachineGenerator/global__StateMachine.Tests.Features.Hsm.CompileTime.HsmParsingCompilationTests.InitialStateMachine.Generated.cs(59,25): warning CS0108: 'HsmParsingCompilationTests.InitialStateMachine.GetCompositeEntryTarget(int)' hides inherited member 'StateMachineBase<HsmParsingCompilationTests.HsmState, HsmParsingCompilationTests.HsmTrigger>.GetCompositeEntryTarget(int)'. Use the new keyword if hiding was intended. [/mnt/c/Users/newon/source/repos/FastFsm/FastFsm.Tests/FastFsm.Tests.csproj]
     1>/mnt/c/Users/newon/source/repos/FastFsm/FastFsm.Tests/obj/GeneratedFiles/Generator/Generator.StateMachineGenerator/global__StateMachine.Tests.Features.Hsm.CompileTime.HsmParsingCompilationTests.EdgeCaseMachine.Generated.cs(30,39): warning CS0108: 'HsmParsingCompilationTests.EdgeCaseMachine.s_parent' hides inherited member 'StateMachineBase<HsmParsingCompilationTests.HsmState, HsmParsingCompilationTests.HsmTrigger>.s_parent'. Use the new keyword if hiding was intended. [/mnt/c/Users/newon/source/repos/FastFsm/FastFsm.Tests/FastFsm.Tests.csproj]
     1>/mnt/c/Users/newon/source/repos/FastFsm/FastFsm.Tests/obj/GeneratedFiles/Generator/Generator.StateMachineGenerator/global__StateMachine.Tests.Features.Hsm.CompileTime.HsmParsingCompilationTests.EdgeCaseMachine.Generated.cs(31,39): warning CS0108: 'HsmParsingCompilationTests.EdgeCaseMachine.s_depth' hides inherited member 'StateMachineBase<HsmParsingCompilationTests.HsmState, HsmParsingCompilationTests.HsmTrigger>.s_depth'. Use the new keyword if hiding was intended. [/mnt/c/Users/newon/source/repos/FastFsm/FastFsm.Tests/FastFsm.Tests.csproj]
     1>/mnt/c/Users/newon/source/repos/FastFsm/FastFsm.Tests/obj/GeneratedFiles/Generator/Generator.StateMachineGenerator/global__StateMachine.Tests.Features.Hsm.CompileTime.HsmParsingCompilationTests.EdgeCaseMachine.Generated.cs(32,39): warning CS0108: 'HsmParsingCompilationTests.EdgeCaseMachine.s_initialChild' hides inherited member 'StateMachineBase<HsmParsingCompilationTests.HsmState, HsmParsingCompilationTests.HsmTrigger>.s_initialChild'. Use the new keyword if hiding was intended. [/mnt/c/Users/newon/source/repos/FastFsm/FastFsm.Tests/FastFsm.Tests.csproj]
     1>/mnt/c/Users/newon/source/repos/FastFsm/FastFsm.Tests/obj/GeneratedFiles/Generator/Generator.StateMachineGenerator/global__StateMachine.Tests.Features.Hsm.CompileTime.HsmParsingCompilationTests.EdgeCaseMachine.Generated.cs(33,47): warning CS0108: 'HsmParsingCompilationTests.EdgeCaseMachine.s_history' hides inherited member 'StateMachineBase<HsmParsingCompilationTests.HsmState, HsmParsingCompilationTests.HsmTrigger>.s_history'. Use the new keyword if hiding was intended. [/mnt/c/Users/newon/source/repos/FastFsm/FastFsm.Tests/FastFsm.Tests.csproj]
     1>/mnt/c/Users/newon/source/repos/FastFsm/FastFsm.Tests/obj/GeneratedFiles/Generator/Generator.StateMachineGenerator/global__StateMachine.Tests.Features.Hsm.CompileTime.HsmParsingCompilationTests.EdgeCaseMachine.Generated.cs(36,44): warning CS0108: 'HsmParsingCompilationTests.EdgeCaseMachine._lastActiveChild' hides inherited member 'StateMachineBase<HsmParsingCompilationTests.HsmState, HsmParsingCompilationTests.HsmTrigger>._lastActiveChild'. Use the new keyword if hiding was intended. [/mnt/c/Users/newon/source/repos/FastFsm/FastFsm.Tests/FastFsm.Tests.csproj]
     1>/mnt/c/Users/newon/source/repos/FastFsm/FastFsm.Tests/obj/GeneratedFiles/Generator/Generator.StateMachineGenerator/global__StateMachine.Tests.Features.Hsm.CompileTime.HsmParsingCompilationTests.EdgeCaseMachine.Generated.cs(59,25): warning CS0108: 'HsmParsingCompilationTests.EdgeCaseMachine.GetCompositeEntryTarget(int)' hides inherited member 'StateMachineBase<HsmParsingCompilationTests.HsmState, HsmParsingCompilationTests.HsmTrigger>.GetCompositeEntryTarget(int)'. Use the new keyword if hiding was intended. [/mnt/c/Users/newon/source/repos/FastFsm/FastFsm.Tests/FastFsm.Tests.csproj]
     1>/home/lukasz/.nuget/packages/fastfsm.net/0.6.9.2/contentFiles/cs/any/ExtensionRunner.cs(86,30): warning CS0168: The variable 'ex' is declared but never used [/mnt/c/Users/newon/source/repos/FastFsm/FastFsm.Tests/FastFsm.Tests.csproj]
     1>/mnt/c/Users/newon/source/repos/FastFsm/FastFsm.Tests/Features/Payload/PayloadVariantTests.cs(11,52): warning CS9113: Parameter 'output' is unread. [/mnt/c/Users/newon/source/repos/FastFsm/FastFsm.Tests/FastFsm.Tests.csproj]
     1>/mnt/c/Users/newon/source/repos/FastFsm/FastFsm.Tests/Features/Hsm/Runtime/HierarchicalRuntime.cs(106,33): warning CS8602: Dereference of a possibly null reference. [/mnt/c/Users/newon/source/repos/FastFsm/FastFsm.Tests/FastFsm.Tests.csproj]
     1>/mnt/c/Users/newon/source/repos/FastFsm/FastFsm.Tests/Features/Hsm/Runtime/HierarchicalRuntime.cs(106,26): warning CS8600: Converting null literal or possible null value to non-nullable type. [/mnt/c/Users/newon/source/repos/FastFsm/FastFsm.Tests/FastFsm.Tests.csproj]
     1>/mnt/c/Users/newon/source/repos/FastFsm/FastFsm.Tests/Features/Hsm/Runtime/HierarchicalRuntime.cs(107,34): warning CS8602: Dereference of a possibly null reference. [/mnt/c/Users/newon/source/repos/FastFsm/FastFsm.Tests/FastFsm.Tests.csproj]
     1>/mnt/c/Users/newon/source/repos/FastFsm/FastFsm.Tests/Features/Hsm/Runtime/HierarchicalRuntime.cs(107,27): warning CS8600: Converting null literal or possible null value to non-nullable type. [/mnt/c/Users/newon/source/repos/FastFsm/FastFsm.Tests/FastFsm.Tests.csproj]
     1>/mnt/c/Users/newon/source/repos/FastFsm/FastFsm.Tests/Features/Hsm/Runtime/HierarchicalRuntime.cs(108,32): warning CS8602: Dereference of a possibly null reference. [/mnt/c/Users/newon/source/repos/FastFsm/FastFsm.Tests/FastFsm.Tests.csproj]
     1>/mnt/c/Users/newon/source/repos/FastFsm/FastFsm.Tests/Features/Hsm/Runtime/HierarchicalRuntime.cs(108,25): warning CS8600: Converting null literal or possible null value to non-nullable type. [/mnt/c/Users/newon/source/repos/FastFsm/FastFsm.Tests/FastFsm.Tests.csproj]
     1>/mnt/c/Users/newon/source/repos/FastFsm/FastFsm.Tests/Features/Hsm/Runtime/HierarchicalRuntime.cs(109,41): warning CS8602: Dereference of a possibly null reference. [/mnt/c/Users/newon/source/repos/FastFsm/FastFsm.Tests/FastFsm.Tests.csproj]
     1>/mnt/c/Users/newon/source/repos/FastFsm/FastFsm.Tests/Features/Hsm/Runtime/HierarchicalRuntime.cs(109,27): warning CS8600: Converting null literal or possible null value to non-nullable type. [/mnt/c/Users/newon/source/repos/FastFsm/FastFsm.Tests/FastFsm.Tests.csproj]
     1>/mnt/c/Users/newon/source/repos/FastFsm/FastFsm.Tests/Features/Hsm/Runtime/HierarchicalRuntime.cs(118,33): warning CS8602: Dereference of a possibly null reference. [/mnt/c/Users/newon/source/repos/FastFsm/FastFsm.Tests/FastFsm.Tests.csproj]
     1>/mnt/c/Users/newon/source/repos/FastFsm/FastFsm.Tests/Features/Hsm/Runtime/HierarchicalRuntime.cs(123,34): warning CS8602: Dereference of a possibly null reference. [/mnt/c/Users/newon/source/repos/FastFsm/FastFsm.Tests/FastFsm.Tests.csproj]
     1>/mnt/c/Users/newon/source/repos/FastFsm/FastFsm.Tests/Features/Hsm/Runtime/HierarchicalRuntime.cs(124,34): warning CS8602: Dereference of a possibly null reference. [/mnt/c/Users/newon/source/repos/FastFsm/FastFsm.Tests/FastFsm.Tests.csproj]
     1>/mnt/c/Users/newon/source/repos/FastFsm/FastFsm.Tests/Features/Hsm/Runtime/HierarchicalRuntime.cs(125,34): warning CS8602: Dereference of a possibly null reference. [/mnt/c/Users/newon/source/repos/FastFsm/FastFsm.Tests/FastFsm.Tests.csproj]
     1>/mnt/c/Users/newon/source/repos/FastFsm/FastFsm.Tests/Features/Hsm/Runtime/HierarchicalRuntime.cs(126,34): warning CS8602: Dereference of a possibly null reference. [/mnt/c/Users/newon/source/repos/FastFsm/FastFsm.Tests/FastFsm.Tests.csproj]
     1>/mnt/c/Users/newon/source/repos/FastFsm/FastFsm.Tests/Features/Hsm/Runtime/HierarchicalRuntime.cs(127,34): warning CS8602: Dereference of a possibly null reference. [/mnt/c/Users/newon/source/repos/FastFsm/FastFsm.Tests/FastFsm.Tests.csproj]
     1>/mnt/c/Users/newon/source/repos/FastFsm/FastFsm.Tests/obj/GeneratedFiles/Generator/Generator.StateMachineGenerator/global__StateMachine.Tests.Features.Exceptions.AsyncOceOnEntryMachine.Generated.cs(80,54): warning CS1998: This async method lacks 'await' operators and will run synchronously. Consider using the 'await' operator to await non-blocking API calls, or 'await Task.Run(...)' to do CPU-bound work on a background thread. [/mnt/c/Users/newon/source/repos/FastFsm/FastFsm.Tests/FastFsm.Tests.csproj]
     1>/mnt/c/Users/newon/source/repos/FastFsm/FastFsm.Tests/obj/GeneratedFiles/Generator/Generator.StateMachineGenerator/global__StateMachine.Tests.Features.Exceptions.AsyncOceOnEntryMachine.Generated.cs(106,101): warning CS1998: This async method lacks 'await' operators and will run synchronously. Consider using the 'await' operator to await non-blocking API calls, or 'await Task.Run(...)' to do CPU-bound work on a background thread. [/mnt/c/Users/newon/source/repos/FastFsm/FastFsm.Tests/FastFsm.Tests.csproj]
     1>/mnt/c/Users/newon/source/repos/FastFsm/FastFsm.Tests/obj/GeneratedFiles/Generator/Generator.StateMachineGenerator/global__StateMachine.Tests.Features.Payload.NotificationMachine.Generated.cs(18,16): warning CS8618: Non-nullable property 'LastSentMessage' must contain a non-null value when exiting constructor. Consider adding the 'required' modifier or declaring the property as nullable. [/mnt/c/Users/newon/source/repos/FastFsm/FastFsm.Tests/FastFsm.Tests.csproj]
     1>/mnt/c/Users/newon/source/repos/FastFsm/FastFsm.Tests/obj/GeneratedFiles/Generator/Generator.StateMachineGenerator/global__StateMachine.Tests.Features.Payload.MultiPayloadMachine.Generated.cs(29,16): warning CS8618: Non-nullable property 'CurrentSetting' must contain a non-null value when exiting constructor. Consider adding the 'required' modifier or declaring the property as nullable. [/mnt/c/Users/newon/source/repos/FastFsm/FastFsm.Tests/FastFsm.Tests.csproj]
     1>/mnt/c/Users/newon/source/repos/FastFsm/FastFsm.Tests/obj/GeneratedFiles/Generator/Generator.StateMachineGenerator/global__StateMachine.Tests.Features.Payload.MultiPayloadMachine.Generated.cs(29,16): warning CS8618: Non-nullable property 'LastErrorCode' must contain a non-null value when exiting constructor. Consider adding the 'required' modifier or declaring the property as nullable. [/mnt/c/Users/newon/source/repos/FastFsm/FastFsm.Tests/FastFsm.Tests.csproj]
     1>/mnt/c/Users/newon/source/repos/FastFsm/FastFsm.Tests/Features/Payload/PayloadVariantTests.cs(451,23): warning CS8618: Non-nullable property 'Wrong' must contain a non-null value when exiting constructor. Consider adding the 'required' modifier or declaring the property as nullable. [/mnt/c/Users/newon/source/repos/FastFsm/FastFsm.Tests/FastFsm.Tests.csproj]
     1>/mnt/c/Users/newon/source/repos/FastFsm/FastFsm.Tests/Features/Payload/PayloadVariantTests.cs(446,23): warning CS8618: Non-nullable property 'Data' must contain a non-null value when exiting constructor. Consider adding the 'required' modifier or declaring the property as nullable. [/mnt/c/Users/newon/source/repos/FastFsm/FastFsm.Tests/FastFsm.Tests.csproj]
     1>/mnt/c/Users/newon/source/repos/FastFsm/FastFsm.Tests/Features/Payload/PayloadVariantTests.cs(433,23): warning CS8618: Non-nullable property 'WorkflowId' must contain a non-null value when exiting constructor. Consider adding the 'required' modifier or declaring the property as nullable. [/mnt/c/Users/newon/source/repos/FastFsm/FastFsm.Tests/FastFsm.Tests.csproj]
     1>/mnt/c/Users/newon/source/repos/FastFsm/FastFsm.Tests/Features/Payload/PayloadVariantTests.cs(435,23): warning CS8618: Non-nullable property 'ApprovedBy' must contain a non-null value when exiting constructor. Consider adding the 'required' modifier or declaring the property as nullable. [/mnt/c/Users/newon/source/repos/FastFsm/FastFsm.Tests/FastFsm.Tests.csproj]
     1>/mnt/c/Users/newon/source/repos/FastFsm/FastFsm.Tests/Features/Payload/PayloadVariantTests.cs(436,23): warning CS8618: Non-nullable property 'Result' must contain a non-null value when exiting constructor. Consider adding the 'required' modifier or declaring the property as nullable. [/mnt/c/Users/newon/source/repos/FastFsm/FastFsm.Tests/FastFsm.Tests.csproj]
     1>/mnt/c/Users/newon/source/repos/FastFsm/FastFsm.Tests/Features/Payload/PayloadVariantTests.cs(428,23): warning CS8618: Non-nullable property 'Data' must contain a non-null value when exiting constructor. Consider adding the 'required' modifier or declaring the property as nullable. [/mnt/c/Users/newon/source/repos/FastFsm/FastFsm.Tests/FastFsm.Tests.csproj]
     1>/mnt/c/Users/newon/source/repos/FastFsm/FastFsm.Tests/Features/Payload/PayloadVariantTests.cs(423,23): warning CS8618: Non-nullable property 'SpecialValue' must contain a non-null value when exiting constructor. Consider adding the 'required' modifier or declaring the property as nullable. [/mnt/c/Users/newon/source/repos/FastFsm/FastFsm.Tests/FastFsm.Tests.csproj]
     1>/mnt/c/Users/newon/source/repos/FastFsm/FastFsm.Tests/Features/Payload/PayloadVariantTests.cs(408,23): warning CS8618: Non-nullable property 'Data' must contain a non-null value when exiting constructor. Consider adding the 'required' modifier or declaring the property as nullable. [/mnt/c/Users/newon/source/repos/FastFsm/FastFsm.Tests/FastFsm.Tests.csproj]
     1>/mnt/c/Users/newon/source/repos/FastFsm/FastFsm.Tests/Features/Payload/PayloadVariantTests.cs(402,23): warning CS8618: Non-nullable property 'Code' must contain a non-null value when exiting constructor. Consider adding the 'required' modifier or declaring the property as nullable. [/mnt/c/Users/newon/source/repos/FastFsm/FastFsm.Tests/FastFsm.Tests.csproj]
     1>/mnt/c/Users/newon/source/repos/FastFsm/FastFsm.Tests/Features/Payload/PayloadVariantTests.cs(403,23): warning CS8618: Non-nullable property 'Message' must contain a non-null value when exiting constructor. Consider adding the 'required' modifier or declaring the property as nullable. [/mnt/c/Users/newon/source/repos/FastFsm/FastFsm.Tests/FastFsm.Tests.csproj]
     1>/mnt/c/Users/newon/source/repos/FastFsm/FastFsm.Tests/Features/Payload/PayloadVariantTests.cs(392,23): warning CS8618: Non-nullable property 'Setting' must contain a non-null value when exiting constructor. Consider adding the 'required' modifier or declaring the property as nullable. [/mnt/c/Users/newon/source/repos/FastFsm/FastFsm.Tests/FastFsm.Tests.csproj]
     1>/mnt/c/Users/newon/source/repos/FastFsm/FastFsm.Tests/Features/Payload/PayloadVariantTests.cs(380,23): warning CS8618: Non-nullable property 'Message' must contain a non-null value when exiting constructor. Consider adding the 'required' modifier or declaring the property as nullable. [/mnt/c/Users/newon/source/repos/FastFsm/FastFsm.Tests/FastFsm.Tests.csproj]
     1>/mnt/c/Users/newon/source/repos/FastFsm/FastFsm.Tests/Features/Payload/PayloadVariantTests.cs(381,25): warning CS8618: Non-nullable property 'Recipients' must contain a non-null value when exiting constructor. Consider adding the 'required' modifier or declaring the property as nullable. [/mnt/c/Users/newon/source/repos/FastFsm/FastFsm.Tests/FastFsm.Tests.csproj]
     1>/mnt/c/Users/newon/source/repos/FastFsm/FastFsm.Tests/Features/Payload/PayloadVariantTests.cs(370,23): warning CS8618: Non-nullable property 'Customer' must contain a non-null value when exiting constructor. Consider adding the 'required' modifier or declaring the property as nullable. [/mnt/c/Users/newon/source/repos/FastFsm/FastFsm.Tests/FastFsm.Tests.csproj]
     1>/mnt/c/Users/newon/source/repos/FastFsm/FastFsm.Tests/obj/GeneratedFiles/Generator/Generator.StateMachineGenerator/global__StateMachine.Tests.Features.Payload.MixedPayloadMachine.Generated.cs(25,16): warning CS8618: Non-nullable property 'LastSpecialValue' must contain a non-null value when exiting constructor. Consider adding the 'required' modifier or declaring the property as nullable. [/mnt/c/Users/newon/source/repos/FastFsm/FastFsm.Tests/FastFsm.Tests.csproj]
     1>/mnt/c/Users/newon/source/repos/FastFsm/FastFsm.Tests/obj/GeneratedFiles/Generator/Generator.StateMachineGenerator/global__StateMachine.Tests.Features.Payload.WorkflowMachine.Generated.cs(24,16): warning CS8618: Non-nullable property 'ApprovedBy' must contain a non-null value when exiting constructor. Consider adding the 'required' modifier or declaring the property as nullable. [/mnt/c/Users/newon/source/repos/FastFsm/FastFsm.Tests/FastFsm.Tests.csproj]
     1>/mnt/c/Users/newon/source/repos/FastFsm/FastFsm.Tests/obj/GeneratedFiles/Generator/Generator.StateMachineGenerator/global__StateMachine.Tests.Features.Payload.WorkflowMachine.Generated.cs(24,16): warning CS8618: Non-nullable property 'Result' must contain a non-null value when exiting constructor. Consider adding the 'required' modifier or declaring the property as nullable. [/mnt/c/Users/newon/source/repos/FastFsm/FastFsm.Tests/FastFsm.Tests.csproj]
     1>/mnt/c/Users/newon/source/repos/FastFsm/FastFsm.Tests/obj/GeneratedFiles/Generator/Generator.StateMachineGenerator/global__StateMachine.Tests.Features.Payload.ExitCallbackMachine.Generated.cs(18,16): warning CS8618: Non-nullable property 'OnExitPayloadData' must contain a non-null value when exiting constructor. Consider adding the 'required' modifier or declaring the property as nullable. [/mnt/c/Users/newon/source/repos/FastFsm/FastFsm.Tests/FastFsm.Tests.csproj]
     1>/mnt/c/Users/newon/source/repos/FastFsm/FastFsm.Tests/Features/Exceptions/ExceptionDirective_Propagate_Action_Tests.cs(27,22): warning FSM004: Class 'PropagateOnActionMachine' is missing the [StateMachine(typeof(StateEnum), typeof(TriggerEnum))] attribute. [/mnt/c/Users/newon/source/repos/FastFsm/FastFsm.Tests/FastFsm.Tests.csproj]
     1>/mnt/c/Users/newon/source/repos/FastFsm/FastFsm.Tests/Machines/InitialStateMachine.cs(9,26): warning FSM004: Class 'InitialStateMachine' is missing the [StateMachine(typeof(StateEnum), typeof(TriggerEnum))] attribute. [/mnt/c/Users/newon/source/repos/FastFsm/FastFsm.Tests/FastFsm.Tests.csproj]
     1>/mnt/c/Users/newon/source/repos/FastFsm/FastFsm.Tests/Features/Exceptions/ActionExceptionTests.cs(57,22): warning FSM004: Class 'ThrowingActionMachine' is missing the [StateMachine(typeof(StateEnum), typeof(TriggerEnum))] attribute. [/mnt/c/Users/newon/source/repos/FastFsm/FastFsm.Tests/FastFsm.Tests.csproj]
     1>/mnt/c/Users/newon/source/repos/FastFsm/FastFsm.Tests/Features/Exceptions/ExceptionDirective_Cancellation_Tests.cs(32,22): warning FSM004: Class 'AsyncOceOnEntryMachine' is missing the [StateMachine(typeof(StateEnum), typeof(TriggerEnum))] attribute. [/mnt/c/Users/newon/source/repos/FastFsm/FastFsm.Tests/FastFsm.Tests.csproj]
     1>/mnt/c/Users/newon/source/repos/FastFsm/FastFsm.Tests/Features/Exceptions/ExceptionDirective_Continue_Action_Tests.cs(29,22): warning FSM004: Class 'ContinueOnActionMachine' is missing the [StateMachine(typeof(StateEnum), typeof(TriggerEnum))] attribute. [/mnt/c/Users/newon/source/repos/FastFsm/FastFsm.Tests/FastFsm.Tests.csproj]
     1>/mnt/c/Users/newon/source/repos/FastFsm/FastFsm.Tests/Machines/BasicBenchmarkMachine.cs(7,26): warning FSM004: Class 'BasicBenchmarkMachine' is missing the [StateMachine(typeof(StateEnum), typeof(TriggerEnum))] attribute. [/mnt/c/Users/newon/source/repos/FastFsm/FastFsm.Tests/FastFsm.Tests.csproj]
     1>/mnt/c/Users/newon/source/repos/FastFsm/FastFsm.Tests/Features/EdgeCases/NoTransitionsMachine.cs(7,26): warning FSM004: Class 'NoTransitionsMachine' is missing the [StateMachine(typeof(StateEnum), typeof(TriggerEnum))] attribute. [/mnt/c/Users/newon/source/repos/FastFsm/FastFsm.Tests/FastFsm.Tests.csproj]
     1>/mnt/c/Users/newon/source/repos/FastFsm/FastFsm.Tests/Machines/FullOrderMachine.cs(13,26): warning FSM004: Class 'FullOrderMachine' is missing the [StateMachine(typeof(StateEnum), typeof(TriggerEnum))] attribute. [/mnt/c/Users/newon/source/repos/FastFsm/FastFsm.Tests/FastFsm.Tests.csproj]
     1>/mnt/c/Users/newon/source/repos/FastFsm/FastFsm.Tests/Features/Core/GuardPermittedTriggersTests.cs(30,26): warning FSM004: Class 'GuardPermittedMachine' is missing the [StateMachine(typeof(StateEnum), typeof(TriggerEnum))] attribute. [/mnt/c/Users/newon/source/repos/FastFsm/FastFsm.Tests/FastFsm.Tests.csproj]
     1>/mnt/c/Users/newon/source/repos/FastFsm/FastFsm.Tests/Machines/InternalOnlyMachine.cs(8,26): warning FSM004: Class 'InternalOnlyMachine' is missing the [StateMachine(typeof(StateEnum), typeof(TriggerEnum))] attribute. [/mnt/c/Users/newon/source/repos/FastFsm/FastFsm.Tests/FastFsm.Tests.csproj]
     1>/mnt/c/Users/newon/source/repos/FastFsm/FastFsm.Tests/Machines/ConflictingNamesMachine.cs(7,26): warning FSM004: Class 'ConflictingNamesMachine' is missing the [StateMachine(typeof(StateEnum), typeof(TriggerEnum))] attribute. [/mnt/c/Users/newon/source/repos/FastFsm/FastFsm.Tests/FastFsm.Tests.csproj]
     1>/mnt/c/Users/newon/source/repos/FastFsm/FastFsm.Tests/Machines/LongNameMachine.cs(7,26): warning FSM004: Class 'LongNameMachine' is missing the [StateMachine(typeof(StateEnum), typeof(TriggerEnum))] attribute. [/mnt/c/Users/newon/source/repos/FastFsm/FastFsm.Tests/FastFsm.Tests.csproj]
     1>/mnt/c/Users/newon/source/repos/FastFsm/FastFsm.Tests/Machines/CoreBenchmarkMachine.cs(7,26): warning FSM004: Class 'CoreBenchmarkMachine' is missing the [StateMachine(typeof(StateEnum), typeof(TriggerEnum))] attribute. [/mnt/c/Users/newon/source/repos/FastFsm/FastFsm.Tests/FastFsm.Tests.csproj]
     1>/mnt/c/Users/newon/source/repos/FastFsm/FastFsm.Tests/Features/Exceptions/TestMachine.cs(11,26): warning FSM004: Class 'TestMachine' is missing the [StateMachine(typeof(StateEnum), typeof(TriggerEnum))] attribute. [/mnt/c/Users/newon/source/repos/FastFsm/FastFsm.Tests/FastFsm.Tests.csproj]
     1>/mnt/c/Users/newon/source/repos/FastFsm/FastFsm.Tests/Machines/ExceptionCallbackMachine.cs(9,26): warning FSM004: Class 'ExceptionCallbackMachine' is missing the [StateMachine(typeof(StateEnum), typeof(TriggerEnum))] attribute. [/mnt/c/Users/newon/source/repos/FastFsm/FastFsm.Tests/FastFsm.Tests.csproj]
     1>/mnt/c/Users/newon/source/repos/FastFsm/FastFsm.Tests/Machines/CallbackOrderMachine.cs(8,26): warning FSM004: Class 'CallbackOrderMachine' is missing the [StateMachine(typeof(StateEnum), typeof(TriggerEnum))] attribute. [/mnt/c/Users/newon/source/repos/FastFsm/FastFsm.Tests/FastFsm.Tests.csproj]
     1>/mnt/c/Users/newon/source/repos/FastFsm/FastFsm.Tests/Features/Payload/Machines.cs(9,26): warning FSM004: Class 'OrderStateMachine' is missing the [StateMachine(typeof(StateEnum), typeof(TriggerEnum))] attribute. [/mnt/c/Users/newon/source/repos/FastFsm/FastFsm.Tests/FastFsm.Tests.csproj]
     1>/mnt/c/Users/newon/source/repos/FastFsm/FastFsm.Tests/Machines/CaseSensitiveMachine.cs(7,26): warning FSM004: Class 'CaseSensitiveMachine' is missing the [StateMachine(typeof(StateEnum), typeof(TriggerEnum))] attribute. [/mnt/c/Users/newon/source/repos/FastFsm/FastFsm.Tests/FastFsm.Tests.csproj]
     1>/mnt/c/Users/newon/source/repos/FastFsm/FastFsm.Tests/Machines/PayloadStateMachine.cs(12,26): warning FSM004: Class 'PayloadStateMachine' is missing the [StateMachine(typeof(StateEnum), typeof(TriggerEnum))] attribute. [/mnt/c/Users/newon/source/repos/FastFsm/FastFsm.Tests/FastFsm.Tests.csproj]
     1>/mnt/c/Users/newon/source/repos/FastFsm/FastFsm.Tests/Machines/FullMultiPayloadMachine.cs(15,26): warning FSM004: Class 'FullMultiPayloadMachine' is missing the [StateMachine(typeof(StateEnum), typeof(TriggerEnum))] attribute. [/mnt/c/Users/newon/source/repos/FastFsm/FastFsm.Tests/FastFsm.Tests.csproj]
     1>/mnt/c/Users/newon/source/repos/FastFsm/FastFsm.Tests/Features/Hsm/CompileTime/HsmAdditionalCompilationTests.cs(20,30): warning FSM004: Class 'HsmPayloadMachine' is missing the [StateMachine(typeof(StateEnum), typeof(TriggerEnum))] attribute. [/mnt/c/Users/newon/source/repos/FastFsm/FastFsm.Tests/FastFsm.Tests.csproj]
     1>/mnt/c/Users/newon/source/repos/FastFsm/FastFsm.Tests/Machines/MultipleCallbacksMachine.cs(8,26): warning FSM004: Class 'MultipleCallbacksMachine' is missing the [StateMachine(typeof(StateEnum), typeof(TriggerEnum))] attribute. [/mnt/c/Users/newon/source/repos/FastFsm/FastFsm.Tests/FastFsm.Tests.csproj]
     1>/mnt/c/Users/newon/source/repos/FastFsm/FastFsm.Tests/Machines/GuardedCallbackMachine.cs(8,26): warning FSM004: Class 'GuardedCallbackMachine' is missing the [StateMachine(typeof(StateEnum), typeof(TriggerEnum))] attribute. [/mnt/c/Users/newon/source/repos/FastFsm/FastFsm.Tests/FastFsm.Tests.csproj]
     1>/mnt/c/Users/newon/source/repos/FastFsm/FastFsm.Tests/Features/Payload/Machines.cs(28,26): warning FSM004: Class 'PaymentMachine' is missing the [StateMachine(typeof(StateEnum), typeof(TriggerEnum))] attribute. [/mnt/c/Users/newon/source/repos/FastFsm/FastFsm.Tests/FastFsm.Tests.csproj]
     1>/mnt/c/Users/newon/source/repos/FastFsm/FastFsm.Tests/Features/Hsm/Runtime/HierarchicalRuntime.cs(34,30): warning FSM004: Class 'InitialChildMachine' is missing the [StateMachine(typeof(StateEnum), typeof(TriggerEnum))] attribute. [/mnt/c/Users/newon/source/repos/FastFsm/FastFsm.Tests/FastFsm.Tests.csproj]
     1>/mnt/c/Users/newon/source/repos/FastFsm/FastFsm.Tests/Machines/InternalTransitionMachine.cs(9,26): warning FSM004: Class 'InternalTransitionMachine' is missing the [StateMachine(typeof(StateEnum), typeof(TriggerEnum))] attribute. [/mnt/c/Users/newon/source/repos/FastFsm/FastFsm.Tests/FastFsm.Tests.csproj]
     1>/mnt/c/Users/newon/source/repos/FastFsm/FastFsm.Tests/Features/Extensions/ExtensionHookOrderTests.cs(11,26): warning FSM004: Class 'HookOrderMachine' is missing the [StateMachine(typeof(StateEnum), typeof(TriggerEnum))] attribute. [/mnt/c/Users/newon/source/repos/FastFsm/FastFsm.Tests/FastFsm.Tests.csproj]
     1>/mnt/c/Users/newon/source/repos/FastFsm/FastFsm.Tests/Machines/KeywordStateMachine.cs(7,26): warning FSM004: Class 'KeywordStateMachine' is missing the [StateMachine(typeof(StateEnum), typeof(TriggerEnum))] attribute. [/mnt/c/Users/newon/source/repos/FastFsm/FastFsm.Tests/FastFsm.Tests.csproj]
     1>/mnt/c/Users/newon/source/repos/FastFsm/FastFsm.Tests/Machines/NoGuardBenchmarkMachine.cs(7,22): warning FSM004: Class 'NoGuardBenchmarkMachine' is missing the [StateMachine(typeof(StateEnum), typeof(TriggerEnum))] attribute. [/mnt/c/Users/newon/source/repos/FastFsm/FastFsm.Tests/FastFsm.Tests.csproj]
     1>/mnt/c/Users/newon/source/repos/FastFsm/FastFsm.Tests/Machines/NumericMachine.cs(7,26): warning FSM004: Class 'NumericMachine' is missing the [StateMachine(typeof(StateEnum), typeof(TriggerEnum))] attribute. [/mnt/c/Users/newon/source/repos/FastFsm/FastFsm.Tests/FastFsm.Tests.csproj]
     1>/mnt/c/Users/newon/source/repos/FastFsm/FastFsm.Tests/Machines/WithGuardBenchmarkMachine.cs(7,26): warning FSM004: Class 'WithGuardBenchmarkMachine' is missing the [StateMachine(typeof(StateEnum), typeof(TriggerEnum))] attribute. [/mnt/c/Users/newon/source/repos/FastFsm/FastFsm.Tests/FastFsm.Tests.csproj]
     1>/mnt/c/Users/newon/source/repos/FastFsm/FastFsm.Tests/Machines/ComplexCallbackMachine.cs(10,26): warning FSM004: Class 'ComplexCallbackMachine' is missing the [StateMachine(typeof(StateEnum), typeof(TriggerEnum))] attribute. [/mnt/c/Users/newon/source/repos/FastFsm/FastFsm.Tests/FastFsm.Tests.csproj]
     1>/mnt/c/Users/newon/source/repos/FastFsm/FastFsm.Tests/Machines/SelfTransitionMachine.cs(8,26): warning FSM004: Class 'SelfTransitionMachine' is missing the [StateMachine(typeof(StateEnum), typeof(TriggerEnum))] attribute. [/mnt/c/Users/newon/source/repos/FastFsm/FastFsm.Tests/FastFsm.Tests.csproj]
     1>/mnt/c/Users/newon/source/repos/FastFsm/FastFsm.Tests/Features/Extensions/ExtensionsMachine.cs(6,26): warning FSM004: Class 'ExtensionsMachine' is missing the [StateMachine(typeof(StateEnum), typeof(TriggerEnum))] attribute. [/mnt/c/Users/newon/source/repos/FastFsm/FastFsm.Tests/FastFsm.Tests.csproj]
     1>/mnt/c/Users/newon/source/repos/FastFsm/FastFsm.Tests/Features/Payload/Machines.cs(42,26): warning FSM004: Class 'NotificationMachine' is missing the [StateMachine(typeof(StateEnum), typeof(TriggerEnum))] attribute. [/mnt/c/Users/newon/source/repos/FastFsm/FastFsm.Tests/FastFsm.Tests.csproj]
     1>/mnt/c/Users/newon/source/repos/FastFsm/FastFsm.Tests/Features/Payload/Machines.cs(119,26): warning FSM004: Class 'OverloadedMachine' is missing the [StateMachine(typeof(StateEnum), typeof(TriggerEnum))] attribute. [/mnt/c/Users/newon/source/repos/FastFsm/FastFsm.Tests/FastFsm.Tests.csproj]
     1>/mnt/c/Users/newon/source/repos/FastFsm/FastFsm.Tests/Features/Payload/Machines.cs(168,26): warning FSM004: Class 'InternalPayloadMachine' is missing the [StateMachine(typeof(StateEnum), typeof(TriggerEnum))] attribute. [/mnt/c/Users/newon/source/repos/FastFsm/FastFsm.Tests/FastFsm.Tests.csproj]
     1>/mnt/c/Users/newon/source/repos/FastFsm/FastFsm.Tests/Machines/SingleStateMachine.cs(7,26): warning FSM004: Class 'SingleStateMachine' is missing the [StateMachine(typeof(StateEnum), typeof(TriggerEnum))] attribute. [/mnt/c/Users/newon/source/repos/FastFsm/FastFsm.Tests/FastFsm.Tests.csproj]
     1>/mnt/c/Users/newon/source/repos/FastFsm/FastFsm.Tests/Features/Hsm/CompileTime/HsmAdditionalCompilationTests.cs(62,30): warning FSM004: Class 'EqualPriorityMachine' is missing the [StateMachine(typeof(StateEnum), typeof(TriggerEnum))] attribute. [/mnt/c/Users/newon/source/repos/FastFsm/FastFsm.Tests/FastFsm.Tests.csproj]
     1>/mnt/c/Users/newon/source/repos/FastFsm/FastFsm.Tests/Features/Hsm/Runtime/HierarchicalRuntime.cs(78,30): warning FSM004: Class 'ShallowHistoryMachine' is missing the [StateMachine(typeof(StateEnum), typeof(TriggerEnum))] attribute. [/mnt/c/Users/newon/source/repos/FastFsm/FastFsm.Tests/FastFsm.Tests.csproj]
     1>/mnt/c/Users/newon/source/repos/FastFsm/FastFsm.Tests/Features/Payload/Machines.cs(257,26): warning FSM004: Class 'WorkflowMachine' is missing the [StateMachine(typeof(StateEnum), typeof(TriggerEnum))] attribute. [/mnt/c/Users/newon/source/repos/FastFsm/FastFsm.Tests/FastFsm.Tests.csproj]
     1>/mnt/c/Users/newon/source/repos/FastFsm/FastFsm.Tests/Features/Payload/Machines.cs(61,26): warning FSM004: Class 'ProcessingMachine' is missing the [StateMachine(typeof(StateEnum), typeof(TriggerEnum))] attribute. [/mnt/c/Users/newon/source/repos/FastFsm/FastFsm.Tests/FastFsm.Tests.csproj]
     1>/mnt/c/Users/newon/source/repos/FastFsm/FastFsm.Tests/Features/Payload/Machines.cs(86,26): warning FSM004: Class 'MultiPayloadMachine' is missing the [StateMachine(typeof(StateEnum), typeof(TriggerEnum))] attribute. [/mnt/c/Users/newon/source/repos/FastFsm/FastFsm.Tests/FastFsm.Tests.csproj]
     1>/mnt/c/Users/newon/source/repos/FastFsm/FastFsm.Tests/Features/Hsm/CompileTime/HsmAdditionalCompilationTests.cs(88,30): warning FSM004: Class 'HierarchyFlagNoHierarchyMachine' is missing the [StateMachine(typeof(StateEnum), typeof(TriggerEnum))] attribute. [/mnt/c/Users/newon/source/repos/FastFsm/FastFsm.Tests/FastFsm.Tests.csproj]
     1>/mnt/c/Users/newon/source/repos/FastFsm/FastFsm.Tests/Machines/UnicodeMachine.cs(7,26): warning FSM004: Class 'UnicodeMachine' is missing the [StateMachine(typeof(StateEnum), typeof(TriggerEnum))] attribute. [/mnt/c/Users/newon/source/repos/FastFsm/FastFsm.Tests/FastFsm.Tests.csproj]
     1>/mnt/c/Users/newon/source/repos/FastFsm/FastFsm.Tests/Features/Payload/Machines.cs(211,26): warning FSM004: Class 'InitialPayloadMachine' is missing the [StateMachine(typeof(StateEnum), typeof(TriggerEnum))] attribute. [/mnt/c/Users/newon/source/repos/FastFsm/FastFsm.Tests/FastFsm.Tests.csproj]
     1>/mnt/c/Users/newon/source/repos/FastFsm/FastFsm.Tests/Features/Payload/Machines.cs(236,26): warning FSM004: Class 'ExitCallbackMachine' is missing the [StateMachine(typeof(StateEnum), typeof(TriggerEnum))] attribute. [/mnt/c/Users/newon/source/repos/FastFsm/FastFsm.Tests/FastFsm.Tests.csproj]
     1>/mnt/c/Users/newon/source/repos/FastFsm/FastFsm.Tests/Features/Payload/Machines.cs(186,26): warning FSM004: Class 'MixedPayloadMachine' is missing the [StateMachine(typeof(StateEnum), typeof(TriggerEnum))] attribute. [/mnt/c/Users/newon/source/repos/FastFsm/FastFsm.Tests/FastFsm.Tests.csproj]
     1>/mnt/c/Users/newon/source/repos/FastFsm/FastFsm.Tests/Machines/UnreachableMachine.cs(7,26): warning FSM004: Class 'UnreachableMachine' is missing the [StateMachine(typeof(StateEnum), typeof(TriggerEnum))] attribute. [/mnt/c/Users/newon/source/repos/FastFsm/FastFsm.Tests/FastFsm.Tests.csproj]
     1>/mnt/c/Users/newon/source/repos/FastFsm/FastFsm.Tests/Features/Payload/Machines.cs(305,26): warning FSM004: Class 'PermittedTriggersMachine' is missing the [StateMachine(typeof(StateEnum), typeof(TriggerEnum))] attribute. [/mnt/c/Users/newon/source/repos/FastFsm/FastFsm.Tests/FastFsm.Tests.csproj]
     1>/mnt/c/Users/newon/source/repos/FastFsm/FastFsm.Tests/Features/Payload/Machines.cs(293,26): warning FSM004: Class 'ConditionalPayloadMachine' is missing the [StateMachine(typeof(StateEnum), typeof(TriggerEnum))] attribute. [/mnt/c/Users/newon/source/repos/FastFsm/FastFsm.Tests/FastFsm.Tests.csproj]
     1>/mnt/c/Users/newon/source/repos/FastFsm/FastFsm.Tests/Features/Hsm/Runtime/HierarchicalRuntime.cs(370,30): warning FSM004: Class 'InheritanceMachine' is missing the [StateMachine(typeof(StateEnum), typeof(TriggerEnum))] attribute. [/mnt/c/Users/newon/source/repos/FastFsm/FastFsm.Tests/FastFsm.Tests.csproj]
     1>/mnt/c/Users/newon/source/repos/FastFsm/FastFsm.Tests/Features/Hsm/Runtime/HierarchicalRuntime.cs(205,30): warning FSM004: Class 'InternalMachine' is missing the [StateMachine(typeof(StateEnum), typeof(TriggerEnum))] attribute. [/mnt/c/Users/newon/source/repos/FastFsm/FastFsm.Tests/FastFsm.Tests.csproj]
     1>/mnt/c/Users/newon/source/repos/FastFsm/FastFsm.Tests/Features/Hsm/Runtime/HierarchicalRuntime.cs(157,30): warning FSM004: Class 'DeepHistoryMachine' is missing the [StateMachine(typeof(StateEnum), typeof(TriggerEnum))] attribute. [/mnt/c/Users/newon/source/repos/FastFsm/FastFsm.Tests/FastFsm.Tests.csproj]
     1>/mnt/c/Users/newon/source/repos/FastFsm/FastFsm.Tests/Features/Hsm/CompileTime/HsmParsingCompilationTests.cs(124,26): warning FSM004: Class 'SimpleParentChildMachine' is missing the [StateMachine(typeof(StateEnum), typeof(TriggerEnum))] attribute. [/mnt/c/Users/newon/source/repos/FastFsm/FastFsm.Tests/FastFsm.Tests.csproj]
     1>/mnt/c/Users/newon/source/repos/FastFsm/FastFsm.Tests/Features/Payload/Machines.cs(316,26): warning FSM004: Class 'StrictMultiPayloadMachine' is missing the [StateMachine(typeof(StateEnum), typeof(TriggerEnum))] attribute. [/mnt/c/Users/newon/source/repos/FastFsm/FastFsm.Tests/FastFsm.Tests.csproj]
     1>/mnt/c/Users/newon/source/repos/FastFsm/FastFsm.Tests/Features/Hsm/Runtime/HierarchicalRuntime.cs(271,30): warning FSM004: Class 'PriorityMachine' is missing the [StateMachine(typeof(StateEnum), typeof(TriggerEnum))] attribute. [/mnt/c/Users/newon/source/repos/FastFsm/FastFsm.Tests/FastFsm.Tests.csproj]
     1>/mnt/c/Users/newon/source/repos/FastFsm/FastFsm.Tests/Features/Hsm/Runtime/HierarchicalRuntime.cs(287,30): warning FSM004: Class 'ChildOverridesMachine' is missing the [StateMachine(typeof(StateEnum), typeof(TriggerEnum))] attribute. [/mnt/c/Users/newon/source/repos/FastFsm/FastFsm.Tests/FastFsm.Tests.csproj]
     1>/mnt/c/Users/newon/source/repos/FastFsm/FastFsm.Tests/Features/Hsm/CompileTime/HsmParsingCompilationTests.cs(169,26): warning FSM004: Class 'DeepHierarchyMachine' is missing the [StateMachine(typeof(StateEnum), typeof(TriggerEnum))] attribute. [/mnt/c/Users/newon/source/repos/FastFsm/FastFsm.Tests/FastFsm.Tests.csproj]
     1>/mnt/c/Users/newon/source/repos/FastFsm/FastFsm.Tests/Features/Hsm/Runtime/HierarchicalRuntime.cs(303,30): warning FSM004: Class 'SourceOrderTieMachine' is missing the [StateMachine(typeof(StateEnum), typeof(TriggerEnum))] attribute. [/mnt/c/Users/newon/source/repos/FastFsm/FastFsm.Tests/FastFsm.Tests.csproj]
     1>/mnt/c/Users/newon/source/repos/FastFsm/FastFsm.Tests/Features/Hsm/CompileTime/HsmParsingCompilationTests.cs(222,26): warning FSM004: Class 'ShallowHistoryMachine' is missing the [StateMachine(typeof(StateEnum), typeof(TriggerEnum))] attribute. [/mnt/c/Users/newon/source/repos/FastFsm/FastFsm.Tests/FastFsm.Tests.csproj]
     1>/mnt/c/Users/newon/source/repos/FastFsm/FastFsm.Tests/Features/Hsm/CompileTime/HsmParsingCompilationTests.cs(255,26): warning FSM004: Class 'DeepHistoryMachine' is missing the [StateMachine(typeof(StateEnum), typeof(TriggerEnum))] attribute. [/mnt/c/Users/newon/source/repos/FastFsm/FastFsm.Tests/FastFsm.Tests.csproj]
     1>/mnt/c/Users/newon/source/repos/FastFsm/FastFsm.Tests/Features/Hsm/CompileTime/HsmParsingCompilationTests.cs(293,26): warning FSM004: Class 'PriorityTransitionMachine' is missing the [StateMachine(typeof(StateEnum), typeof(TriggerEnum))] attribute. [/mnt/c/Users/newon/source/repos/FastFsm/FastFsm.Tests/FastFsm.Tests.csproj]
     1>/mnt/c/Users/newon/source/repos/FastFsm/FastFsm.Tests/Features/Hsm/CompileTime/HsmParsingCompilationTests.cs(325,26): warning FSM004: Class 'InternalTransitionMachine' is missing the [StateMachine(typeof(StateEnum), typeof(TriggerEnum))] attribute. [/mnt/c/Users/newon/source/repos/FastFsm/FastFsm.Tests/FastFsm.Tests.csproj]
     1>/mnt/c/Users/newon/source/repos/FastFsm/FastFsm.Tests/Features/Hsm/CompileTime/HsmParsingCompilationTests.cs(377,26): warning FSM004: Class 'CrossHierarchyMachine' is missing the [StateMachine(typeof(StateEnum), typeof(TriggerEnum))] attribute. [/mnt/c/Users/newon/source/repos/FastFsm/FastFsm.Tests/FastFsm.Tests.csproj]
     1>/mnt/c/Users/newon/source/repos/FastFsm/FastFsm.Tests/Features/Hsm/CompileTime/HsmParsingCompilationTests.cs(417,26): warning FSM004: Class 'ComplexMixedScenarioMachine' is missing the [StateMachine(typeof(StateEnum), typeof(TriggerEnum))] attribute. [/mnt/c/Users/newon/source/repos/FastFsm/FastFsm.Tests/FastFsm.Tests.csproj]
     1>/mnt/c/Users/newon/source/repos/FastFsm/FastFsm.Tests/Features/Hsm/CompileTime/HsmParsingCompilationTests.cs(468,26): warning FSM004: Class 'InitialStateMachine' is missing the [StateMachine(typeof(StateEnum), typeof(TriggerEnum))] attribute. [/mnt/c/Users/newon/source/repos/FastFsm/FastFsm.Tests/FastFsm.Tests.csproj]
     1>/mnt/c/Users/newon/source/repos/FastFsm/FastFsm.Tests/Features/Hsm/CompileTime/HsmParsingCompilationTests.cs(499,26): warning FSM004: Class 'EdgeCaseMachine' is missing the [StateMachine(typeof(StateEnum), typeof(TriggerEnum))] attribute. [/mnt/c/Users/newon/source/repos/FastFsm/FastFsm.Tests/FastFsm.Tests.csproj]
     1>/mnt/c/Users/newon/source/repos/FastFsm/FastFsm.Tests/Features/Integration/FullVariantExtendedTests.cs(188,13): warning xUnit2031: Do not use a Where clause to filter before calling Assert.Single. Use the overload of Assert.Single that accepts a filtering function. (https://xunit.net/xunit.analyzers/rules/xUnit2031) [/mnt/c/Users/newon/source/repos/FastFsm/FastFsm.Tests/FastFsm.Tests.csproj]
         CompilerServer: server - server processed compilation - FastFsm.Tests (net9.0)
       _CopyOutOfDateSourceItemsToOutputDirectory:
       Skipping target "_CopyOutOfDateSourceItemsToOutputDirectory" because all output files are up-to-date with respect to the input files.
       CopyFilesToOutputDirectory:
         Copying file from "/mnt/c/Users/newon/source/repos/FastFsm/FastFsm.Tests/obj/Debug/net9.0/FastFsm.Tests.dll" to "/mnt/c/Users/newon/source/repos/FastFsm/FastFsm.Tests/bin/Debug/net9.0/FastFsm.Tests.dll".
         FastFsm.Tests -> /mnt/c/Users/newon/source/repos/FastFsm/FastFsm.Tests/bin/Debug/net9.0/FastFsm.Tests.dll
         Copying file from "/mnt/c/Users/newon/source/repos/FastFsm/FastFsm.Tests/obj/Debug/net9.0/FastFsm.Tests.pdb" to "/mnt/c/Users/newon/source/repos/FastFsm/FastFsm.Tests/bin/Debug/net9.0/FastFsm.Tests.pdb".
     1>Done Building Project "/mnt/c/Users/newon/source/repos/FastFsm/FastFsm.Tests/FastFsm.Tests.csproj" (default targets).

Build succeeded.

       "/mnt/c/Users/newon/source/repos/FastFsm/FastFsm.Tests/FastFsm.Tests.csproj" (default target) (1:7) ->
       (CoreCompile target) -> 
         /mnt/c/Users/newon/source/repos/FastFsm/FastFsm.Tests/Features/Hsm/CompileTime/HsmAdditionalCompilationTests.cs(20,30): warning FSM002: State 'ChildA' might be unreachable based on defined transitions. [/mnt/c/Users/newon/source/repos/FastFsm/FastFsm.Tests/FastFsm.Tests.csproj]
         /mnt/c/Users/newon/source/repos/FastFsm/FastFsm.Tests/Features/Hsm/CompileTime/HsmAdditionalCompilationTests.cs(20,30): warning FSM002: State 'ChildB' might be unreachable based on defined transitions. [/mnt/c/Users/newon/source/repos/FastFsm/FastFsm.Tests/FastFsm.Tests.csproj]
         /mnt/c/Users/newon/source/repos/FastFsm/FastFsm.Tests/Features/Hsm/CompileTime/HsmAdditionalCompilationTests.cs(67,14): warning FSM001: Duplicate transition from state 'A' on trigger 'Go'. Only the first one will be used by the generator. [/mnt/c/Users/newon/source/repos/FastFsm/FastFsm.Tests/FastFsm.Tests.csproj]
         /mnt/c/Users/newon/source/repos/FastFsm/FastFsm.Tests/Features/Hsm/CompileTime/HsmAdditionalCompilationTests.cs(62,30): warning FSM002: State 'C' might be unreachable based on defined transitions. [/mnt/c/Users/newon/source/repos/FastFsm/FastFsm.Tests/FastFsm.Tests.csproj]
         /mnt/c/Users/newon/source/repos/FastFsm/FastFsm.Tests/Features/Hsm/CompileTime/HsmParsingCompilationTests.cs(124,26): warning FSM002: State 'Error' might be unreachable based on defined transitions. [/mnt/c/Users/newon/source/repos/FastFsm/FastFsm.Tests/FastFsm.Tests.csproj]
         /mnt/c/Users/newon/source/repos/FastFsm/FastFsm.Tests/Features/Hsm/CompileTime/HsmParsingCompilationTests.cs(124,26): warning FSM002: State 'Paused' might be unreachable based on defined transitions. [/mnt/c/Users/newon/source/repos/FastFsm/FastFsm.Tests/FastFsm.Tests.csproj]
         /mnt/c/Users/newon/source/repos/FastFsm/FastFsm.Tests/Features/Hsm/CompileTime/HsmParsingCompilationTests.cs(124,26): warning FSM002: State 'Working_Initializing' might be unreachable based on defined transitions. [/mnt/c/Users/newon/source/repos/FastFsm/FastFsm.Tests/FastFsm.Tests.csproj]
         /mnt/c/Users/newon/source/repos/FastFsm/FastFsm.Tests/Features/Hsm/CompileTime/HsmParsingCompilationTests.cs(124,26): warning FSM002: State 'Working_Processing' might be unreachable based on defined transitions. [/mnt/c/Users/newon/source/repos/FastFsm/FastFsm.Tests/FastFsm.Tests.csproj]
         /mnt/c/Users/newon/source/repos/FastFsm/FastFsm.Tests/Features/Hsm/CompileTime/HsmParsingCompilationTests.cs(124,26): warning FSM002: State 'Working_Validating' might be unreachable based on defined transitions. [/mnt/c/Users/newon/source/repos/FastFsm/FastFsm.Tests/FastFsm.Tests.csproj]
         /mnt/c/Users/newon/source/repos/FastFsm/FastFsm.Tests/Features/Hsm/CompileTime/HsmParsingCompilationTests.cs(124,26): warning FSM002: State 'Working_Cleanup' might be unreachable based on defined transitions. [/mnt/c/Users/newon/source/repos/FastFsm/FastFsm.Tests/FastFsm.Tests.csproj]
         /mnt/c/Users/newon/source/repos/FastFsm/FastFsm.Tests/Features/Hsm/CompileTime/HsmParsingCompilationTests.cs(124,26): warning FSM002: State 'Working_Processing_Reading' might be unreachable based on defined transitions. [/mnt/c/Users/newon/source/repos/FastFsm/FastFsm.Tests/FastFsm.Tests.csproj]
         /mnt/c/Users/newon/source/repos/FastFsm/FastFsm.Tests/Features/Hsm/CompileTime/HsmParsingCompilationTests.cs(124,26): warning FSM002: State 'Working_Processing_Computing' might be unreachable based on defined transitions. [/mnt/c/Users/newon/source/repos/FastFsm/FastFsm.Tests/FastFsm.Tests.csproj]
         /mnt/c/Users/newon/source/repos/FastFsm/FastFsm.Tests/Features/Hsm/CompileTime/HsmParsingCompilationTests.cs(124,26): warning FSM002: State 'Working_Processing_Writing' might be unreachable based on defined transitions. [/mnt/c/Users/newon/source/repos/FastFsm/FastFsm.Tests/FastFsm.Tests.csproj]
         /mnt/c/Users/newon/source/repos/FastFsm/FastFsm.Tests/Features/Hsm/CompileTime/HsmParsingCompilationTests.cs(124,26): warning FSM002: State 'Working_Processing_Computing_Loading' might be unreachable based on defined transitions. [/mnt/c/Users/newon/source/repos/FastFsm/FastFsm.Tests/FastFsm.Tests.csproj]
         /mnt/c/Users/newon/source/repos/FastFsm/FastFsm.Tests/Features/Hsm/CompileTime/HsmParsingCompilationTests.cs(124,26): warning FSM002: State 'Working_Processing_Computing_Calculating' might be unreachable based on defined transitions. [/mnt/c/Users/newon/source/repos/FastFsm/FastFsm.Tests/FastFsm.Tests.csproj]
         /mnt/c/Users/newon/source/repos/FastFsm/FastFsm.Tests/Features/Hsm/CompileTime/HsmParsingCompilationTests.cs(124,26): warning FSM002: State 'Working_Processing_Computing_Storing' might be unreachable based on defined transitions. [/mnt/c/Users/newon/source/repos/FastFsm/FastFsm.Tests/FastFsm.Tests.csproj]
         /mnt/c/Users/newon/source/repos/FastFsm/FastFsm.Tests/Features/Hsm/CompileTime/HsmParsingCompilationTests.cs(124,26): warning FSM002: State 'HistoryParent' might be unreachable based on defined transitions. [/mnt/c/Users/newon/source/repos/FastFsm/FastFsm.Tests/FastFsm.Tests.csproj]
         /mnt/c/Users/newon/source/repos/FastFsm/FastFsm.Tests/Features/Hsm/CompileTime/HsmParsingCompilationTests.cs(124,26): warning FSM002: State 'HistoryParent_Child1' might be unreachable based on defined transitions. [/mnt/c/Users/newon/source/repos/FastFsm/FastFsm.Tests/FastFsm.Tests.csproj]
         /mnt/c/Users/newon/source/repos/FastFsm/FastFsm.Tests/Features/Hsm/CompileTime/HsmParsingCompilationTests.cs(124,26): warning FSM002: State 'HistoryParent_Child2' might be unreachable based on defined transitions. [/mnt/c/Users/newon/source/repos/FastFsm/FastFsm.Tests/FastFsm.Tests.csproj]
         /mnt/c/Users/newon/source/repos/FastFsm/FastFsm.Tests/Features/Hsm/CompileTime/HsmParsingCompilationTests.cs(124,26): warning FSM002: State 'HistoryParent_Child3' might be unreachable based on defined transitions. [/mnt/c/Users/newon/source/repos/FastFsm/FastFsm.Tests/FastFsm.Tests.csproj]
         /mnt/c/Users/newon/source/repos/FastFsm/FastFsm.Tests/Features/Hsm/CompileTime/HsmParsingCompilationTests.cs(124,26): warning FSM002: State 'DeepHistoryParent' might be unreachable based on defined transitions. [/mnt/c/Users/newon/source/repos/FastFsm/FastFsm.Tests/FastFsm.Tests.csproj]
         /mnt/c/Users/newon/source/repos/FastFsm/FastFsm.Tests/Features/Hsm/CompileTime/HsmParsingCompilationTests.cs(124,26): warning FSM002: State 'DeepHistoryParent_Child1' might be unreachable based on defined transitions. [/mnt/c/Users/newon/source/repos/FastFsm/FastFsm.Tests/FastFsm.Tests.csproj]
         /mnt/c/Users/newon/source/repos/FastFsm/FastFsm.Tests/Features/Hsm/CompileTime/HsmParsingCompilationTests.cs(124,26): warning FSM002: State 'DeepHistoryParent_Child1_SubChild1' might be unreachable based on defined transitions. [/mnt/c/Users/newon/source/repos/FastFsm/FastFsm.Tests/FastFsm.Tests.csproj]
         /mnt/c/Users/newon/source/repos/FastFsm/FastFsm.Tests/Features/Hsm/CompileTime/HsmParsingCompilationTests.cs(124,26): warning FSM002: State 'DeepHistoryParent_Child1_SubChild2' might be unreachable based on defined transitions. [/mnt/c/Users/newon/source/repos/FastFsm/FastFsm.Tests/FastFsm.Tests.csproj]
         /mnt/c/Users/newon/source/repos/FastFsm/FastFsm.Tests/Features/Hsm/CompileTime/HsmParsingCompilationTests.cs(124,26): warning FSM002: State 'DeepHistoryParent_Child2' might be unreachable based on defined transitions. [/mnt/c/Users/newon/source/repos/FastFsm/FastFsm.Tests/FastFsm.Tests.csproj]
         /mnt/c/Users/newon/source/repos/FastFsm/FastFsm.Tests/Features/Hsm/CompileTime/HsmParsingCompilationTests.cs(124,26): warning FSM002: State 'Priority_Low' might be unreachable based on defined transitions. [/mnt/c/Users/newon/source/repos/FastFsm/FastFsm.Tests/FastFsm.Tests.csproj]
         /mnt/c/Users/newon/source/repos/FastFsm/FastFsm.Tests/Features/Hsm/CompileTime/HsmParsingCompilationTests.cs(124,26): warning FSM002: State 'Priority_Medium' might be unreachable based on defined transitions. [/mnt/c/Users/newon/source/repos/FastFsm/FastFsm.Tests/FastFsm.Tests.csproj]
         /mnt/c/Users/newon/source/repos/FastFsm/FastFsm.Tests/Features/Hsm/CompileTime/HsmParsingCompilationTests.cs(124,26): warning FSM002: State 'Priority_High' might be unreachable based on defined transitions. [/mnt/c/Users/newon/source/repos/FastFsm/FastFsm.Tests/FastFsm.Tests.csproj]
         /mnt/c/Users/newon/source/repos/FastFsm/FastFsm.Tests/Features/Hsm/CompileTime/HsmParsingCompilationTests.cs(124,26): warning FSM002: State 'InternalParent' might be unreachable based on defined transitions. [/mnt/c/Users/newon/source/repos/FastFsm/FastFsm.Tests/FastFsm.Tests.csproj]
         /mnt/c/Users/newon/source/repos/FastFsm/FastFsm.Tests/Features/Hsm/CompileTime/HsmParsingCompilationTests.cs(124,26): warning FSM002: State 'InternalParent_Child1' might be unreachable based on defined transitions. [/mnt/c/Users/newon/source/repos/FastFsm/FastFsm.Tests/FastFsm.Tests.csproj]
         /mnt/c/Users/newon/source/repos/FastFsm/FastFsm.Tests/Features/Hsm/CompileTime/HsmParsingCompilationTests.cs(124,26): warning FSM002: State 'InternalParent_Child2' might be unreachable based on defined transitions. [/mnt/c/Users/newon/source/repos/FastFsm/FastFsm.Tests/FastFsm.Tests.csproj]
         /mnt/c/Users/newon/source/repos/FastFsm/FastFsm.Tests/Features/Hsm/CompileTime/HsmParsingCompilationTests.cs(124,26): warning FSM002: State 'Branch1' might be unreachable based on defined transitions. [/mnt/c/Users/newon/source/repos/FastFsm/FastFsm.Tests/FastFsm.Tests.csproj]
         /mnt/c/Users/newon/source/repos/FastFsm/FastFsm.Tests/Features/Hsm/CompileTime/HsmParsingCompilationTests.cs(124,26): warning FSM002: State 'Branch1_Leaf1' might be unreachable based on defined transitions. [/mnt/c/Users/newon/source/repos/FastFsm/FastFsm.Tests/FastFsm.Tests.csproj]
         /mnt/c/Users/newon/source/repos/FastFsm/FastFsm.Tests/Features/Hsm/CompileTime/HsmParsingCompilationTests.cs(124,26): warning FSM002: State 'Branch1_Leaf2' might be unreachable based on defined transitions. [/mnt/c/Users/newon/source/repos/FastFsm/FastFsm.Tests/FastFsm.Tests.csproj]
         /mnt/c/Users/newon/source/repos/FastFsm/FastFsm.Tests/Features/Hsm/CompileTime/HsmParsingCompilationTests.cs(124,26): warning FSM002: State 'Branch2' might be unreachable based on defined transitions. [/mnt/c/Users/newon/source/repos/FastFsm/FastFsm.Tests/FastFsm.Tests.csproj]
         /mnt/c/Users/newon/source/repos/FastFsm/FastFsm.Tests/Features/Hsm/CompileTime/HsmParsingCompilationTests.cs(124,26): warning FSM002: State 'Branch2_Leaf1' might be unreachable based on defined transitions. [/mnt/c/Users/newon/source/repos/FastFsm/FastFsm.Tests/FastFsm.Tests.csproj]
         /mnt/c/Users/newon/source/repos/FastFsm/FastFsm.Tests/Features/Hsm/CompileTime/HsmParsingCompilationTests.cs(124,26): warning FSM002: State 'Branch2_Leaf2' might be unreachable based on defined transitions. [/mnt/c/Users/newon/source/repos/FastFsm/FastFsm.Tests/FastFsm.Tests.csproj]
         /mnt/c/Users/newon/source/repos/FastFsm/FastFsm.Tests/Features/Hsm/CompileTime/HsmParsingCompilationTests.cs(124,26): warning FSM002: State 'ComplexParent' might be unreachable based on defined transitions. [/mnt/c/Users/newon/source/repos/FastFsm/FastFsm.Tests/FastFsm.Tests.csproj]
         /mnt/c/Users/newon/source/repos/FastFsm/FastFsm.Tests/Features/Hsm/CompileTime/HsmParsingCompilationTests.cs(124,26): warning FSM002: State 'ComplexParent_Child1' might be unreachable based on defined transitions. [/mnt/c/Users/newon/source/repos/FastFsm/FastFsm.Tests/FastFsm.Tests.csproj]
         /mnt/c/Users/newon/source/repos/FastFsm/FastFsm.Tests/Features/Hsm/CompileTime/HsmParsingCompilationTests.cs(124,26): warning FSM002: State 'ComplexParent_Child2' might be unreachable based on defined transitions. [/mnt/c/Users/newon/source/repos/FastFsm/FastFsm.Tests/FastFsm.Tests.csproj]
         /mnt/c/Users/newon/source/repos/FastFsm/FastFsm.Tests/Features/Hsm/CompileTime/HsmParsingCompilationTests.cs(124,26): warning FSM002: State 'ComplexParent_Child3' might be unreachable based on defined transitions. [/mnt/c/Users/newon/source/repos/FastFsm/FastFsm.Tests/FastFsm.Tests.csproj]
         /mnt/c/Users/newon/source/repos/FastFsm/FastFsm.Tests/Features/Hsm/CompileTime/HsmParsingCompilationTests.cs(124,26): warning FSM002: State 'EdgeParent' might be unreachable based on defined transitions. [/mnt/c/Users/newon/source/repos/FastFsm/FastFsm.Tests/FastFsm.Tests.csproj]
         /mnt/c/Users/newon/source/repos/FastFsm/FastFsm.Tests/Features/Hsm/CompileTime/HsmParsingCompilationTests.cs(124,26): warning FSM002: State 'EdgeParent_Child' might be unreachable based on defined transitions. [/mnt/c/Users/newon/source/repos/FastFsm/FastFsm.Tests/FastFsm.Tests.csproj]
         /mnt/c/Users/newon/source/repos/FastFsm/FastFsm.Tests/Features/Hsm/CompileTime/HsmParsingCompilationTests.cs(124,26): warning FSM002: State 'EdgeComplexParent' might be unreachable based on defined transitions. [/mnt/c/Users/newon/source/repos/FastFsm/FastFsm.Tests/FastFsm.Tests.csproj]
         /mnt/c/Users/newon/source/repos/FastFsm/FastFsm.Tests/Features/Hsm/CompileTime/HsmParsingCompilationTests.cs(124,26): warning FSM002: State 'EdgeComplexParent_Child1' might be unreachable based on defined transitions. [/mnt/c/Users/newon/source/repos/FastFsm/FastFsm.Tests/FastFsm.Tests.csproj]
         /mnt/c/Users/newon/source/repos/FastFsm/FastFsm.Tests/Features/Hsm/CompileTime/HsmParsingCompilationTests.cs(124,26): warning FSM002: State 'EdgeComplexParent_Child2' might be unreachable based on defined transitions. [/mnt/c/Users/newon/source/repos/FastFsm/FastFsm.Tests/FastFsm.Tests.csproj]
         /mnt/c/Users/newon/source/repos/FastFsm/FastFsm.Tests/Features/Hsm/CompileTime/HsmParsingCompilationTests.cs(169,26): warning FSM002: State 'Working' might be unreachable based on defined transitions. [/mnt/c/Users/newon/source/repos/FastFsm/FastFsm.Tests/FastFsm.Tests.csproj]
         /mnt/c/Users/newon/source/repos/FastFsm/FastFsm.Tests/Features/Hsm/CompileTime/HsmParsingCompilationTests.cs(169,26): warning FSM002: State 'Completed' might be unreachable based on defined transitions. [/mnt/c/Users/newon/source/repos/FastFsm/FastFsm.Tests/FastFsm.Tests.csproj]
         /mnt/c/Users/newon/source/repos/FastFsm/FastFsm.Tests/Features/Hsm/CompileTime/HsmParsingCompilationTests.cs(169,26): warning FSM002: State 'Error' might be unreachable based on defined transitions. [/mnt/c/Users/newon/source/repos/FastFsm/FastFsm.Tests/FastFsm.Tests.csproj]
         /mnt/c/Users/newon/source/repos/FastFsm/FastFsm.Tests/Features/Hsm/CompileTime/HsmParsingCompilationTests.cs(169,26): warning FSM002: State 'Paused' might be unreachable based on defined transitions. [/mnt/c/Users/newon/source/repos/FastFsm/FastFsm.Tests/FastFsm.Tests.csproj]
         /mnt/c/Users/newon/source/repos/FastFsm/FastFsm.Tests/Features/Hsm/CompileTime/HsmParsingCompilationTests.cs(169,26): warning FSM002: State 'Working_Initializing' might be unreachable based on defined transitions. [/mnt/c/Users/newon/source/repos/FastFsm/FastFsm.Tests/FastFsm.Tests.csproj]
         /mnt/c/Users/newon/source/repos/FastFsm/FastFsm.Tests/Features/Hsm/CompileTime/HsmParsingCompilationTests.cs(169,26): warning FSM002: State 'Working_Processing' might be unreachable based on defined transitions. [/mnt/c/Users/newon/source/repos/FastFsm/FastFsm.Tests/FastFsm.Tests.csproj]
         /mnt/c/Users/newon/source/repos/FastFsm/FastFsm.Tests/Features/Hsm/CompileTime/HsmParsingCompilationTests.cs(169,26): warning FSM002: State 'Working_Validating' might be unreachable based on defined transitions. [/mnt/c/Users/newon/source/repos/FastFsm/FastFsm.Tests/FastFsm.Tests.csproj]
         /mnt/c/Users/newon/source/repos/FastFsm/FastFsm.Tests/Features/Hsm/CompileTime/HsmParsingCompilationTests.cs(169,26): warning FSM002: State 'Working_Cleanup' might be unreachable based on defined transitions. [/mnt/c/Users/newon/source/repos/FastFsm/FastFsm.Tests/FastFsm.Tests.csproj]
         /mnt/c/Users/newon/source/repos/FastFsm/FastFsm.Tests/Features/Hsm/CompileTime/HsmParsingCompilationTests.cs(169,26): warning FSM002: State 'Working_Processing_Reading' might be unreachable based on defined transitions. [/mnt/c/Users/newon/source/repos/FastFsm/FastFsm.Tests/FastFsm.Tests.csproj]
         /mnt/c/Users/newon/source/repos/FastFsm/FastFsm.Tests/Features/Hsm/CompileTime/HsmParsingCompilationTests.cs(169,26): warning FSM002: State 'Working_Processing_Computing' might be unreachable based on defined transitions. [/mnt/c/Users/newon/source/repos/FastFsm/FastFsm.Tests/FastFsm.Tests.csproj]
         /mnt/c/Users/newon/source/repos/FastFsm/FastFsm.Tests/Features/Hsm/CompileTime/HsmParsingCompilationTests.cs(169,26): warning FSM002: State 'Working_Processing_Writing' might be unreachable based on defined transitions. [/mnt/c/Users/newon/source/repos/FastFsm/FastFsm.Tests/FastFsm.Tests.csproj]
         /mnt/c/Users/newon/source/repos/FastFsm/FastFsm.Tests/Features/Hsm/CompileTime/HsmParsingCompilationTests.cs(169,26): warning FSM002: State 'Working_Processing_Computing_Loading' might be unreachable based on defined transitions. [/mnt/c/Users/newon/source/repos/FastFsm/FastFsm.Tests/FastFsm.Tests.csproj]
         /mnt/c/Users/newon/source/repos/FastFsm/FastFsm.Tests/Features/Hsm/CompileTime/HsmParsingCompilationTests.cs(169,26): warning FSM002: State 'Working_Processing_Computing_Calculating' might be unreachable based on defined transitions. [/mnt/c/Users/newon/source/repos/FastFsm/FastFsm.Tests/FastFsm.Tests.csproj]
         /mnt/c/Users/newon/source/repos/FastFsm/FastFsm.Tests/Features/Hsm/CompileTime/HsmParsingCompilationTests.cs(169,26): warning FSM002: State 'Working_Processing_Computing_Storing' might be unreachable based on defined transitions. [/mnt/c/Users/newon/source/repos/FastFsm/FastFsm.Tests/FastFsm.Tests.csproj]
         /mnt/c/Users/newon/source/repos/FastFsm/FastFsm.Tests/Features/Hsm/CompileTime/HsmParsingCompilationTests.cs(169,26): warning FSM002: State 'HistoryParent' might be unreachable based on defined transitions. [/mnt/c/Users/newon/source/repos/FastFsm/FastFsm.Tests/FastFsm.Tests.csproj]
         /mnt/c/Users/newon/source/repos/FastFsm/FastFsm.Tests/Features/Hsm/CompileTime/HsmParsingCompilationTests.cs(169,26): warning FSM002: State 'HistoryParent_Child1' might be unreachable based on defined transitions. [/mnt/c/Users/newon/source/repos/FastFsm/FastFsm.Tests/FastFsm.Tests.csproj]
         /mnt/c/Users/newon/source/repos/FastFsm/FastFsm.Tests/Features/Hsm/CompileTime/HsmParsingCompilationTests.cs(169,26): warning FSM002: State 'HistoryParent_Child2' might be unreachable based on defined transitions. [/mnt/c/Users/newon/source/repos/FastFsm/FastFsm.Tests/FastFsm.Tests.csproj]
         /mnt/c/Users/newon/source/repos/FastFsm/FastFsm.Tests/Features/Hsm/CompileTime/HsmParsingCompilationTests.cs(169,26): warning FSM002: State 'HistoryParent_Child3' might be unreachable based on defined transitions. [/mnt/c/Users/newon/source/repos/FastFsm/FastFsm.Tests/FastFsm.Tests.csproj]
         /mnt/c/Users/newon/source/repos/FastFsm/FastFsm.Tests/Features/Hsm/CompileTime/HsmParsingCompilationTests.cs(169,26): warning FSM002: State 'DeepHistoryParent' might be unreachable based on defined transitions. [/mnt/c/Users/newon/source/repos/FastFsm/FastFsm.Tests/FastFsm.Tests.csproj]
         /mnt/c/Users/newon/source/repos/FastFsm/FastFsm.Tests/Features/Hsm/CompileTime/HsmParsingCompilationTests.cs(169,26): warning FSM002: State 'DeepHistoryParent_Child1' might be unreachable based on defined transitions. [/mnt/c/Users/newon/source/repos/FastFsm/FastFsm.Tests/FastFsm.Tests.csproj]
         /mnt/c/Users/newon/source/repos/FastFsm/FastFsm.Tests/Features/Hsm/CompileTime/HsmParsingCompilationTests.cs(169,26): warning FSM002: State 'DeepHistoryParent_Child1_SubChild1' might be unreachable based on defined transitions. [/mnt/c/Users/newon/source/repos/FastFsm/FastFsm.Tests/FastFsm.Tests.csproj]
         /mnt/c/Users/newon/source/repos/FastFsm/FastFsm.Tests/Features/Hsm/CompileTime/HsmParsingCompilationTests.cs(169,26): warning FSM002: State 'DeepHistoryParent_Child1_SubChild2' might be unreachable based on defined transitions. [/mnt/c/Users/newon/source/repos/FastFsm/FastFsm.Tests/FastFsm.Tests.csproj]
         /mnt/c/Users/newon/source/repos/FastFsm/FastFsm.Tests/Features/Hsm/CompileTime/HsmParsingCompilationTests.cs(169,26): warning FSM002: State 'DeepHistoryParent_Child2' might be unreachable based on defined transitions. [/mnt/c/Users/newon/source/repos/FastFsm/FastFsm.Tests/FastFsm.Tests.csproj]
         /mnt/c/Users/newon/source/repos/FastFsm/FastFsm.Tests/Features/Hsm/CompileTime/HsmParsingCompilationTests.cs(169,26): warning FSM002: State 'Priority_Low' might be unreachable based on defined transitions. [/mnt/c/Users/newon/source/repos/FastFsm/FastFsm.Tests/FastFsm.Tests.csproj]
         /mnt/c/Users/newon/source/repos/FastFsm/FastFsm.Tests/Features/Hsm/CompileTime/HsmParsingCompilationTests.cs(169,26): warning FSM002: State 'Priority_Medium' might be unreachable based on defined transitions. [/mnt/c/Users/newon/source/repos/FastFsm/FastFsm.Tests/FastFsm.Tests.csproj]
         /mnt/c/Users/newon/source/repos/FastFsm/FastFsm.Tests/Features/Hsm/CompileTime/HsmParsingCompilationTests.cs(169,26): warning FSM002: State 'Priority_High' might be unreachable based on defined transitions. [/mnt/c/Users/newon/source/repos/FastFsm/FastFsm.Tests/FastFsm.Tests.csproj]
         /mnt/c/Users/newon/source/repos/FastFsm/FastFsm.Tests/Features/Hsm/CompileTime/HsmParsingCompilationTests.cs(169,26): warning FSM002: State 'InternalParent' might be unreachable based on defined transitions. [/mnt/c/Users/newon/source/repos/FastFsm/FastFsm.Tests/FastFsm.Tests.csproj]
         /mnt/c/Users/newon/source/repos/FastFsm/FastFsm.Tests/Features/Hsm/CompileTime/HsmParsingCompilationTests.cs(169,26): warning FSM002: State 'InternalParent_Child1' might be unreachable based on defined transitions. [/mnt/c/Users/newon/source/repos/FastFsm/FastFsm.Tests/FastFsm.Tests.csproj]
         /mnt/c/Users/newon/source/repos/FastFsm/FastFsm.Tests/Features/Hsm/CompileTime/HsmParsingCompilationTests.cs(169,26): warning FSM002: State 'InternalParent_Child2' might be unreachable based on defined transitions. [/mnt/c/Users/newon/source/repos/FastFsm/FastFsm.Tests/FastFsm.Tests.csproj]
         /mnt/c/Users/newon/source/repos/FastFsm/FastFsm.Tests/Features/Hsm/CompileTime/HsmParsingCompilationTests.cs(169,26): warning FSM002: State 'Branch1' might be unreachable based on defined transitions. [/mnt/c/Users/newon/source/repos/FastFsm/FastFsm.Tests/FastFsm.Tests.csproj]
         /mnt/c/Users/newon/source/repos/FastFsm/FastFsm.Tests/Features/Hsm/CompileTime/HsmParsingCompilationTests.cs(169,26): warning FSM002: State 'Branch1_Leaf1' might be unreachable based on defined transitions. [/mnt/c/Users/newon/source/repos/FastFsm/FastFsm.Tests/FastFsm.Tests.csproj]
         /mnt/c/Users/newon/source/repos/FastFsm/FastFsm.Tests/Features/Hsm/CompileTime/HsmParsingCompilationTests.cs(169,26): warning FSM002: State 'Branch1_Leaf2' might be unreachable based on defined transitions. [/mnt/c/Users/newon/source/repos/FastFsm/FastFsm.Tests/FastFsm.Tests.csproj]
         /mnt/c/Users/newon/source/repos/FastFsm/FastFsm.Tests/Features/Hsm/CompileTime/HsmParsingCompilationTests.cs(169,26): warning FSM002: State 'Branch2' might be unreachable based on defined transitions. [/mnt/c/Users/newon/source/repos/FastFsm/FastFsm.Tests/FastFsm.Tests.csproj]
         /mnt/c/Users/newon/source/repos/FastFsm/FastFsm.Tests/Features/Hsm/CompileTime/HsmParsingCompilationTests.cs(169,26): warning FSM002: State 'Branch2_Leaf1' might be unreachable based on defined transitions. [/mnt/c/Users/newon/source/repos/FastFsm/FastFsm.Tests/FastFsm.Tests.csproj]
         /mnt/c/Users/newon/source/repos/FastFsm/FastFsm.Tests/Features/Hsm/CompileTime/HsmParsingCompilationTests.cs(169,26): warning FSM002: State 'Branch2_Leaf2' might be unreachable based on defined transitions. [/mnt/c/Users/newon/source/repos/FastFsm/FastFsm.Tests/FastFsm.Tests.csproj]
         /mnt/c/Users/newon/source/repos/FastFsm/FastFsm.Tests/Features/Hsm/CompileTime/HsmParsingCompilationTests.cs(169,26): warning FSM002: State 'ComplexParent' might be unreachable based on defined transitions. [/mnt/c/Users/newon/source/repos/FastFsm/FastFsm.Tests/FastFsm.Tests.csproj]
         /mnt/c/Users/newon/source/repos/FastFsm/FastFsm.Tests/Features/Hsm/CompileTime/HsmParsingCompilationTests.cs(169,26): warning FSM002: State 'ComplexParent_Child1' might be unreachable based on defined transitions. [/mnt/c/Users/newon/source/repos/FastFsm/FastFsm.Tests/FastFsm.Tests.csproj]
         /mnt/c/Users/newon/source/repos/FastFsm/FastFsm.Tests/Features/Hsm/CompileTime/HsmParsingCompilationTests.cs(169,26): warning FSM002: State 'ComplexParent_Child2' might be unreachable based on defined transitions. [/mnt/c/Users/newon/source/repos/FastFsm/FastFsm.Tests/FastFsm.Tests.csproj]
         /mnt/c/Users/newon/source/repos/FastFsm/FastFsm.Tests/Features/Hsm/CompileTime/HsmParsingCompilationTests.cs(169,26): warning FSM002: State 'ComplexParent_Child3' might be unreachable based on defined transitions. [/mnt/c/Users/newon/source/repos/FastFsm/FastFsm.Tests/FastFsm.Tests.csproj]
         /mnt/c/Users/newon/source/repos/FastFsm/FastFsm.Tests/Features/Hsm/CompileTime/HsmParsingCompilationTests.cs(169,26): warning FSM002: State 'EdgeParent' might be unreachable based on defined transitions. [/mnt/c/Users/newon/source/repos/FastFsm/FastFsm.Tests/FastFsm.Tests.csproj]
         /mnt/c/Users/newon/source/repos/FastFsm/FastFsm.Tests/Features/Hsm/CompileTime/HsmParsingCompilationTests.cs(169,26): warning FSM002: State 'EdgeParent_Child' might be unreachable based on defined transitions. [/mnt/c/Users/newon/source/repos/FastFsm/FastFsm.Tests/FastFsm.Tests.csproj]
         /mnt/c/Users/newon/source/repos/FastFsm/FastFsm.Tests/Features/Hsm/CompileTime/HsmParsingCompilationTests.cs(169,26): warning FSM002: State 'EdgeComplexParent' might be unreachable based on defined transitions. [/mnt/c/Users/newon/source/repos/FastFsm/FastFsm.Tests/FastFsm.Tests.csproj]
         /mnt/c/Users/newon/source/repos/FastFsm/FastFsm.Tests/Features/Hsm/CompileTime/HsmParsingCompilationTests.cs(169,26): warning FSM002: State 'EdgeComplexParent_Child1' might be unreachable based on defined transitions. [/mnt/c/Users/newon/source/repos/FastFsm/FastFsm.Tests/FastFsm.Tests.csproj]
         /mnt/c/Users/newon/source/repos/FastFsm/FastFsm.Tests/Features/Hsm/CompileTime/HsmParsingCompilationTests.cs(169,26): warning FSM002: State 'EdgeComplexParent_Child2' might be unreachable based on defined transitions. [/mnt/c/Users/newon/source/repos/FastFsm/FastFsm.Tests/FastFsm.Tests.csproj]
         /mnt/c/Users/newon/source/repos/FastFsm/FastFsm.Tests/Features/Hsm/CompileTime/HsmParsingCompilationTests.cs(222,26): warning FSM002: State 'Working' might be unreachable based on defined transitions. [/mnt/c/Users/newon/source/repos/FastFsm/FastFsm.Tests/FastFsm.Tests.csproj]
         /mnt/c/Users/newon/source/repos/FastFsm/FastFsm.Tests/Features/Hsm/CompileTime/HsmParsingCompilationTests.cs(222,26): warning FSM002: State 'Completed' might be unreachable based on defined transitions. [/mnt/c/Users/newon/source/repos/FastFsm/FastFsm.Tests/FastFsm.Tests.csproj]
         /mnt/c/Users/newon/source/repos/FastFsm/FastFsm.Tests/Features/Hsm/CompileTime/HsmParsingCompilationTests.cs(222,26): warning FSM002: State 'Error' might be unreachable based on defined transitions. [/mnt/c/Users/newon/source/repos/FastFsm/FastFsm.Tests/FastFsm.Tests.csproj]
         /mnt/c/Users/newon/source/repos/FastFsm/FastFsm.Tests/Features/Hsm/CompileTime/HsmParsingCompilationTests.cs(222,26): warning FSM002: State 'Paused' might be unreachable based on defined transitions. [/mnt/c/Users/newon/source/repos/FastFsm/FastFsm.Tests/FastFsm.Tests.csproj]
         /mnt/c/Users/newon/source/repos/FastFsm/FastFsm.Tests/Features/Hsm/CompileTime/HsmParsingCompilationTests.cs(222,26): warning FSM002: State 'Working_Initializing' might be unreachable based on defined transitions. [/mnt/c/Users/newon/source/repos/FastFsm/FastFsm.Tests/FastFsm.Tests.csproj]
         /mnt/c/Users/newon/source/repos/FastFsm/FastFsm.Tests/Features/Hsm/CompileTime/HsmParsingCompilationTests.cs(222,26): warning FSM002: State 'Working_Processing' might be unreachable based on defined transitions. [/mnt/c/Users/newon/source/repos/FastFsm/FastFsm.Tests/FastFsm.Tests.csproj]
         /mnt/c/Users/newon/source/repos/FastFsm/FastFsm.Tests/Features/Hsm/CompileTime/HsmParsingCompilationTests.cs(222,26): warning FSM002: State 'Working_Validating' might be unreachable based on defined transitions. [/mnt/c/Users/newon/source/repos/FastFsm/FastFsm.Tests/FastFsm.Tests.csproj]
         /mnt/c/Users/newon/source/repos/FastFsm/FastFsm.Tests/Features/Hsm/CompileTime/HsmParsingCompilationTests.cs(222,26): warning FSM002: State 'Working_Cleanup' might be unreachable based on defined transitions. [/mnt/c/Users/newon/source/repos/FastFsm/FastFsm.Tests/FastFsm.Tests.csproj]
         /mnt/c/Users/newon/source/repos/FastFsm/FastFsm.Tests/Features/Hsm/CompileTime/HsmParsingCompilationTests.cs(222,26): warning FSM002: State 'Working_Processing_Reading' might be unreachable based on defined transitions. [/mnt/c/Users/newon/source/repos/FastFsm/FastFsm.Tests/FastFsm.Tests.csproj]
         /mnt/c/Users/newon/source/repos/FastFsm/FastFsm.Tests/Features/Hsm/CompileTime/HsmParsingCompilationTests.cs(222,26): warning FSM002: State 'Working_Processing_Computing' might be unreachable based on defined transitions. [/mnt/c/Users/newon/source/repos/FastFsm/FastFsm.Tests/FastFsm.Tests.csproj]
         /mnt/c/Users/newon/source/repos/FastFsm/FastFsm.Tests/Features/Hsm/CompileTime/HsmParsingCompilationTests.cs(222,26): warning FSM002: State 'Working_Processing_Writing' might be unreachable based on defined transitions. [/mnt/c/Users/newon/source/repos/FastFsm/FastFsm.Tests/FastFsm.Tests.csproj]
         /mnt/c/Users/newon/source/repos/FastFsm/FastFsm.Tests/Features/Hsm/CompileTime/HsmParsingCompilationTests.cs(222,26): warning FSM002: State 'Working_Processing_Computing_Loading' might be unreachable based on defined transitions. [/mnt/c/Users/newon/source/repos/FastFsm/FastFsm.Tests/FastFsm.Tests.csproj]
         /mnt/c/Users/newon/source/repos/FastFsm/FastFsm.Tests/Features/Hsm/CompileTime/HsmParsingCompilationTests.cs(222,26): warning FSM002: State 'Working_Processing_Computing_Calculating' might be unreachable based on defined transitions. [/mnt/c/Users/newon/source/repos/FastFsm/FastFsm.Tests/FastFsm.Tests.csproj]
         /mnt/c/Users/newon/source/repos/FastFsm/FastFsm.Tests/Features/Hsm/CompileTime/HsmParsingCompilationTests.cs(222,26): warning FSM002: State 'Working_Processing_Computing_Storing' might be unreachable based on defined transitions. [/mnt/c/Users/newon/source/repos/FastFsm/FastFsm.Tests/FastFsm.Tests.csproj]
         /mnt/c/Users/newon/source/repos/FastFsm/FastFsm.Tests/Features/Hsm/CompileTime/HsmParsingCompilationTests.cs(222,26): warning FSM002: State 'HistoryParent' might be unreachable based on defined transitions. [/mnt/c/Users/newon/source/repos/FastFsm/FastFsm.Tests/FastFsm.Tests.csproj]
         /mnt/c/Users/newon/source/repos/FastFsm/FastFsm.Tests/Features/Hsm/CompileTime/HsmParsingCompilationTests.cs(222,26): warning FSM002: State 'HistoryParent_Child1' might be unreachable based on defined transitions. [/mnt/c/Users/newon/source/repos/FastFsm/FastFsm.Tests/FastFsm.Tests.csproj]
         /mnt/c/Users/newon/source/repos/FastFsm/FastFsm.Tests/Features/Hsm/CompileTime/HsmParsingCompilationTests.cs(222,26): warning FSM002: State 'HistoryParent_Child2' might be unreachable based on defined transitions. [/mnt/c/Users/newon/source/repos/FastFsm/FastFsm.Tests/FastFsm.Tests.csproj]
         /mnt/c/Users/newon/source/repos/FastFsm/FastFsm.Tests/Features/Hsm/CompileTime/HsmParsingCompilationTests.cs(222,26): warning FSM002: State 'HistoryParent_Child3' might be unreachable based on defined transitions. [/mnt/c/Users/newon/source/repos/FastFsm/FastFsm.Tests/FastFsm.Tests.csproj]
         /mnt/c/Users/newon/source/repos/FastFsm/FastFsm.Tests/Features/Hsm/CompileTime/HsmParsingCompilationTests.cs(222,26): warning FSM002: State 'DeepHistoryParent' might be unreachable based on defined transitions. [/mnt/c/Users/newon/source/repos/FastFsm/FastFsm.Tests/FastFsm.Tests.csproj]
         /mnt/c/Users/newon/source/repos/FastFsm/FastFsm.Tests/Features/Hsm/CompileTime/HsmParsingCompilationTests.cs(222,26): warning FSM002: State 'DeepHistoryParent_Child1' might be unreachable based on defined transitions. [/mnt/c/Users/newon/source/repos/FastFsm/FastFsm.Tests/FastFsm.Tests.csproj]
         /mnt/c/Users/newon/source/repos/FastFsm/FastFsm.Tests/Features/Hsm/CompileTime/HsmParsingCompilationTests.cs(222,26): warning FSM002: State 'DeepHistoryParent_Child1_SubChild1' might be unreachable based on defined transitions. [/mnt/c/Users/newon/source/repos/FastFsm/FastFsm.Tests/FastFsm.Tests.csproj]
         /mnt/c/Users/newon/source/repos/FastFsm/FastFsm.Tests/Features/Hsm/CompileTime/HsmParsingCompilationTests.cs(222,26): warning FSM002: State 'DeepHistoryParent_Child1_SubChild2' might be unreachable based on defined transitions. [/mnt/c/Users/newon/source/repos/FastFsm/FastFsm.Tests/FastFsm.Tests.csproj]
         /mnt/c/Users/newon/source/repos/FastFsm/FastFsm.Tests/Features/Hsm/CompileTime/HsmParsingCompilationTests.cs(222,26): warning FSM002: State 'DeepHistoryParent_Child2' might be unreachable based on defined transitions. [/mnt/c/Users/newon/source/repos/FastFsm/FastFsm.Tests/FastFsm.Tests.csproj]
         /mnt/c/Users/newon/source/repos/FastFsm/FastFsm.Tests/Features/Hsm/CompileTime/HsmParsingCompilationTests.cs(222,26): warning FSM002: State 'Priority_Low' might be unreachable based on defined transitions. [/mnt/c/Users/newon/source/repos/FastFsm/FastFsm.Tests/FastFsm.Tests.csproj]
         /mnt/c/Users/newon/source/repos/FastFsm/FastFsm.Tests/Features/Hsm/CompileTime/HsmParsingCompilationTests.cs(222,26): warning FSM002: State 'Priority_Medium' might be unreachable based on defined transitions. [/mnt/c/Users/newon/source/repos/FastFsm/FastFsm.Tests/FastFsm.Tests.csproj]
         /mnt/c/Users/newon/source/repos/FastFsm/FastFsm.Tests/Features/Hsm/CompileTime/HsmParsingCompilationTests.cs(222,26): warning FSM002: State 'Priority_High' might be unreachable based on defined transitions. [/mnt/c/Users/newon/source/repos/FastFsm/FastFsm.Tests/FastFsm.Tests.csproj]
         /mnt/c/Users/newon/source/repos/FastFsm/FastFsm.Tests/Features/Hsm/CompileTime/HsmParsingCompilationTests.cs(222,26): warning FSM002: State 'InternalParent' might be unreachable based on defined transitions. [/mnt/c/Users/newon/source/repos/FastFsm/FastFsm.Tests/FastFsm.Tests.csproj]
         /mnt/c/Users/newon/source/repos/FastFsm/FastFsm.Tests/Features/Hsm/CompileTime/HsmParsingCompilationTests.cs(222,26): warning FSM002: State 'InternalParent_Child1' might be unreachable based on defined transitions. [/mnt/c/Users/newon/source/repos/FastFsm/FastFsm.Tests/FastFsm.Tests.csproj]
         /mnt/c/Users/newon/source/repos/FastFsm/FastFsm.Tests/Features/Hsm/CompileTime/HsmParsingCompilationTests.cs(222,26): warning FSM002: State 'InternalParent_Child2' might be unreachable based on defined transitions. [/mnt/c/Users/newon/source/repos/FastFsm/FastFsm.Tests/FastFsm.Tests.csproj]
         /mnt/c/Users/newon/source/repos/FastFsm/FastFsm.Tests/Features/Hsm/CompileTime/HsmParsingCompilationTests.cs(222,26): warning FSM002: State 'Branch1' might be unreachable based on defined transitions. [/mnt/c/Users/newon/source/repos/FastFsm/FastFsm.Tests/FastFsm.Tests.csproj]
         /mnt/c/Users/newon/source/repos/FastFsm/FastFsm.Tests/Features/Hsm/CompileTime/HsmParsingCompilationTests.cs(222,26): warning FSM002: State 'Branch1_Leaf1' might be unreachable based on defined transitions. [/mnt/c/Users/newon/source/repos/FastFsm/FastFsm.Tests/FastFsm.Tests.csproj]
         /mnt/c/Users/newon/source/repos/FastFsm/FastFsm.Tests/Features/Hsm/CompileTime/HsmParsingCompilationTests.cs(222,26): warning FSM002: State 'Branch1_Leaf2' might be unreachable based on defined transitions. [/mnt/c/Users/newon/source/repos/FastFsm/FastFsm.Tests/FastFsm.Tests.csproj]
         /mnt/c/Users/newon/source/repos/FastFsm/FastFsm.Tests/Features/Hsm/CompileTime/HsmParsingCompilationTests.cs(222,26): warning FSM002: State 'Branch2' might be unreachable based on defined transitions. [/mnt/c/Users/newon/source/repos/FastFsm/FastFsm.Tests/FastFsm.Tests.csproj]
         /mnt/c/Users/newon/source/repos/FastFsm/FastFsm.Tests/Features/Hsm/CompileTime/HsmParsingCompilationTests.cs(222,26): warning FSM002: State 'Branch2_Leaf1' might be unreachable based on defined transitions. [/mnt/c/Users/newon/source/repos/FastFsm/FastFsm.Tests/FastFsm.Tests.csproj]
         /mnt/c/Users/newon/source/repos/FastFsm/FastFsm.Tests/Features/Hsm/CompileTime/HsmParsingCompilationTests.cs(222,26): warning FSM002: State 'Branch2_Leaf2' might be unreachable based on defined transitions. [/mnt/c/Users/newon/source/repos/FastFsm/FastFsm.Tests/FastFsm.Tests.csproj]
         /mnt/c/Users/newon/source/repos/FastFsm/FastFsm.Tests/Features/Hsm/CompileTime/HsmParsingCompilationTests.cs(222,26): warning FSM002: State 'ComplexParent' might be unreachable based on defined transitions. [/mnt/c/Users/newon/source/repos/FastFsm/FastFsm.Tests/FastFsm.Tests.csproj]
         /mnt/c/Users/newon/source/repos/FastFsm/FastFsm.Tests/Features/Hsm/CompileTime/HsmParsingCompilationTests.cs(222,26): warning FSM002: State 'ComplexParent_Child1' might be unreachable based on defined transitions. [/mnt/c/Users/newon/source/repos/FastFsm/FastFsm.Tests/FastFsm.Tests.csproj]
         /mnt/c/Users/newon/source/repos/FastFsm/FastFsm.Tests/Features/Hsm/CompileTime/HsmParsingCompilationTests.cs(222,26): warning FSM002: State 'ComplexParent_Child2' might be unreachable based on defined transitions. [/mnt/c/Users/newon/source/repos/FastFsm/FastFsm.Tests/FastFsm.Tests.csproj]
         /mnt/c/Users/newon/source/repos/FastFsm/FastFsm.Tests/Features/Hsm/CompileTime/HsmParsingCompilationTests.cs(222,26): warning FSM002: State 'ComplexParent_Child3' might be unreachable based on defined transitions. [/mnt/c/Users/newon/source/repos/FastFsm/FastFsm.Tests/FastFsm.Tests.csproj]
         /mnt/c/Users/newon/source/repos/FastFsm/FastFsm.Tests/Features/Hsm/CompileTime/HsmParsingCompilationTests.cs(222,26): warning FSM002: State 'EdgeParent' might be unreachable based on defined transitions. [/mnt/c/Users/newon/source/repos/FastFsm/FastFsm.Tests/FastFsm.Tests.csproj]
         /mnt/c/Users/newon/source/repos/FastFsm/FastFsm.Tests/Features/Hsm/CompileTime/HsmParsingCompilationTests.cs(222,26): warning FSM002: State 'EdgeParent_Child' might be unreachable based on defined transitions. [/mnt/c/Users/newon/source/repos/FastFsm/FastFsm.Tests/FastFsm.Tests.csproj]
         /mnt/c/Users/newon/source/repos/FastFsm/FastFsm.Tests/Features/Hsm/CompileTime/HsmParsingCompilationTests.cs(222,26): warning FSM002: State 'EdgeComplexParent' might be unreachable based on defined transitions. [/mnt/c/Users/newon/source/repos/FastFsm/FastFsm.Tests/FastFsm.Tests.csproj]
         /mnt/c/Users/newon/source/repos/FastFsm/FastFsm.Tests/Features/Hsm/CompileTime/HsmParsingCompilationTests.cs(222,26): warning FSM002: State 'EdgeComplexParent_Child1' might be unreachable based on defined transitions. [/mnt/c/Users/newon/source/repos/FastFsm/FastFsm.Tests/FastFsm.Tests.csproj]
         /mnt/c/Users/newon/source/repos/FastFsm/FastFsm.Tests/Features/Hsm/CompileTime/HsmParsingCompilationTests.cs(222,26): warning FSM002: State 'EdgeComplexParent_Child2' might be unreachable based on defined transitions. [/mnt/c/Users/newon/source/repos/FastFsm/FastFsm.Tests/FastFsm.Tests.csproj]
         /mnt/c/Users/newon/source/repos/FastFsm/FastFsm.Tests/Features/Hsm/CompileTime/HsmParsingCompilationTests.cs(255,26): warning FSM002: State 'Working' might be unreachable based on defined transitions. [/mnt/c/Users/newon/source/repos/FastFsm/FastFsm.Tests/FastFsm.Tests.csproj]
         /mnt/c/Users/newon/source/repos/FastFsm/FastFsm.Tests/Features/Hsm/CompileTime/HsmParsingCompilationTests.cs(255,26): warning FSM002: State 'Completed' might be unreachable based on defined transitions. [/mnt/c/Users/newon/source/repos/FastFsm/FastFsm.Tests/FastFsm.Tests.csproj]
         /mnt/c/Users/newon/source/repos/FastFsm/FastFsm.Tests/Features/Hsm/CompileTime/HsmParsingCompilationTests.cs(255,26): warning FSM002: State 'Error' might be unreachable based on defined transitions. [/mnt/c/Users/newon/source/repos/FastFsm/FastFsm.Tests/FastFsm.Tests.csproj]
         /mnt/c/Users/newon/source/repos/FastFsm/FastFsm.Tests/Features/Hsm/CompileTime/HsmParsingCompilationTests.cs(255,26): warning FSM002: State 'Paused' might be unreachable based on defined transitions. [/mnt/c/Users/newon/source/repos/FastFsm/FastFsm.Tests/FastFsm.Tests.csproj]
         /mnt/c/Users/newon/source/repos/FastFsm/FastFsm.Tests/Features/Hsm/CompileTime/HsmParsingCompilationTests.cs(255,26): warning FSM002: State 'Working_Initializing' might be unreachable based on defined transitions. [/mnt/c/Users/newon/source/repos/FastFsm/FastFsm.Tests/FastFsm.Tests.csproj]
         /mnt/c/Users/newon/source/repos/FastFsm/FastFsm.Tests/Features/Hsm/CompileTime/HsmParsingCompilationTests.cs(255,26): warning FSM002: State 'Working_Processing' might be unreachable based on defined transitions. [/mnt/c/Users/newon/source/repos/FastFsm/FastFsm.Tests/FastFsm.Tests.csproj]
         /mnt/c/Users/newon/source/repos/FastFsm/FastFsm.Tests/Features/Hsm/CompileTime/HsmParsingCompilationTests.cs(255,26): warning FSM002: State 'Working_Validating' might be unreachable based on defined transitions. [/mnt/c/Users/newon/source/repos/FastFsm/FastFsm.Tests/FastFsm.Tests.csproj]
         /mnt/c/Users/newon/source/repos/FastFsm/FastFsm.Tests/Features/Hsm/CompileTime/HsmParsingCompilationTests.cs(255,26): warning FSM002: State 'Working_Cleanup' might be unreachable based on defined transitions. [/mnt/c/Users/newon/source/repos/FastFsm/FastFsm.Tests/FastFsm.Tests.csproj]
         /mnt/c/Users/newon/source/repos/FastFsm/FastFsm.Tests/Features/Hsm/CompileTime/HsmParsingCompilationTests.cs(255,26): warning FSM002: State 'Working_Processing_Reading' might be unreachable based on defined transitions. [/mnt/c/Users/newon/source/repos/FastFsm/FastFsm.Tests/FastFsm.Tests.csproj]
         /mnt/c/Users/newon/source/repos/FastFsm/FastFsm.Tests/Features/Hsm/CompileTime/HsmParsingCompilationTests.cs(255,26): warning FSM002: State 'Working_Processing_Computing' might be unreachable based on defined transitions. [/mnt/c/Users/newon/source/repos/FastFsm/FastFsm.Tests/FastFsm.Tests.csproj]
         /mnt/c/Users/newon/source/repos/FastFsm/FastFsm.Tests/Features/Hsm/CompileTime/HsmParsingCompilationTests.cs(255,26): warning FSM002: State 'Working_Processing_Writing' might be unreachable based on defined transitions. [/mnt/c/Users/newon/source/repos/FastFsm/FastFsm.Tests/FastFsm.Tests.csproj]
         /mnt/c/Users/newon/source/repos/FastFsm/FastFsm.Tests/Features/Hsm/CompileTime/HsmParsingCompilationTests.cs(255,26): warning FSM002: State 'Working_Processing_Computing_Loading' might be unreachable based on defined transitions. [/mnt/c/Users/newon/source/repos/FastFsm/FastFsm.Tests/FastFsm.Tests.csproj]
         /mnt/c/Users/newon/source/repos/FastFsm/FastFsm.Tests/Features/Hsm/CompileTime/HsmParsingCompilationTests.cs(255,26): warning FSM002: State 'Working_Processing_Computing_Calculating' might be unreachable based on defined transitions. [/mnt/c/Users/newon/source/repos/FastFsm/FastFsm.Tests/FastFsm.Tests.csproj]
         /mnt/c/Users/newon/source/repos/FastFsm/FastFsm.Tests/Features/Hsm/CompileTime/HsmParsingCompilationTests.cs(255,26): warning FSM002: State 'Working_Processing_Computing_Storing' might be unreachable based on defined transitions. [/mnt/c/Users/newon/source/repos/FastFsm/FastFsm.Tests/FastFsm.Tests.csproj]
         /mnt/c/Users/newon/source/repos/FastFsm/FastFsm.Tests/Features/Hsm/CompileTime/HsmParsingCompilationTests.cs(255,26): warning FSM002: State 'HistoryParent' might be unreachable based on defined transitions. [/mnt/c/Users/newon/source/repos/FastFsm/FastFsm.Tests/FastFsm.Tests.csproj]
         /mnt/c/Users/newon/source/repos/FastFsm/FastFsm.Tests/Features/Hsm/CompileTime/HsmParsingCompilationTests.cs(255,26): warning FSM002: State 'HistoryParent_Child1' might be unreachable based on defined transitions. [/mnt/c/Users/newon/source/repos/FastFsm/FastFsm.Tests/FastFsm.Tests.csproj]
         /mnt/c/Users/newon/source/repos/FastFsm/FastFsm.Tests/Features/Hsm/CompileTime/HsmParsingCompilationTests.cs(255,26): warning FSM002: State 'HistoryParent_Child2' might be unreachable based on defined transitions. [/mnt/c/Users/newon/source/repos/FastFsm/FastFsm.Tests/FastFsm.Tests.csproj]
         /mnt/c/Users/newon/source/repos/FastFsm/FastFsm.Tests/Features/Hsm/CompileTime/HsmParsingCompilationTests.cs(255,26): warning FSM002: State 'HistoryParent_Child3' might be unreachable based on defined transitions. [/mnt/c/Users/newon/source/repos/FastFsm/FastFsm.Tests/FastFsm.Tests.csproj]
         /mnt/c/Users/newon/source/repos/FastFsm/FastFsm.Tests/Features/Hsm/CompileTime/HsmParsingCompilationTests.cs(255,26): warning FSM002: State 'DeepHistoryParent' might be unreachable based on defined transitions. [/mnt/c/Users/newon/source/repos/FastFsm/FastFsm.Tests/FastFsm.Tests.csproj]
         /mnt/c/Users/newon/source/repos/FastFsm/FastFsm.Tests/Features/Hsm/CompileTime/HsmParsingCompilationTests.cs(255,26): warning FSM002: State 'DeepHistoryParent_Child1' might be unreachable based on defined transitions. [/mnt/c/Users/newon/source/repos/FastFsm/FastFsm.Tests/FastFsm.Tests.csproj]
         /mnt/c/Users/newon/source/repos/FastFsm/FastFsm.Tests/Features/Hsm/CompileTime/HsmParsingCompilationTests.cs(255,26): warning FSM002: State 'DeepHistoryParent_Child1_SubChild1' might be unreachable based on defined transitions. [/mnt/c/Users/newon/source/repos/FastFsm/FastFsm.Tests/FastFsm.Tests.csproj]
         /mnt/c/Users/newon/source/repos/FastFsm/FastFsm.Tests/Features/Hsm/CompileTime/HsmParsingCompilationTests.cs(255,26): warning FSM002: State 'DeepHistoryParent_Child1_SubChild2' might be unreachable based on defined transitions. [/mnt/c/Users/newon/source/repos/FastFsm/FastFsm.Tests/FastFsm.Tests.csproj]
         /mnt/c/Users/newon/source/repos/FastFsm/FastFsm.Tests/Features/Hsm/CompileTime/HsmParsingCompilationTests.cs(255,26): warning FSM002: State 'DeepHistoryParent_Child2' might be unreachable based on defined transitions. [/mnt/c/Users/newon/source/repos/FastFsm/FastFsm.Tests/FastFsm.Tests.csproj]
         /mnt/c/Users/newon/source/repos/FastFsm/FastFsm.Tests/Features/Hsm/CompileTime/HsmParsingCompilationTests.cs(255,26): warning FSM002: State 'Priority_Low' might be unreachable based on defined transitions. [/mnt/c/Users/newon/source/repos/FastFsm/FastFsm.Tests/FastFsm.Tests.csproj]
         /mnt/c/Users/newon/source/repos/FastFsm/FastFsm.Tests/Features/Hsm/CompileTime/HsmParsingCompilationTests.cs(255,26): warning FSM002: State 'Priority_Medium' might be unreachable based on defined transitions. [/mnt/c/Users/newon/source/repos/FastFsm/FastFsm.Tests/FastFsm.Tests.csproj]
         /mnt/c/Users/newon/source/repos/FastFsm/FastFsm.Tests/Features/Hsm/CompileTime/HsmParsingCompilationTests.cs(255,26): warning FSM002: State 'Priority_High' might be unreachable based on defined transitions. [/mnt/c/Users/newon/source/repos/FastFsm/FastFsm.Tests/FastFsm.Tests.csproj]
         /mnt/c/Users/newon/source/repos/FastFsm/FastFsm.Tests/Features/Hsm/CompileTime/HsmParsingCompilationTests.cs(255,26): warning FSM002: State 'InternalParent' might be unreachable based on defined transitions. [/mnt/c/Users/newon/source/repos/FastFsm/FastFsm.Tests/FastFsm.Tests.csproj]
         /mnt/c/Users/newon/source/repos/FastFsm/FastFsm.Tests/Features/Hsm/CompileTime/HsmParsingCompilationTests.cs(255,26): warning FSM002: State 'InternalParent_Child1' might be unreachable based on defined transitions. [/mnt/c/Users/newon/source/repos/FastFsm/FastFsm.Tests/FastFsm.Tests.csproj]
         /mnt/c/Users/newon/source/repos/FastFsm/FastFsm.Tests/Features/Hsm/CompileTime/HsmParsingCompilationTests.cs(255,26): warning FSM002: State 'InternalParent_Child2' might be unreachable based on defined transitions. [/mnt/c/Users/newon/source/repos/FastFsm/FastFsm.Tests/FastFsm.Tests.csproj]
         /mnt/c/Users/newon/source/repos/FastFsm/FastFsm.Tests/Features/Hsm/CompileTime/HsmParsingCompilationTests.cs(255,26): warning FSM002: State 'Branch1' might be unreachable based on defined transitions. [/mnt/c/Users/newon/source/repos/FastFsm/FastFsm.Tests/FastFsm.Tests.csproj]
         /mnt/c/Users/newon/source/repos/FastFsm/FastFsm.Tests/Features/Hsm/CompileTime/HsmParsingCompilationTests.cs(255,26): warning FSM002: State 'Branch1_Leaf1' might be unreachable based on defined transitions. [/mnt/c/Users/newon/source/repos/FastFsm/FastFsm.Tests/FastFsm.Tests.csproj]
         /mnt/c/Users/newon/source/repos/FastFsm/FastFsm.Tests/Features/Hsm/CompileTime/HsmParsingCompilationTests.cs(255,26): warning FSM002: State 'Branch1_Leaf2' might be unreachable based on defined transitions. [/mnt/c/Users/newon/source/repos/FastFsm/FastFsm.Tests/FastFsm.Tests.csproj]
         /mnt/c/Users/newon/source/repos/FastFsm/FastFsm.Tests/Features/Hsm/CompileTime/HsmParsingCompilationTests.cs(255,26): warning FSM002: State 'Branch2' might be unreachable based on defined transitions. [/mnt/c/Users/newon/source/repos/FastFsm/FastFsm.Tests/FastFsm.Tests.csproj]
         /mnt/c/Users/newon/source/repos/FastFsm/FastFsm.Tests/Features/Hsm/CompileTime/HsmParsingCompilationTests.cs(255,26): warning FSM002: State 'Branch2_Leaf1' might be unreachable based on defined transitions. [/mnt/c/Users/newon/source/repos/FastFsm/FastFsm.Tests/FastFsm.Tests.csproj]
         /mnt/c/Users/newon/source/repos/FastFsm/FastFsm.Tests/Features/Hsm/CompileTime/HsmParsingCompilationTests.cs(255,26): warning FSM002: State 'Branch2_Leaf2' might be unreachable based on defined transitions. [/mnt/c/Users/newon/source/repos/FastFsm/FastFsm.Tests/FastFsm.Tests.csproj]
         /mnt/c/Users/newon/source/repos/FastFsm/FastFsm.Tests/Features/Hsm/CompileTime/HsmParsingCompilationTests.cs(255,26): warning FSM002: State 'ComplexParent' might be unreachable based on defined transitions. [/mnt/c/Users/newon/source/repos/FastFsm/FastFsm.Tests/FastFsm.Tests.csproj]
         /mnt/c/Users/newon/source/repos/FastFsm/FastFsm.Tests/Features/Hsm/CompileTime/HsmParsingCompilationTests.cs(255,26): warning FSM002: State 'ComplexParent_Child1' might be unreachable based on defined transitions. [/mnt/c/Users/newon/source/repos/FastFsm/FastFsm.Tests/FastFsm.Tests.csproj]
         /mnt/c/Users/newon/source/repos/FastFsm/FastFsm.Tests/Features/Hsm/CompileTime/HsmParsingCompilationTests.cs(255,26): warning FSM002: State 'ComplexParent_Child2' might be unreachable based on defined transitions. [/mnt/c/Users/newon/source/repos/FastFsm/FastFsm.Tests/FastFsm.Tests.csproj]
         /mnt/c/Users/newon/source/repos/FastFsm/FastFsm.Tests/Features/Hsm/CompileTime/HsmParsingCompilationTests.cs(255,26): warning FSM002: State 'ComplexParent_Child3' might be unreachable based on defined transitions. [/mnt/c/Users/newon/source/repos/FastFsm/FastFsm.Tests/FastFsm.Tests.csproj]
         /mnt/c/Users/newon/source/repos/FastFsm/FastFsm.Tests/Features/Hsm/CompileTime/HsmParsingCompilationTests.cs(255,26): warning FSM002: State 'EdgeParent' might be unreachable based on defined transitions. [/mnt/c/Users/newon/source/repos/FastFsm/FastFsm.Tests/FastFsm.Tests.csproj]
         /mnt/c/Users/newon/source/repos/FastFsm/FastFsm.Tests/Features/Hsm/CompileTime/HsmParsingCompilationTests.cs(255,26): warning FSM002: State 'EdgeParent_Child' might be unreachable based on defined transitions. [/mnt/c/Users/newon/source/repos/FastFsm/FastFsm.Tests/FastFsm.Tests.csproj]
         /mnt/c/Users/newon/source/repos/FastFsm/FastFsm.Tests/Features/Hsm/CompileTime/HsmParsingCompilationTests.cs(255,26): warning FSM002: State 'EdgeComplexParent' might be unreachable based on defined transitions. [/mnt/c/Users/newon/source/repos/FastFsm/FastFsm.Tests/FastFsm.Tests.csproj]
         /mnt/c/Users/newon/source/repos/FastFsm/FastFsm.Tests/Features/Hsm/CompileTime/HsmParsingCompilationTests.cs(255,26): warning FSM002: State 'EdgeComplexParent_Child1' might be unreachable based on defined transitions. [/mnt/c/Users/newon/source/repos/FastFsm/FastFsm.Tests/FastFsm.Tests.csproj]
         /mnt/c/Users/newon/source/repos/FastFsm/FastFsm.Tests/Features/Hsm/CompileTime/HsmParsingCompilationTests.cs(255,26): warning FSM002: State 'EdgeComplexParent_Child2' might be unreachable based on defined transitions. [/mnt/c/Users/newon/source/repos/FastFsm/FastFsm.Tests/FastFsm.Tests.csproj]
         /mnt/c/Users/newon/source/repos/FastFsm/FastFsm.Tests/Features/Hsm/CompileTime/HsmParsingCompilationTests.cs(299,10): warning FSM001: Duplicate transition from state 'Priority_Low' on trigger 'Execute'. Only the first one will be used by the generator. [/mnt/c/Users/newon/source/repos/FastFsm/FastFsm.Tests/FastFsm.Tests.csproj]
         /mnt/c/Users/newon/source/repos/FastFsm/FastFsm.Tests/Features/Hsm/CompileTime/HsmParsingCompilationTests.cs(293,26): warning FSM002: State 'Working' might be unreachable based on defined transitions. [/mnt/c/Users/newon/source/repos/FastFsm/FastFsm.Tests/FastFsm.Tests.csproj]
         /mnt/c/Users/newon/source/repos/FastFsm/FastFsm.Tests/Features/Hsm/CompileTime/HsmParsingCompilationTests.cs(293,26): warning FSM002: State 'Completed' might be unreachable based on defined transitions. [/mnt/c/Users/newon/source/repos/FastFsm/FastFsm.Tests/FastFsm.Tests.csproj]
         /mnt/c/Users/newon/source/repos/FastFsm/FastFsm.Tests/Features/Hsm/CompileTime/HsmParsingCompilationTests.cs(293,26): warning FSM002: State 'Error' might be unreachable based on defined transitions. [/mnt/c/Users/newon/source/repos/FastFsm/FastFsm.Tests/FastFsm.Tests.csproj]
         /mnt/c/Users/newon/source/repos/FastFsm/FastFsm.Tests/Features/Hsm/CompileTime/HsmParsingCompilationTests.cs(293,26): warning FSM002: State 'Paused' might be unreachable based on defined transitions. [/mnt/c/Users/newon/source/repos/FastFsm/FastFsm.Tests/FastFsm.Tests.csproj]
         /mnt/c/Users/newon/source/repos/FastFsm/FastFsm.Tests/Features/Hsm/CompileTime/HsmParsingCompilationTests.cs(293,26): warning FSM002: State 'Working_Initializing' might be unreachable based on defined transitions. [/mnt/c/Users/newon/source/repos/FastFsm/FastFsm.Tests/FastFsm.Tests.csproj]
         /mnt/c/Users/newon/source/repos/FastFsm/FastFsm.Tests/Features/Hsm/CompileTime/HsmParsingCompilationTests.cs(293,26): warning FSM002: State 'Working_Processing' might be unreachable based on defined transitions. [/mnt/c/Users/newon/source/repos/FastFsm/FastFsm.Tests/FastFsm.Tests.csproj]
         /mnt/c/Users/newon/source/repos/FastFsm/FastFsm.Tests/Features/Hsm/CompileTime/HsmParsingCompilationTests.cs(293,26): warning FSM002: State 'Working_Validating' might be unreachable based on defined transitions. [/mnt/c/Users/newon/source/repos/FastFsm/FastFsm.Tests/FastFsm.Tests.csproj]
         /mnt/c/Users/newon/source/repos/FastFsm/FastFsm.Tests/Features/Hsm/CompileTime/HsmParsingCompilationTests.cs(293,26): warning FSM002: State 'Working_Cleanup' might be unreachable based on defined transitions. [/mnt/c/Users/newon/source/repos/FastFsm/FastFsm.Tests/FastFsm.Tests.csproj]
         /mnt/c/Users/newon/source/repos/FastFsm/FastFsm.Tests/Features/Hsm/CompileTime/HsmParsingCompilationTests.cs(293,26): warning FSM002: State 'Working_Processing_Reading' might be unreachable based on defined transitions. [/mnt/c/Users/newon/source/repos/FastFsm/FastFsm.Tests/FastFsm.Tests.csproj]
         /mnt/c/Users/newon/source/repos/FastFsm/FastFsm.Tests/Features/Hsm/CompileTime/HsmParsingCompilationTests.cs(293,26): warning FSM002: State 'Working_Processing_Computing' might be unreachable based on defined transitions. [/mnt/c/Users/newon/source/repos/FastFsm/FastFsm.Tests/FastFsm.Tests.csproj]
         /mnt/c/Users/newon/source/repos/FastFsm/FastFsm.Tests/Features/Hsm/CompileTime/HsmParsingCompilationTests.cs(293,26): warning FSM002: State 'Working_Processing_Writing' might be unreachable based on defined transitions. [/mnt/c/Users/newon/source/repos/FastFsm/FastFsm.Tests/FastFsm.Tests.csproj]
         /mnt/c/Users/newon/source/repos/FastFsm/FastFsm.Tests/Features/Hsm/CompileTime/HsmParsingCompilationTests.cs(293,26): warning FSM002: State 'Working_Processing_Computing_Loading' might be unreachable based on defined transitions. [/mnt/c/Users/newon/source/repos/FastFsm/FastFsm.Tests/FastFsm.Tests.csproj]
         /mnt/c/Users/newon/source/repos/FastFsm/FastFsm.Tests/Features/Hsm/CompileTime/HsmParsingCompilationTests.cs(293,26): warning FSM002: State 'Working_Processing_Computing_Calculating' might be unreachable based on defined transitions. [/mnt/c/Users/newon/source/repos/FastFsm/FastFsm.Tests/FastFsm.Tests.csproj]
         /mnt/c/Users/newon/source/repos/FastFsm/FastFsm.Tests/Features/Hsm/CompileTime/HsmParsingCompilationTests.cs(293,26): warning FSM002: State 'Working_Processing_Computing_Storing' might be unreachable based on defined transitions. [/mnt/c/Users/newon/source/repos/FastFsm/FastFsm.Tests/FastFsm.Tests.csproj]
         /mnt/c/Users/newon/source/repos/FastFsm/FastFsm.Tests/Features/Hsm/CompileTime/HsmParsingCompilationTests.cs(293,26): warning FSM002: State 'HistoryParent' might be unreachable based on defined transitions. [/mnt/c/Users/newon/source/repos/FastFsm/FastFsm.Tests/FastFsm.Tests.csproj]
         /mnt/c/Users/newon/source/repos/FastFsm/FastFsm.Tests/Features/Hsm/CompileTime/HsmParsingCompilationTests.cs(293,26): warning FSM002: State 'HistoryParent_Child1' might be unreachable based on defined transitions. [/mnt/c/Users/newon/source/repos/FastFsm/FastFsm.Tests/FastFsm.Tests.csproj]
         /mnt/c/Users/newon/source/repos/FastFsm/FastFsm.Tests/Features/Hsm/CompileTime/HsmParsingCompilationTests.cs(293,26): warning FSM002: State 'HistoryParent_Child2' might be unreachable based on defined transitions. [/mnt/c/Users/newon/source/repos/FastFsm/FastFsm.Tests/FastFsm.Tests.csproj]
         /mnt/c/Users/newon/source/repos/FastFsm/FastFsm.Tests/Features/Hsm/CompileTime/HsmParsingCompilationTests.cs(293,26): warning FSM002: State 'HistoryParent_Child3' might be unreachable based on defined transitions. [/mnt/c/Users/newon/source/repos/FastFsm/FastFsm.Tests/FastFsm.Tests.csproj]
         /mnt/c/Users/newon/source/repos/FastFsm/FastFsm.Tests/Features/Hsm/CompileTime/HsmParsingCompilationTests.cs(293,26): warning FSM002: State 'DeepHistoryParent' might be unreachable based on defined transitions. [/mnt/c/Users/newon/source/repos/FastFsm/FastFsm.Tests/FastFsm.Tests.csproj]
         /mnt/c/Users/newon/source/repos/FastFsm/FastFsm.Tests/Features/Hsm/CompileTime/HsmParsingCompilationTests.cs(293,26): warning FSM002: State 'DeepHistoryParent_Child1' might be unreachable based on defined transitions. [/mnt/c/Users/newon/source/repos/FastFsm/FastFsm.Tests/FastFsm.Tests.csproj]
         /mnt/c/Users/newon/source/repos/FastFsm/FastFsm.Tests/Features/Hsm/CompileTime/HsmParsingCompilationTests.cs(293,26): warning FSM002: State 'DeepHistoryParent_Child1_SubChild1' might be unreachable based on defined transitions. [/mnt/c/Users/newon/source/repos/FastFsm/FastFsm.Tests/FastFsm.Tests.csproj]
         /mnt/c/Users/newon/source/repos/FastFsm/FastFsm.Tests/Features/Hsm/CompileTime/HsmParsingCompilationTests.cs(293,26): warning FSM002: State 'DeepHistoryParent_Child1_SubChild2' might be unreachable based on defined transitions. [/mnt/c/Users/newon/source/repos/FastFsm/FastFsm.Tests/FastFsm.Tests.csproj]
         /mnt/c/Users/newon/source/repos/FastFsm/FastFsm.Tests/Features/Hsm/CompileTime/HsmParsingCompilationTests.cs(293,26): warning FSM002: State 'DeepHistoryParent_Child2' might be unreachable based on defined transitions. [/mnt/c/Users/newon/source/repos/FastFsm/FastFsm.Tests/FastFsm.Tests.csproj]
         /mnt/c/Users/newon/source/repos/FastFsm/FastFsm.Tests/Features/Hsm/CompileTime/HsmParsingCompilationTests.cs(293,26): warning FSM002: State 'Priority_Low' might be unreachable based on defined transitions. [/mnt/c/Users/newon/source/repos/FastFsm/FastFsm.Tests/FastFsm.Tests.csproj]
         /mnt/c/Users/newon/source/repos/FastFsm/FastFsm.Tests/Features/Hsm/CompileTime/HsmParsingCompilationTests.cs(293,26): warning FSM002: State 'Priority_Medium' might be unreachable based on defined transitions. [/mnt/c/Users/newon/source/repos/FastFsm/FastFsm.Tests/FastFsm.Tests.csproj]
         /mnt/c/Users/newon/source/repos/FastFsm/FastFsm.Tests/Features/Hsm/CompileTime/HsmParsingCompilationTests.cs(293,26): warning FSM002: State 'Priority_High' might be unreachable based on defined transitions. [/mnt/c/Users/newon/source/repos/FastFsm/FastFsm.Tests/FastFsm.Tests.csproj]
         /mnt/c/Users/newon/source/repos/FastFsm/FastFsm.Tests/Features/Hsm/CompileTime/HsmParsingCompilationTests.cs(293,26): warning FSM002: State 'InternalParent' might be unreachable based on defined transitions. [/mnt/c/Users/newon/source/repos/FastFsm/FastFsm.Tests/FastFsm.Tests.csproj]
         /mnt/c/Users/newon/source/repos/FastFsm/FastFsm.Tests/Features/Hsm/CompileTime/HsmParsingCompilationTests.cs(293,26): warning FSM002: State 'InternalParent_Child1' might be unreachable based on defined transitions. [/mnt/c/Users/newon/source/repos/FastFsm/FastFsm.Tests/FastFsm.Tests.csproj]
         /mnt/c/Users/newon/source/repos/FastFsm/FastFsm.Tests/Features/Hsm/CompileTime/HsmParsingCompilationTests.cs(293,26): warning FSM002: State 'InternalParent_Child2' might be unreachable based on defined transitions. [/mnt/c/Users/newon/source/repos/FastFsm/FastFsm.Tests/FastFsm.Tests.csproj]
         /mnt/c/Users/newon/source/repos/FastFsm/FastFsm.Tests/Features/Hsm/CompileTime/HsmParsingCompilationTests.cs(293,26): warning FSM002: State 'Branch1' might be unreachable based on defined transitions. [/mnt/c/Users/newon/source/repos/FastFsm/FastFsm.Tests/FastFsm.Tests.csproj]
         /mnt/c/Users/newon/source/repos/FastFsm/FastFsm.Tests/Features/Hsm/CompileTime/HsmParsingCompilationTests.cs(293,26): warning FSM002: State 'Branch1_Leaf1' might be unreachable based on defined transitions. [/mnt/c/Users/newon/source/repos/FastFsm/FastFsm.Tests/FastFsm.Tests.csproj]
         /mnt/c/Users/newon/source/repos/FastFsm/FastFsm.Tests/Features/Hsm/CompileTime/HsmParsingCompilationTests.cs(293,26): warning FSM002: State 'Branch1_Leaf2' might be unreachable based on defined transitions. [/mnt/c/Users/newon/source/repos/FastFsm/FastFsm.Tests/FastFsm.Tests.csproj]
         /mnt/c/Users/newon/source/repos/FastFsm/FastFsm.Tests/Features/Hsm/CompileTime/HsmParsingCompilationTests.cs(293,26): warning FSM002: State 'Branch2' might be unreachable based on defined transitions. [/mnt/c/Users/newon/source/repos/FastFsm/FastFsm.Tests/FastFsm.Tests.csproj]
         /mnt/c/Users/newon/source/repos/FastFsm/FastFsm.Tests/Features/Hsm/CompileTime/HsmParsingCompilationTests.cs(293,26): warning FSM002: State 'Branch2_Leaf1' might be unreachable based on defined transitions. [/mnt/c/Users/newon/source/repos/FastFsm/FastFsm.Tests/FastFsm.Tests.csproj]
         /mnt/c/Users/newon/source/repos/FastFsm/FastFsm.Tests/Features/Hsm/CompileTime/HsmParsingCompilationTests.cs(293,26): warning FSM002: State 'Branch2_Leaf2' might be unreachable based on defined transitions. [/mnt/c/Users/newon/source/repos/FastFsm/FastFsm.Tests/FastFsm.Tests.csproj]
         /mnt/c/Users/newon/source/repos/FastFsm/FastFsm.Tests/Features/Hsm/CompileTime/HsmParsingCompilationTests.cs(293,26): warning FSM002: State 'ComplexParent' might be unreachable based on defined transitions. [/mnt/c/Users/newon/source/repos/FastFsm/FastFsm.Tests/FastFsm.Tests.csproj]
         /mnt/c/Users/newon/source/repos/FastFsm/FastFsm.Tests/Features/Hsm/CompileTime/HsmParsingCompilationTests.cs(293,26): warning FSM002: State 'ComplexParent_Child1' might be unreachable based on defined transitions. [/mnt/c/Users/newon/source/repos/FastFsm/FastFsm.Tests/FastFsm.Tests.csproj]
         /mnt/c/Users/newon/source/repos/FastFsm/FastFsm.Tests/Features/Hsm/CompileTime/HsmParsingCompilationTests.cs(293,26): warning FSM002: State 'ComplexParent_Child2' might be unreachable based on defined transitions. [/mnt/c/Users/newon/source/repos/FastFsm/FastFsm.Tests/FastFsm.Tests.csproj]
         /mnt/c/Users/newon/source/repos/FastFsm/FastFsm.Tests/Features/Hsm/CompileTime/HsmParsingCompilationTests.cs(293,26): warning FSM002: State 'ComplexParent_Child3' might be unreachable based on defined transitions. [/mnt/c/Users/newon/source/repos/FastFsm/FastFsm.Tests/FastFsm.Tests.csproj]
         /mnt/c/Users/newon/source/repos/FastFsm/FastFsm.Tests/Features/Hsm/CompileTime/HsmParsingCompilationTests.cs(293,26): warning FSM002: State 'EdgeParent' might be unreachable based on defined transitions. [/mnt/c/Users/newon/source/repos/FastFsm/FastFsm.Tests/FastFsm.Tests.csproj]
         /mnt/c/Users/newon/source/repos/FastFsm/FastFsm.Tests/Features/Hsm/CompileTime/HsmParsingCompilationTests.cs(293,26): warning FSM002: State 'EdgeParent_Child' might be unreachable based on defined transitions. [/mnt/c/Users/newon/source/repos/FastFsm/FastFsm.Tests/FastFsm.Tests.csproj]
         /mnt/c/Users/newon/source/repos/FastFsm/FastFsm.Tests/Features/Hsm/CompileTime/HsmParsingCompilationTests.cs(293,26): warning FSM002: State 'EdgeComplexParent' might be unreachable based on defined transitions. [/mnt/c/Users/newon/source/repos/FastFsm/FastFsm.Tests/FastFsm.Tests.csproj]
         /mnt/c/Users/newon/source/repos/FastFsm/FastFsm.Tests/Features/Hsm/CompileTime/HsmParsingCompilationTests.cs(293,26): warning FSM002: State 'EdgeComplexParent_Child1' might be unreachable based on defined transitions. [/mnt/c/Users/newon/source/repos/FastFsm/FastFsm.Tests/FastFsm.Tests.csproj]
         /mnt/c/Users/newon/source/repos/FastFsm/FastFsm.Tests/Features/Hsm/CompileTime/HsmParsingCompilationTests.cs(293,26): warning FSM002: State 'EdgeComplexParent_Child2' might be unreachable based on defined transitions. [/mnt/c/Users/newon/source/repos/FastFsm/FastFsm.Tests/FastFsm.Tests.csproj]
         CSC : warning FSM989D: ENTERING ProcessCandidateAndGenerate for: StateMachine.Tests.Features.Hsm.CompileTime.HsmParsingCompilationTests.InternalTransitionMachine [/mnt/c/Users/newon/source/repos/FastFsm/FastFsm.Tests/FastFsm.Tests.csproj]
         /mnt/c/Users/newon/source/repos/FastFsm/FastFsm.Tests/Features/Hsm/CompileTime/HsmParsingCompilationTests.cs(324,5): warning FSM998A: Starting parse for: StateMachine.Tests.Features.Hsm.CompileTime.HsmParsingCompilationTests.InternalTransitionMachine [/mnt/c/Users/newon/source/repos/FastFsm/FastFsm.Tests/FastFsm.Tests.csproj]
         /mnt/c/Users/newon/source/repos/FastFsm/FastFsm.Tests/Features/Hsm/CompileTime/HsmParsingCompilationTests.cs(324,5): warning FSM998: === START TryParse === [/mnt/c/Users/newon/source/repos/FastFsm/FastFsm.Tests/FastFsm.Tests.csproj]
         /mnt/c/Users/newon/source/repos/FastFsm/FastFsm.Tests/Features/Hsm/CompileTime/HsmParsingCompilationTests.cs(324,5): warning FSM998: Parsing class: InternalTransitionMachine [/mnt/c/Users/newon/source/repos/FastFsm/FastFsm.Tests/FastFsm.Tests.csproj]
         /mnt/c/Users/newon/source/repos/FastFsm/FastFsm.Tests/Features/Hsm/CompileTime/HsmParsingCompilationTests.cs(324,5): warning FSM998: Section 1: Getting semantic model and class symbol [/mnt/c/Users/newon/source/repos/FastFsm/FastFsm.Tests/FastFsm.Tests.csproj]
         /mnt/c/Users/newon/source/repos/FastFsm/FastFsm.Tests/Features/Hsm/CompileTime/HsmParsingCompilationTests.cs(324,5): warning FSM998: Class symbol obtained: InternalTransitionMachine [/mnt/c/Users/newon/source/repos/FastFsm/FastFsm.Tests/FastFsm.Tests.csproj]
         /mnt/c/Users/newon/source/repos/FastFsm/FastFsm.Tests/Features/Hsm/CompileTime/HsmParsingCompilationTests.cs(324,5): warning FSM998: Section 2: Creating initial model [/mnt/c/Users/newon/source/repos/FastFsm/FastFsm.Tests/FastFsm.Tests.csproj]
         /mnt/c/Users/newon/source/repos/FastFsm/FastFsm.Tests/Features/Hsm/CompileTime/HsmParsingCompilationTests.cs(324,5): warning FSM998: Model created - Namespace: StateMachine.Tests.Features.Hsm.CompileTime, ClassName: InternalTransitionMachine [/mnt/c/Users/newon/source/repos/FastFsm/FastFsm.Tests/FastFsm.Tests.csproj]
         /mnt/c/Users/newon/source/repos/FastFsm/FastFsm.Tests/Features/Hsm/CompileTime/HsmParsingCompilationTests.cs(324,5): warning FSM998: Section 3: Getting StateMachine attribute [/mnt/c/Users/newon/source/repos/FastFsm/FastFsm.Tests/FastFsm.Tests.csproj]
         /mnt/c/Users/newon/source/repos/FastFsm/FastFsm.Tests/Features/Hsm/CompileTime/HsmParsingCompilationTests.cs(324,5): warning FSM998: StateMachine attribute found: True [/mnt/c/Users/newon/source/repos/FastFsm/FastFsm.Tests/FastFsm.Tests.csproj]
         /mnt/c/Users/newon/source/repos/FastFsm/FastFsm.Tests/Features/Hsm/CompileTime/HsmParsingCompilationTests.cs(324,5): warning FSM998: Section 4: Reading StateMachine attribute arguments [/mnt/c/Users/newon/source/repos/FastFsm/FastFsm.Tests/FastFsm.Tests.csproj]
         /mnt/c/Users/newon/source/repos/FastFsm/FastFsm.Tests/Features/Hsm/CompileTime/HsmParsingCompilationTests.cs(324,5): warning FSM998: EnableHierarchy set: True [/mnt/c/Users/newon/source/repos/FastFsm/FastFsm.Tests/FastFsm.Tests.csproj]
         /mnt/c/Users/newon/source/repos/FastFsm/FastFsm.Tests/Features/Hsm/CompileTime/HsmParsingCompilationTests.cs(324,5): warning FSM998: Section 5: Basic attribute and class validation [/mnt/c/Users/newon/source/repos/FastFsm/FastFsm.Tests/FastFsm.Tests.csproj]
         /mnt/c/Users/newon/source/repos/FastFsm/FastFsm.Tests/Features/Hsm/CompileTime/HsmParsingCompilationTests.cs(324,5): warning FSM998: Class is partial: True [/mnt/c/Users/newon/source/repos/FastFsm/FastFsm.Tests/FastFsm.Tests.csproj]
         /mnt/c/Users/newon/source/repos/FastFsm/FastFsm.Tests/Features/Hsm/CompileTime/HsmParsingCompilationTests.cs(324,5): warning FSM998: Validating missing attribute rule [/mnt/c/Users/newon/source/repos/FastFsm/FastFsm.Tests/FastFsm.Tests.csproj]
         /mnt/c/Users/newon/source/repos/FastFsm/FastFsm.Tests/Features/Hsm/CompileTime/HsmParsingCompilationTests.cs(324,5): warning FSM998: Critical error after missing attribute validation: False [/mnt/c/Users/newon/source/repos/FastFsm/FastFsm.Tests/FastFsm.Tests.csproj]
         /mnt/c/Users/newon/source/repos/FastFsm/FastFsm.Tests/Features/Hsm/CompileTime/HsmParsingCompilationTests.cs(324,5): warning FSM998: Section 6: Validating State and Trigger types [/mnt/c/Users/newon/source/repos/FastFsm/FastFsm.Tests/FastFsm.Tests.csproj]
         /mnt/c/Users/newon/source/repos/FastFsm/FastFsm.Tests/Features/Hsm/CompileTime/HsmParsingCompilationTests.cs(324,5): warning FSM998: State type: StateMachine.Tests.Features.Hsm.CompileTime.HsmParsingCompilationTests.HsmState [/mnt/c/Users/newon/source/repos/FastFsm/FastFsm.Tests/FastFsm.Tests.csproj]
         /mnt/c/Users/newon/source/repos/FastFsm/FastFsm.Tests/Features/Hsm/CompileTime/HsmParsingCompilationTests.cs(324,5): warning FSM998: Trigger type: StateMachine.Tests.Features.Hsm.CompileTime.HsmParsingCompilationTests.HsmTrigger [/mnt/c/Users/newon/source/repos/FastFsm/FastFsm.Tests/FastFsm.Tests.csproj]
         /mnt/c/Users/newon/source/repos/FastFsm/FastFsm.Tests/Features/Hsm/CompileTime/HsmParsingCompilationTests.cs(324,5): warning FSM998: Validating attribute types [/mnt/c/Users/newon/source/repos/FastFsm/FastFsm.Tests/FastFsm.Tests.csproj]
         /mnt/c/Users/newon/source/repos/FastFsm/FastFsm.Tests/Features/Hsm/CompileTime/HsmParsingCompilationTests.cs(324,5): warning FSM998: Critical error after type validation: False [/mnt/c/Users/newon/source/repos/FastFsm/FastFsm.Tests/FastFsm.Tests.csproj]
         /mnt/c/Users/newon/source/repos/FastFsm/FastFsm.Tests/Features/Hsm/CompileTime/HsmParsingCompilationTests.cs(324,5): warning FSM998: Section 7: Building basic model [/mnt/c/Users/newon/source/repos/FastFsm/FastFsm.Tests/FastFsm.Tests.csproj]
         /mnt/c/Users/newon/source/repos/FastFsm/FastFsm.Tests/Features/Hsm/CompileTime/HsmParsingCompilationTests.cs(324,5): warning FSM998: StateType: StateMachine.Tests.Features.Hsm.CompileTime.HsmParsingCompilationTests+HsmState [/mnt/c/Users/newon/source/repos/FastFsm/FastFsm.Tests/FastFsm.Tests.csproj]
         /mnt/c/Users/newon/source/repos/FastFsm/FastFsm.Tests/Features/Hsm/CompileTime/HsmParsingCompilationTests.cs(324,5): warning FSM998: TriggerType: StateMachine.Tests.Features.Hsm.CompileTime.HsmParsingCompilationTests+HsmTrigger [/mnt/c/Users/newon/source/repos/FastFsm/FastFsm.Tests/FastFsm.Tests.csproj]
         /mnt/c/Users/newon/source/repos/FastFsm/FastFsm.Tests/Features/Hsm/CompileTime/HsmParsingCompilationTests.cs(324,5): warning FSM998: Enumerating states from enum [/mnt/c/Users/newon/source/repos/FastFsm/FastFsm.Tests/FastFsm.Tests.csproj]
         /mnt/c/Users/newon/source/repos/FastFsm/FastFsm.Tests/Features/Hsm/CompileTime/HsmParsingCompilationTests.cs(324,5): warning FSM998: Found 45 states [/mnt/c/Users/newon/source/repos/FastFsm/FastFsm.Tests/FastFsm.Tests.csproj]
         /mnt/c/Users/newon/source/repos/FastFsm/FastFsm.Tests/Features/Hsm/CompileTime/HsmParsingCompilationTests.cs(324,5): warning FSM998: Section 8: Parsing member attributes [/mnt/c/Users/newon/source/repos/FastFsm/FastFsm.Tests/FastFsm.Tests.csproj]
         /mnt/c/Users/newon/source/repos/FastFsm/FastFsm.Tests/Features/Hsm/CompileTime/HsmParsingCompilationTests.cs(324,5): warning FSM998: Calling ParseMemberAttributes [/mnt/c/Users/newon/source/repos/FastFsm/FastFsm.Tests/FastFsm.Tests.csproj]
         /mnt/c/Users/newon/source/repos/FastFsm/FastFsm.Tests/Features/Hsm/CompileTime/HsmParsingCompilationTests.cs(324,5): warning FSM998: ParseMemberAttributes completed. Critical error: False, IsAsync: False [/mnt/c/Users/newon/source/repos/FastFsm/FastFsm.Tests/FastFsm.Tests.csproj]
         /mnt/c/Users/newon/source/repos/FastFsm/FastFsm.Tests/Features/Hsm/CompileTime/HsmParsingCompilationTests.cs(324,5): warning FSM998: Section 8.5: Building HSM hierarchy [/mnt/c/Users/newon/source/repos/FastFsm/FastFsm.Tests/FastFsm.Tests.csproj]
         /mnt/c/Users/newon/source/repos/FastFsm/FastFsm.Tests/Features/Hsm/CompileTime/HsmParsingCompilationTests.cs(324,5): warning FSM998: Building HSM hierarchy from state attributes [/mnt/c/Users/newon/source/repos/FastFsm/FastFsm.Tests/FastFsm.Tests.csproj]
         /mnt/c/Users/newon/source/repos/FastFsm/FastFsm.Tests/Features/Hsm/CompileTime/HsmParsingCompilationTests.cs(324,5): warning FSM998: HierarchyEnabled already true from attribute [/mnt/c/Users/newon/source/repos/FastFsm/FastFsm.Tests/FastFsm.Tests.csproj]
         /mnt/c/Users/newon/source/repos/FastFsm/FastFsm.Tests/Features/Hsm/CompileTime/HsmParsingCompilationTests.cs(324,5): warning FSM998: Hierarchy built: 45 parent relationships, 45 composite states [/mnt/c/Users/newon/source/repos/FastFsm/FastFsm.Tests/FastFsm.Tests.csproj]
         /mnt/c/Users/newon/source/repos/FastFsm/FastFsm.Tests/Features/Hsm/CompileTime/HsmParsingCompilationTests.cs(324,5): warning FSM998: Hierarchy built. HierarchyEnabled: True [/mnt/c/Users/newon/source/repos/FastFsm/FastFsm.Tests/FastFsm.Tests.csproj]
         /mnt/c/Users/newon/source/repos/FastFsm/FastFsm.Tests/Features/Hsm/CompileTime/HsmParsingCompilationTests.cs(324,5): warning FSM998: Section 9: Determining feature configuration [/mnt/c/Users/newon/source/repos/FastFsm/FastFsm.Tests/FastFsm.Tests.csproj]
         /mnt/c/Users/newon/source/repos/FastFsm/FastFsm.Tests/Features/Hsm/CompileTime/HsmParsingCompilationTests.cs(324,5): warning FSM998: Feature config: HasPayload=False, HasExt=False, HasCallbacks=True [/mnt/c/Users/newon/source/repos/FastFsm/FastFsm.Tests/FastFsm.Tests.csproj]
         /mnt/c/Users/newon/source/repos/FastFsm/FastFsm.Tests/Features/Hsm/CompileTime/HsmParsingCompilationTests.cs(324,5): warning FSM998: Section 10: Feature configuration validations [/mnt/c/Users/newon/source/repos/FastFsm/FastFsm.Tests/FastFsm.Tests.csproj]
         /mnt/c/Users/newon/source/repos/FastFsm/FastFsm.Tests/Features/Hsm/CompileTime/HsmParsingCompilationTests.cs(324,5): warning FSM998: Section 11: Validating state reachability [/mnt/c/Users/newon/source/repos/FastFsm/FastFsm.Tests/FastFsm.Tests.csproj]
         /mnt/c/Users/newon/source/repos/FastFsm/FastFsm.Tests/Features/Hsm/CompileTime/HsmParsingCompilationTests.cs(324,5): warning FSM998: Total states count: 45 [/mnt/c/Users/newon/source/repos/FastFsm/FastFsm.Tests/FastFsm.Tests.csproj]
         /mnt/c/Users/newon/source/repos/FastFsm/FastFsm.Tests/Features/Hsm/CompileTime/HsmParsingCompilationTests.cs(324,5): warning FSM998: Transition metrics: internal=3, external=1, total=4 [/mnt/c/Users/newon/source/repos/FastFsm/FastFsm.Tests/FastFsm.Tests.csproj]
         /mnt/c/Users/newon/source/repos/FastFsm/FastFsm.Tests/Features/Hsm/CompileTime/HsmParsingCompilationTests.cs(324,5): warning FSM998: Initial state: Idle [/mnt/c/Users/newon/source/repos/FastFsm/FastFsm.Tests/FastFsm.Tests.csproj]
         /mnt/c/Users/newon/source/repos/FastFsm/FastFsm.Tests/Features/Hsm/CompileTime/HsmParsingCompilationTests.cs(324,5): warning FSM998: Validating unreachable states [/mnt/c/Users/newon/source/repos/FastFsm/FastFsm.Tests/FastFsm.Tests.csproj]
         /mnt/c/Users/newon/source/repos/FastFsm/FastFsm.Tests/Features/Hsm/CompileTime/HsmParsingCompilationTests.cs(325,26): warning FSM002: State 'Working' might be unreachable based on defined transitions. [/mnt/c/Users/newon/source/repos/FastFsm/FastFsm.Tests/FastFsm.Tests.csproj]
         /mnt/c/Users/newon/source/repos/FastFsm/FastFsm.Tests/Features/Hsm/CompileTime/HsmParsingCompilationTests.cs(325,26): warning FSM002: State 'Completed' might be unreachable based on defined transitions. [/mnt/c/Users/newon/source/repos/FastFsm/FastFsm.Tests/FastFsm.Tests.csproj]
         /mnt/c/Users/newon/source/repos/FastFsm/FastFsm.Tests/Features/Hsm/CompileTime/HsmParsingCompilationTests.cs(325,26): warning FSM002: State 'Error' might be unreachable based on defined transitions. [/mnt/c/Users/newon/source/repos/FastFsm/FastFsm.Tests/FastFsm.Tests.csproj]
         /mnt/c/Users/newon/source/repos/FastFsm/FastFsm.Tests/Features/Hsm/CompileTime/HsmParsingCompilationTests.cs(325,26): warning FSM002: State 'Paused' might be unreachable based on defined transitions. [/mnt/c/Users/newon/source/repos/FastFsm/FastFsm.Tests/FastFsm.Tests.csproj]
         /mnt/c/Users/newon/source/repos/FastFsm/FastFsm.Tests/Features/Hsm/CompileTime/HsmParsingCompilationTests.cs(325,26): warning FSM002: State 'Working_Initializing' might be unreachable based on defined transitions. [/mnt/c/Users/newon/source/repos/FastFsm/FastFsm.Tests/FastFsm.Tests.csproj]
         /mnt/c/Users/newon/source/repos/FastFsm/FastFsm.Tests/Features/Hsm/CompileTime/HsmParsingCompilationTests.cs(325,26): warning FSM002: State 'Working_Processing' might be unreachable based on defined transitions. [/mnt/c/Users/newon/source/repos/FastFsm/FastFsm.Tests/FastFsm.Tests.csproj]
         /mnt/c/Users/newon/source/repos/FastFsm/FastFsm.Tests/Features/Hsm/CompileTime/HsmParsingCompilationTests.cs(325,26): warning FSM002: State 'Working_Validating' might be unreachable based on defined transitions. [/mnt/c/Users/newon/source/repos/FastFsm/FastFsm.Tests/FastFsm.Tests.csproj]
         /mnt/c/Users/newon/source/repos/FastFsm/FastFsm.Tests/Features/Hsm/CompileTime/HsmParsingCompilationTests.cs(325,26): warning FSM002: State 'Working_Cleanup' might be unreachable based on defined transitions. [/mnt/c/Users/newon/source/repos/FastFsm/FastFsm.Tests/FastFsm.Tests.csproj]
         /mnt/c/Users/newon/source/repos/FastFsm/FastFsm.Tests/Features/Hsm/CompileTime/HsmParsingCompilationTests.cs(325,26): warning FSM002: State 'Working_Processing_Reading' might be unreachable based on defined transitions. [/mnt/c/Users/newon/source/repos/FastFsm/FastFsm.Tests/FastFsm.Tests.csproj]
         /mnt/c/Users/newon/source/repos/FastFsm/FastFsm.Tests/Features/Hsm/CompileTime/HsmParsingCompilationTests.cs(325,26): warning FSM002: State 'Working_Processing_Computing' might be unreachable based on defined transitions. [/mnt/c/Users/newon/source/repos/FastFsm/FastFsm.Tests/FastFsm.Tests.csproj]
         /mnt/c/Users/newon/source/repos/FastFsm/FastFsm.Tests/Features/Hsm/CompileTime/HsmParsingCompilationTests.cs(325,26): warning FSM002: State 'Working_Processing_Writing' might be unreachable based on defined transitions. [/mnt/c/Users/newon/source/repos/FastFsm/FastFsm.Tests/FastFsm.Tests.csproj]
         /mnt/c/Users/newon/source/repos/FastFsm/FastFsm.Tests/Features/Hsm/CompileTime/HsmParsingCompilationTests.cs(325,26): warning FSM002: State 'Working_Processing_Computing_Loading' might be unreachable based on defined transitions. [/mnt/c/Users/newon/source/repos/FastFsm/FastFsm.Tests/FastFsm.Tests.csproj]
         /mnt/c/Users/newon/source/repos/FastFsm/FastFsm.Tests/Features/Hsm/CompileTime/HsmParsingCompilationTests.cs(325,26): warning FSM002: State 'Working_Processing_Computing_Calculating' might be unreachable based on defined transitions. [/mnt/c/Users/newon/source/repos/FastFsm/FastFsm.Tests/FastFsm.Tests.csproj]
         /mnt/c/Users/newon/source/repos/FastFsm/FastFsm.Tests/Features/Hsm/CompileTime/HsmParsingCompilationTests.cs(325,26): warning FSM002: State 'Working_Processing_Computing_Storing' might be unreachable based on defined transitions. [/mnt/c/Users/newon/source/repos/FastFsm/FastFsm.Tests/FastFsm.Tests.csproj]
         /mnt/c/Users/newon/source/repos/FastFsm/FastFsm.Tests/Features/Hsm/CompileTime/HsmParsingCompilationTests.cs(325,26): warning FSM002: State 'HistoryParent' might be unreachable based on defined transitions. [/mnt/c/Users/newon/source/repos/FastFsm/FastFsm.Tests/FastFsm.Tests.csproj]
         /mnt/c/Users/newon/source/repos/FastFsm/FastFsm.Tests/Features/Hsm/CompileTime/HsmParsingCompilationTests.cs(325,26): warning FSM002: State 'HistoryParent_Child1' might be unreachable based on defined transitions. [/mnt/c/Users/newon/source/repos/FastFsm/FastFsm.Tests/FastFsm.Tests.csproj]
         /mnt/c/Users/newon/source/repos/FastFsm/FastFsm.Tests/Features/Hsm/CompileTime/HsmParsingCompilationTests.cs(325,26): warning FSM002: State 'HistoryParent_Child2' might be unreachable based on defined transitions. [/mnt/c/Users/newon/source/repos/FastFsm/FastFsm.Tests/FastFsm.Tests.csproj]
         /mnt/c/Users/newon/source/repos/FastFsm/FastFsm.Tests/Features/Hsm/CompileTime/HsmParsingCompilationTests.cs(325,26): warning FSM002: State 'HistoryParent_Child3' might be unreachable based on defined transitions. [/mnt/c/Users/newon/source/repos/FastFsm/FastFsm.Tests/FastFsm.Tests.csproj]
         /mnt/c/Users/newon/source/repos/FastFsm/FastFsm.Tests/Features/Hsm/CompileTime/HsmParsingCompilationTests.cs(325,26): warning FSM002: State 'DeepHistoryParent' might be unreachable based on defined transitions. [/mnt/c/Users/newon/source/repos/FastFsm/FastFsm.Tests/FastFsm.Tests.csproj]
         /mnt/c/Users/newon/source/repos/FastFsm/FastFsm.Tests/Features/Hsm/CompileTime/HsmParsingCompilationTests.cs(325,26): warning FSM002: State 'DeepHistoryParent_Child1' might be unreachable based on defined transitions. [/mnt/c/Users/newon/source/repos/FastFsm/FastFsm.Tests/FastFsm.Tests.csproj]
         /mnt/c/Users/newon/source/repos/FastFsm/FastFsm.Tests/Features/Hsm/CompileTime/HsmParsingCompilationTests.cs(325,26): warning FSM002: State 'DeepHistoryParent_Child1_SubChild1' might be unreachable based on defined transitions. [/mnt/c/Users/newon/source/repos/FastFsm/FastFsm.Tests/FastFsm.Tests.csproj]
         /mnt/c/Users/newon/source/repos/FastFsm/FastFsm.Tests/Features/Hsm/CompileTime/HsmParsingCompilationTests.cs(325,26): warning FSM002: State 'DeepHistoryParent_Child1_SubChild2' might be unreachable based on defined transitions. [/mnt/c/Users/newon/source/repos/FastFsm/FastFsm.Tests/FastFsm.Tests.csproj]
         /mnt/c/Users/newon/source/repos/FastFsm/FastFsm.Tests/Features/Hsm/CompileTime/HsmParsingCompilationTests.cs(325,26): warning FSM002: State 'DeepHistoryParent_Child2' might be unreachable based on defined transitions. [/mnt/c/Users/newon/source/repos/FastFsm/FastFsm.Tests/FastFsm.Tests.csproj]
         /mnt/c/Users/newon/source/repos/FastFsm/FastFsm.Tests/Features/Hsm/CompileTime/HsmParsingCompilationTests.cs(325,26): warning FSM002: State 'Priority_Low' might be unreachable based on defined transitions. [/mnt/c/Users/newon/source/repos/FastFsm/FastFsm.Tests/FastFsm.Tests.csproj]
         /mnt/c/Users/newon/source/repos/FastFsm/FastFsm.Tests/Features/Hsm/CompileTime/HsmParsingCompilationTests.cs(325,26): warning FSM002: State 'Priority_Medium' might be unreachable based on defined transitions. [/mnt/c/Users/newon/source/repos/FastFsm/FastFsm.Tests/FastFsm.Tests.csproj]
         /mnt/c/Users/newon/source/repos/FastFsm/FastFsm.Tests/Features/Hsm/CompileTime/HsmParsingCompilationTests.cs(325,26): warning FSM002: State 'Priority_High' might be unreachable based on defined transitions. [/mnt/c/Users/newon/source/repos/FastFsm/FastFsm.Tests/FastFsm.Tests.csproj]
         /mnt/c/Users/newon/source/repos/FastFsm/FastFsm.Tests/Features/Hsm/CompileTime/HsmParsingCompilationTests.cs(325,26): warning FSM002: State 'InternalParent' might be unreachable based on defined transitions. [/mnt/c/Users/newon/source/repos/FastFsm/FastFsm.Tests/FastFsm.Tests.csproj]
         /mnt/c/Users/newon/source/repos/FastFsm/FastFsm.Tests/Features/Hsm/CompileTime/HsmParsingCompilationTests.cs(325,26): warning FSM002: State 'InternalParent_Child1' might be unreachable based on defined transitions. [/mnt/c/Users/newon/source/repos/FastFsm/FastFsm.Tests/FastFsm.Tests.csproj]
         /mnt/c/Users/newon/source/repos/FastFsm/FastFsm.Tests/Features/Hsm/CompileTime/HsmParsingCompilationTests.cs(325,26): warning FSM002: State 'InternalParent_Child2' might be unreachable based on defined transitions. [/mnt/c/Users/newon/source/repos/FastFsm/FastFsm.Tests/FastFsm.Tests.csproj]
         /mnt/c/Users/newon/source/repos/FastFsm/FastFsm.Tests/Features/Hsm/CompileTime/HsmParsingCompilationTests.cs(325,26): warning FSM002: State 'Branch1' might be unreachable based on defined transitions. [/mnt/c/Users/newon/source/repos/FastFsm/FastFsm.Tests/FastFsm.Tests.csproj]
         /mnt/c/Users/newon/source/repos/FastFsm/FastFsm.Tests/Features/Hsm/CompileTime/HsmParsingCompilationTests.cs(325,26): warning FSM002: State 'Branch1_Leaf1' might be unreachable based on defined transitions. [/mnt/c/Users/newon/source/repos/FastFsm/FastFsm.Tests/FastFsm.Tests.csproj]
         /mnt/c/Users/newon/source/repos/FastFsm/FastFsm.Tests/Features/Hsm/CompileTime/HsmParsingCompilationTests.cs(325,26): warning FSM002: State 'Branch1_Leaf2' might be unreachable based on defined transitions. [/mnt/c/Users/newon/source/repos/FastFsm/FastFsm.Tests/FastFsm.Tests.csproj]
         /mnt/c/Users/newon/source/repos/FastFsm/FastFsm.Tests/Features/Hsm/CompileTime/HsmParsingCompilationTests.cs(325,26): warning FSM002: State 'Branch2' might be unreachable based on defined transitions. [/mnt/c/Users/newon/source/repos/FastFsm/FastFsm.Tests/FastFsm.Tests.csproj]
         /mnt/c/Users/newon/source/repos/FastFsm/FastFsm.Tests/Features/Hsm/CompileTime/HsmParsingCompilationTests.cs(325,26): warning FSM002: State 'Branch2_Leaf1' might be unreachable based on defined transitions. [/mnt/c/Users/newon/source/repos/FastFsm/FastFsm.Tests/FastFsm.Tests.csproj]
         /mnt/c/Users/newon/source/repos/FastFsm/FastFsm.Tests/Features/Hsm/CompileTime/HsmParsingCompilationTests.cs(325,26): warning FSM002: State 'Branch2_Leaf2' might be unreachable based on defined transitions. [/mnt/c/Users/newon/source/repos/FastFsm/FastFsm.Tests/FastFsm.Tests.csproj]
         /mnt/c/Users/newon/source/repos/FastFsm/FastFsm.Tests/Features/Hsm/CompileTime/HsmParsingCompilationTests.cs(325,26): warning FSM002: State 'ComplexParent' might be unreachable based on defined transitions. [/mnt/c/Users/newon/source/repos/FastFsm/FastFsm.Tests/FastFsm.Tests.csproj]
         /mnt/c/Users/newon/source/repos/FastFsm/FastFsm.Tests/Features/Hsm/CompileTime/HsmParsingCompilationTests.cs(325,26): warning FSM002: State 'ComplexParent_Child1' might be unreachable based on defined transitions. [/mnt/c/Users/newon/source/repos/FastFsm/FastFsm.Tests/FastFsm.Tests.csproj]
         /mnt/c/Users/newon/source/repos/FastFsm/FastFsm.Tests/Features/Hsm/CompileTime/HsmParsingCompilationTests.cs(325,26): warning FSM002: State 'ComplexParent_Child2' might be unreachable based on defined transitions. [/mnt/c/Users/newon/source/repos/FastFsm/FastFsm.Tests/FastFsm.Tests.csproj]
         /mnt/c/Users/newon/source/repos/FastFsm/FastFsm.Tests/Features/Hsm/CompileTime/HsmParsingCompilationTests.cs(325,26): warning FSM002: State 'ComplexParent_Child3' might be unreachable based on defined transitions. [/mnt/c/Users/newon/source/repos/FastFsm/FastFsm.Tests/FastFsm.Tests.csproj]
         /mnt/c/Users/newon/source/repos/FastFsm/FastFsm.Tests/Features/Hsm/CompileTime/HsmParsingCompilationTests.cs(325,26): warning FSM002: State 'EdgeParent' might be unreachable based on defined transitions. [/mnt/c/Users/newon/source/repos/FastFsm/FastFsm.Tests/FastFsm.Tests.csproj]
         /mnt/c/Users/newon/source/repos/FastFsm/FastFsm.Tests/Features/Hsm/CompileTime/HsmParsingCompilationTests.cs(325,26): warning FSM002: State 'EdgeParent_Child' might be unreachable based on defined transitions. [/mnt/c/Users/newon/source/repos/FastFsm/FastFsm.Tests/FastFsm.Tests.csproj]
         /mnt/c/Users/newon/source/repos/FastFsm/FastFsm.Tests/Features/Hsm/CompileTime/HsmParsingCompilationTests.cs(325,26): warning FSM002: State 'EdgeComplexParent' might be unreachable based on defined transitions. [/mnt/c/Users/newon/source/repos/FastFsm/FastFsm.Tests/FastFsm.Tests.csproj]
         /mnt/c/Users/newon/source/repos/FastFsm/FastFsm.Tests/Features/Hsm/CompileTime/HsmParsingCompilationTests.cs(325,26): warning FSM002: State 'EdgeComplexParent_Child1' might be unreachable based on defined transitions. [/mnt/c/Users/newon/source/repos/FastFsm/FastFsm.Tests/FastFsm.Tests.csproj]
         /mnt/c/Users/newon/source/repos/FastFsm/FastFsm.Tests/Features/Hsm/CompileTime/HsmParsingCompilationTests.cs(325,26): warning FSM002: State 'EdgeComplexParent_Child2' might be unreachable based on defined transitions. [/mnt/c/Users/newon/source/repos/FastFsm/FastFsm.Tests/FastFsm.Tests.csproj]
         /mnt/c/Users/newon/source/repos/FastFsm/FastFsm.Tests/Features/Hsm/CompileTime/HsmParsingCompilationTests.cs(324,5): warning FSM998: Critical error after reachability validation: False [/mnt/c/Users/newon/source/repos/FastFsm/FastFsm.Tests/FastFsm.Tests.csproj]
         /mnt/c/Users/newon/source/repos/FastFsm/FastFsm.Tests/Features/Hsm/CompileTime/HsmParsingCompilationTests.cs(324,5): warning FSM998: Section 12: Finalization [/mnt/c/Users/newon/source/repos/FastFsm/FastFsm.Tests/FastFsm.Tests.csproj]
         /mnt/c/Users/newon/source/repos/FastFsm/FastFsm.Tests/Features/Hsm/CompileTime/HsmParsingCompilationTests.cs(324,5): warning FSM998: Final IsAsync: False [/mnt/c/Users/newon/source/repos/FastFsm/FastFsm.Tests/FastFsm.Tests.csproj]
         /mnt/c/Users/newon/source/repos/FastFsm/FastFsm.Tests/Features/Hsm/CompileTime/HsmParsingCompilationTests.cs(324,5): warning FSM998: === SUCCESS: TryParse completed successfully === [/mnt/c/Users/newon/source/repos/FastFsm/FastFsm.Tests/FastFsm.Tests.csproj]
         /mnt/c/Users/newon/source/repos/FastFsm/FastFsm.Tests/Features/Hsm/CompileTime/HsmParsingCompilationTests.cs(377,26): warning FSM002: State 'Working' might be unreachable based on defined transitions. [/mnt/c/Users/newon/source/repos/FastFsm/FastFsm.Tests/FastFsm.Tests.csproj]
         /mnt/c/Users/newon/source/repos/FastFsm/FastFsm.Tests/Features/Hsm/CompileTime/HsmParsingCompilationTests.cs(377,26): warning FSM002: State 'Completed' might be unreachable based on defined transitions. [/mnt/c/Users/newon/source/repos/FastFsm/FastFsm.Tests/FastFsm.Tests.csproj]
         /mnt/c/Users/newon/source/repos/FastFsm/FastFsm.Tests/Features/Hsm/CompileTime/HsmParsingCompilationTests.cs(377,26): warning FSM002: State 'Error' might be unreachable based on defined transitions. [/mnt/c/Users/newon/source/repos/FastFsm/FastFsm.Tests/FastFsm.Tests.csproj]
         /mnt/c/Users/newon/source/repos/FastFsm/FastFsm.Tests/Features/Hsm/CompileTime/HsmParsingCompilationTests.cs(377,26): warning FSM002: State 'Paused' might be unreachable based on defined transitions. [/mnt/c/Users/newon/source/repos/FastFsm/FastFsm.Tests/FastFsm.Tests.csproj]
         /mnt/c/Users/newon/source/repos/FastFsm/FastFsm.Tests/Features/Hsm/CompileTime/HsmParsingCompilationTests.cs(377,26): warning FSM002: State 'Working_Initializing' might be unreachable based on defined transitions. [/mnt/c/Users/newon/source/repos/FastFsm/FastFsm.Tests/FastFsm.Tests.csproj]
         /mnt/c/Users/newon/source/repos/FastFsm/FastFsm.Tests/Features/Hsm/CompileTime/HsmParsingCompilationTests.cs(377,26): warning FSM002: State 'Working_Processing' might be unreachable based on defined transitions. [/mnt/c/Users/newon/source/repos/FastFsm/FastFsm.Tests/FastFsm.Tests.csproj]
         /mnt/c/Users/newon/source/repos/FastFsm/FastFsm.Tests/Features/Hsm/CompileTime/HsmParsingCompilationTests.cs(377,26): warning FSM002: State 'Working_Validating' might be unreachable based on defined transitions. [/mnt/c/Users/newon/source/repos/FastFsm/FastFsm.Tests/FastFsm.Tests.csproj]
         /mnt/c/Users/newon/source/repos/FastFsm/FastFsm.Tests/Features/Hsm/CompileTime/HsmParsingCompilationTests.cs(377,26): warning FSM002: State 'Working_Cleanup' might be unreachable based on defined transitions. [/mnt/c/Users/newon/source/repos/FastFsm/FastFsm.Tests/FastFsm.Tests.csproj]
         /mnt/c/Users/newon/source/repos/FastFsm/FastFsm.Tests/Features/Hsm/CompileTime/HsmParsingCompilationTests.cs(377,26): warning FSM002: State 'Working_Processing_Reading' might be unreachable based on defined transitions. [/mnt/c/Users/newon/source/repos/FastFsm/FastFsm.Tests/FastFsm.Tests.csproj]
         /mnt/c/Users/newon/source/repos/FastFsm/FastFsm.Tests/Features/Hsm/CompileTime/HsmParsingCompilationTests.cs(377,26): warning FSM002: State 'Working_Processing_Computing' might be unreachable based on defined transitions. [/mnt/c/Users/newon/source/repos/FastFsm/FastFsm.Tests/FastFsm.Tests.csproj]
         /mnt/c/Users/newon/source/repos/FastFsm/FastFsm.Tests/Features/Hsm/CompileTime/HsmParsingCompilationTests.cs(377,26): warning FSM002: State 'Working_Processing_Writing' might be unreachable based on defined transitions. [/mnt/c/Users/newon/source/repos/FastFsm/FastFsm.Tests/FastFsm.Tests.csproj]
         /mnt/c/Users/newon/source/repos/FastFsm/FastFsm.Tests/Features/Hsm/CompileTime/HsmParsingCompilationTests.cs(377,26): warning FSM002: State 'Working_Processing_Computing_Loading' might be unreachable based on defined transitions. [/mnt/c/Users/newon/source/repos/FastFsm/FastFsm.Tests/FastFsm.Tests.csproj]
         /mnt/c/Users/newon/source/repos/FastFsm/FastFsm.Tests/Features/Hsm/CompileTime/HsmParsingCompilationTests.cs(377,26): warning FSM002: State 'Working_Processing_Computing_Calculating' might be unreachable based on defined transitions. [/mnt/c/Users/newon/source/repos/FastFsm/FastFsm.Tests/FastFsm.Tests.csproj]
         /mnt/c/Users/newon/source/repos/FastFsm/FastFsm.Tests/Features/Hsm/CompileTime/HsmParsingCompilationTests.cs(377,26): warning FSM002: State 'Working_Processing_Computing_Storing' might be unreachable based on defined transitions. [/mnt/c/Users/newon/source/repos/FastFsm/FastFsm.Tests/FastFsm.Tests.csproj]
         /mnt/c/Users/newon/source/repos/FastFsm/FastFsm.Tests/Features/Hsm/CompileTime/HsmParsingCompilationTests.cs(377,26): warning FSM002: State 'HistoryParent' might be unreachable based on defined transitions. [/mnt/c/Users/newon/source/repos/FastFsm/FastFsm.Tests/FastFsm.Tests.csproj]
         /mnt/c/Users/newon/source/repos/FastFsm/FastFsm.Tests/Features/Hsm/CompileTime/HsmParsingCompilationTests.cs(377,26): warning FSM002: State 'HistoryParent_Child1' might be unreachable based on defined transitions. [/mnt/c/Users/newon/source/repos/FastFsm/FastFsm.Tests/FastFsm.Tests.csproj]
         /mnt/c/Users/newon/source/repos/FastFsm/FastFsm.Tests/Features/Hsm/CompileTime/HsmParsingCompilationTests.cs(377,26): warning FSM002: State 'HistoryParent_Child2' might be unreachable based on defined transitions. [/mnt/c/Users/newon/source/repos/FastFsm/FastFsm.Tests/FastFsm.Tests.csproj]
         /mnt/c/Users/newon/source/repos/FastFsm/FastFsm.Tests/Features/Hsm/CompileTime/HsmParsingCompilationTests.cs(377,26): warning FSM002: State 'HistoryParent_Child3' might be unreachable based on defined transitions. [/mnt/c/Users/newon/source/repos/FastFsm/FastFsm.Tests/FastFsm.Tests.csproj]
         /mnt/c/Users/newon/source/repos/FastFsm/FastFsm.Tests/Features/Hsm/CompileTime/HsmParsingCompilationTests.cs(377,26): warning FSM002: State 'DeepHistoryParent' might be unreachable based on defined transitions. [/mnt/c/Users/newon/source/repos/FastFsm/FastFsm.Tests/FastFsm.Tests.csproj]
         /mnt/c/Users/newon/source/repos/FastFsm/FastFsm.Tests/Features/Hsm/CompileTime/HsmParsingCompilationTests.cs(377,26): warning FSM002: State 'DeepHistoryParent_Child1' might be unreachable based on defined transitions. [/mnt/c/Users/newon/source/repos/FastFsm/FastFsm.Tests/FastFsm.Tests.csproj]
         /mnt/c/Users/newon/source/repos/FastFsm/FastFsm.Tests/Features/Hsm/CompileTime/HsmParsingCompilationTests.cs(377,26): warning FSM002: State 'DeepHistoryParent_Child1_SubChild1' might be unreachable based on defined transitions. [/mnt/c/Users/newon/source/repos/FastFsm/FastFsm.Tests/FastFsm.Tests.csproj]
         /mnt/c/Users/newon/source/repos/FastFsm/FastFsm.Tests/Features/Hsm/CompileTime/HsmParsingCompilationTests.cs(377,26): warning FSM002: State 'DeepHistoryParent_Child1_SubChild2' might be unreachable based on defined transitions. [/mnt/c/Users/newon/source/repos/FastFsm/FastFsm.Tests/FastFsm.Tests.csproj]
         /mnt/c/Users/newon/source/repos/FastFsm/FastFsm.Tests/Features/Hsm/CompileTime/HsmParsingCompilationTests.cs(377,26): warning FSM002: State 'DeepHistoryParent_Child2' might be unreachable based on defined transitions. [/mnt/c/Users/newon/source/repos/FastFsm/FastFsm.Tests/FastFsm.Tests.csproj]
         /mnt/c/Users/newon/source/repos/FastFsm/FastFsm.Tests/Features/Hsm/CompileTime/HsmParsingCompilationTests.cs(377,26): warning FSM002: State 'Priority_Low' might be unreachable based on defined transitions. [/mnt/c/Users/newon/source/repos/FastFsm/FastFsm.Tests/FastFsm.Tests.csproj]
         /mnt/c/Users/newon/source/repos/FastFsm/FastFsm.Tests/Features/Hsm/CompileTime/HsmParsingCompilationTests.cs(377,26): warning FSM002: State 'Priority_Medium' might be unreachable based on defined transitions. [/mnt/c/Users/newon/source/repos/FastFsm/FastFsm.Tests/FastFsm.Tests.csproj]
         /mnt/c/Users/newon/source/repos/FastFsm/FastFsm.Tests/Features/Hsm/CompileTime/HsmParsingCompilationTests.cs(377,26): warning FSM002: State 'Priority_High' might be unreachable based on defined transitions. [/mnt/c/Users/newon/source/repos/FastFsm/FastFsm.Tests/FastFsm.Tests.csproj]
         /mnt/c/Users/newon/source/repos/FastFsm/FastFsm.Tests/Features/Hsm/CompileTime/HsmParsingCompilationTests.cs(377,26): warning FSM002: State 'InternalParent' might be unreachable based on defined transitions. [/mnt/c/Users/newon/source/repos/FastFsm/FastFsm.Tests/FastFsm.Tests.csproj]
         /mnt/c/Users/newon/source/repos/FastFsm/FastFsm.Tests/Features/Hsm/CompileTime/HsmParsingCompilationTests.cs(377,26): warning FSM002: State 'InternalParent_Child1' might be unreachable based on defined transitions. [/mnt/c/Users/newon/source/repos/FastFsm/FastFsm.Tests/FastFsm.Tests.csproj]
         /mnt/c/Users/newon/source/repos/FastFsm/FastFsm.Tests/Features/Hsm/CompileTime/HsmParsingCompilationTests.cs(377,26): warning FSM002: State 'InternalParent_Child2' might be unreachable based on defined transitions. [/mnt/c/Users/newon/source/repos/FastFsm/FastFsm.Tests/FastFsm.Tests.csproj]
         /mnt/c/Users/newon/source/repos/FastFsm/FastFsm.Tests/Features/Hsm/CompileTime/HsmParsingCompilationTests.cs(377,26): warning FSM002: State 'Branch1' might be unreachable based on defined transitions. [/mnt/c/Users/newon/source/repos/FastFsm/FastFsm.Tests/FastFsm.Tests.csproj]
         /mnt/c/Users/newon/source/repos/FastFsm/FastFsm.Tests/Features/Hsm/CompileTime/HsmParsingCompilationTests.cs(377,26): warning FSM002: State 'Branch1_Leaf1' might be unreachable based on defined transitions. [/mnt/c/Users/newon/source/repos/FastFsm/FastFsm.Tests/FastFsm.Tests.csproj]
         /mnt/c/Users/newon/source/repos/FastFsm/FastFsm.Tests/Features/Hsm/CompileTime/HsmParsingCompilationTests.cs(377,26): warning FSM002: State 'Branch1_Leaf2' might be unreachable based on defined transitions. [/mnt/c/Users/newon/source/repos/FastFsm/FastFsm.Tests/FastFsm.Tests.csproj]
         /mnt/c/Users/newon/source/repos/FastFsm/FastFsm.Tests/Features/Hsm/CompileTime/HsmParsingCompilationTests.cs(377,26): warning FSM002: State 'Branch2' might be unreachable based on defined transitions. [/mnt/c/Users/newon/source/repos/FastFsm/FastFsm.Tests/FastFsm.Tests.csproj]
         /mnt/c/Users/newon/source/repos/FastFsm/FastFsm.Tests/Features/Hsm/CompileTime/HsmParsingCompilationTests.cs(377,26): warning FSM002: State 'Branch2_Leaf1' might be unreachable based on defined transitions. [/mnt/c/Users/newon/source/repos/FastFsm/FastFsm.Tests/FastFsm.Tests.csproj]
         /mnt/c/Users/newon/source/repos/FastFsm/FastFsm.Tests/Features/Hsm/CompileTime/HsmParsingCompilationTests.cs(377,26): warning FSM002: State 'Branch2_Leaf2' might be unreachable based on defined transitions. [/mnt/c/Users/newon/source/repos/FastFsm/FastFsm.Tests/FastFsm.Tests.csproj]
         /mnt/c/Users/newon/source/repos/FastFsm/FastFsm.Tests/Features/Hsm/CompileTime/HsmParsingCompilationTests.cs(377,26): warning FSM002: State 'ComplexParent' might be unreachable based on defined transitions. [/mnt/c/Users/newon/source/repos/FastFsm/FastFsm.Tests/FastFsm.Tests.csproj]
         /mnt/c/Users/newon/source/repos/FastFsm/FastFsm.Tests/Features/Hsm/CompileTime/HsmParsingCompilationTests.cs(377,26): warning FSM002: State 'ComplexParent_Child1' might be unreachable based on defined transitions. [/mnt/c/Users/newon/source/repos/FastFsm/FastFsm.Tests/FastFsm.Tests.csproj]
         /mnt/c/Users/newon/source/repos/FastFsm/FastFsm.Tests/Features/Hsm/CompileTime/HsmParsingCompilationTests.cs(377,26): warning FSM002: State 'ComplexParent_Child2' might be unreachable based on defined transitions. [/mnt/c/Users/newon/source/repos/FastFsm/FastFsm.Tests/FastFsm.Tests.csproj]
         /mnt/c/Users/newon/source/repos/FastFsm/FastFsm.Tests/Features/Hsm/CompileTime/HsmParsingCompilationTests.cs(377,26): warning FSM002: State 'ComplexParent_Child3' might be unreachable based on defined transitions. [/mnt/c/Users/newon/source/repos/FastFsm/FastFsm.Tests/FastFsm.Tests.csproj]
         /mnt/c/Users/newon/source/repos/FastFsm/FastFsm.Tests/Features/Hsm/CompileTime/HsmParsingCompilationTests.cs(377,26): warning FSM002: State 'EdgeParent' might be unreachable based on defined transitions. [/mnt/c/Users/newon/source/repos/FastFsm/FastFsm.Tests/FastFsm.Tests.csproj]
         /mnt/c/Users/newon/source/repos/FastFsm/FastFsm.Tests/Features/Hsm/CompileTime/HsmParsingCompilationTests.cs(377,26): warning FSM002: State 'EdgeParent_Child' might be unreachable based on defined transitions. [/mnt/c/Users/newon/source/repos/FastFsm/FastFsm.Tests/FastFsm.Tests.csproj]
         /mnt/c/Users/newon/source/repos/FastFsm/FastFsm.Tests/Features/Hsm/CompileTime/HsmParsingCompilationTests.cs(377,26): warning FSM002: State 'EdgeComplexParent' might be unreachable based on defined transitions. [/mnt/c/Users/newon/source/repos/FastFsm/FastFsm.Tests/FastFsm.Tests.csproj]
         /mnt/c/Users/newon/source/repos/FastFsm/FastFsm.Tests/Features/Hsm/CompileTime/HsmParsingCompilationTests.cs(377,26): warning FSM002: State 'EdgeComplexParent_Child1' might be unreachable based on defined transitions. [/mnt/c/Users/newon/source/repos/FastFsm/FastFsm.Tests/FastFsm.Tests.csproj]
         /mnt/c/Users/newon/source/repos/FastFsm/FastFsm.Tests/Features/Hsm/CompileTime/HsmParsingCompilationTests.cs(377,26): warning FSM002: State 'EdgeComplexParent_Child2' might be unreachable based on defined transitions. [/mnt/c/Users/newon/source/repos/FastFsm/FastFsm.Tests/FastFsm.Tests.csproj]
         /mnt/c/Users/newon/source/repos/FastFsm/FastFsm.Tests/Features/Hsm/CompileTime/HsmParsingCompilationTests.cs(417,26): warning FSM002: State 'Working' might be unreachable based on defined transitions. [/mnt/c/Users/newon/source/repos/FastFsm/FastFsm.Tests/FastFsm.Tests.csproj]
         /mnt/c/Users/newon/source/repos/FastFsm/FastFsm.Tests/Features/Hsm/CompileTime/HsmParsingCompilationTests.cs(417,26): warning FSM002: State 'Completed' might be unreachable based on defined transitions. [/mnt/c/Users/newon/source/repos/FastFsm/FastFsm.Tests/FastFsm.Tests.csproj]
         /mnt/c/Users/newon/source/repos/FastFsm/FastFsm.Tests/Features/Hsm/CompileTime/HsmParsingCompilationTests.cs(417,26): warning FSM002: State 'Error' might be unreachable based on defined transitions. [/mnt/c/Users/newon/source/repos/FastFsm/FastFsm.Tests/FastFsm.Tests.csproj]
         /mnt/c/Users/newon/source/repos/FastFsm/FastFsm.Tests/Features/Hsm/CompileTime/HsmParsingCompilationTests.cs(417,26): warning FSM002: State 'Paused' might be unreachable based on defined transitions. [/mnt/c/Users/newon/source/repos/FastFsm/FastFsm.Tests/FastFsm.Tests.csproj]
         /mnt/c/Users/newon/source/repos/FastFsm/FastFsm.Tests/Features/Hsm/CompileTime/HsmParsingCompilationTests.cs(417,26): warning FSM002: State 'Working_Initializing' might be unreachable based on defined transitions. [/mnt/c/Users/newon/source/repos/FastFsm/FastFsm.Tests/FastFsm.Tests.csproj]
         /mnt/c/Users/newon/source/repos/FastFsm/FastFsm.Tests/Features/Hsm/CompileTime/HsmParsingCompilationTests.cs(417,26): warning FSM002: State 'Working_Processing' might be unreachable based on defined transitions. [/mnt/c/Users/newon/source/repos/FastFsm/FastFsm.Tests/FastFsm.Tests.csproj]
         /mnt/c/Users/newon/source/repos/FastFsm/FastFsm.Tests/Features/Hsm/CompileTime/HsmParsingCompilationTests.cs(417,26): warning FSM002: State 'Working_Validating' might be unreachable based on defined transitions. [/mnt/c/Users/newon/source/repos/FastFsm/FastFsm.Tests/FastFsm.Tests.csproj]
         /mnt/c/Users/newon/source/repos/FastFsm/FastFsm.Tests/Features/Hsm/CompileTime/HsmParsingCompilationTests.cs(417,26): warning FSM002: State 'Working_Cleanup' might be unreachable based on defined transitions. [/mnt/c/Users/newon/source/repos/FastFsm/FastFsm.Tests/FastFsm.Tests.csproj]
         /mnt/c/Users/newon/source/repos/FastFsm/FastFsm.Tests/Features/Hsm/CompileTime/HsmParsingCompilationTests.cs(417,26): warning FSM002: State 'Working_Processing_Reading' might be unreachable based on defined transitions. [/mnt/c/Users/newon/source/repos/FastFsm/FastFsm.Tests/FastFsm.Tests.csproj]
         /mnt/c/Users/newon/source/repos/FastFsm/FastFsm.Tests/Features/Hsm/CompileTime/HsmParsingCompilationTests.cs(417,26): warning FSM002: State 'Working_Processing_Computing' might be unreachable based on defined transitions. [/mnt/c/Users/newon/source/repos/FastFsm/FastFsm.Tests/FastFsm.Tests.csproj]
         /mnt/c/Users/newon/source/repos/FastFsm/FastFsm.Tests/Features/Hsm/CompileTime/HsmParsingCompilationTests.cs(417,26): warning FSM002: State 'Working_Processing_Writing' might be unreachable based on defined transitions. [/mnt/c/Users/newon/source/repos/FastFsm/FastFsm.Tests/FastFsm.Tests.csproj]
         /mnt/c/Users/newon/source/repos/FastFsm/FastFsm.Tests/Features/Hsm/CompileTime/HsmParsingCompilationTests.cs(417,26): warning FSM002: State 'Working_Processing_Computing_Loading' might be unreachable based on defined transitions. [/mnt/c/Users/newon/source/repos/FastFsm/FastFsm.Tests/FastFsm.Tests.csproj]
         /mnt/c/Users/newon/source/repos/FastFsm/FastFsm.Tests/Features/Hsm/CompileTime/HsmParsingCompilationTests.cs(417,26): warning FSM002: State 'Working_Processing_Computing_Calculating' might be unreachable based on defined transitions. [/mnt/c/Users/newon/source/repos/FastFsm/FastFsm.Tests/FastFsm.Tests.csproj]
         /mnt/c/Users/newon/source/repos/FastFsm/FastFsm.Tests/Features/Hsm/CompileTime/HsmParsingCompilationTests.cs(417,26): warning FSM002: State 'Working_Processing_Computing_Storing' might be unreachable based on defined transitions. [/mnt/c/Users/newon/source/repos/FastFsm/FastFsm.Tests/FastFsm.Tests.csproj]
         /mnt/c/Users/newon/source/repos/FastFsm/FastFsm.Tests/Features/Hsm/CompileTime/HsmParsingCompilationTests.cs(417,26): warning FSM002: State 'HistoryParent' might be unreachable based on defined transitions. [/mnt/c/Users/newon/source/repos/FastFsm/FastFsm.Tests/FastFsm.Tests.csproj]
         /mnt/c/Users/newon/source/repos/FastFsm/FastFsm.Tests/Features/Hsm/CompileTime/HsmParsingCompilationTests.cs(417,26): warning FSM002: State 'HistoryParent_Child1' might be unreachable based on defined transitions. [/mnt/c/Users/newon/source/repos/FastFsm/FastFsm.Tests/FastFsm.Tests.csproj]
         /mnt/c/Users/newon/source/repos/FastFsm/FastFsm.Tests/Features/Hsm/CompileTime/HsmParsingCompilationTests.cs(417,26): warning FSM002: State 'HistoryParent_Child2' might be unreachable based on defined transitions. [/mnt/c/Users/newon/source/repos/FastFsm/FastFsm.Tests/FastFsm.Tests.csproj]
         /mnt/c/Users/newon/source/repos/FastFsm/FastFsm.Tests/Features/Hsm/CompileTime/HsmParsingCompilationTests.cs(417,26): warning FSM002: State 'HistoryParent_Child3' might be unreachable based on defined transitions. [/mnt/c/Users/newon/source/repos/FastFsm/FastFsm.Tests/FastFsm.Tests.csproj]
         /mnt/c/Users/newon/source/repos/FastFsm/FastFsm.Tests/Features/Hsm/CompileTime/HsmParsingCompilationTests.cs(417,26): warning FSM002: State 'DeepHistoryParent' might be unreachable based on defined transitions. [/mnt/c/Users/newon/source/repos/FastFsm/FastFsm.Tests/FastFsm.Tests.csproj]
         /mnt/c/Users/newon/source/repos/FastFsm/FastFsm.Tests/Features/Hsm/CompileTime/HsmParsingCompilationTests.cs(417,26): warning FSM002: State 'DeepHistoryParent_Child1' might be unreachable based on defined transitions. [/mnt/c/Users/newon/source/repos/FastFsm/FastFsm.Tests/FastFsm.Tests.csproj]
         /mnt/c/Users/newon/source/repos/FastFsm/FastFsm.Tests/Features/Hsm/CompileTime/HsmParsingCompilationTests.cs(417,26): warning FSM002: State 'DeepHistoryParent_Child1_SubChild1' might be unreachable based on defined transitions. [/mnt/c/Users/newon/source/repos/FastFsm/FastFsm.Tests/FastFsm.Tests.csproj]
         /mnt/c/Users/newon/source/repos/FastFsm/FastFsm.Tests/Features/Hsm/CompileTime/HsmParsingCompilationTests.cs(417,26): warning FSM002: State 'DeepHistoryParent_Child1_SubChild2' might be unreachable based on defined transitions. [/mnt/c/Users/newon/source/repos/FastFsm/FastFsm.Tests/FastFsm.Tests.csproj]
         /mnt/c/Users/newon/source/repos/FastFsm/FastFsm.Tests/Features/Hsm/CompileTime/HsmParsingCompilationTests.cs(417,26): warning FSM002: State 'DeepHistoryParent_Child2' might be unreachable based on defined transitions. [/mnt/c/Users/newon/source/repos/FastFsm/FastFsm.Tests/FastFsm.Tests.csproj]
         /mnt/c/Users/newon/source/repos/FastFsm/FastFsm.Tests/Features/Hsm/CompileTime/HsmParsingCompilationTests.cs(417,26): warning FSM002: State 'Priority_Low' might be unreachable based on defined transitions. [/mnt/c/Users/newon/source/repos/FastFsm/FastFsm.Tests/FastFsm.Tests.csproj]
         /mnt/c/Users/newon/source/repos/FastFsm/FastFsm.Tests/Features/Hsm/CompileTime/HsmParsingCompilationTests.cs(417,26): warning FSM002: State 'Priority_Medium' might be unreachable based on defined transitions. [/mnt/c/Users/newon/source/repos/FastFsm/FastFsm.Tests/FastFsm.Tests.csproj]
         /mnt/c/Users/newon/source/repos/FastFsm/FastFsm.Tests/Features/Hsm/CompileTime/HsmParsingCompilationTests.cs(417,26): warning FSM002: State 'Priority_High' might be unreachable based on defined transitions. [/mnt/c/Users/newon/source/repos/FastFsm/FastFsm.Tests/FastFsm.Tests.csproj]
         /mnt/c/Users/newon/source/repos/FastFsm/FastFsm.Tests/Features/Hsm/CompileTime/HsmParsingCompilationTests.cs(417,26): warning FSM002: State 'InternalParent' might be unreachable based on defined transitions. [/mnt/c/Users/newon/source/repos/FastFsm/FastFsm.Tests/FastFsm.Tests.csproj]
         /mnt/c/Users/newon/source/repos/FastFsm/FastFsm.Tests/Features/Hsm/CompileTime/HsmParsingCompilationTests.cs(417,26): warning FSM002: State 'InternalParent_Child1' might be unreachable based on defined transitions. [/mnt/c/Users/newon/source/repos/FastFsm/FastFsm.Tests/FastFsm.Tests.csproj]
         /mnt/c/Users/newon/source/repos/FastFsm/FastFsm.Tests/Features/Hsm/CompileTime/HsmParsingCompilationTests.cs(417,26): warning FSM002: State 'InternalParent_Child2' might be unreachable based on defined transitions. [/mnt/c/Users/newon/source/repos/FastFsm/FastFsm.Tests/FastFsm.Tests.csproj]
         /mnt/c/Users/newon/source/repos/FastFsm/FastFsm.Tests/Features/Hsm/CompileTime/HsmParsingCompilationTests.cs(417,26): warning FSM002: State 'Branch1' might be unreachable based on defined transitions. [/mnt/c/Users/newon/source/repos/FastFsm/FastFsm.Tests/FastFsm.Tests.csproj]
         /mnt/c/Users/newon/source/repos/FastFsm/FastFsm.Tests/Features/Hsm/CompileTime/HsmParsingCompilationTests.cs(417,26): warning FSM002: State 'Branch1_Leaf1' might be unreachable based on defined transitions. [/mnt/c/Users/newon/source/repos/FastFsm/FastFsm.Tests/FastFsm.Tests.csproj]
         /mnt/c/Users/newon/source/repos/FastFsm/FastFsm.Tests/Features/Hsm/CompileTime/HsmParsingCompilationTests.cs(417,26): warning FSM002: State 'Branch1_Leaf2' might be unreachable based on defined transitions. [/mnt/c/Users/newon/source/repos/FastFsm/FastFsm.Tests/FastFsm.Tests.csproj]
         /mnt/c/Users/newon/source/repos/FastFsm/FastFsm.Tests/Features/Hsm/CompileTime/HsmParsingCompilationTests.cs(417,26): warning FSM002: State 'Branch2' might be unreachable based on defined transitions. [/mnt/c/Users/newon/source/repos/FastFsm/FastFsm.Tests/FastFsm.Tests.csproj]
         /mnt/c/Users/newon/source/repos/FastFsm/FastFsm.Tests/Features/Hsm/CompileTime/HsmParsingCompilationTests.cs(417,26): warning FSM002: State 'Branch2_Leaf1' might be unreachable based on defined transitions. [/mnt/c/Users/newon/source/repos/FastFsm/FastFsm.Tests/FastFsm.Tests.csproj]
         /mnt/c/Users/newon/source/repos/FastFsm/FastFsm.Tests/Features/Hsm/CompileTime/HsmParsingCompilationTests.cs(417,26): warning FSM002: State 'Branch2_Leaf2' might be unreachable based on defined transitions. [/mnt/c/Users/newon/source/repos/FastFsm/FastFsm.Tests/FastFsm.Tests.csproj]
         /mnt/c/Users/newon/source/repos/FastFsm/FastFsm.Tests/Features/Hsm/CompileTime/HsmParsingCompilationTests.cs(417,26): warning FSM002: State 'ComplexParent' might be unreachable based on defined transitions. [/mnt/c/Users/newon/source/repos/FastFsm/FastFsm.Tests/FastFsm.Tests.csproj]
         /mnt/c/Users/newon/source/repos/FastFsm/FastFsm.Tests/Features/Hsm/CompileTime/HsmParsingCompilationTests.cs(417,26): warning FSM002: State 'ComplexParent_Child1' might be unreachable based on defined transitions. [/mnt/c/Users/newon/source/repos/FastFsm/FastFsm.Tests/FastFsm.Tests.csproj]
         /mnt/c/Users/newon/source/repos/FastFsm/FastFsm.Tests/Features/Hsm/CompileTime/HsmParsingCompilationTests.cs(417,26): warning FSM002: State 'ComplexParent_Child2' might be unreachable based on defined transitions. [/mnt/c/Users/newon/source/repos/FastFsm/FastFsm.Tests/FastFsm.Tests.csproj]
         /mnt/c/Users/newon/source/repos/FastFsm/FastFsm.Tests/Features/Hsm/CompileTime/HsmParsingCompilationTests.cs(417,26): warning FSM002: State 'ComplexParent_Child3' might be unreachable based on defined transitions. [/mnt/c/Users/newon/source/repos/FastFsm/FastFsm.Tests/FastFsm.Tests.csproj]
         /mnt/c/Users/newon/source/repos/FastFsm/FastFsm.Tests/Features/Hsm/CompileTime/HsmParsingCompilationTests.cs(417,26): warning FSM002: State 'EdgeParent' might be unreachable based on defined transitions. [/mnt/c/Users/newon/source/repos/FastFsm/FastFsm.Tests/FastFsm.Tests.csproj]
         /mnt/c/Users/newon/source/repos/FastFsm/FastFsm.Tests/Features/Hsm/CompileTime/HsmParsingCompilationTests.cs(417,26): warning FSM002: State 'EdgeParent_Child' might be unreachable based on defined transitions. [/mnt/c/Users/newon/source/repos/FastFsm/FastFsm.Tests/FastFsm.Tests.csproj]
         /mnt/c/Users/newon/source/repos/FastFsm/FastFsm.Tests/Features/Hsm/CompileTime/HsmParsingCompilationTests.cs(417,26): warning FSM002: State 'EdgeComplexParent' might be unreachable based on defined transitions. [/mnt/c/Users/newon/source/repos/FastFsm/FastFsm.Tests/FastFsm.Tests.csproj]
         /mnt/c/Users/newon/source/repos/FastFsm/FastFsm.Tests/Features/Hsm/CompileTime/HsmParsingCompilationTests.cs(417,26): warning FSM002: State 'EdgeComplexParent_Child1' might be unreachable based on defined transitions. [/mnt/c/Users/newon/source/repos/FastFsm/FastFsm.Tests/FastFsm.Tests.csproj]
         /mnt/c/Users/newon/source/repos/FastFsm/FastFsm.Tests/Features/Hsm/CompileTime/HsmParsingCompilationTests.cs(417,26): warning FSM002: State 'EdgeComplexParent_Child2' might be unreachable based on defined transitions. [/mnt/c/Users/newon/source/repos/FastFsm/FastFsm.Tests/FastFsm.Tests.csproj]
         /mnt/c/Users/newon/source/repos/FastFsm/FastFsm.Tests/Features/Hsm/Runtime/HierarchicalRuntime.cs(34,30): warning FSM002: State 'Parent_A' might be unreachable based on defined transitions. [/mnt/c/Users/newon/source/repos/FastFsm/FastFsm.Tests/FastFsm.Tests.csproj]
         /mnt/c/Users/newon/source/repos/FastFsm/FastFsm.Tests/Features/Hsm/Runtime/HierarchicalRuntime.cs(34,30): warning FSM002: State 'Parent_B' might be unreachable based on defined transitions. [/mnt/c/Users/newon/source/repos/FastFsm/FastFsm.Tests/FastFsm.Tests.csproj]
         /mnt/c/Users/newon/source/repos/FastFsm/FastFsm.Tests/Features/Hsm/Runtime/HierarchicalRuntime.cs(78,30): warning FSM002: State 'Menu_Main' might be unreachable based on defined transitions. [/mnt/c/Users/newon/source/repos/FastFsm/FastFsm.Tests/FastFsm.Tests.csproj]
         /mnt/c/Users/newon/source/repos/FastFsm/FastFsm.Tests/Features/Hsm/Runtime/HierarchicalRuntime.cs(78,30): warning FSM002: State 'Menu_Settings' might be unreachable based on defined transitions. [/mnt/c/Users/newon/source/repos/FastFsm/FastFsm.Tests/FastFsm.Tests.csproj]
         /mnt/c/Users/newon/source/repos/FastFsm/FastFsm.Tests/Features/Hsm/Runtime/HierarchicalRuntime.cs(157,30): warning FSM002: State 'Work_S1' might be unreachable based on defined transitions. [/mnt/c/Users/newon/source/repos/FastFsm/FastFsm.Tests/FastFsm.Tests.csproj]
         /mnt/c/Users/newon/source/repos/FastFsm/FastFsm.Tests/Features/Hsm/Runtime/HierarchicalRuntime.cs(157,30): warning FSM002: State 'Work_S1_Loading' might be unreachable based on defined transitions. [/mnt/c/Users/newon/source/repos/FastFsm/FastFsm.Tests/FastFsm.Tests.csproj]
         /mnt/c/Users/newon/source/repos/FastFsm/FastFsm.Tests/Features/Hsm/Runtime/HierarchicalRuntime.cs(157,30): warning FSM002: State 'Work_S1_Calc' might be unreachable based on defined transitions. [/mnt/c/Users/newon/source/repos/FastFsm/FastFsm.Tests/FastFsm.Tests.csproj]
         /mnt/c/Users/newon/source/repos/FastFsm/FastFsm.Tests/Features/Hsm/Runtime/HierarchicalRuntime.cs(271,30): warning FSM002: State 'Child' might be unreachable based on defined transitions. [/mnt/c/Users/newon/source/repos/FastFsm/FastFsm.Tests/FastFsm.Tests.csproj]
         /mnt/c/Users/newon/source/repos/FastFsm/FastFsm.Tests/Features/Hsm/Runtime/HierarchicalRuntime.cs(271,30): warning FSM002: State 'A' might be unreachable based on defined transitions. [/mnt/c/Users/newon/source/repos/FastFsm/FastFsm.Tests/FastFsm.Tests.csproj]
         /mnt/c/Users/newon/source/repos/FastFsm/FastFsm.Tests/Features/Hsm/Runtime/HierarchicalRuntime.cs(271,30): warning FSM002: State 'B' might be unreachable based on defined transitions. [/mnt/c/Users/newon/source/repos/FastFsm/FastFsm.Tests/FastFsm.Tests.csproj]
         /mnt/c/Users/newon/source/repos/FastFsm/FastFsm.Tests/Features/Hsm/Runtime/HierarchicalRuntime.cs(271,30): warning FSM002: State 'C' might be unreachable based on defined transitions. [/mnt/c/Users/newon/source/repos/FastFsm/FastFsm.Tests/FastFsm.Tests.csproj]
         /mnt/c/Users/newon/source/repos/FastFsm/FastFsm.Tests/Features/Hsm/Runtime/HierarchicalRuntime.cs(287,30): warning FSM002: State 'Child' might be unreachable based on defined transitions. [/mnt/c/Users/newon/source/repos/FastFsm/FastFsm.Tests/FastFsm.Tests.csproj]
         /mnt/c/Users/newon/source/repos/FastFsm/FastFsm.Tests/Features/Hsm/Runtime/HierarchicalRuntime.cs(287,30): warning FSM002: State 'ParentDone' might be unreachable based on defined transitions. [/mnt/c/Users/newon/source/repos/FastFsm/FastFsm.Tests/FastFsm.Tests.csproj]
         /mnt/c/Users/newon/source/repos/FastFsm/FastFsm.Tests/Features/Hsm/Runtime/HierarchicalRuntime.cs(287,30): warning FSM002: State 'A' might be unreachable based on defined transitions. [/mnt/c/Users/newon/source/repos/FastFsm/FastFsm.Tests/FastFsm.Tests.csproj]
         /mnt/c/Users/newon/source/repos/FastFsm/FastFsm.Tests/Features/Hsm/Runtime/HierarchicalRuntime.cs(287,30): warning FSM002: State 'B' might be unreachable based on defined transitions. [/mnt/c/Users/newon/source/repos/FastFsm/FastFsm.Tests/FastFsm.Tests.csproj]
         /mnt/c/Users/newon/source/repos/FastFsm/FastFsm.Tests/Features/Hsm/Runtime/HierarchicalRuntime.cs(287,30): warning FSM002: State 'C' might be unreachable based on defined transitions. [/mnt/c/Users/newon/source/repos/FastFsm/FastFsm.Tests/FastFsm.Tests.csproj]
         /mnt/c/Users/newon/source/repos/FastFsm/FastFsm.Tests/Features/Hsm/Runtime/HierarchicalRuntime.cs(308,14): warning FSM001: Duplicate transition from state 'A' on trigger 'Go'. Only the first one will be used by the generator. [/mnt/c/Users/newon/source/repos/FastFsm/FastFsm.Tests/FastFsm.Tests.csproj]
         /mnt/c/Users/newon/source/repos/FastFsm/FastFsm.Tests/Features/Hsm/Runtime/HierarchicalRuntime.cs(303,30): warning FSM002: State 'Child' might be unreachable based on defined transitions. [/mnt/c/Users/newon/source/repos/FastFsm/FastFsm.Tests/FastFsm.Tests.csproj]
         /mnt/c/Users/newon/source/repos/FastFsm/FastFsm.Tests/Features/Hsm/Runtime/HierarchicalRuntime.cs(303,30): warning FSM002: State 'ParentDone' might be unreachable based on defined transitions. [/mnt/c/Users/newon/source/repos/FastFsm/FastFsm.Tests/FastFsm.Tests.csproj]
         /mnt/c/Users/newon/source/repos/FastFsm/FastFsm.Tests/Features/Hsm/Runtime/HierarchicalRuntime.cs(303,30): warning FSM002: State 'A' might be unreachable based on defined transitions. [/mnt/c/Users/newon/source/repos/FastFsm/FastFsm.Tests/FastFsm.Tests.csproj]
         /mnt/c/Users/newon/source/repos/FastFsm/FastFsm.Tests/Features/Hsm/Runtime/HierarchicalRuntime.cs(303,30): warning FSM002: State 'B' might be unreachable based on defined transitions. [/mnt/c/Users/newon/source/repos/FastFsm/FastFsm.Tests/FastFsm.Tests.csproj]
         /mnt/c/Users/newon/source/repos/FastFsm/FastFsm.Tests/Features/Hsm/Runtime/HierarchicalRuntime.cs(303,30): warning FSM002: State 'C' might be unreachable based on defined transitions. [/mnt/c/Users/newon/source/repos/FastFsm/FastFsm.Tests/FastFsm.Tests.csproj]
         /mnt/c/Users/newon/source/repos/FastFsm/FastFsm.Tests/Features/Hsm/Runtime/HierarchicalRuntime.cs(370,30): warning FSM002: State 'Parent_A' might be unreachable based on defined transitions. [/mnt/c/Users/newon/source/repos/FastFsm/FastFsm.Tests/FastFsm.Tests.csproj]
         /mnt/c/Users/newon/source/repos/FastFsm/FastFsm.Tests/Features/Hsm/Runtime/HierarchicalRuntime.cs(370,30): warning FSM002: State 'Parent_B' might be unreachable based on defined transitions. [/mnt/c/Users/newon/source/repos/FastFsm/FastFsm.Tests/FastFsm.Tests.csproj]
         /mnt/c/Users/newon/source/repos/FastFsm/FastFsm.Tests/Features/Payload/Machines.cs(9,26): warning FSM002: State 'Processing' might be unreachable based on defined transitions. [/mnt/c/Users/newon/source/repos/FastFsm/FastFsm.Tests/FastFsm.Tests.csproj]
         /mnt/c/Users/newon/source/repos/FastFsm/FastFsm.Tests/Features/Payload/Machines.cs(9,26): warning FSM002: State 'Completed' might be unreachable based on defined transitions. [/mnt/c/Users/newon/source/repos/FastFsm/FastFsm.Tests/FastFsm.Tests.csproj]
         /mnt/c/Users/newon/source/repos/FastFsm/FastFsm.Tests/Features/Payload/Machines.cs(9,26): warning FSM002: State 'Paid' might be unreachable based on defined transitions. [/mnt/c/Users/newon/source/repos/FastFsm/FastFsm.Tests/FastFsm.Tests.csproj]
         /mnt/c/Users/newon/source/repos/FastFsm/FastFsm.Tests/Features/Payload/Machines.cs(9,26): warning FSM002: State 'Cancelled' might be unreachable based on defined transitions. [/mnt/c/Users/newon/source/repos/FastFsm/FastFsm.Tests/FastFsm.Tests.csproj]
         /mnt/c/Users/newon/source/repos/FastFsm/FastFsm.Tests/Features/Payload/Machines.cs(9,26): warning FSM002: State 'Shipped' might be unreachable based on defined transitions. [/mnt/c/Users/newon/source/repos/FastFsm/FastFsm.Tests/FastFsm.Tests.csproj]
         /mnt/c/Users/newon/source/repos/FastFsm/FastFsm.Tests/Features/Payload/Machines.cs(28,26): warning FSM002: State 'Failed' might be unreachable based on defined transitions. [/mnt/c/Users/newon/source/repos/FastFsm/FastFsm.Tests/FastFsm.Tests.csproj]
         /mnt/c/Users/newon/source/repos/FastFsm/FastFsm.Tests/Features/Payload/Machines.cs(42,26): warning FSM002: State 'Failed' might be unreachable based on defined transitions. [/mnt/c/Users/newon/source/repos/FastFsm/FastFsm.Tests/FastFsm.Tests.csproj]
         /mnt/c/Users/newon/source/repos/FastFsm/FastFsm.Tests/Features/Payload/Machines.cs(61,26): warning FSM002: State 'Completed' might be unreachable based on defined transitions. [/mnt/c/Users/newon/source/repos/FastFsm/FastFsm.Tests/FastFsm.Tests.csproj]
         CSC : warning FSM989D: ENTERING ProcessCandidateAndGenerate for: StateMachine.Tests.Features.Payload.InternalPayloadMachine [/mnt/c/Users/newon/source/repos/FastFsm/FastFsm.Tests/FastFsm.Tests.csproj]
         /mnt/c/Users/newon/source/repos/FastFsm/FastFsm.Tests/Features/Payload/Machines.cs(166,5): warning FSM998A: Starting parse for: StateMachine.Tests.Features.Payload.InternalPayloadMachine [/mnt/c/Users/newon/source/repos/FastFsm/FastFsm.Tests/FastFsm.Tests.csproj]
         /mnt/c/Users/newon/source/repos/FastFsm/FastFsm.Tests/Features/Payload/Machines.cs(166,5): warning FSM998: === START TryParse === [/mnt/c/Users/newon/source/repos/FastFsm/FastFsm.Tests/FastFsm.Tests.csproj]
         /mnt/c/Users/newon/source/repos/FastFsm/FastFsm.Tests/Features/Payload/Machines.cs(166,5): warning FSM998: Parsing class: InternalPayloadMachine [/mnt/c/Users/newon/source/repos/FastFsm/FastFsm.Tests/FastFsm.Tests.csproj]
         /mnt/c/Users/newon/source/repos/FastFsm/FastFsm.Tests/Features/Payload/Machines.cs(166,5): warning FSM998: Section 1: Getting semantic model and class symbol [/mnt/c/Users/newon/source/repos/FastFsm/FastFsm.Tests/FastFsm.Tests.csproj]
         /mnt/c/Users/newon/source/repos/FastFsm/FastFsm.Tests/Features/Payload/Machines.cs(166,5): warning FSM998: Class symbol obtained: InternalPayloadMachine [/mnt/c/Users/newon/source/repos/FastFsm/FastFsm.Tests/FastFsm.Tests.csproj]
         /mnt/c/Users/newon/source/repos/FastFsm/FastFsm.Tests/Features/Payload/Machines.cs(166,5): warning FSM998: Section 2: Creating initial model [/mnt/c/Users/newon/source/repos/FastFsm/FastFsm.Tests/FastFsm.Tests.csproj]
         /mnt/c/Users/newon/source/repos/FastFsm/FastFsm.Tests/Features/Payload/Machines.cs(166,5): warning FSM998: Model created - Namespace: StateMachine.Tests.Features.Payload, ClassName: InternalPayloadMachine [/mnt/c/Users/newon/source/repos/FastFsm/FastFsm.Tests/FastFsm.Tests.csproj]
         /mnt/c/Users/newon/source/repos/FastFsm/FastFsm.Tests/Features/Payload/Machines.cs(166,5): warning FSM998: Section 3: Getting StateMachine attribute [/mnt/c/Users/newon/source/repos/FastFsm/FastFsm.Tests/FastFsm.Tests.csproj]
         /mnt/c/Users/newon/source/repos/FastFsm/FastFsm.Tests/Features/Payload/Machines.cs(166,5): warning FSM998: StateMachine attribute found: True [/mnt/c/Users/newon/source/repos/FastFsm/FastFsm.Tests/FastFsm.Tests.csproj]
         /mnt/c/Users/newon/source/repos/FastFsm/FastFsm.Tests/Features/Payload/Machines.cs(166,5): warning FSM998: Section 4: Reading StateMachine attribute arguments [/mnt/c/Users/newon/source/repos/FastFsm/FastFsm.Tests/FastFsm.Tests.csproj]
         /mnt/c/Users/newon/source/repos/FastFsm/FastFsm.Tests/Features/Payload/Machines.cs(166,5): warning FSM998: Section 5: Basic attribute and class validation [/mnt/c/Users/newon/source/repos/FastFsm/FastFsm.Tests/FastFsm.Tests.csproj]
         /mnt/c/Users/newon/source/repos/FastFsm/FastFsm.Tests/Features/Payload/Machines.cs(166,5): warning FSM998: Class is partial: True [/mnt/c/Users/newon/source/repos/FastFsm/FastFsm.Tests/FastFsm.Tests.csproj]
         /mnt/c/Users/newon/source/repos/FastFsm/FastFsm.Tests/Features/Payload/Machines.cs(166,5): warning FSM998: Validating missing attribute rule [/mnt/c/Users/newon/source/repos/FastFsm/FastFsm.Tests/FastFsm.Tests.csproj]
         /mnt/c/Users/newon/source/repos/FastFsm/FastFsm.Tests/Features/Payload/Machines.cs(166,5): warning FSM998: Critical error after missing attribute validation: False [/mnt/c/Users/newon/source/repos/FastFsm/FastFsm.Tests/FastFsm.Tests.csproj]
         /mnt/c/Users/newon/source/repos/FastFsm/FastFsm.Tests/Features/Payload/Machines.cs(166,5): warning FSM998: Section 6: Validating State and Trigger types [/mnt/c/Users/newon/source/repos/FastFsm/FastFsm.Tests/FastFsm.Tests.csproj]
         /mnt/c/Users/newon/source/repos/FastFsm/FastFsm.Tests/Features/Payload/Machines.cs(166,5): warning FSM998: State type: StateMachine.Tests.Features.Payload.PayloadVariantTests.InternalPayloadState [/mnt/c/Users/newon/source/repos/FastFsm/FastFsm.Tests/FastFsm.Tests.csproj]
         /mnt/c/Users/newon/source/repos/FastFsm/FastFsm.Tests/Features/Payload/Machines.cs(166,5): warning FSM998: Trigger type: StateMachine.Tests.Features.Payload.PayloadVariantTests.InternalPayloadTrigger [/mnt/c/Users/newon/source/repos/FastFsm/FastFsm.Tests/FastFsm.Tests.csproj]
         /mnt/c/Users/newon/source/repos/FastFsm/FastFsm.Tests/Features/Payload/Machines.cs(166,5): warning FSM998: Validating attribute types [/mnt/c/Users/newon/source/repos/FastFsm/FastFsm.Tests/FastFsm.Tests.csproj]
         /mnt/c/Users/newon/source/repos/FastFsm/FastFsm.Tests/Features/Payload/Machines.cs(166,5): warning FSM998: Critical error after type validation: False [/mnt/c/Users/newon/source/repos/FastFsm/FastFsm.Tests/FastFsm.Tests.csproj]
         /mnt/c/Users/newon/source/repos/FastFsm/FastFsm.Tests/Features/Payload/Machines.cs(166,5): warning FSM998: Section 7: Building basic model [/mnt/c/Users/newon/source/repos/FastFsm/FastFsm.Tests/FastFsm.Tests.csproj]
         /mnt/c/Users/newon/source/repos/FastFsm/FastFsm.Tests/Features/Payload/Machines.cs(166,5): warning FSM998: StateType: StateMachine.Tests.Features.Payload.PayloadVariantTests+InternalPayloadState [/mnt/c/Users/newon/source/repos/FastFsm/FastFsm.Tests/FastFsm.Tests.csproj]
         /mnt/c/Users/newon/source/repos/FastFsm/FastFsm.Tests/Features/Payload/Machines.cs(166,5): warning FSM998: TriggerType: StateMachine.Tests.Features.Payload.PayloadVariantTests+InternalPayloadTrigger [/mnt/c/Users/newon/source/repos/FastFsm/FastFsm.Tests/FastFsm.Tests.csproj]
         /mnt/c/Users/newon/source/repos/FastFsm/FastFsm.Tests/Features/Payload/Machines.cs(166,5): warning FSM998: Enumerating states from enum [/mnt/c/Users/newon/source/repos/FastFsm/FastFsm.Tests/FastFsm.Tests.csproj]
         /mnt/c/Users/newon/source/repos/FastFsm/FastFsm.Tests/Features/Payload/Machines.cs(166,5): warning FSM998: Found 2 states [/mnt/c/Users/newon/source/repos/FastFsm/FastFsm.Tests/FastFsm.Tests.csproj]
         /mnt/c/Users/newon/source/repos/FastFsm/FastFsm.Tests/Features/Payload/Machines.cs(166,5): warning FSM998: Section 8: Parsing member attributes [/mnt/c/Users/newon/source/repos/FastFsm/FastFsm.Tests/FastFsm.Tests.csproj]
         /mnt/c/Users/newon/source/repos/FastFsm/FastFsm.Tests/Features/Payload/Machines.cs(166,5): warning FSM998: Calling ParseMemberAttributes [/mnt/c/Users/newon/source/repos/FastFsm/FastFsm.Tests/FastFsm.Tests.csproj]
         /mnt/c/Users/newon/source/repos/FastFsm/FastFsm.Tests/Features/Payload/Machines.cs(166,5): warning FSM998: ParseMemberAttributes completed. Critical error: False, IsAsync: False [/mnt/c/Users/newon/source/repos/FastFsm/FastFsm.Tests/FastFsm.Tests.csproj]
         /mnt/c/Users/newon/source/repos/FastFsm/FastFsm.Tests/Features/Payload/Machines.cs(166,5): warning FSM998: Section 8.4: Enum-only fallback - no [State] attributes found [/mnt/c/Users/newon/source/repos/FastFsm/FastFsm.Tests/FastFsm.Tests.csproj]
         /mnt/c/Users/newon/source/repos/FastFsm/FastFsm.Tests/Features/Payload/Machines.cs(166,5): warning FSM998: Enum-only fallback applied: 2 states from enum [/mnt/c/Users/newon/source/repos/FastFsm/FastFsm.Tests/FastFsm.Tests.csproj]
         /mnt/c/Users/newon/source/repos/FastFsm/FastFsm.Tests/Features/Payload/Machines.cs(166,5): warning FSM998: Section 8.5: Building HSM hierarchy [/mnt/c/Users/newon/source/repos/FastFsm/FastFsm.Tests/FastFsm.Tests.csproj]
         /mnt/c/Users/newon/source/repos/FastFsm/FastFsm.Tests/Features/Payload/Machines.cs(166,5): warning FSM998: Building HSM hierarchy from state attributes [/mnt/c/Users/newon/source/repos/FastFsm/FastFsm.Tests/FastFsm.Tests.csproj]
         /mnt/c/Users/newon/source/repos/FastFsm/FastFsm.Tests/Features/Payload/Machines.cs(166,5): warning FSM998: Hierarchy not enabled, skipping hierarchy building [/mnt/c/Users/newon/source/repos/FastFsm/FastFsm.Tests/FastFsm.Tests.csproj]
         /mnt/c/Users/newon/source/repos/FastFsm/FastFsm.Tests/Features/Payload/Machines.cs(166,5): warning FSM998: Hierarchy built. HierarchyEnabled: False [/mnt/c/Users/newon/source/repos/FastFsm/FastFsm.Tests/FastFsm.Tests.csproj]
         /mnt/c/Users/newon/source/repos/FastFsm/FastFsm.Tests/Features/Payload/Machines.cs(166,5): warning FSM998: Section 9: Determining feature configuration [/mnt/c/Users/newon/source/repos/FastFsm/FastFsm.Tests/FastFsm.Tests.csproj]
         /mnt/c/Users/newon/source/repos/FastFsm/FastFsm.Tests/Features/Payload/Machines.cs(166,5): warning FSM998: Feature config: HasPayload=True, HasExt=False, HasCallbacks=False [/mnt/c/Users/newon/source/repos/FastFsm/FastFsm.Tests/FastFsm.Tests.csproj]
         /mnt/c/Users/newon/source/repos/FastFsm/FastFsm.Tests/Features/Payload/Machines.cs(166,5): warning FSM998: Section 10: Feature configuration validations [/mnt/c/Users/newon/source/repos/FastFsm/FastFsm.Tests/FastFsm.Tests.csproj]
         /mnt/c/Users/newon/source/repos/FastFsm/FastFsm.Tests/Features/Payload/Machines.cs(166,5): warning FSM998: Section 11: Validating state reachability [/mnt/c/Users/newon/source/repos/FastFsm/FastFsm.Tests/FastFsm.Tests.csproj]
         /mnt/c/Users/newon/source/repos/FastFsm/FastFsm.Tests/Features/Payload/Machines.cs(166,5): warning FSM998: Total states count: 2 [/mnt/c/Users/newon/source/repos/FastFsm/FastFsm.Tests/FastFsm.Tests.csproj]
         /mnt/c/Users/newon/source/repos/FastFsm/FastFsm.Tests/Features/Payload/Machines.cs(166,5): warning FSM998: Transition metrics: internal=1, external=1, total=2 [/mnt/c/Users/newon/source/repos/FastFsm/FastFsm.Tests/FastFsm.Tests.csproj]
         /mnt/c/Users/newon/source/repos/FastFsm/FastFsm.Tests/Features/Payload/Machines.cs(166,5): warning FSM998: Initial state: Active [/mnt/c/Users/newon/source/repos/FastFsm/FastFsm.Tests/FastFsm.Tests.csproj]
         /mnt/c/Users/newon/source/repos/FastFsm/FastFsm.Tests/Features/Payload/Machines.cs(166,5): warning FSM998: Validating unreachable states [/mnt/c/Users/newon/source/repos/FastFsm/FastFsm.Tests/FastFsm.Tests.csproj]
         /mnt/c/Users/newon/source/repos/FastFsm/FastFsm.Tests/Features/Payload/Machines.cs(166,5): warning FSM998: Critical error after reachability validation: False [/mnt/c/Users/newon/source/repos/FastFsm/FastFsm.Tests/FastFsm.Tests.csproj]
         /mnt/c/Users/newon/source/repos/FastFsm/FastFsm.Tests/Features/Payload/Machines.cs(166,5): warning FSM998: Section 12: Finalization [/mnt/c/Users/newon/source/repos/FastFsm/FastFsm.Tests/FastFsm.Tests.csproj]
         /mnt/c/Users/newon/source/repos/FastFsm/FastFsm.Tests/Features/Payload/Machines.cs(166,5): warning FSM998: Final IsAsync: False [/mnt/c/Users/newon/source/repos/FastFsm/FastFsm.Tests/FastFsm.Tests.csproj]
         /mnt/c/Users/newon/source/repos/FastFsm/FastFsm.Tests/Features/Payload/Machines.cs(166,5): warning FSM998: === SUCCESS: TryParse completed successfully === [/mnt/c/Users/newon/source/repos/FastFsm/FastFsm.Tests/FastFsm.Tests.csproj]
         /mnt/c/Users/newon/source/repos/FastFsm/FastFsm.Tests/Machines/FullMultiPayloadMachine.cs(15,26): warning FSM002: State 'Delivered' might be unreachable based on defined transitions. [/mnt/c/Users/newon/source/repos/FastFsm/FastFsm.Tests/FastFsm.Tests.csproj]
         /mnt/c/Users/newon/source/repos/FastFsm/FastFsm.Tests/Machines/FullMultiPayloadMachine.cs(15,26): warning FSM002: State 'Cancelled' might be unreachable based on defined transitions. [/mnt/c/Users/newon/source/repos/FastFsm/FastFsm.Tests/FastFsm.Tests.csproj]
         /mnt/c/Users/newon/source/repos/FastFsm/FastFsm.Tests/Machines/FullOrderMachine.cs(13,26): warning FSM002: State 'Delivered' might be unreachable based on defined transitions. [/mnt/c/Users/newon/source/repos/FastFsm/FastFsm.Tests/FastFsm.Tests.csproj]
         CSC : warning FSM989D: ENTERING ProcessCandidateAndGenerate for: StateMachine.Tests.Machines.InternalOnlyMachine [/mnt/c/Users/newon/source/repos/FastFsm/FastFsm.Tests/FastFsm.Tests.csproj]
         /mnt/c/Users/newon/source/repos/FastFsm/FastFsm.Tests/Machines/InternalOnlyMachine.cs(7,5): warning FSM998A: Starting parse for: StateMachine.Tests.Machines.InternalOnlyMachine [/mnt/c/Users/newon/source/repos/FastFsm/FastFsm.Tests/FastFsm.Tests.csproj]
         /mnt/c/Users/newon/source/repos/FastFsm/FastFsm.Tests/Machines/InternalOnlyMachine.cs(7,5): warning FSM998: === START TryParse === [/mnt/c/Users/newon/source/repos/FastFsm/FastFsm.Tests/FastFsm.Tests.csproj]
         /mnt/c/Users/newon/source/repos/FastFsm/FastFsm.Tests/Machines/InternalOnlyMachine.cs(7,5): warning FSM998: Parsing class: InternalOnlyMachine [/mnt/c/Users/newon/source/repos/FastFsm/FastFsm.Tests/FastFsm.Tests.csproj]
         /mnt/c/Users/newon/source/repos/FastFsm/FastFsm.Tests/Machines/InternalOnlyMachine.cs(7,5): warning FSM998: Section 1: Getting semantic model and class symbol [/mnt/c/Users/newon/source/repos/FastFsm/FastFsm.Tests/FastFsm.Tests.csproj]
         /mnt/c/Users/newon/source/repos/FastFsm/FastFsm.Tests/Machines/InternalOnlyMachine.cs(7,5): warning FSM998: Class symbol obtained: InternalOnlyMachine [/mnt/c/Users/newon/source/repos/FastFsm/FastFsm.Tests/FastFsm.Tests.csproj]
         /mnt/c/Users/newon/source/repos/FastFsm/FastFsm.Tests/Machines/InternalOnlyMachine.cs(7,5): warning FSM998: Section 2: Creating initial model [/mnt/c/Users/newon/source/repos/FastFsm/FastFsm.Tests/FastFsm.Tests.csproj]
         /mnt/c/Users/newon/source/repos/FastFsm/FastFsm.Tests/Machines/InternalOnlyMachine.cs(7,5): warning FSM998: Model created - Namespace: StateMachine.Tests.Machines, ClassName: InternalOnlyMachine [/mnt/c/Users/newon/source/repos/FastFsm/FastFsm.Tests/FastFsm.Tests.csproj]
         /mnt/c/Users/newon/source/repos/FastFsm/FastFsm.Tests/Machines/InternalOnlyMachine.cs(7,5): warning FSM998: Section 3: Getting StateMachine attribute [/mnt/c/Users/newon/source/repos/FastFsm/FastFsm.Tests/FastFsm.Tests.csproj]
         /mnt/c/Users/newon/source/repos/FastFsm/FastFsm.Tests/Machines/InternalOnlyMachine.cs(7,5): warning FSM998: StateMachine attribute found: True [/mnt/c/Users/newon/source/repos/FastFsm/FastFsm.Tests/FastFsm.Tests.csproj]
         /mnt/c/Users/newon/source/repos/FastFsm/FastFsm.Tests/Machines/InternalOnlyMachine.cs(7,5): warning FSM998: Section 4: Reading StateMachine attribute arguments [/mnt/c/Users/newon/source/repos/FastFsm/FastFsm.Tests/FastFsm.Tests.csproj]
         /mnt/c/Users/newon/source/repos/FastFsm/FastFsm.Tests/Machines/InternalOnlyMachine.cs(7,5): warning FSM998: Section 5: Basic attribute and class validation [/mnt/c/Users/newon/source/repos/FastFsm/FastFsm.Tests/FastFsm.Tests.csproj]
         /mnt/c/Users/newon/source/repos/FastFsm/FastFsm.Tests/Machines/InternalOnlyMachine.cs(7,5): warning FSM998: Class is partial: True [/mnt/c/Users/newon/source/repos/FastFsm/FastFsm.Tests/FastFsm.Tests.csproj]
         /mnt/c/Users/newon/source/repos/FastFsm/FastFsm.Tests/Machines/InternalOnlyMachine.cs(7,5): warning FSM998: Validating missing attribute rule [/mnt/c/Users/newon/source/repos/FastFsm/FastFsm.Tests/FastFsm.Tests.csproj]
         /mnt/c/Users/newon/source/repos/FastFsm/FastFsm.Tests/Machines/InternalOnlyMachine.cs(7,5): warning FSM998: Critical error after missing attribute validation: False [/mnt/c/Users/newon/source/repos/FastFsm/FastFsm.Tests/FastFsm.Tests.csproj]
         /mnt/c/Users/newon/source/repos/FastFsm/FastFsm.Tests/Machines/InternalOnlyMachine.cs(7,5): warning FSM998: Section 6: Validating State and Trigger types [/mnt/c/Users/newon/source/repos/FastFsm/FastFsm.Tests/FastFsm.Tests.csproj]
         /mnt/c/Users/newon/source/repos/FastFsm/FastFsm.Tests/Machines/InternalOnlyMachine.cs(7,5): warning FSM998: State type: StateMachine.Tests.Features.EdgeCases.EmptyMachineTests.InternalOnlyState [/mnt/c/Users/newon/source/repos/FastFsm/FastFsm.Tests/FastFsm.Tests.csproj]
         /mnt/c/Users/newon/source/repos/FastFsm/FastFsm.Tests/Machines/InternalOnlyMachine.cs(7,5): warning FSM998: Trigger type: StateMachine.Tests.Features.EdgeCases.EmptyMachineTests.InternalOnlyTrigger [/mnt/c/Users/newon/source/repos/FastFsm/FastFsm.Tests/FastFsm.Tests.csproj]
         /mnt/c/Users/newon/source/repos/FastFsm/FastFsm.Tests/Machines/InternalOnlyMachine.cs(7,5): warning FSM998: Validating attribute types [/mnt/c/Users/newon/source/repos/FastFsm/FastFsm.Tests/FastFsm.Tests.csproj]
         /mnt/c/Users/newon/source/repos/FastFsm/FastFsm.Tests/Machines/InternalOnlyMachine.cs(7,5): warning FSM998: Critical error after type validation: False [/mnt/c/Users/newon/source/repos/FastFsm/FastFsm.Tests/FastFsm.Tests.csproj]
         /mnt/c/Users/newon/source/repos/FastFsm/FastFsm.Tests/Machines/InternalOnlyMachine.cs(7,5): warning FSM998: Section 7: Building basic model [/mnt/c/Users/newon/source/repos/FastFsm/FastFsm.Tests/FastFsm.Tests.csproj]
         /mnt/c/Users/newon/source/repos/FastFsm/FastFsm.Tests/Machines/InternalOnlyMachine.cs(7,5): warning FSM998: StateType: StateMachine.Tests.Features.EdgeCases.EmptyMachineTests+InternalOnlyState [/mnt/c/Users/newon/source/repos/FastFsm/FastFsm.Tests/FastFsm.Tests.csproj]
         /mnt/c/Users/newon/source/repos/FastFsm/FastFsm.Tests/Machines/InternalOnlyMachine.cs(7,5): warning FSM998: TriggerType: StateMachine.Tests.Features.EdgeCases.EmptyMachineTests+InternalOnlyTrigger [/mnt/c/Users/newon/source/repos/FastFsm/FastFsm.Tests/FastFsm.Tests.csproj]
         /mnt/c/Users/newon/source/repos/FastFsm/FastFsm.Tests/Machines/InternalOnlyMachine.cs(7,5): warning FSM998: Enumerating states from enum [/mnt/c/Users/newon/source/repos/FastFsm/FastFsm.Tests/FastFsm.Tests.csproj]
         /mnt/c/Users/newon/source/repos/FastFsm/FastFsm.Tests/Machines/InternalOnlyMachine.cs(7,5): warning FSM998: Found 1 states [/mnt/c/Users/newon/source/repos/FastFsm/FastFsm.Tests/FastFsm.Tests.csproj]
         /mnt/c/Users/newon/source/repos/FastFsm/FastFsm.Tests/Machines/InternalOnlyMachine.cs(7,5): warning FSM998: Section 8: Parsing member attributes [/mnt/c/Users/newon/source/repos/FastFsm/FastFsm.Tests/FastFsm.Tests.csproj]
         /mnt/c/Users/newon/source/repos/FastFsm/FastFsm.Tests/Machines/InternalOnlyMachine.cs(7,5): warning FSM998: Calling ParseMemberAttributes [/mnt/c/Users/newon/source/repos/FastFsm/FastFsm.Tests/FastFsm.Tests.csproj]
         /mnt/c/Users/newon/source/repos/FastFsm/FastFsm.Tests/Machines/InternalOnlyMachine.cs(7,5): warning FSM998: ParseMemberAttributes completed. Critical error: False, IsAsync: False [/mnt/c/Users/newon/source/repos/FastFsm/FastFsm.Tests/FastFsm.Tests.csproj]
         /mnt/c/Users/newon/source/repos/FastFsm/FastFsm.Tests/Machines/InternalOnlyMachine.cs(7,5): warning FSM998: Section 8.4: Enum-only fallback - no [State] attributes found [/mnt/c/Users/newon/source/repos/FastFsm/FastFsm.Tests/FastFsm.Tests.csproj]
         /mnt/c/Users/newon/source/repos/FastFsm/FastFsm.Tests/Machines/InternalOnlyMachine.cs(7,5): warning FSM998: Enum-only fallback applied: 1 states from enum [/mnt/c/Users/newon/source/repos/FastFsm/FastFsm.Tests/FastFsm.Tests.csproj]
         /mnt/c/Users/newon/source/repos/FastFsm/FastFsm.Tests/Machines/InternalOnlyMachine.cs(7,5): warning FSM998: Section 8.5: Building HSM hierarchy [/mnt/c/Users/newon/source/repos/FastFsm/FastFsm.Tests/FastFsm.Tests.csproj]
         /mnt/c/Users/newon/source/repos/FastFsm/FastFsm.Tests/Machines/InternalOnlyMachine.cs(7,5): warning FSM998: Building HSM hierarchy from state attributes [/mnt/c/Users/newon/source/repos/FastFsm/FastFsm.Tests/FastFsm.Tests.csproj]
         /mnt/c/Users/newon/source/repos/FastFsm/FastFsm.Tests/Machines/InternalOnlyMachine.cs(7,5): warning FSM998: Hierarchy not enabled, skipping hierarchy building [/mnt/c/Users/newon/source/repos/FastFsm/FastFsm.Tests/FastFsm.Tests.csproj]
         /mnt/c/Users/newon/source/repos/FastFsm/FastFsm.Tests/Machines/InternalOnlyMachine.cs(7,5): warning FSM998: Hierarchy built. HierarchyEnabled: False [/mnt/c/Users/newon/source/repos/FastFsm/FastFsm.Tests/FastFsm.Tests.csproj]
         /mnt/c/Users/newon/source/repos/FastFsm/FastFsm.Tests/Machines/InternalOnlyMachine.cs(7,5): warning FSM998: Section 9: Determining feature configuration [/mnt/c/Users/newon/source/repos/FastFsm/FastFsm.Tests/FastFsm.Tests.csproj]
         /mnt/c/Users/newon/source/repos/FastFsm/FastFsm.Tests/Machines/InternalOnlyMachine.cs(7,5): warning FSM998: Feature config: HasPayload=False, HasExt=False, HasCallbacks=False [/mnt/c/Users/newon/source/repos/FastFsm/FastFsm.Tests/FastFsm.Tests.csproj]
         /mnt/c/Users/newon/source/repos/FastFsm/FastFsm.Tests/Machines/InternalOnlyMachine.cs(7,5): warning FSM998: Section 10: Feature configuration validations [/mnt/c/Users/newon/source/repos/FastFsm/FastFsm.Tests/FastFsm.Tests.csproj]
         /mnt/c/Users/newon/source/repos/FastFsm/FastFsm.Tests/Machines/InternalOnlyMachine.cs(7,5): warning FSM998: Section 11: Validating state reachability [/mnt/c/Users/newon/source/repos/FastFsm/FastFsm.Tests/FastFsm.Tests.csproj]
         /mnt/c/Users/newon/source/repos/FastFsm/FastFsm.Tests/Machines/InternalOnlyMachine.cs(7,5): warning FSM998: Total states count: 1 [/mnt/c/Users/newon/source/repos/FastFsm/FastFsm.Tests/FastFsm.Tests.csproj]
         /mnt/c/Users/newon/source/repos/FastFsm/FastFsm.Tests/Machines/InternalOnlyMachine.cs(7,5): warning FSM998: Transition metrics: internal=1, external=0, total=1 [/mnt/c/Users/newon/source/repos/FastFsm/FastFsm.Tests/FastFsm.Tests.csproj]
         /mnt/c/Users/newon/source/repos/FastFsm/FastFsm.Tests/Machines/InternalOnlyMachine.cs(7,5): warning FSM998: Internal-only machine detected: 1 internal transitions [/mnt/c/Users/newon/source/repos/FastFsm/FastFsm.Tests/FastFsm.Tests.csproj]
         /mnt/c/Users/newon/source/repos/FastFsm/FastFsm.Tests/Machines/InternalOnlyMachine.cs(7,5): warning FSM998: Skipping reachability check for internal-only or no-transitions machine [/mnt/c/Users/newon/source/repos/FastFsm/FastFsm.Tests/FastFsm.Tests.csproj]
         /mnt/c/Users/newon/source/repos/FastFsm/FastFsm.Tests/Machines/InternalOnlyMachine.cs(7,5): warning FSM998: Section 12: Finalization [/mnt/c/Users/newon/source/repos/FastFsm/FastFsm.Tests/FastFsm.Tests.csproj]
         /mnt/c/Users/newon/source/repos/FastFsm/FastFsm.Tests/Machines/InternalOnlyMachine.cs(7,5): warning FSM998: Final IsAsync: False [/mnt/c/Users/newon/source/repos/FastFsm/FastFsm.Tests/FastFsm.Tests.csproj]
         /mnt/c/Users/newon/source/repos/FastFsm/FastFsm.Tests/Machines/InternalOnlyMachine.cs(7,5): warning FSM998: === SUCCESS: TryParse completed successfully === [/mnt/c/Users/newon/source/repos/FastFsm/FastFsm.Tests/FastFsm.Tests.csproj]
         CSC : warning FSM989D: ENTERING ProcessCandidateAndGenerate for: StateMachine.Tests.Machines.InternalTransitionMachine [/mnt/c/Users/newon/source/repos/FastFsm/FastFsm.Tests/FastFsm.Tests.csproj]
         /mnt/c/Users/newon/source/repos/FastFsm/FastFsm.Tests/Machines/InternalTransitionMachine.cs(8,5): warning FSM998A: Starting parse for: StateMachine.Tests.Machines.InternalTransitionMachine [/mnt/c/Users/newon/source/repos/FastFsm/FastFsm.Tests/FastFsm.Tests.csproj]
         /mnt/c/Users/newon/source/repos/FastFsm/FastFsm.Tests/Machines/InternalTransitionMachine.cs(8,5): warning FSM998: === START TryParse === [/mnt/c/Users/newon/source/repos/FastFsm/FastFsm.Tests/FastFsm.Tests.csproj]
         /mnt/c/Users/newon/source/repos/FastFsm/FastFsm.Tests/Machines/InternalTransitionMachine.cs(8,5): warning FSM998: Parsing class: InternalTransitionMachine [/mnt/c/Users/newon/source/repos/FastFsm/FastFsm.Tests/FastFsm.Tests.csproj]
         /mnt/c/Users/newon/source/repos/FastFsm/FastFsm.Tests/Machines/InternalTransitionMachine.cs(8,5): warning FSM998: Section 1: Getting semantic model and class symbol [/mnt/c/Users/newon/source/repos/FastFsm/FastFsm.Tests/FastFsm.Tests.csproj]
         /mnt/c/Users/newon/source/repos/FastFsm/FastFsm.Tests/Machines/InternalTransitionMachine.cs(8,5): warning FSM998: Class symbol obtained: InternalTransitionMachine [/mnt/c/Users/newon/source/repos/FastFsm/FastFsm.Tests/FastFsm.Tests.csproj]
         /mnt/c/Users/newon/source/repos/FastFsm/FastFsm.Tests/Machines/InternalTransitionMachine.cs(8,5): warning FSM998: Section 2: Creating initial model [/mnt/c/Users/newon/source/repos/FastFsm/FastFsm.Tests/FastFsm.Tests.csproj]
         /mnt/c/Users/newon/source/repos/FastFsm/FastFsm.Tests/Machines/InternalTransitionMachine.cs(8,5): warning FSM998: Model created - Namespace: StateMachine.Tests.Machines, ClassName: InternalTransitionMachine [/mnt/c/Users/newon/source/repos/FastFsm/FastFsm.Tests/FastFsm.Tests.csproj]
         /mnt/c/Users/newon/source/repos/FastFsm/FastFsm.Tests/Machines/InternalTransitionMachine.cs(8,5): warning FSM998: Section 3: Getting StateMachine attribute [/mnt/c/Users/newon/source/repos/FastFsm/FastFsm.Tests/FastFsm.Tests.csproj]
         /mnt/c/Users/newon/source/repos/FastFsm/FastFsm.Tests/Machines/InternalTransitionMachine.cs(8,5): warning FSM998: StateMachine attribute found: True [/mnt/c/Users/newon/source/repos/FastFsm/FastFsm.Tests/FastFsm.Tests.csproj]
         /mnt/c/Users/newon/source/repos/FastFsm/FastFsm.Tests/Machines/InternalTransitionMachine.cs(8,5): warning FSM998: Section 4: Reading StateMachine attribute arguments [/mnt/c/Users/newon/source/repos/FastFsm/FastFsm.Tests/FastFsm.Tests.csproj]
         /mnt/c/Users/newon/source/repos/FastFsm/FastFsm.Tests/Machines/InternalTransitionMachine.cs(8,5): warning FSM998: Section 5: Basic attribute and class validation [/mnt/c/Users/newon/source/repos/FastFsm/FastFsm.Tests/FastFsm.Tests.csproj]
         /mnt/c/Users/newon/source/repos/FastFsm/FastFsm.Tests/Machines/InternalTransitionMachine.cs(8,5): warning FSM998: Class is partial: True [/mnt/c/Users/newon/source/repos/FastFsm/FastFsm.Tests/FastFsm.Tests.csproj]
         /mnt/c/Users/newon/source/repos/FastFsm/FastFsm.Tests/Machines/InternalTransitionMachine.cs(8,5): warning FSM998: Validating missing attribute rule [/mnt/c/Users/newon/source/repos/FastFsm/FastFsm.Tests/FastFsm.Tests.csproj]
         /mnt/c/Users/newon/source/repos/FastFsm/FastFsm.Tests/Machines/InternalTransitionMachine.cs(8,5): warning FSM998: Critical error after missing attribute validation: False [/mnt/c/Users/newon/source/repos/FastFsm/FastFsm.Tests/FastFsm.Tests.csproj]
         /mnt/c/Users/newon/source/repos/FastFsm/FastFsm.Tests/Machines/InternalTransitionMachine.cs(8,5): warning FSM998: Section 6: Validating State and Trigger types [/mnt/c/Users/newon/source/repos/FastFsm/FastFsm.Tests/FastFsm.Tests.csproj]
         /mnt/c/Users/newon/source/repos/FastFsm/FastFsm.Tests/Machines/InternalTransitionMachine.cs(8,5): warning FSM998: State type: StateMachine.Tests.Features.Core.StateCallbackTests.InternalState [/mnt/c/Users/newon/source/repos/FastFsm/FastFsm.Tests/FastFsm.Tests.csproj]
         /mnt/c/Users/newon/source/repos/FastFsm/FastFsm.Tests/Machines/InternalTransitionMachine.cs(8,5): warning FSM998: Trigger type: StateMachine.Tests.Features.Core.StateCallbackTests.InternalTrigger [/mnt/c/Users/newon/source/repos/FastFsm/FastFsm.Tests/FastFsm.Tests.csproj]
         /mnt/c/Users/newon/source/repos/FastFsm/FastFsm.Tests/Machines/InternalTransitionMachine.cs(8,5): warning FSM998: Validating attribute types [/mnt/c/Users/newon/source/repos/FastFsm/FastFsm.Tests/FastFsm.Tests.csproj]
         /mnt/c/Users/newon/source/repos/FastFsm/FastFsm.Tests/Machines/InternalTransitionMachine.cs(8,5): warning FSM998: Critical error after type validation: False [/mnt/c/Users/newon/source/repos/FastFsm/FastFsm.Tests/FastFsm.Tests.csproj]
         /mnt/c/Users/newon/source/repos/FastFsm/FastFsm.Tests/Machines/InternalTransitionMachine.cs(8,5): warning FSM998: Section 7: Building basic model [/mnt/c/Users/newon/source/repos/FastFsm/FastFsm.Tests/FastFsm.Tests.csproj]
         /mnt/c/Users/newon/source/repos/FastFsm/FastFsm.Tests/Machines/InternalTransitionMachine.cs(8,5): warning FSM998: StateType: StateMachine.Tests.Features.Core.StateCallbackTests+InternalState [/mnt/c/Users/newon/source/repos/FastFsm/FastFsm.Tests/FastFsm.Tests.csproj]
         /mnt/c/Users/newon/source/repos/FastFsm/FastFsm.Tests/Machines/InternalTransitionMachine.cs(8,5): warning FSM998: TriggerType: StateMachine.Tests.Features.Core.StateCallbackTests+InternalTrigger [/mnt/c/Users/newon/source/repos/FastFsm/FastFsm.Tests/FastFsm.Tests.csproj]
         /mnt/c/Users/newon/source/repos/FastFsm/FastFsm.Tests/Machines/InternalTransitionMachine.cs(8,5): warning FSM998: Enumerating states from enum [/mnt/c/Users/newon/source/repos/FastFsm/FastFsm.Tests/FastFsm.Tests.csproj]
         /mnt/c/Users/newon/source/repos/FastFsm/FastFsm.Tests/Machines/InternalTransitionMachine.cs(8,5): warning FSM998: Found 2 states [/mnt/c/Users/newon/source/repos/FastFsm/FastFsm.Tests/FastFsm.Tests.csproj]
         /mnt/c/Users/newon/source/repos/FastFsm/FastFsm.Tests/Machines/InternalTransitionMachine.cs(8,5): warning FSM998: Section 8: Parsing member attributes [/mnt/c/Users/newon/source/repos/FastFsm/FastFsm.Tests/FastFsm.Tests.csproj]
         /mnt/c/Users/newon/source/repos/FastFsm/FastFsm.Tests/Machines/InternalTransitionMachine.cs(8,5): warning FSM998: Calling ParseMemberAttributes [/mnt/c/Users/newon/source/repos/FastFsm/FastFsm.Tests/FastFsm.Tests.csproj]
         /mnt/c/Users/newon/source/repos/FastFsm/FastFsm.Tests/Machines/InternalTransitionMachine.cs(8,5): warning FSM998: ParseMemberAttributes completed. Critical error: False, IsAsync: False [/mnt/c/Users/newon/source/repos/FastFsm/FastFsm.Tests/FastFsm.Tests.csproj]
         /mnt/c/Users/newon/source/repos/FastFsm/FastFsm.Tests/Machines/InternalTransitionMachine.cs(8,5): warning FSM998: Section 8.5: Building HSM hierarchy [/mnt/c/Users/newon/source/repos/FastFsm/FastFsm.Tests/FastFsm.Tests.csproj]
         /mnt/c/Users/newon/source/repos/FastFsm/FastFsm.Tests/Machines/InternalTransitionMachine.cs(8,5): warning FSM998: Building HSM hierarchy from state attributes [/mnt/c/Users/newon/source/repos/FastFsm/FastFsm.Tests/FastFsm.Tests.csproj]
         /mnt/c/Users/newon/source/repos/FastFsm/FastFsm.Tests/Machines/InternalTransitionMachine.cs(8,5): warning FSM998: Hierarchy not enabled, skipping hierarchy building [/mnt/c/Users/newon/source/repos/FastFsm/FastFsm.Tests/FastFsm.Tests.csproj]
         /mnt/c/Users/newon/source/repos/FastFsm/FastFsm.Tests/Machines/InternalTransitionMachine.cs(8,5): warning FSM998: Hierarchy built. HierarchyEnabled: False [/mnt/c/Users/newon/source/repos/FastFsm/FastFsm.Tests/FastFsm.Tests.csproj]
         /mnt/c/Users/newon/source/repos/FastFsm/FastFsm.Tests/Machines/InternalTransitionMachine.cs(8,5): warning FSM998: Section 9: Determining feature configuration [/mnt/c/Users/newon/source/repos/FastFsm/FastFsm.Tests/FastFsm.Tests.csproj]
         /mnt/c/Users/newon/source/repos/FastFsm/FastFsm.Tests/Machines/InternalTransitionMachine.cs(8,5): warning FSM998: Feature config: HasPayload=False, HasExt=False, HasCallbacks=True [/mnt/c/Users/newon/source/repos/FastFsm/FastFsm.Tests/FastFsm.Tests.csproj]
         /mnt/c/Users/newon/source/repos/FastFsm/FastFsm.Tests/Machines/InternalTransitionMachine.cs(8,5): warning FSM998: Section 10: Feature configuration validations [/mnt/c/Users/newon/source/repos/FastFsm/FastFsm.Tests/FastFsm.Tests.csproj]
         /mnt/c/Users/newon/source/repos/FastFsm/FastFsm.Tests/Machines/InternalTransitionMachine.cs(8,5): warning FSM998: Section 11: Validating state reachability [/mnt/c/Users/newon/source/repos/FastFsm/FastFsm.Tests/FastFsm.Tests.csproj]
         /mnt/c/Users/newon/source/repos/FastFsm/FastFsm.Tests/Machines/InternalTransitionMachine.cs(8,5): warning FSM998: Total states count: 2 [/mnt/c/Users/newon/source/repos/FastFsm/FastFsm.Tests/FastFsm.Tests.csproj]
         /mnt/c/Users/newon/source/repos/FastFsm/FastFsm.Tests/Machines/InternalTransitionMachine.cs(8,5): warning FSM998: Transition metrics: internal=1, external=1, total=2 [/mnt/c/Users/newon/source/repos/FastFsm/FastFsm.Tests/FastFsm.Tests.csproj]
         /mnt/c/Users/newon/source/repos/FastFsm/FastFsm.Tests/Machines/InternalTransitionMachine.cs(8,5): warning FSM998: Initial state: Active [/mnt/c/Users/newon/source/repos/FastFsm/FastFsm.Tests/FastFsm.Tests.csproj]
         /mnt/c/Users/newon/source/repos/FastFsm/FastFsm.Tests/Machines/InternalTransitionMachine.cs(8,5): warning FSM998: Validating unreachable states [/mnt/c/Users/newon/source/repos/FastFsm/FastFsm.Tests/FastFsm.Tests.csproj]
         /mnt/c/Users/newon/source/repos/FastFsm/FastFsm.Tests/Machines/InternalTransitionMachine.cs(8,5): warning FSM998: Critical error after reachability validation: False [/mnt/c/Users/newon/source/repos/FastFsm/FastFsm.Tests/FastFsm.Tests.csproj]
         /mnt/c/Users/newon/source/repos/FastFsm/FastFsm.Tests/Machines/InternalTransitionMachine.cs(8,5): warning FSM998: Section 12: Finalization [/mnt/c/Users/newon/source/repos/FastFsm/FastFsm.Tests/FastFsm.Tests.csproj]
         /mnt/c/Users/newon/source/repos/FastFsm/FastFsm.Tests/Machines/InternalTransitionMachine.cs(8,5): warning FSM998: Final IsAsync: False [/mnt/c/Users/newon/source/repos/FastFsm/FastFsm.Tests/FastFsm.Tests.csproj]
         /mnt/c/Users/newon/source/repos/FastFsm/FastFsm.Tests/Machines/InternalTransitionMachine.cs(8,5): warning FSM998: === SUCCESS: TryParse completed successfully === [/mnt/c/Users/newon/source/repos/FastFsm/FastFsm.Tests/FastFsm.Tests.csproj]
         /mnt/c/Users/newon/source/repos/FastFsm/FastFsm.Tests/Machines/NoGuardBenchmarkMachine.cs(7,22): warning FSM002: State 'C' might be unreachable based on defined transitions. [/mnt/c/Users/newon/source/repos/FastFsm/FastFsm.Tests/FastFsm.Tests.csproj]
         /mnt/c/Users/newon/source/repos/FastFsm/FastFsm.Tests/Machines/NoGuardBenchmarkMachine.cs(7,22): warning FSM002: State 'D' might be unreachable based on defined transitions. [/mnt/c/Users/newon/source/repos/FastFsm/FastFsm.Tests/FastFsm.Tests.csproj]
         /mnt/c/Users/newon/source/repos/FastFsm/FastFsm.Tests/Machines/PayloadStateMachine.cs(26,10): warning FSM001: Duplicate transition from state 'Processing' on trigger 'Complete'. Only the first one will be used by the generator. [/mnt/c/Users/newon/source/repos/FastFsm/FastFsm.Tests/FastFsm.Tests.csproj]
         /mnt/c/Users/newon/source/repos/FastFsm/FastFsm.Tests/Machines/PayloadStateMachine.cs(27,10): warning FSM001: Duplicate transition from state 'Processing' on trigger 'Fail'. Only the first one will be used by the generator. [/mnt/c/Users/newon/source/repos/FastFsm/FastFsm.Tests/FastFsm.Tests.csproj]
         /mnt/c/Users/newon/source/repos/FastFsm/FastFsm.Tests/Machines/UnreachableMachine.cs(7,26): warning FSM002: State 'Isolated' might be unreachable based on defined transitions. [/mnt/c/Users/newon/source/repos/FastFsm/FastFsm.Tests/FastFsm.Tests.csproj]
         /mnt/c/Users/newon/source/repos/FastFsm/FastFsm.Tests/Machines/WithGuardBenchmarkMachine.cs(7,26): warning FSM002: State 'C' might be unreachable based on defined transitions. [/mnt/c/Users/newon/source/repos/FastFsm/FastFsm.Tests/FastFsm.Tests.csproj]
         /mnt/c/Users/newon/source/repos/FastFsm/FastFsm.Tests/Machines/WithGuardBenchmarkMachine.cs(7,26): warning FSM002: State 'D' might be unreachable based on defined transitions. [/mnt/c/Users/newon/source/repos/FastFsm/FastFsm.Tests/FastFsm.Tests.csproj]
         /mnt/c/Users/newon/source/repos/FastFsm/FastFsm.Tests/Features/Exceptions/TestLogger.cs(14,28): warning CS8633: Nullability in constraints for type parameter 'TState' of method 'TestLogger<T>.BeginScope<TState>(TState)' doesn't match the constraints for type parameter 'TState' of interface method 'ILogger.BeginScope<TState>(TState)'. Consider using an explicit interface implementation instead. [/mnt/c/Users/newon/source/repos/FastFsm/FastFsm.Tests/FastFsm.Tests.csproj]
         /mnt/c/Users/newon/source/repos/FastFsm/FastFsm.Tests/obj/GeneratedFiles/Generator/Generator.StateMachineGenerator/global__StateMachine.Tests.Features.Hsm.CompileTime.HsmAdditionalCompilationTests.HsmPayloadMachine.Generated.cs(32,39): warning CS0108: 'HsmAdditionalCompilationTests.HsmPayloadMachine.s_parent' hides inherited member 'StateMachineBase<HsmAdditionalCompilationTests.HP_State, HsmAdditionalCompilationTests.HP_Trigger>.s_parent'. Use the new keyword if hiding was intended. [/mnt/c/Users/newon/source/repos/FastFsm/FastFsm.Tests/FastFsm.Tests.csproj]
         /mnt/c/Users/newon/source/repos/FastFsm/FastFsm.Tests/obj/GeneratedFiles/Generator/Generator.StateMachineGenerator/global__StateMachine.Tests.Features.Hsm.CompileTime.HsmAdditionalCompilationTests.HsmPayloadMachine.Generated.cs(33,39): warning CS0108: 'HsmAdditionalCompilationTests.HsmPayloadMachine.s_depth' hides inherited member 'StateMachineBase<HsmAdditionalCompilationTests.HP_State, HsmAdditionalCompilationTests.HP_Trigger>.s_depth'. Use the new keyword if hiding was intended. [/mnt/c/Users/newon/source/repos/FastFsm/FastFsm.Tests/FastFsm.Tests.csproj]
         /mnt/c/Users/newon/source/repos/FastFsm/FastFsm.Tests/obj/GeneratedFiles/Generator/Generator.StateMachineGenerator/global__StateMachine.Tests.Features.Hsm.CompileTime.HsmAdditionalCompilationTests.HsmPayloadMachine.Generated.cs(34,39): warning CS0108: 'HsmAdditionalCompilationTests.HsmPayloadMachine.s_initialChild' hides inherited member 'StateMachineBase<HsmAdditionalCompilationTests.HP_State, HsmAdditionalCompilationTests.HP_Trigger>.s_initialChild'. Use the new keyword if hiding was intended. [/mnt/c/Users/newon/source/repos/FastFsm/FastFsm.Tests/FastFsm.Tests.csproj]
         /mnt/c/Users/newon/source/repos/FastFsm/FastFsm.Tests/obj/GeneratedFiles/Generator/Generator.StateMachineGenerator/global__StateMachine.Tests.Features.Hsm.CompileTime.HsmAdditionalCompilationTests.HsmPayloadMachine.Generated.cs(35,47): warning CS0108: 'HsmAdditionalCompilationTests.HsmPayloadMachine.s_history' hides inherited member 'StateMachineBase<HsmAdditionalCompilationTests.HP_State, HsmAdditionalCompilationTests.HP_Trigger>.s_history'. Use the new keyword if hiding was intended. [/mnt/c/Users/newon/source/repos/FastFsm/FastFsm.Tests/FastFsm.Tests.csproj]
         /mnt/c/Users/newon/source/repos/FastFsm/FastFsm.Tests/obj/GeneratedFiles/Generator/Generator.StateMachineGenerator/global__StateMachine.Tests.Features.Hsm.CompileTime.HsmAdditionalCompilationTests.HsmPayloadMachine.Generated.cs(45,44): warning CS0108: 'HsmAdditionalCompilationTests.HsmPayloadMachine._lastActiveChild' hides inherited member 'StateMachineBase<HsmAdditionalCompilationTests.HP_State, HsmAdditionalCompilationTests.HP_Trigger>._lastActiveChild'. Use the new keyword if hiding was intended. [/mnt/c/Users/newon/source/repos/FastFsm/FastFsm.Tests/FastFsm.Tests.csproj]
         /mnt/c/Users/newon/source/repos/FastFsm/FastFsm.Tests/obj/GeneratedFiles/Generator/Generator.StateMachineGenerator/global__StateMachine.Tests.Features.Hsm.CompileTime.HsmAdditionalCompilationTests.HsmPayloadMachine.Generated.cs(68,25): warning CS0108: 'HsmAdditionalCompilationTests.HsmPayloadMachine.GetCompositeEntryTarget(int)' hides inherited member 'StateMachineBase<HsmAdditionalCompilationTests.HP_State, HsmAdditionalCompilationTests.HP_Trigger>.GetCompositeEntryTarget(int)'. Use the new keyword if hiding was intended. [/mnt/c/Users/newon/source/repos/FastFsm/FastFsm.Tests/FastFsm.Tests.csproj]
         /mnt/c/Users/newon/source/repos/FastFsm/FastFsm.Tests/obj/GeneratedFiles/Generator/Generator.StateMachineGenerator/global__StateMachine.Tests.Features.Hsm.Runtime.InitialChildTests.InitialChildMachine.Generated.cs(30,39): warning CS0108: 'InitialChildTests.InitialChildMachine.s_parent' hides inherited member 'StateMachineBase<InitialChildTests.S, InitialChildTests.T>.s_parent'. Use the new keyword if hiding was intended. [/mnt/c/Users/newon/source/repos/FastFsm/FastFsm.Tests/FastFsm.Tests.csproj]
         /mnt/c/Users/newon/source/repos/FastFsm/FastFsm.Tests/obj/GeneratedFiles/Generator/Generator.StateMachineGenerator/global__StateMachine.Tests.Features.Hsm.Runtime.InitialChildTests.InitialChildMachine.Generated.cs(31,39): warning CS0108: 'InitialChildTests.InitialChildMachine.s_depth' hides inherited member 'StateMachineBase<InitialChildTests.S, InitialChildTests.T>.s_depth'. Use the new keyword if hiding was intended. [/mnt/c/Users/newon/source/repos/FastFsm/FastFsm.Tests/FastFsm.Tests.csproj]
         /mnt/c/Users/newon/source/repos/FastFsm/FastFsm.Tests/obj/GeneratedFiles/Generator/Generator.StateMachineGenerator/global__StateMachine.Tests.Features.Hsm.Runtime.InitialChildTests.InitialChildMachine.Generated.cs(32,39): warning CS0108: 'InitialChildTests.InitialChildMachine.s_initialChild' hides inherited member 'StateMachineBase<InitialChildTests.S, InitialChildTests.T>.s_initialChild'. Use the new keyword if hiding was intended. [/mnt/c/Users/newon/source/repos/FastFsm/FastFsm.Tests/FastFsm.Tests.csproj]
         /mnt/c/Users/newon/source/repos/FastFsm/FastFsm.Tests/obj/GeneratedFiles/Generator/Generator.StateMachineGenerator/global__StateMachine.Tests.Features.Hsm.Runtime.InitialChildTests.InitialChildMachine.Generated.cs(33,47): warning CS0108: 'InitialChildTests.InitialChildMachine.s_history' hides inherited member 'StateMachineBase<InitialChildTests.S, InitialChildTests.T>.s_history'. Use the new keyword if hiding was intended. [/mnt/c/Users/newon/source/repos/FastFsm/FastFsm.Tests/FastFsm.Tests.csproj]
         /mnt/c/Users/newon/source/repos/FastFsm/FastFsm.Tests/obj/GeneratedFiles/Generator/Generator.StateMachineGenerator/global__StateMachine.Tests.Features.Hsm.Runtime.InitialChildTests.InitialChildMachine.Generated.cs(47,44): warning CS0108: 'InitialChildTests.InitialChildMachine._lastActiveChild' hides inherited member 'StateMachineBase<InitialChildTests.S, InitialChildTests.T>._lastActiveChild'. Use the new keyword if hiding was intended. [/mnt/c/Users/newon/source/repos/FastFsm/FastFsm.Tests/FastFsm.Tests.csproj]
         /mnt/c/Users/newon/source/repos/FastFsm/FastFsm.Tests/obj/GeneratedFiles/Generator/Generator.StateMachineGenerator/global__StateMachine.Tests.Features.Hsm.Runtime.InitialChildTests.InitialChildMachine.Generated.cs(70,25): warning CS0108: 'InitialChildTests.InitialChildMachine.GetCompositeEntryTarget(int)' hides inherited member 'StateMachineBase<InitialChildTests.S, InitialChildTests.T>.GetCompositeEntryTarget(int)'. Use the new keyword if hiding was intended. [/mnt/c/Users/newon/source/repos/FastFsm/FastFsm.Tests/FastFsm.Tests.csproj]
         /mnt/c/Users/newon/source/repos/FastFsm/FastFsm.Tests/obj/GeneratedFiles/Generator/Generator.StateMachineGenerator/global__StateMachine.Tests.Features.Hsm.CompileTime.HsmAdditionalCompilationTests.EqualPriorityMachine.Generated.cs(31,39): warning CS0108: 'HsmAdditionalCompilationTests.EqualPriorityMachine.s_parent' hides inherited member 'StateMachineBase<HsmAdditionalCompilationTests.EP_State, HsmAdditionalCompilationTests.EP_Trigger>.s_parent'. Use the new keyword if hiding was intended. [/mnt/c/Users/newon/source/repos/FastFsm/FastFsm.Tests/FastFsm.Tests.csproj]
         /mnt/c/Users/newon/source/repos/FastFsm/FastFsm.Tests/obj/GeneratedFiles/Generator/Generator.StateMachineGenerator/global__StateMachine.Tests.Features.Hsm.CompileTime.HsmAdditionalCompilationTests.EqualPriorityMachine.Generated.cs(32,39): warning CS0108: 'HsmAdditionalCompilationTests.EqualPriorityMachine.s_depth' hides inherited member 'StateMachineBase<HsmAdditionalCompilationTests.EP_State, HsmAdditionalCompilationTests.EP_Trigger>.s_depth'. Use the new keyword if hiding was intended. [/mnt/c/Users/newon/source/repos/FastFsm/FastFsm.Tests/FastFsm.Tests.csproj]
         /mnt/c/Users/newon/source/repos/FastFsm/FastFsm.Tests/obj/GeneratedFiles/Generator/Generator.StateMachineGenerator/global__StateMachine.Tests.Features.Hsm.CompileTime.HsmAdditionalCompilationTests.EqualPriorityMachine.Generated.cs(33,39): warning CS0108: 'HsmAdditionalCompilationTests.EqualPriorityMachine.s_initialChild' hides inherited member 'StateMachineBase<HsmAdditionalCompilationTests.EP_State, HsmAdditionalCompilationTests.EP_Trigger>.s_initialChild'. Use the new keyword if hiding was intended. [/mnt/c/Users/newon/source/repos/FastFsm/FastFsm.Tests/FastFsm.Tests.csproj]
         /mnt/c/Users/newon/source/repos/FastFsm/FastFsm.Tests/obj/GeneratedFiles/Generator/Generator.StateMachineGenerator/global__StateMachine.Tests.Features.Hsm.CompileTime.HsmAdditionalCompilationTests.EqualPriorityMachine.Generated.cs(34,47): warning CS0108: 'HsmAdditionalCompilationTests.EqualPriorityMachine.s_history' hides inherited member 'StateMachineBase<HsmAdditionalCompilationTests.EP_State, HsmAdditionalCompilationTests.EP_Trigger>.s_history'. Use the new keyword if hiding was intended. [/mnt/c/Users/newon/source/repos/FastFsm/FastFsm.Tests/FastFsm.Tests.csproj]
         /mnt/c/Users/newon/source/repos/FastFsm/FastFsm.Tests/obj/GeneratedFiles/Generator/Generator.StateMachineGenerator/global__StateMachine.Tests.Features.Hsm.CompileTime.HsmAdditionalCompilationTests.EqualPriorityMachine.Generated.cs(42,44): warning CS0108: 'HsmAdditionalCompilationTests.EqualPriorityMachine._lastActiveChild' hides inherited member 'StateMachineBase<HsmAdditionalCompilationTests.EP_State, HsmAdditionalCompilationTests.EP_Trigger>._lastActiveChild'. Use the new keyword if hiding was intended. [/mnt/c/Users/newon/source/repos/FastFsm/FastFsm.Tests/FastFsm.Tests.csproj]
         /mnt/c/Users/newon/source/repos/FastFsm/FastFsm.Tests/obj/GeneratedFiles/Generator/Generator.StateMachineGenerator/global__StateMachine.Tests.Features.Hsm.CompileTime.HsmAdditionalCompilationTests.EqualPriorityMachine.Generated.cs(65,25): warning CS0108: 'HsmAdditionalCompilationTests.EqualPriorityMachine.GetCompositeEntryTarget(int)' hides inherited member 'StateMachineBase<HsmAdditionalCompilationTests.EP_State, HsmAdditionalCompilationTests.EP_Trigger>.GetCompositeEntryTarget(int)'. Use the new keyword if hiding was intended. [/mnt/c/Users/newon/source/repos/FastFsm/FastFsm.Tests/FastFsm.Tests.csproj]
         /mnt/c/Users/newon/source/repos/FastFsm/FastFsm.Tests/obj/GeneratedFiles/Generator/Generator.StateMachineGenerator/global__StateMachine.Tests.Features.Hsm.Runtime.ShallowHistoryTests.ShallowHistoryMachine.Generated.cs(30,39): warning CS0108: 'ShallowHistoryTests.ShallowHistoryMachine.s_parent' hides inherited member 'StateMachineBase<ShallowHistoryTests.S, ShallowHistoryTests.T>.s_parent'. Use the new keyword if hiding was intended. [/mnt/c/Users/newon/source/repos/FastFsm/FastFsm.Tests/FastFsm.Tests.csproj]
         /mnt/c/Users/newon/source/repos/FastFsm/FastFsm.Tests/obj/GeneratedFiles/Generator/Generator.StateMachineGenerator/global__StateMachine.Tests.Features.Hsm.Runtime.ShallowHistoryTests.ShallowHistoryMachine.Generated.cs(31,39): warning CS0108: 'ShallowHistoryTests.ShallowHistoryMachine.s_depth' hides inherited member 'StateMachineBase<ShallowHistoryTests.S, ShallowHistoryTests.T>.s_depth'. Use the new keyword if hiding was intended. [/mnt/c/Users/newon/source/repos/FastFsm/FastFsm.Tests/FastFsm.Tests.csproj]
         /mnt/c/Users/newon/source/repos/FastFsm/FastFsm.Tests/obj/GeneratedFiles/Generator/Generator.StateMachineGenerator/global__StateMachine.Tests.Features.Hsm.Runtime.ShallowHistoryTests.ShallowHistoryMachine.Generated.cs(32,39): warning CS0108: 'ShallowHistoryTests.ShallowHistoryMachine.s_initialChild' hides inherited member 'StateMachineBase<ShallowHistoryTests.S, ShallowHistoryTests.T>.s_initialChild'. Use the new keyword if hiding was intended. [/mnt/c/Users/newon/source/repos/FastFsm/FastFsm.Tests/FastFsm.Tests.csproj]
         /mnt/c/Users/newon/source/repos/FastFsm/FastFsm.Tests/obj/GeneratedFiles/Generator/Generator.StateMachineGenerator/global__StateMachine.Tests.Features.Hsm.Runtime.ShallowHistoryTests.ShallowHistoryMachine.Generated.cs(33,47): warning CS0108: 'ShallowHistoryTests.ShallowHistoryMachine.s_history' hides inherited member 'StateMachineBase<ShallowHistoryTests.S, ShallowHistoryTests.T>.s_history'. Use the new keyword if hiding was intended. [/mnt/c/Users/newon/source/repos/FastFsm/FastFsm.Tests/FastFsm.Tests.csproj]
         /mnt/c/Users/newon/source/repos/FastFsm/FastFsm.Tests/obj/GeneratedFiles/Generator/Generator.StateMachineGenerator/global__StateMachine.Tests.Features.Hsm.Runtime.ShallowHistoryTests.ShallowHistoryMachine.Generated.cs(55,44): warning CS0108: 'ShallowHistoryTests.ShallowHistoryMachine._lastActiveChild' hides inherited member 'StateMachineBase<ShallowHistoryTests.S, ShallowHistoryTests.T>._lastActiveChild'. Use the new keyword if hiding was intended. [/mnt/c/Users/newon/source/repos/FastFsm/FastFsm.Tests/FastFsm.Tests.csproj]
         /mnt/c/Users/newon/source/repos/FastFsm/FastFsm.Tests/obj/GeneratedFiles/Generator/Generator.StateMachineGenerator/global__StateMachine.Tests.Features.Hsm.Runtime.ShallowHistoryTests.ShallowHistoryMachine.Generated.cs(78,25): warning CS0108: 'ShallowHistoryTests.ShallowHistoryMachine.GetCompositeEntryTarget(int)' hides inherited member 'StateMachineBase<ShallowHistoryTests.S, ShallowHistoryTests.T>.GetCompositeEntryTarget(int)'. Use the new keyword if hiding was intended. [/mnt/c/Users/newon/source/repos/FastFsm/FastFsm.Tests/FastFsm.Tests.csproj]
         /mnt/c/Users/newon/source/repos/FastFsm/FastFsm.Tests/obj/GeneratedFiles/Generator/Generator.StateMachineGenerator/global__StateMachine.Tests.Features.Hsm.CompileTime.HsmAdditionalCompilationTests.HierarchyFlagNoHierarchyMachine.Generated.cs(30,39): warning CS0108: 'HsmAdditionalCompilationTests.HierarchyFlagNoHierarchyMachine.s_parent' hides inherited member 'StateMachineBase<HsmAdditionalCompilationTests.NH_State, HsmAdditionalCompilationTests.NH_Trigger>.s_parent'. Use the new keyword if hiding was intended. [/mnt/c/Users/newon/source/repos/FastFsm/FastFsm.Tests/FastFsm.Tests.csproj]
         /mnt/c/Users/newon/source/repos/FastFsm/FastFsm.Tests/obj/GeneratedFiles/Generator/Generator.StateMachineGenerator/global__StateMachine.Tests.Features.Hsm.CompileTime.HsmAdditionalCompilationTests.HierarchyFlagNoHierarchyMachine.Generated.cs(31,39): warning CS0108: 'HsmAdditionalCompilationTests.HierarchyFlagNoHierarchyMachine.s_depth' hides inherited member 'StateMachineBase<HsmAdditionalCompilationTests.NH_State, HsmAdditionalCompilationTests.NH_Trigger>.s_depth'. Use the new keyword if hiding was intended. [/mnt/c/Users/newon/source/repos/FastFsm/FastFsm.Tests/FastFsm.Tests.csproj]
         /mnt/c/Users/newon/source/repos/FastFsm/FastFsm.Tests/obj/GeneratedFiles/Generator/Generator.StateMachineGenerator/global__StateMachine.Tests.Features.Hsm.CompileTime.HsmAdditionalCompilationTests.HierarchyFlagNoHierarchyMachine.Generated.cs(32,39): warning CS0108: 'HsmAdditionalCompilationTests.HierarchyFlagNoHierarchyMachine.s_initialChild' hides inherited member 'StateMachineBase<HsmAdditionalCompilationTests.NH_State, HsmAdditionalCompilationTests.NH_Trigger>.s_initialChild'. Use the new keyword if hiding was intended. [/mnt/c/Users/newon/source/repos/FastFsm/FastFsm.Tests/FastFsm.Tests.csproj]
         /mnt/c/Users/newon/source/repos/FastFsm/FastFsm.Tests/obj/GeneratedFiles/Generator/Generator.StateMachineGenerator/global__StateMachine.Tests.Features.Hsm.CompileTime.HsmAdditionalCompilationTests.HierarchyFlagNoHierarchyMachine.Generated.cs(33,47): warning CS0108: 'HsmAdditionalCompilationTests.HierarchyFlagNoHierarchyMachine.s_history' hides inherited member 'StateMachineBase<HsmAdditionalCompilationTests.NH_State, HsmAdditionalCompilationTests.NH_Trigger>.s_history'. Use the new keyword if hiding was intended. [/mnt/c/Users/newon/source/repos/FastFsm/FastFsm.Tests/FastFsm.Tests.csproj]
         /mnt/c/Users/newon/source/repos/FastFsm/FastFsm.Tests/obj/GeneratedFiles/Generator/Generator.StateMachineGenerator/global__StateMachine.Tests.Features.Hsm.CompileTime.HsmAdditionalCompilationTests.HierarchyFlagNoHierarchyMachine.Generated.cs(41,44): warning CS0108: 'HsmAdditionalCompilationTests.HierarchyFlagNoHierarchyMachine._lastActiveChild' hides inherited member 'StateMachineBase<HsmAdditionalCompilationTests.NH_State, HsmAdditionalCompilationTests.NH_Trigger>._lastActiveChild'. Use the new keyword if hiding was intended. [/mnt/c/Users/newon/source/repos/FastFsm/FastFsm.Tests/FastFsm.Tests.csproj]
         /mnt/c/Users/newon/source/repos/FastFsm/FastFsm.Tests/obj/GeneratedFiles/Generator/Generator.StateMachineGenerator/global__StateMachine.Tests.Features.Hsm.CompileTime.HsmAdditionalCompilationTests.HierarchyFlagNoHierarchyMachine.Generated.cs(64,25): warning CS0108: 'HsmAdditionalCompilationTests.HierarchyFlagNoHierarchyMachine.GetCompositeEntryTarget(int)' hides inherited member 'StateMachineBase<HsmAdditionalCompilationTests.NH_State, HsmAdditionalCompilationTests.NH_Trigger>.GetCompositeEntryTarget(int)'. Use the new keyword if hiding was intended. [/mnt/c/Users/newon/source/repos/FastFsm/FastFsm.Tests/FastFsm.Tests.csproj]
         /mnt/c/Users/newon/source/repos/FastFsm/FastFsm.Tests/obj/GeneratedFiles/Generator/Generator.StateMachineGenerator/global__StateMachine.Tests.Features.Hsm.Runtime.InheritanceAndIntrospectionTests.InheritanceMachine.Generated.cs(30,39): warning CS0108: 'InheritanceAndIntrospectionTests.InheritanceMachine.s_parent' hides inherited member 'StateMachineBase<InheritanceAndIntrospectionTests.S, InheritanceAndIntrospectionTests.T>.s_parent'. Use the new keyword if hiding was intended. [/mnt/c/Users/newon/source/repos/FastFsm/FastFsm.Tests/FastFsm.Tests.csproj]
         /mnt/c/Users/newon/source/repos/FastFsm/FastFsm.Tests/obj/GeneratedFiles/Generator/Generator.StateMachineGenerator/global__StateMachine.Tests.Features.Hsm.Runtime.InheritanceAndIntrospectionTests.InheritanceMachine.Generated.cs(31,39): warning CS0108: 'InheritanceAndIntrospectionTests.InheritanceMachine.s_depth' hides inherited member 'StateMachineBase<InheritanceAndIntrospectionTests.S, InheritanceAndIntrospectionTests.T>.s_depth'. Use the new keyword if hiding was intended. [/mnt/c/Users/newon/source/repos/FastFsm/FastFsm.Tests/FastFsm.Tests.csproj]
         /mnt/c/Users/newon/source/repos/FastFsm/FastFsm.Tests/obj/GeneratedFiles/Generator/Generator.StateMachineGenerator/global__StateMachine.Tests.Features.Hsm.Runtime.InheritanceAndIntrospectionTests.InheritanceMachine.Generated.cs(32,39): warning CS0108: 'InheritanceAndIntrospectionTests.InheritanceMachine.s_initialChild' hides inherited member 'StateMachineBase<InheritanceAndIntrospectionTests.S, InheritanceAndIntrospectionTests.T>.s_initialChild'. Use the new keyword if hiding was intended. [/mnt/c/Users/newon/source/repos/FastFsm/FastFsm.Tests/FastFsm.Tests.csproj]
         /mnt/c/Users/newon/source/repos/FastFsm/FastFsm.Tests/obj/GeneratedFiles/Generator/Generator.StateMachineGenerator/global__StateMachine.Tests.Features.Hsm.Runtime.InheritanceAndIntrospectionTests.InheritanceMachine.Generated.cs(33,47): warning CS0108: 'InheritanceAndIntrospectionTests.InheritanceMachine.s_history' hides inherited member 'StateMachineBase<InheritanceAndIntrospectionTests.S, InheritanceAndIntrospectionTests.T>.s_history'. Use the new keyword if hiding was intended. [/mnt/c/Users/newon/source/repos/FastFsm/FastFsm.Tests/FastFsm.Tests.csproj]
         /mnt/c/Users/newon/source/repos/FastFsm/FastFsm.Tests/obj/GeneratedFiles/Generator/Generator.StateMachineGenerator/global__StateMachine.Tests.Features.Hsm.Runtime.InheritanceAndIntrospectionTests.InheritanceMachine.Generated.cs(47,44): warning CS0108: 'InheritanceAndIntrospectionTests.InheritanceMachine._lastActiveChild' hides inherited member 'StateMachineBase<InheritanceAndIntrospectionTests.S, InheritanceAndIntrospectionTests.T>._lastActiveChild'. Use the new keyword if hiding was intended. [/mnt/c/Users/newon/source/repos/FastFsm/FastFsm.Tests/FastFsm.Tests.csproj]
         /mnt/c/Users/newon/source/repos/FastFsm/FastFsm.Tests/obj/GeneratedFiles/Generator/Generator.StateMachineGenerator/global__StateMachine.Tests.Features.Hsm.Runtime.InheritanceAndIntrospectionTests.InheritanceMachine.Generated.cs(70,25): warning CS0108: 'InheritanceAndIntrospectionTests.InheritanceMachine.GetCompositeEntryTarget(int)' hides inherited member 'StateMachineBase<InheritanceAndIntrospectionTests.S, InheritanceAndIntrospectionTests.T>.GetCompositeEntryTarget(int)'. Use the new keyword if hiding was intended. [/mnt/c/Users/newon/source/repos/FastFsm/FastFsm.Tests/FastFsm.Tests.csproj]
         /mnt/c/Users/newon/source/repos/FastFsm/FastFsm.Tests/obj/GeneratedFiles/Generator/Generator.StateMachineGenerator/global__StateMachine.Tests.Features.Hsm.Runtime.InternalTransitionTests.InternalMachine.Generated.cs(32,39): warning CS0108: 'InternalTransitionTests.InternalMachine.s_parent' hides inherited member 'StateMachineBase<InternalTransitionTests.S, InternalTransitionTests.T>.s_parent'. Use the new keyword if hiding was intended. [/mnt/c/Users/newon/source/repos/FastFsm/FastFsm.Tests/FastFsm.Tests.csproj]
         /mnt/c/Users/newon/source/repos/FastFsm/FastFsm.Tests/obj/GeneratedFiles/Generator/Generator.StateMachineGenerator/global__StateMachine.Tests.Features.Hsm.Runtime.InternalTransitionTests.InternalMachine.Generated.cs(33,39): warning CS0108: 'InternalTransitionTests.InternalMachine.s_depth' hides inherited member 'StateMachineBase<InternalTransitionTests.S, InternalTransitionTests.T>.s_depth'. Use the new keyword if hiding was intended. [/mnt/c/Users/newon/source/repos/FastFsm/FastFsm.Tests/FastFsm.Tests.csproj]
         /mnt/c/Users/newon/source/repos/FastFsm/FastFsm.Tests/obj/GeneratedFiles/Generator/Generator.StateMachineGenerator/global__StateMachine.Tests.Features.Hsm.Runtime.InternalTransitionTests.InternalMachine.Generated.cs(34,39): warning CS0108: 'InternalTransitionTests.InternalMachine.s_initialChild' hides inherited member 'StateMachineBase<InternalTransitionTests.S, InternalTransitionTests.T>.s_initialChild'. Use the new keyword if hiding was intended. [/mnt/c/Users/newon/source/repos/FastFsm/FastFsm.Tests/FastFsm.Tests.csproj]
         /mnt/c/Users/newon/source/repos/FastFsm/FastFsm.Tests/obj/GeneratedFiles/Generator/Generator.StateMachineGenerator/global__StateMachine.Tests.Features.Hsm.Runtime.InternalTransitionTests.InternalMachine.Generated.cs(35,47): warning CS0108: 'InternalTransitionTests.InternalMachine.s_history' hides inherited member 'StateMachineBase<InternalTransitionTests.S, InternalTransitionTests.T>.s_history'. Use the new keyword if hiding was intended. [/mnt/c/Users/newon/source/repos/FastFsm/FastFsm.Tests/FastFsm.Tests.csproj]
         /mnt/c/Users/newon/source/repos/FastFsm/FastFsm.Tests/obj/GeneratedFiles/Generator/Generator.StateMachineGenerator/global__StateMachine.Tests.Features.Hsm.Runtime.InternalTransitionTests.InternalMachine.Generated.cs(43,44): warning CS0108: 'InternalTransitionTests.InternalMachine._lastActiveChild' hides inherited member 'StateMachineBase<InternalTransitionTests.S, InternalTransitionTests.T>._lastActiveChild'. Use the new keyword if hiding was intended. [/mnt/c/Users/newon/source/repos/FastFsm/FastFsm.Tests/FastFsm.Tests.csproj]
         /mnt/c/Users/newon/source/repos/FastFsm/FastFsm.Tests/obj/GeneratedFiles/Generator/Generator.StateMachineGenerator/global__StateMachine.Tests.Features.Hsm.Runtime.InternalTransitionTests.InternalMachine.Generated.cs(66,25): warning CS0108: 'InternalTransitionTests.InternalMachine.GetCompositeEntryTarget(int)' hides inherited member 'StateMachineBase<InternalTransitionTests.S, InternalTransitionTests.T>.GetCompositeEntryTarget(int)'. Use the new keyword if hiding was intended. [/mnt/c/Users/newon/source/repos/FastFsm/FastFsm.Tests/FastFsm.Tests.csproj]
         /mnt/c/Users/newon/source/repos/FastFsm/FastFsm.Tests/obj/GeneratedFiles/Generator/Generator.StateMachineGenerator/global__StateMachine.Tests.Features.Hsm.CompileTime.HsmParsingCompilationTests.SimpleParentChildMachine.Generated.cs(30,39): warning CS0108: 'HsmParsingCompilationTests.SimpleParentChildMachine.s_parent' hides inherited member 'StateMachineBase<HsmParsingCompilationTests.HsmState, HsmParsingCompilationTests.HsmTrigger>.s_parent'. Use the new keyword if hiding was intended. [/mnt/c/Users/newon/source/repos/FastFsm/FastFsm.Tests/FastFsm.Tests.csproj]
         /mnt/c/Users/newon/source/repos/FastFsm/FastFsm.Tests/obj/GeneratedFiles/Generator/Generator.StateMachineGenerator/global__StateMachine.Tests.Features.Hsm.CompileTime.HsmParsingCompilationTests.SimpleParentChildMachine.Generated.cs(31,39): warning CS0108: 'HsmParsingCompilationTests.SimpleParentChildMachine.s_depth' hides inherited member 'StateMachineBase<HsmParsingCompilationTests.HsmState, HsmParsingCompilationTests.HsmTrigger>.s_depth'. Use the new keyword if hiding was intended. [/mnt/c/Users/newon/source/repos/FastFsm/FastFsm.Tests/FastFsm.Tests.csproj]
         /mnt/c/Users/newon/source/repos/FastFsm/FastFsm.Tests/obj/GeneratedFiles/Generator/Generator.StateMachineGenerator/global__StateMachine.Tests.Features.Hsm.CompileTime.HsmParsingCompilationTests.SimpleParentChildMachine.Generated.cs(32,39): warning CS0108: 'HsmParsingCompilationTests.SimpleParentChildMachine.s_initialChild' hides inherited member 'StateMachineBase<HsmParsingCompilationTests.HsmState, HsmParsingCompilationTests.HsmTrigger>.s_initialChild'. Use the new keyword if hiding was intended. [/mnt/c/Users/newon/source/repos/FastFsm/FastFsm.Tests/FastFsm.Tests.csproj]
         /mnt/c/Users/newon/source/repos/FastFsm/FastFsm.Tests/obj/GeneratedFiles/Generator/Generator.StateMachineGenerator/global__StateMachine.Tests.Features.Hsm.CompileTime.HsmParsingCompilationTests.SimpleParentChildMachine.Generated.cs(33,47): warning CS0108: 'HsmParsingCompilationTests.SimpleParentChildMachine.s_history' hides inherited member 'StateMachineBase<HsmParsingCompilationTests.HsmState, HsmParsingCompilationTests.HsmTrigger>.s_history'. Use the new keyword if hiding was intended. [/mnt/c/Users/newon/source/repos/FastFsm/FastFsm.Tests/FastFsm.Tests.csproj]
         /mnt/c/Users/newon/source/repos/FastFsm/FastFsm.Tests/obj/GeneratedFiles/Generator/Generator.StateMachineGenerator/global__StateMachine.Tests.Features.Hsm.CompileTime.HsmParsingCompilationTests.SimpleParentChildMachine.Generated.cs(55,44): warning CS0108: 'HsmParsingCompilationTests.SimpleParentChildMachine._lastActiveChild' hides inherited member 'StateMachineBase<HsmParsingCompilationTests.HsmState, HsmParsingCompilationTests.HsmTrigger>._lastActiveChild'. Use the new keyword if hiding was intended. [/mnt/c/Users/newon/source/repos/FastFsm/FastFsm.Tests/FastFsm.Tests.csproj]
         /mnt/c/Users/newon/source/repos/FastFsm/FastFsm.Tests/obj/GeneratedFiles/Generator/Generator.StateMachineGenerator/global__StateMachine.Tests.Features.Hsm.CompileTime.HsmParsingCompilationTests.SimpleParentChildMachine.Generated.cs(78,25): warning CS0108: 'HsmParsingCompilationTests.SimpleParentChildMachine.GetCompositeEntryTarget(int)' hides inherited member 'StateMachineBase<HsmParsingCompilationTests.HsmState, HsmParsingCompilationTests.HsmTrigger>.GetCompositeEntryTarget(int)'. Use the new keyword if hiding was intended. [/mnt/c/Users/newon/source/repos/FastFsm/FastFsm.Tests/FastFsm.Tests.csproj]
         /mnt/c/Users/newon/source/repos/FastFsm/FastFsm.Tests/obj/GeneratedFiles/Generator/Generator.StateMachineGenerator/global__StateMachine.Tests.Features.Hsm.Runtime.DeepHistoryTests.DeepHistoryMachine.Generated.cs(30,39): warning CS0108: 'DeepHistoryTests.DeepHistoryMachine.s_parent' hides inherited member 'StateMachineBase<DeepHistoryTests.S, DeepHistoryTests.T>.s_parent'. Use the new keyword if hiding was intended. [/mnt/c/Users/newon/source/repos/FastFsm/FastFsm.Tests/FastFsm.Tests.csproj]
         /mnt/c/Users/newon/source/repos/FastFsm/FastFsm.Tests/obj/GeneratedFiles/Generator/Generator.StateMachineGenerator/global__StateMachine.Tests.Features.Hsm.Runtime.DeepHistoryTests.DeepHistoryMachine.Generated.cs(31,39): warning CS0108: 'DeepHistoryTests.DeepHistoryMachine.s_depth' hides inherited member 'StateMachineBase<DeepHistoryTests.S, DeepHistoryTests.T>.s_depth'. Use the new keyword if hiding was intended. [/mnt/c/Users/newon/source/repos/FastFsm/FastFsm.Tests/FastFsm.Tests.csproj]
         /mnt/c/Users/newon/source/repos/FastFsm/FastFsm.Tests/obj/GeneratedFiles/Generator/Generator.StateMachineGenerator/global__StateMachine.Tests.Features.Hsm.Runtime.DeepHistoryTests.DeepHistoryMachine.Generated.cs(32,39): warning CS0108: 'DeepHistoryTests.DeepHistoryMachine.s_initialChild' hides inherited member 'StateMachineBase<DeepHistoryTests.S, DeepHistoryTests.T>.s_initialChild'. Use the new keyword if hiding was intended. [/mnt/c/Users/newon/source/repos/FastFsm/FastFsm.Tests/FastFsm.Tests.csproj]
         /mnt/c/Users/newon/source/repos/FastFsm/FastFsm.Tests/obj/GeneratedFiles/Generator/Generator.StateMachineGenerator/global__StateMachine.Tests.Features.Hsm.Runtime.DeepHistoryTests.DeepHistoryMachine.Generated.cs(33,47): warning CS0108: 'DeepHistoryTests.DeepHistoryMachine.s_history' hides inherited member 'StateMachineBase<DeepHistoryTests.S, DeepHistoryTests.T>.s_history'. Use the new keyword if hiding was intended. [/mnt/c/Users/newon/source/repos/FastFsm/FastFsm.Tests/FastFsm.Tests.csproj]
         /mnt/c/Users/newon/source/repos/FastFsm/FastFsm.Tests/obj/GeneratedFiles/Generator/Generator.StateMachineGenerator/global__StateMachine.Tests.Features.Hsm.Runtime.DeepHistoryTests.DeepHistoryMachine.Generated.cs(47,44): warning CS0108: 'DeepHistoryTests.DeepHistoryMachine._lastActiveChild' hides inherited member 'StateMachineBase<DeepHistoryTests.S, DeepHistoryTests.T>._lastActiveChild'. Use the new keyword if hiding was intended. [/mnt/c/Users/newon/source/repos/FastFsm/FastFsm.Tests/FastFsm.Tests.csproj]
         /mnt/c/Users/newon/source/repos/FastFsm/FastFsm.Tests/obj/GeneratedFiles/Generator/Generator.StateMachineGenerator/global__StateMachine.Tests.Features.Hsm.Runtime.DeepHistoryTests.DeepHistoryMachine.Generated.cs(70,25): warning CS0108: 'DeepHistoryTests.DeepHistoryMachine.GetCompositeEntryTarget(int)' hides inherited member 'StateMachineBase<DeepHistoryTests.S, DeepHistoryTests.T>.GetCompositeEntryTarget(int)'. Use the new keyword if hiding was intended. [/mnt/c/Users/newon/source/repos/FastFsm/FastFsm.Tests/FastFsm.Tests.csproj]
         /mnt/c/Users/newon/source/repos/FastFsm/FastFsm.Tests/obj/GeneratedFiles/Generator/Generator.StateMachineGenerator/global__StateMachine.Tests.Features.Hsm.Runtime.ResolutionOrderTests.PriorityMachine.Generated.cs(32,39): warning CS0108: 'ResolutionOrderTests.PriorityMachine.s_parent' hides inherited member 'StateMachineBase<ResolutionOrderTests.S, ResolutionOrderTests.T>.s_parent'. Use the new keyword if hiding was intended. [/mnt/c/Users/newon/source/repos/FastFsm/FastFsm.Tests/FastFsm.Tests.csproj]
         /mnt/c/Users/newon/source/repos/FastFsm/FastFsm.Tests/obj/GeneratedFiles/Generator/Generator.StateMachineGenerator/global__StateMachine.Tests.Features.Hsm.Runtime.ResolutionOrderTests.PriorityMachine.Generated.cs(33,39): warning CS0108: 'ResolutionOrderTests.PriorityMachine.s_depth' hides inherited member 'StateMachineBase<ResolutionOrderTests.S, ResolutionOrderTests.T>.s_depth'. Use the new keyword if hiding was intended. [/mnt/c/Users/newon/source/repos/FastFsm/FastFsm.Tests/FastFsm.Tests.csproj]
         /mnt/c/Users/newon/source/repos/FastFsm/FastFsm.Tests/obj/GeneratedFiles/Generator/Generator.StateMachineGenerator/global__StateMachine.Tests.Features.Hsm.Runtime.ResolutionOrderTests.PriorityMachine.Generated.cs(34,39): warning CS0108: 'ResolutionOrderTests.PriorityMachine.s_initialChild' hides inherited member 'StateMachineBase<ResolutionOrderTests.S, ResolutionOrderTests.T>.s_initialChild'. Use the new keyword if hiding was intended. [/mnt/c/Users/newon/source/repos/FastFsm/FastFsm.Tests/FastFsm.Tests.csproj]
         /mnt/c/Users/newon/source/repos/FastFsm/FastFsm.Tests/obj/GeneratedFiles/Generator/Generator.StateMachineGenerator/global__StateMachine.Tests.Features.Hsm.Runtime.ResolutionOrderTests.PriorityMachine.Generated.cs(35,47): warning CS0108: 'ResolutionOrderTests.PriorityMachine.s_history' hides inherited member 'StateMachineBase<ResolutionOrderTests.S, ResolutionOrderTests.T>.s_history'. Use the new keyword if hiding was intended. [/mnt/c/Users/newon/source/repos/FastFsm/FastFsm.Tests/FastFsm.Tests.csproj]
         /mnt/c/Users/newon/source/repos/FastFsm/FastFsm.Tests/obj/GeneratedFiles/Generator/Generator.StateMachineGenerator/global__StateMachine.Tests.Features.Hsm.Runtime.ResolutionOrderTests.PriorityMachine.Generated.cs(43,44): warning CS0108: 'ResolutionOrderTests.PriorityMachine._lastActiveChild' hides inherited member 'StateMachineBase<ResolutionOrderTests.S, ResolutionOrderTests.T>._lastActiveChild'. Use the new keyword if hiding was intended. [/mnt/c/Users/newon/source/repos/FastFsm/FastFsm.Tests/FastFsm.Tests.csproj]
         /mnt/c/Users/newon/source/repos/FastFsm/FastFsm.Tests/obj/GeneratedFiles/Generator/Generator.StateMachineGenerator/global__StateMachine.Tests.Features.Hsm.Runtime.ResolutionOrderTests.PriorityMachine.Generated.cs(66,25): warning CS0108: 'ResolutionOrderTests.PriorityMachine.GetCompositeEntryTarget(int)' hides inherited member 'StateMachineBase<ResolutionOrderTests.S, ResolutionOrderTests.T>.GetCompositeEntryTarget(int)'. Use the new keyword if hiding was intended. [/mnt/c/Users/newon/source/repos/FastFsm/FastFsm.Tests/FastFsm.Tests.csproj]
         /mnt/c/Users/newon/source/repos/FastFsm/FastFsm.Tests/obj/GeneratedFiles/Generator/Generator.StateMachineGenerator/global__StateMachine.Tests.Features.Hsm.Runtime.ResolutionOrderTests.ChildOverridesMachine.Generated.cs(32,39): warning CS0108: 'ResolutionOrderTests.ChildOverridesMachine.s_parent' hides inherited member 'StateMachineBase<ResolutionOrderTests.S, ResolutionOrderTests.T>.s_parent'. Use the new keyword if hiding was intended. [/mnt/c/Users/newon/source/repos/FastFsm/FastFsm.Tests/FastFsm.Tests.csproj]
         /mnt/c/Users/newon/source/repos/FastFsm/FastFsm.Tests/obj/GeneratedFiles/Generator/Generator.StateMachineGenerator/global__StateMachine.Tests.Features.Hsm.Runtime.ResolutionOrderTests.ChildOverridesMachine.Generated.cs(33,39): warning CS0108: 'ResolutionOrderTests.ChildOverridesMachine.s_depth' hides inherited member 'StateMachineBase<ResolutionOrderTests.S, ResolutionOrderTests.T>.s_depth'. Use the new keyword if hiding was intended. [/mnt/c/Users/newon/source/repos/FastFsm/FastFsm.Tests/FastFsm.Tests.csproj]
         /mnt/c/Users/newon/source/repos/FastFsm/FastFsm.Tests/obj/GeneratedFiles/Generator/Generator.StateMachineGenerator/global__StateMachine.Tests.Features.Hsm.Runtime.ResolutionOrderTests.ChildOverridesMachine.Generated.cs(34,39): warning CS0108: 'ResolutionOrderTests.ChildOverridesMachine.s_initialChild' hides inherited member 'StateMachineBase<ResolutionOrderTests.S, ResolutionOrderTests.T>.s_initialChild'. Use the new keyword if hiding was intended. [/mnt/c/Users/newon/source/repos/FastFsm/FastFsm.Tests/FastFsm.Tests.csproj]
         /mnt/c/Users/newon/source/repos/FastFsm/FastFsm.Tests/obj/GeneratedFiles/Generator/Generator.StateMachineGenerator/global__StateMachine.Tests.Features.Hsm.Runtime.ResolutionOrderTests.ChildOverridesMachine.Generated.cs(35,47): warning CS0108: 'ResolutionOrderTests.ChildOverridesMachine.s_history' hides inherited member 'StateMachineBase<ResolutionOrderTests.S, ResolutionOrderTests.T>.s_history'. Use the new keyword if hiding was intended. [/mnt/c/Users/newon/source/repos/FastFsm/FastFsm.Tests/FastFsm.Tests.csproj]
         /mnt/c/Users/newon/source/repos/FastFsm/FastFsm.Tests/obj/GeneratedFiles/Generator/Generator.StateMachineGenerator/global__StateMachine.Tests.Features.Hsm.Runtime.ResolutionOrderTests.ChildOverridesMachine.Generated.cs(43,44): warning CS0108: 'ResolutionOrderTests.ChildOverridesMachine._lastActiveChild' hides inherited member 'StateMachineBase<ResolutionOrderTests.S, ResolutionOrderTests.T>._lastActiveChild'. Use the new keyword if hiding was intended. [/mnt/c/Users/newon/source/repos/FastFsm/FastFsm.Tests/FastFsm.Tests.csproj]
         /mnt/c/Users/newon/source/repos/FastFsm/FastFsm.Tests/obj/GeneratedFiles/Generator/Generator.StateMachineGenerator/global__StateMachine.Tests.Features.Hsm.Runtime.ResolutionOrderTests.ChildOverridesMachine.Generated.cs(66,25): warning CS0108: 'ResolutionOrderTests.ChildOverridesMachine.GetCompositeEntryTarget(int)' hides inherited member 'StateMachineBase<ResolutionOrderTests.S, ResolutionOrderTests.T>.GetCompositeEntryTarget(int)'. Use the new keyword if hiding was intended. [/mnt/c/Users/newon/source/repos/FastFsm/FastFsm.Tests/FastFsm.Tests.csproj]
         /mnt/c/Users/newon/source/repos/FastFsm/FastFsm.Tests/obj/GeneratedFiles/Generator/Generator.StateMachineGenerator/global__StateMachine.Tests.Features.Hsm.CompileTime.HsmParsingCompilationTests.DeepHierarchyMachine.Generated.cs(30,39): warning CS0108: 'HsmParsingCompilationTests.DeepHierarchyMachine.s_parent' hides inherited member 'StateMachineBase<HsmParsingCompilationTests.HsmState, HsmParsingCompilationTests.HsmTrigger>.s_parent'. Use the new keyword if hiding was intended. [/mnt/c/Users/newon/source/repos/FastFsm/FastFsm.Tests/FastFsm.Tests.csproj]
         /mnt/c/Users/newon/source/repos/FastFsm/FastFsm.Tests/obj/GeneratedFiles/Generator/Generator.StateMachineGenerator/global__StateMachine.Tests.Features.Hsm.CompileTime.HsmParsingCompilationTests.DeepHierarchyMachine.Generated.cs(31,39): warning CS0108: 'HsmParsingCompilationTests.DeepHierarchyMachine.s_depth' hides inherited member 'StateMachineBase<HsmParsingCompilationTests.HsmState, HsmParsingCompilationTests.HsmTrigger>.s_depth'. Use the new keyword if hiding was intended. [/mnt/c/Users/newon/source/repos/FastFsm/FastFsm.Tests/FastFsm.Tests.csproj]
         /mnt/c/Users/newon/source/repos/FastFsm/FastFsm.Tests/obj/GeneratedFiles/Generator/Generator.StateMachineGenerator/global__StateMachine.Tests.Features.Hsm.CompileTime.HsmParsingCompilationTests.DeepHierarchyMachine.Generated.cs(32,39): warning CS0108: 'HsmParsingCompilationTests.DeepHierarchyMachine.s_initialChild' hides inherited member 'StateMachineBase<HsmParsingCompilationTests.HsmState, HsmParsingCompilationTests.HsmTrigger>.s_initialChild'. Use the new keyword if hiding was intended. [/mnt/c/Users/newon/source/repos/FastFsm/FastFsm.Tests/FastFsm.Tests.csproj]
         /mnt/c/Users/newon/source/repos/FastFsm/FastFsm.Tests/obj/GeneratedFiles/Generator/Generator.StateMachineGenerator/global__StateMachine.Tests.Features.Hsm.CompileTime.HsmParsingCompilationTests.DeepHierarchyMachine.Generated.cs(33,47): warning CS0108: 'HsmParsingCompilationTests.DeepHierarchyMachine.s_history' hides inherited member 'StateMachineBase<HsmParsingCompilationTests.HsmState, HsmParsingCompilationTests.HsmTrigger>.s_history'. Use the new keyword if hiding was intended. [/mnt/c/Users/newon/source/repos/FastFsm/FastFsm.Tests/FastFsm.Tests.csproj]
         /mnt/c/Users/newon/source/repos/FastFsm/FastFsm.Tests/obj/GeneratedFiles/Generator/Generator.StateMachineGenerator/global__StateMachine.Tests.Features.Hsm.CompileTime.HsmParsingCompilationTests.DeepHierarchyMachine.Generated.cs(55,44): warning CS0108: 'HsmParsingCompilationTests.DeepHierarchyMachine._lastActiveChild' hides inherited member 'StateMachineBase<HsmParsingCompilationTests.HsmState, HsmParsingCompilationTests.HsmTrigger>._lastActiveChild'. Use the new keyword if hiding was intended. [/mnt/c/Users/newon/source/repos/FastFsm/FastFsm.Tests/FastFsm.Tests.csproj]
         /mnt/c/Users/newon/source/repos/FastFsm/FastFsm.Tests/obj/GeneratedFiles/Generator/Generator.StateMachineGenerator/global__StateMachine.Tests.Features.Hsm.CompileTime.HsmParsingCompilationTests.DeepHierarchyMachine.Generated.cs(78,25): warning CS0108: 'HsmParsingCompilationTests.DeepHierarchyMachine.GetCompositeEntryTarget(int)' hides inherited member 'StateMachineBase<HsmParsingCompilationTests.HsmState, HsmParsingCompilationTests.HsmTrigger>.GetCompositeEntryTarget(int)'. Use the new keyword if hiding was intended. [/mnt/c/Users/newon/source/repos/FastFsm/FastFsm.Tests/FastFsm.Tests.csproj]
         /mnt/c/Users/newon/source/repos/FastFsm/FastFsm.Tests/obj/GeneratedFiles/Generator/Generator.StateMachineGenerator/global__StateMachine.Tests.Features.Hsm.CompileTime.HsmParsingCompilationTests.ShallowHistoryMachine.Generated.cs(30,39): warning CS0108: 'HsmParsingCompilationTests.ShallowHistoryMachine.s_parent' hides inherited member 'StateMachineBase<HsmParsingCompilationTests.HsmState, HsmParsingCompilationTests.HsmTrigger>.s_parent'. Use the new keyword if hiding was intended. [/mnt/c/Users/newon/source/repos/FastFsm/FastFsm.Tests/FastFsm.Tests.csproj]
         /mnt/c/Users/newon/source/repos/FastFsm/FastFsm.Tests/obj/GeneratedFiles/Generator/Generator.StateMachineGenerator/global__StateMachine.Tests.Features.Hsm.CompileTime.HsmParsingCompilationTests.ShallowHistoryMachine.Generated.cs(31,39): warning CS0108: 'HsmParsingCompilationTests.ShallowHistoryMachine.s_depth' hides inherited member 'StateMachineBase<HsmParsingCompilationTests.HsmState, HsmParsingCompilationTests.HsmTrigger>.s_depth'. Use the new keyword if hiding was intended. [/mnt/c/Users/newon/source/repos/FastFsm/FastFsm.Tests/FastFsm.Tests.csproj]
         /mnt/c/Users/newon/source/repos/FastFsm/FastFsm.Tests/obj/GeneratedFiles/Generator/Generator.StateMachineGenerator/global__StateMachine.Tests.Features.Hsm.CompileTime.HsmParsingCompilationTests.ShallowHistoryMachine.Generated.cs(32,39): warning CS0108: 'HsmParsingCompilationTests.ShallowHistoryMachine.s_initialChild' hides inherited member 'StateMachineBase<HsmParsingCompilationTests.HsmState, HsmParsingCompilationTests.HsmTrigger>.s_initialChild'. Use the new keyword if hiding was intended. [/mnt/c/Users/newon/source/repos/FastFsm/FastFsm.Tests/FastFsm.Tests.csproj]
         /mnt/c/Users/newon/source/repos/FastFsm/FastFsm.Tests/obj/GeneratedFiles/Generator/Generator.StateMachineGenerator/global__StateMachine.Tests.Features.Hsm.CompileTime.HsmParsingCompilationTests.ShallowHistoryMachine.Generated.cs(33,47): warning CS0108: 'HsmParsingCompilationTests.ShallowHistoryMachine.s_history' hides inherited member 'StateMachineBase<HsmParsingCompilationTests.HsmState, HsmParsingCompilationTests.HsmTrigger>.s_history'. Use the new keyword if hiding was intended. [/mnt/c/Users/newon/source/repos/FastFsm/FastFsm.Tests/FastFsm.Tests.csproj]
         /mnt/c/Users/newon/source/repos/FastFsm/FastFsm.Tests/obj/GeneratedFiles/Generator/Generator.StateMachineGenerator/global__StateMachine.Tests.Features.Hsm.CompileTime.HsmParsingCompilationTests.ShallowHistoryMachine.Generated.cs(43,44): warning CS0108: 'HsmParsingCompilationTests.ShallowHistoryMachine._lastActiveChild' hides inherited member 'StateMachineBase<HsmParsingCompilationTests.HsmState, HsmParsingCompilationTests.HsmTrigger>._lastActiveChild'. Use the new keyword if hiding was intended. [/mnt/c/Users/newon/source/repos/FastFsm/FastFsm.Tests/FastFsm.Tests.csproj]
         /mnt/c/Users/newon/source/repos/FastFsm/FastFsm.Tests/obj/GeneratedFiles/Generator/Generator.StateMachineGenerator/global__StateMachine.Tests.Features.Hsm.CompileTime.HsmParsingCompilationTests.ShallowHistoryMachine.Generated.cs(66,25): warning CS0108: 'HsmParsingCompilationTests.ShallowHistoryMachine.GetCompositeEntryTarget(int)' hides inherited member 'StateMachineBase<HsmParsingCompilationTests.HsmState, HsmParsingCompilationTests.HsmTrigger>.GetCompositeEntryTarget(int)'. Use the new keyword if hiding was intended. [/mnt/c/Users/newon/source/repos/FastFsm/FastFsm.Tests/FastFsm.Tests.csproj]
         /mnt/c/Users/newon/source/repos/FastFsm/FastFsm.Tests/obj/GeneratedFiles/Generator/Generator.StateMachineGenerator/global__StateMachine.Tests.Features.Hsm.CompileTime.HsmParsingCompilationTests.DeepHistoryMachine.Generated.cs(30,39): warning CS0108: 'HsmParsingCompilationTests.DeepHistoryMachine.s_parent' hides inherited member 'StateMachineBase<HsmParsingCompilationTests.HsmState, HsmParsingCompilationTests.HsmTrigger>.s_parent'. Use the new keyword if hiding was intended. [/mnt/c/Users/newon/source/repos/FastFsm/FastFsm.Tests/FastFsm.Tests.csproj]
         /mnt/c/Users/newon/source/repos/FastFsm/FastFsm.Tests/obj/GeneratedFiles/Generator/Generator.StateMachineGenerator/global__StateMachine.Tests.Features.Hsm.CompileTime.HsmParsingCompilationTests.DeepHistoryMachine.Generated.cs(31,39): warning CS0108: 'HsmParsingCompilationTests.DeepHistoryMachine.s_depth' hides inherited member 'StateMachineBase<HsmParsingCompilationTests.HsmState, HsmParsingCompilationTests.HsmTrigger>.s_depth'. Use the new keyword if hiding was intended. [/mnt/c/Users/newon/source/repos/FastFsm/FastFsm.Tests/FastFsm.Tests.csproj]
         /mnt/c/Users/newon/source/repos/FastFsm/FastFsm.Tests/obj/GeneratedFiles/Generator/Generator.StateMachineGenerator/global__StateMachine.Tests.Features.Hsm.CompileTime.HsmParsingCompilationTests.DeepHistoryMachine.Generated.cs(32,39): warning CS0108: 'HsmParsingCompilationTests.DeepHistoryMachine.s_initialChild' hides inherited member 'StateMachineBase<HsmParsingCompilationTests.HsmState, HsmParsingCompilationTests.HsmTrigger>.s_initialChild'. Use the new keyword if hiding was intended. [/mnt/c/Users/newon/source/repos/FastFsm/FastFsm.Tests/FastFsm.Tests.csproj]
         /mnt/c/Users/newon/source/repos/FastFsm/FastFsm.Tests/obj/GeneratedFiles/Generator/Generator.StateMachineGenerator/global__StateMachine.Tests.Features.Hsm.CompileTime.HsmParsingCompilationTests.DeepHistoryMachine.Generated.cs(33,47): warning CS0108: 'HsmParsingCompilationTests.DeepHistoryMachine.s_history' hides inherited member 'StateMachineBase<HsmParsingCompilationTests.HsmState, HsmParsingCompilationTests.HsmTrigger>.s_history'. Use the new keyword if hiding was intended. [/mnt/c/Users/newon/source/repos/FastFsm/FastFsm.Tests/FastFsm.Tests.csproj]
         /mnt/c/Users/newon/source/repos/FastFsm/FastFsm.Tests/obj/GeneratedFiles/Generator/Generator.StateMachineGenerator/global__StateMachine.Tests.Features.Hsm.CompileTime.HsmParsingCompilationTests.DeepHistoryMachine.Generated.cs(41,44): warning CS0108: 'HsmParsingCompilationTests.DeepHistoryMachine._lastActiveChild' hides inherited member 'StateMachineBase<HsmParsingCompilationTests.HsmState, HsmParsingCompilationTests.HsmTrigger>._lastActiveChild'. Use the new keyword if hiding was intended. [/mnt/c/Users/newon/source/repos/FastFsm/FastFsm.Tests/FastFsm.Tests.csproj]
         /mnt/c/Users/newon/source/repos/FastFsm/FastFsm.Tests/obj/GeneratedFiles/Generator/Generator.StateMachineGenerator/global__StateMachine.Tests.Features.Hsm.CompileTime.HsmParsingCompilationTests.DeepHistoryMachine.Generated.cs(64,25): warning CS0108: 'HsmParsingCompilationTests.DeepHistoryMachine.GetCompositeEntryTarget(int)' hides inherited member 'StateMachineBase<HsmParsingCompilationTests.HsmState, HsmParsingCompilationTests.HsmTrigger>.GetCompositeEntryTarget(int)'. Use the new keyword if hiding was intended. [/mnt/c/Users/newon/source/repos/FastFsm/FastFsm.Tests/FastFsm.Tests.csproj]
         /mnt/c/Users/newon/source/repos/FastFsm/FastFsm.Tests/obj/GeneratedFiles/Generator/Generator.StateMachineGenerator/global__StateMachine.Tests.Features.Hsm.CompileTime.HsmParsingCompilationTests.PriorityTransitionMachine.Generated.cs(32,39): warning CS0108: 'HsmParsingCompilationTests.PriorityTransitionMachine.s_parent' hides inherited member 'StateMachineBase<HsmParsingCompilationTests.HsmState, HsmParsingCompilationTests.HsmTrigger>.s_parent'. Use the new keyword if hiding was intended. [/mnt/c/Users/newon/source/repos/FastFsm/FastFsm.Tests/FastFsm.Tests.csproj]
         /mnt/c/Users/newon/source/repos/FastFsm/FastFsm.Tests/obj/GeneratedFiles/Generator/Generator.StateMachineGenerator/global__StateMachine.Tests.Features.Hsm.CompileTime.HsmParsingCompilationTests.PriorityTransitionMachine.Generated.cs(33,39): warning CS0108: 'HsmParsingCompilationTests.PriorityTransitionMachine.s_depth' hides inherited member 'StateMachineBase<HsmParsingCompilationTests.HsmState, HsmParsingCompilationTests.HsmTrigger>.s_depth'. Use the new keyword if hiding was intended. [/mnt/c/Users/newon/source/repos/FastFsm/FastFsm.Tests/FastFsm.Tests.csproj]
         /mnt/c/Users/newon/source/repos/FastFsm/FastFsm.Tests/obj/GeneratedFiles/Generator/Generator.StateMachineGenerator/global__StateMachine.Tests.Features.Hsm.CompileTime.HsmParsingCompilationTests.PriorityTransitionMachine.Generated.cs(34,39): warning CS0108: 'HsmParsingCompilationTests.PriorityTransitionMachine.s_initialChild' hides inherited member 'StateMachineBase<HsmParsingCompilationTests.HsmState, HsmParsingCompilationTests.HsmTrigger>.s_initialChild'. Use the new keyword if hiding was intended. [/mnt/c/Users/newon/source/repos/FastFsm/FastFsm.Tests/FastFsm.Tests.csproj]
         /mnt/c/Users/newon/source/repos/FastFsm/FastFsm.Tests/obj/GeneratedFiles/Generator/Generator.StateMachineGenerator/global__StateMachine.Tests.Features.Hsm.CompileTime.HsmParsingCompilationTests.PriorityTransitionMachine.Generated.cs(35,47): warning CS0108: 'HsmParsingCompilationTests.PriorityTransitionMachine.s_history' hides inherited member 'StateMachineBase<HsmParsingCompilationTests.HsmState, HsmParsingCompilationTests.HsmTrigger>.s_history'. Use the new keyword if hiding was intended. [/mnt/c/Users/newon/source/repos/FastFsm/FastFsm.Tests/FastFsm.Tests.csproj]
         /mnt/c/Users/newon/source/repos/FastFsm/FastFsm.Tests/obj/GeneratedFiles/Generator/Generator.StateMachineGenerator/global__StateMachine.Tests.Features.Hsm.CompileTime.HsmParsingCompilationTests.PriorityTransitionMachine.Generated.cs(45,44): warning CS0108: 'HsmParsingCompilationTests.PriorityTransitionMachine._lastActiveChild' hides inherited member 'StateMachineBase<HsmParsingCompilationTests.HsmState, HsmParsingCompilationTests.HsmTrigger>._lastActiveChild'. Use the new keyword if hiding was intended. [/mnt/c/Users/newon/source/repos/FastFsm/FastFsm.Tests/FastFsm.Tests.csproj]
         /mnt/c/Users/newon/source/repos/FastFsm/FastFsm.Tests/obj/GeneratedFiles/Generator/Generator.StateMachineGenerator/global__StateMachine.Tests.Features.Hsm.CompileTime.HsmParsingCompilationTests.PriorityTransitionMachine.Generated.cs(68,25): warning CS0108: 'HsmParsingCompilationTests.PriorityTransitionMachine.GetCompositeEntryTarget(int)' hides inherited member 'StateMachineBase<HsmParsingCompilationTests.HsmState, HsmParsingCompilationTests.HsmTrigger>.GetCompositeEntryTarget(int)'. Use the new keyword if hiding was intended. [/mnt/c/Users/newon/source/repos/FastFsm/FastFsm.Tests/FastFsm.Tests.csproj]
         /mnt/c/Users/newon/source/repos/FastFsm/FastFsm.Tests/obj/GeneratedFiles/Generator/Generator.StateMachineGenerator/global__StateMachine.Tests.Features.Hsm.CompileTime.HsmParsingCompilationTests.InternalTransitionMachine.Generated.cs(34,39): warning CS0108: 'HsmParsingCompilationTests.InternalTransitionMachine.s_parent' hides inherited member 'StateMachineBase<HsmParsingCompilationTests.HsmState, HsmParsingCompilationTests.HsmTrigger>.s_parent'. Use the new keyword if hiding was intended. [/mnt/c/Users/newon/source/repos/FastFsm/FastFsm.Tests/FastFsm.Tests.csproj]
         /mnt/c/Users/newon/source/repos/FastFsm/FastFsm.Tests/obj/GeneratedFiles/Generator/Generator.StateMachineGenerator/global__StateMachine.Tests.Features.Hsm.CompileTime.HsmParsingCompilationTests.InternalTransitionMachine.Generated.cs(35,39): warning CS0108: 'HsmParsingCompilationTests.InternalTransitionMachine.s_depth' hides inherited member 'StateMachineBase<HsmParsingCompilationTests.HsmState, HsmParsingCompilationTests.HsmTrigger>.s_depth'. Use the new keyword if hiding was intended. [/mnt/c/Users/newon/source/repos/FastFsm/FastFsm.Tests/FastFsm.Tests.csproj]
         /mnt/c/Users/newon/source/repos/FastFsm/FastFsm.Tests/obj/GeneratedFiles/Generator/Generator.StateMachineGenerator/global__StateMachine.Tests.Features.Hsm.CompileTime.HsmParsingCompilationTests.InternalTransitionMachine.Generated.cs(36,39): warning CS0108: 'HsmParsingCompilationTests.InternalTransitionMachine.s_initialChild' hides inherited member 'StateMachineBase<HsmParsingCompilationTests.HsmState, HsmParsingCompilationTests.HsmTrigger>.s_initialChild'. Use the new keyword if hiding was intended. [/mnt/c/Users/newon/source/repos/FastFsm/FastFsm.Tests/FastFsm.Tests.csproj]
         /mnt/c/Users/newon/source/repos/FastFsm/FastFsm.Tests/obj/GeneratedFiles/Generator/Generator.StateMachineGenerator/global__StateMachine.Tests.Features.Hsm.CompileTime.HsmParsingCompilationTests.InternalTransitionMachine.Generated.cs(37,47): warning CS0108: 'HsmParsingCompilationTests.InternalTransitionMachine.s_history' hides inherited member 'StateMachineBase<HsmParsingCompilationTests.HsmState, HsmParsingCompilationTests.HsmTrigger>.s_history'. Use the new keyword if hiding was intended. [/mnt/c/Users/newon/source/repos/FastFsm/FastFsm.Tests/FastFsm.Tests.csproj]
         /mnt/c/Users/newon/source/repos/FastFsm/FastFsm.Tests/obj/GeneratedFiles/Generator/Generator.StateMachineGenerator/global__StateMachine.Tests.Features.Hsm.CompileTime.HsmParsingCompilationTests.InternalTransitionMachine.Generated.cs(51,44): warning CS0108: 'HsmParsingCompilationTests.InternalTransitionMachine._lastActiveChild' hides inherited member 'StateMachineBase<HsmParsingCompilationTests.HsmState, HsmParsingCompilationTests.HsmTrigger>._lastActiveChild'. Use the new keyword if hiding was intended. [/mnt/c/Users/newon/source/repos/FastFsm/FastFsm.Tests/FastFsm.Tests.csproj]
         /mnt/c/Users/newon/source/repos/FastFsm/FastFsm.Tests/obj/GeneratedFiles/Generator/Generator.StateMachineGenerator/global__StateMachine.Tests.Features.Hsm.CompileTime.HsmParsingCompilationTests.InternalTransitionMachine.Generated.cs(74,25): warning CS0108: 'HsmParsingCompilationTests.InternalTransitionMachine.GetCompositeEntryTarget(int)' hides inherited member 'StateMachineBase<HsmParsingCompilationTests.HsmState, HsmParsingCompilationTests.HsmTrigger>.GetCompositeEntryTarget(int)'. Use the new keyword if hiding was intended. [/mnt/c/Users/newon/source/repos/FastFsm/FastFsm.Tests/FastFsm.Tests.csproj]
         /mnt/c/Users/newon/source/repos/FastFsm/FastFsm.Tests/obj/GeneratedFiles/Generator/Generator.StateMachineGenerator/global__StateMachine.Tests.Features.Hsm.CompileTime.HsmParsingCompilationTests.CrossHierarchyMachine.Generated.cs(30,39): warning CS0108: 'HsmParsingCompilationTests.CrossHierarchyMachine.s_parent' hides inherited member 'StateMachineBase<HsmParsingCompilationTests.HsmState, HsmParsingCompilationTests.HsmTrigger>.s_parent'. Use the new keyword if hiding was intended. [/mnt/c/Users/newon/source/repos/FastFsm/FastFsm.Tests/FastFsm.Tests.csproj]
         /mnt/c/Users/newon/source/repos/FastFsm/FastFsm.Tests/obj/GeneratedFiles/Generator/Generator.StateMachineGenerator/global__StateMachine.Tests.Features.Hsm.CompileTime.HsmParsingCompilationTests.CrossHierarchyMachine.Generated.cs(31,39): warning CS0108: 'HsmParsingCompilationTests.CrossHierarchyMachine.s_depth' hides inherited member 'StateMachineBase<HsmParsingCompilationTests.HsmState, HsmParsingCompilationTests.HsmTrigger>.s_depth'. Use the new keyword if hiding was intended. [/mnt/c/Users/newon/source/repos/FastFsm/FastFsm.Tests/FastFsm.Tests.csproj]
         /mnt/c/Users/newon/source/repos/FastFsm/FastFsm.Tests/obj/GeneratedFiles/Generator/Generator.StateMachineGenerator/global__StateMachine.Tests.Features.Hsm.CompileTime.HsmParsingCompilationTests.CrossHierarchyMachine.Generated.cs(32,39): warning CS0108: 'HsmParsingCompilationTests.CrossHierarchyMachine.s_initialChild' hides inherited member 'StateMachineBase<HsmParsingCompilationTests.HsmState, HsmParsingCompilationTests.HsmTrigger>.s_initialChild'. Use the new keyword if hiding was intended. [/mnt/c/Users/newon/source/repos/FastFsm/FastFsm.Tests/FastFsm.Tests.csproj]
         /mnt/c/Users/newon/source/repos/FastFsm/FastFsm.Tests/obj/GeneratedFiles/Generator/Generator.StateMachineGenerator/global__StateMachine.Tests.Features.Hsm.CompileTime.HsmParsingCompilationTests.CrossHierarchyMachine.Generated.cs(33,47): warning CS0108: 'HsmParsingCompilationTests.CrossHierarchyMachine.s_history' hides inherited member 'StateMachineBase<HsmParsingCompilationTests.HsmState, HsmParsingCompilationTests.HsmTrigger>.s_history'. Use the new keyword if hiding was intended. [/mnt/c/Users/newon/source/repos/FastFsm/FastFsm.Tests/FastFsm.Tests.csproj]
         /mnt/c/Users/newon/source/repos/FastFsm/FastFsm.Tests/obj/GeneratedFiles/Generator/Generator.StateMachineGenerator/global__StateMachine.Tests.Features.Hsm.CompileTime.HsmParsingCompilationTests.CrossHierarchyMachine.Generated.cs(41,44): warning CS0108: 'HsmParsingCompilationTests.CrossHierarchyMachine._lastActiveChild' hides inherited member 'StateMachineBase<HsmParsingCompilationTests.HsmState, HsmParsingCompilationTests.HsmTrigger>._lastActiveChild'. Use the new keyword if hiding was intended. [/mnt/c/Users/newon/source/repos/FastFsm/FastFsm.Tests/FastFsm.Tests.csproj]
         /mnt/c/Users/newon/source/repos/FastFsm/FastFsm.Tests/obj/GeneratedFiles/Generator/Generator.StateMachineGenerator/global__StateMachine.Tests.Features.Hsm.CompileTime.HsmParsingCompilationTests.CrossHierarchyMachine.Generated.cs(64,25): warning CS0108: 'HsmParsingCompilationTests.CrossHierarchyMachine.GetCompositeEntryTarget(int)' hides inherited member 'StateMachineBase<HsmParsingCompilationTests.HsmState, HsmParsingCompilationTests.HsmTrigger>.GetCompositeEntryTarget(int)'. Use the new keyword if hiding was intended. [/mnt/c/Users/newon/source/repos/FastFsm/FastFsm.Tests/FastFsm.Tests.csproj]
         /mnt/c/Users/newon/source/repos/FastFsm/FastFsm.Tests/obj/GeneratedFiles/Generator/Generator.StateMachineGenerator/global__StateMachine.Tests.Features.Hsm.CompileTime.HsmParsingCompilationTests.ComplexMixedScenarioMachine.Generated.cs(32,39): warning CS0108: 'HsmParsingCompilationTests.ComplexMixedScenarioMachine.s_parent' hides inherited member 'StateMachineBase<HsmParsingCompilationTests.HsmState, HsmParsingCompilationTests.HsmTrigger>.s_parent'. Use the new keyword if hiding was intended. [/mnt/c/Users/newon/source/repos/FastFsm/FastFsm.Tests/FastFsm.Tests.csproj]
         /mnt/c/Users/newon/source/repos/FastFsm/FastFsm.Tests/obj/GeneratedFiles/Generator/Generator.StateMachineGenerator/global__StateMachine.Tests.Features.Hsm.CompileTime.HsmParsingCompilationTests.ComplexMixedScenarioMachine.Generated.cs(33,39): warning CS0108: 'HsmParsingCompilationTests.ComplexMixedScenarioMachine.s_depth' hides inherited member 'StateMachineBase<HsmParsingCompilationTests.HsmState, HsmParsingCompilationTests.HsmTrigger>.s_depth'. Use the new keyword if hiding was intended. [/mnt/c/Users/newon/source/repos/FastFsm/FastFsm.Tests/FastFsm.Tests.csproj]
         /mnt/c/Users/newon/source/repos/FastFsm/FastFsm.Tests/obj/GeneratedFiles/Generator/Generator.StateMachineGenerator/global__StateMachine.Tests.Features.Hsm.CompileTime.HsmParsingCompilationTests.ComplexMixedScenarioMachine.Generated.cs(34,39): warning CS0108: 'HsmParsingCompilationTests.ComplexMixedScenarioMachine.s_initialChild' hides inherited member 'StateMachineBase<HsmParsingCompilationTests.HsmState, HsmParsingCompilationTests.HsmTrigger>.s_initialChild'. Use the new keyword if hiding was intended. [/mnt/c/Users/newon/source/repos/FastFsm/FastFsm.Tests/FastFsm.Tests.csproj]
         /mnt/c/Users/newon/source/repos/FastFsm/FastFsm.Tests/obj/GeneratedFiles/Generator/Generator.StateMachineGenerator/global__StateMachine.Tests.Features.Hsm.CompileTime.HsmParsingCompilationTests.ComplexMixedScenarioMachine.Generated.cs(35,47): warning CS0108: 'HsmParsingCompilationTests.ComplexMixedScenarioMachine.s_history' hides inherited member 'StateMachineBase<HsmParsingCompilationTests.HsmState, HsmParsingCompilationTests.HsmTrigger>.s_history'. Use the new keyword if hiding was intended. [/mnt/c/Users/newon/source/repos/FastFsm/FastFsm.Tests/FastFsm.Tests.csproj]
         /mnt/c/Users/newon/source/repos/FastFsm/FastFsm.Tests/obj/GeneratedFiles/Generator/Generator.StateMachineGenerator/global__StateMachine.Tests.Features.Hsm.CompileTime.HsmParsingCompilationTests.ComplexMixedScenarioMachine.Generated.cs(45,44): warning CS0108: 'HsmParsingCompilationTests.ComplexMixedScenarioMachine._lastActiveChild' hides inherited member 'StateMachineBase<HsmParsingCompilationTests.HsmState, HsmParsingCompilationTests.HsmTrigger>._lastActiveChild'. Use the new keyword if hiding was intended. [/mnt/c/Users/newon/source/repos/FastFsm/FastFsm.Tests/FastFsm.Tests.csproj]
         /mnt/c/Users/newon/source/repos/FastFsm/FastFsm.Tests/obj/GeneratedFiles/Generator/Generator.StateMachineGenerator/global__StateMachine.Tests.Features.Hsm.CompileTime.HsmParsingCompilationTests.ComplexMixedScenarioMachine.Generated.cs(68,25): warning CS0108: 'HsmParsingCompilationTests.ComplexMixedScenarioMachine.GetCompositeEntryTarget(int)' hides inherited member 'StateMachineBase<HsmParsingCompilationTests.HsmState, HsmParsingCompilationTests.HsmTrigger>.GetCompositeEntryTarget(int)'. Use the new keyword if hiding was intended. [/mnt/c/Users/newon/source/repos/FastFsm/FastFsm.Tests/FastFsm.Tests.csproj]
         /mnt/c/Users/newon/source/repos/FastFsm/FastFsm.Tests/obj/GeneratedFiles/Generator/Generator.StateMachineGenerator/global__StateMachine.Tests.Features.Hsm.CompileTime.HsmParsingCompilationTests.InitialStateMachine.Generated.cs(30,39): warning CS0108: 'HsmParsingCompilationTests.InitialStateMachine.s_parent' hides inherited member 'StateMachineBase<HsmParsingCompilationTests.HsmState, HsmParsingCompilationTests.HsmTrigger>.s_parent'. Use the new keyword if hiding was intended. [/mnt/c/Users/newon/source/repos/FastFsm/FastFsm.Tests/FastFsm.Tests.csproj]
         /mnt/c/Users/newon/source/repos/FastFsm/FastFsm.Tests/obj/GeneratedFiles/Generator/Generator.StateMachineGenerator/global__StateMachine.Tests.Features.Hsm.CompileTime.HsmParsingCompilationTests.InitialStateMachine.Generated.cs(31,39): warning CS0108: 'HsmParsingCompilationTests.InitialStateMachine.s_depth' hides inherited member 'StateMachineBase<HsmParsingCompilationTests.HsmState, HsmParsingCompilationTests.HsmTrigger>.s_depth'. Use the new keyword if hiding was intended. [/mnt/c/Users/newon/source/repos/FastFsm/FastFsm.Tests/FastFsm.Tests.csproj]
         /mnt/c/Users/newon/source/repos/FastFsm/FastFsm.Tests/obj/GeneratedFiles/Generator/Generator.StateMachineGenerator/global__StateMachine.Tests.Features.Hsm.CompileTime.HsmParsingCompilationTests.InitialStateMachine.Generated.cs(32,39): warning CS0108: 'HsmParsingCompilationTests.InitialStateMachine.s_initialChild' hides inherited member 'StateMachineBase<HsmParsingCompilationTests.HsmState, HsmParsingCompilationTests.HsmTrigger>.s_initialChild'. Use the new keyword if hiding was intended. [/mnt/c/Users/newon/source/repos/FastFsm/FastFsm.Tests/FastFsm.Tests.csproj]
         /mnt/c/Users/newon/source/repos/FastFsm/FastFsm.Tests/obj/GeneratedFiles/Generator/Generator.StateMachineGenerator/global__StateMachine.Tests.Features.Hsm.CompileTime.HsmParsingCompilationTests.InitialStateMachine.Generated.cs(33,47): warning CS0108: 'HsmParsingCompilationTests.InitialStateMachine.s_history' hides inherited member 'StateMachineBase<HsmParsingCompilationTests.HsmState, HsmParsingCompilationTests.HsmTrigger>.s_history'. Use the new keyword if hiding was intended. [/mnt/c/Users/newon/source/repos/FastFsm/FastFsm.Tests/FastFsm.Tests.csproj]
         /mnt/c/Users/newon/source/repos/FastFsm/FastFsm.Tests/obj/GeneratedFiles/Generator/Generator.StateMachineGenerator/global__StateMachine.Tests.Features.Hsm.CompileTime.HsmParsingCompilationTests.InitialStateMachine.Generated.cs(36,44): warning CS0108: 'HsmParsingCompilationTests.InitialStateMachine._lastActiveChild' hides inherited member 'StateMachineBase<HsmParsingCompilationTests.HsmState, HsmParsingCompilationTests.HsmTrigger>._lastActiveChild'. Use the new keyword if hiding was intended. [/mnt/c/Users/newon/source/repos/FastFsm/FastFsm.Tests/FastFsm.Tests.csproj]
         /mnt/c/Users/newon/source/repos/FastFsm/FastFsm.Tests/obj/GeneratedFiles/Generator/Generator.StateMachineGenerator/global__StateMachine.Tests.Features.Hsm.CompileTime.HsmParsingCompilationTests.InitialStateMachine.Generated.cs(59,25): warning CS0108: 'HsmParsingCompilationTests.InitialStateMachine.GetCompositeEntryTarget(int)' hides inherited member 'StateMachineBase<HsmParsingCompilationTests.HsmState, HsmParsingCompilationTests.HsmTrigger>.GetCompositeEntryTarget(int)'. Use the new keyword if hiding was intended. [/mnt/c/Users/newon/source/repos/FastFsm/FastFsm.Tests/FastFsm.Tests.csproj]
         /mnt/c/Users/newon/source/repos/FastFsm/FastFsm.Tests/obj/GeneratedFiles/Generator/Generator.StateMachineGenerator/global__StateMachine.Tests.Features.Hsm.CompileTime.HsmParsingCompilationTests.EdgeCaseMachine.Generated.cs(30,39): warning CS0108: 'HsmParsingCompilationTests.EdgeCaseMachine.s_parent' hides inherited member 'StateMachineBase<HsmParsingCompilationTests.HsmState, HsmParsingCompilationTests.HsmTrigger>.s_parent'. Use the new keyword if hiding was intended. [/mnt/c/Users/newon/source/repos/FastFsm/FastFsm.Tests/FastFsm.Tests.csproj]
         /mnt/c/Users/newon/source/repos/FastFsm/FastFsm.Tests/obj/GeneratedFiles/Generator/Generator.StateMachineGenerator/global__StateMachine.Tests.Features.Hsm.CompileTime.HsmParsingCompilationTests.EdgeCaseMachine.Generated.cs(31,39): warning CS0108: 'HsmParsingCompilationTests.EdgeCaseMachine.s_depth' hides inherited member 'StateMachineBase<HsmParsingCompilationTests.HsmState, HsmParsingCompilationTests.HsmTrigger>.s_depth'. Use the new keyword if hiding was intended. [/mnt/c/Users/newon/source/repos/FastFsm/FastFsm.Tests/FastFsm.Tests.csproj]
         /mnt/c/Users/newon/source/repos/FastFsm/FastFsm.Tests/obj/GeneratedFiles/Generator/Generator.StateMachineGenerator/global__StateMachine.Tests.Features.Hsm.CompileTime.HsmParsingCompilationTests.EdgeCaseMachine.Generated.cs(32,39): warning CS0108: 'HsmParsingCompilationTests.EdgeCaseMachine.s_initialChild' hides inherited member 'StateMachineBase<HsmParsingCompilationTests.HsmState, HsmParsingCompilationTests.HsmTrigger>.s_initialChild'. Use the new keyword if hiding was intended. [/mnt/c/Users/newon/source/repos/FastFsm/FastFsm.Tests/FastFsm.Tests.csproj]
         /mnt/c/Users/newon/source/repos/FastFsm/FastFsm.Tests/obj/GeneratedFiles/Generator/Generator.StateMachineGenerator/global__StateMachine.Tests.Features.Hsm.CompileTime.HsmParsingCompilationTests.EdgeCaseMachine.Generated.cs(33,47): warning CS0108: 'HsmParsingCompilationTests.EdgeCaseMachine.s_history' hides inherited member 'StateMachineBase<HsmParsingCompilationTests.HsmState, HsmParsingCompilationTests.HsmTrigger>.s_history'. Use the new keyword if hiding was intended. [/mnt/c/Users/newon/source/repos/FastFsm/FastFsm.Tests/FastFsm.Tests.csproj]
         /mnt/c/Users/newon/source/repos/FastFsm/FastFsm.Tests/obj/GeneratedFiles/Generator/Generator.StateMachineGenerator/global__StateMachine.Tests.Features.Hsm.CompileTime.HsmParsingCompilationTests.EdgeCaseMachine.Generated.cs(36,44): warning CS0108: 'HsmParsingCompilationTests.EdgeCaseMachine._lastActiveChild' hides inherited member 'StateMachineBase<HsmParsingCompilationTests.HsmState, HsmParsingCompilationTests.HsmTrigger>._lastActiveChild'. Use the new keyword if hiding was intended. [/mnt/c/Users/newon/source/repos/FastFsm/FastFsm.Tests/FastFsm.Tests.csproj]
         /mnt/c/Users/newon/source/repos/FastFsm/FastFsm.Tests/obj/GeneratedFiles/Generator/Generator.StateMachineGenerator/global__StateMachine.Tests.Features.Hsm.CompileTime.HsmParsingCompilationTests.EdgeCaseMachine.Generated.cs(59,25): warning CS0108: 'HsmParsingCompilationTests.EdgeCaseMachine.GetCompositeEntryTarget(int)' hides inherited member 'StateMachineBase<HsmParsingCompilationTests.HsmState, HsmParsingCompilationTests.HsmTrigger>.GetCompositeEntryTarget(int)'. Use the new keyword if hiding was intended. [/mnt/c/Users/newon/source/repos/FastFsm/FastFsm.Tests/FastFsm.Tests.csproj]
         /home/lukasz/.nuget/packages/fastfsm.net/0.6.9.2/contentFiles/cs/any/ExtensionRunner.cs(86,30): warning CS0168: The variable 'ex' is declared but never used [/mnt/c/Users/newon/source/repos/FastFsm/FastFsm.Tests/FastFsm.Tests.csproj]
         /mnt/c/Users/newon/source/repos/FastFsm/FastFsm.Tests/Features/Payload/PayloadVariantTests.cs(11,52): warning CS9113: Parameter 'output' is unread. [/mnt/c/Users/newon/source/repos/FastFsm/FastFsm.Tests/FastFsm.Tests.csproj]
         /mnt/c/Users/newon/source/repos/FastFsm/FastFsm.Tests/Features/Hsm/Runtime/HierarchicalRuntime.cs(106,33): warning CS8602: Dereference of a possibly null reference. [/mnt/c/Users/newon/source/repos/FastFsm/FastFsm.Tests/FastFsm.Tests.csproj]
         /mnt/c/Users/newon/source/repos/FastFsm/FastFsm.Tests/Features/Hsm/Runtime/HierarchicalRuntime.cs(106,26): warning CS8600: Converting null literal or possible null value to non-nullable type. [/mnt/c/Users/newon/source/repos/FastFsm/FastFsm.Tests/FastFsm.Tests.csproj]
         /mnt/c/Users/newon/source/repos/FastFsm/FastFsm.Tests/Features/Hsm/Runtime/HierarchicalRuntime.cs(107,34): warning CS8602: Dereference of a possibly null reference. [/mnt/c/Users/newon/source/repos/FastFsm/FastFsm.Tests/FastFsm.Tests.csproj]
         /mnt/c/Users/newon/source/repos/FastFsm/FastFsm.Tests/Features/Hsm/Runtime/HierarchicalRuntime.cs(107,27): warning CS8600: Converting null literal or possible null value to non-nullable type. [/mnt/c/Users/newon/source/repos/FastFsm/FastFsm.Tests/FastFsm.Tests.csproj]
         /mnt/c/Users/newon/source/repos/FastFsm/FastFsm.Tests/Features/Hsm/Runtime/HierarchicalRuntime.cs(108,32): warning CS8602: Dereference of a possibly null reference. [/mnt/c/Users/newon/source/repos/FastFsm/FastFsm.Tests/FastFsm.Tests.csproj]
         /mnt/c/Users/newon/source/repos/FastFsm/FastFsm.Tests/Features/Hsm/Runtime/HierarchicalRuntime.cs(108,25): warning CS8600: Converting null literal or possible null value to non-nullable type. [/mnt/c/Users/newon/source/repos/FastFsm/FastFsm.Tests/FastFsm.Tests.csproj]
         /mnt/c/Users/newon/source/repos/FastFsm/FastFsm.Tests/Features/Hsm/Runtime/HierarchicalRuntime.cs(109,41): warning CS8602: Dereference of a possibly null reference. [/mnt/c/Users/newon/source/repos/FastFsm/FastFsm.Tests/FastFsm.Tests.csproj]
         /mnt/c/Users/newon/source/repos/FastFsm/FastFsm.Tests/Features/Hsm/Runtime/HierarchicalRuntime.cs(109,27): warning CS8600: Converting null literal or possible null value to non-nullable type. [/mnt/c/Users/newon/source/repos/FastFsm/FastFsm.Tests/FastFsm.Tests.csproj]
         /mnt/c/Users/newon/source/repos/FastFsm/FastFsm.Tests/Features/Hsm/Runtime/HierarchicalRuntime.cs(118,33): warning CS8602: Dereference of a possibly null reference. [/mnt/c/Users/newon/source/repos/FastFsm/FastFsm.Tests/FastFsm.Tests.csproj]
         /mnt/c/Users/newon/source/repos/FastFsm/FastFsm.Tests/Features/Hsm/Runtime/HierarchicalRuntime.cs(123,34): warning CS8602: Dereference of a possibly null reference. [/mnt/c/Users/newon/source/repos/FastFsm/FastFsm.Tests/FastFsm.Tests.csproj]
         /mnt/c/Users/newon/source/repos/FastFsm/FastFsm.Tests/Features/Hsm/Runtime/HierarchicalRuntime.cs(124,34): warning CS8602: Dereference of a possibly null reference. [/mnt/c/Users/newon/source/repos/FastFsm/FastFsm.Tests/FastFsm.Tests.csproj]
         /mnt/c/Users/newon/source/repos/FastFsm/FastFsm.Tests/Features/Hsm/Runtime/HierarchicalRuntime.cs(125,34): warning CS8602: Dereference of a possibly null reference. [/mnt/c/Users/newon/source/repos/FastFsm/FastFsm.Tests/FastFsm.Tests.csproj]
         /mnt/c/Users/newon/source/repos/FastFsm/FastFsm.Tests/Features/Hsm/Runtime/HierarchicalRuntime.cs(126,34): warning CS8602: Dereference of a possibly null reference. [/mnt/c/Users/newon/source/repos/FastFsm/FastFsm.Tests/FastFsm.Tests.csproj]
         /mnt/c/Users/newon/source/repos/FastFsm/FastFsm.Tests/Features/Hsm/Runtime/HierarchicalRuntime.cs(127,34): warning CS8602: Dereference of a possibly null reference. [/mnt/c/Users/newon/source/repos/FastFsm/FastFsm.Tests/FastFsm.Tests.csproj]
         /mnt/c/Users/newon/source/repos/FastFsm/FastFsm.Tests/obj/GeneratedFiles/Generator/Generator.StateMachineGenerator/global__StateMachine.Tests.Features.Exceptions.AsyncOceOnEntryMachine.Generated.cs(80,54): warning CS1998: This async method lacks 'await' operators and will run synchronously. Consider using the 'await' operator to await non-blocking API calls, or 'await Task.Run(...)' to do CPU-bound work on a background thread. [/mnt/c/Users/newon/source/repos/FastFsm/FastFsm.Tests/FastFsm.Tests.csproj]
         /mnt/c/Users/newon/source/repos/FastFsm/FastFsm.Tests/obj/GeneratedFiles/Generator/Generator.StateMachineGenerator/global__StateMachine.Tests.Features.Exceptions.AsyncOceOnEntryMachine.Generated.cs(106,101): warning CS1998: This async method lacks 'await' operators and will run synchronously. Consider using the 'await' operator to await non-blocking API calls, or 'await Task.Run(...)' to do CPU-bound work on a background thread. [/mnt/c/Users/newon/source/repos/FastFsm/FastFsm.Tests/FastFsm.Tests.csproj]
         /mnt/c/Users/newon/source/repos/FastFsm/FastFsm.Tests/obj/GeneratedFiles/Generator/Generator.StateMachineGenerator/global__StateMachine.Tests.Features.Payload.NotificationMachine.Generated.cs(18,16): warning CS8618: Non-nullable property 'LastSentMessage' must contain a non-null value when exiting constructor. Consider adding the 'required' modifier or declaring the property as nullable. [/mnt/c/Users/newon/source/repos/FastFsm/FastFsm.Tests/FastFsm.Tests.csproj]
         /mnt/c/Users/newon/source/repos/FastFsm/FastFsm.Tests/obj/GeneratedFiles/Generator/Generator.StateMachineGenerator/global__StateMachine.Tests.Features.Payload.MultiPayloadMachine.Generated.cs(29,16): warning CS8618: Non-nullable property 'CurrentSetting' must contain a non-null value when exiting constructor. Consider adding the 'required' modifier or declaring the property as nullable. [/mnt/c/Users/newon/source/repos/FastFsm/FastFsm.Tests/FastFsm.Tests.csproj]
         /mnt/c/Users/newon/source/repos/FastFsm/FastFsm.Tests/obj/GeneratedFiles/Generator/Generator.StateMachineGenerator/global__StateMachine.Tests.Features.Payload.MultiPayloadMachine.Generated.cs(29,16): warning CS8618: Non-nullable property 'LastErrorCode' must contain a non-null value when exiting constructor. Consider adding the 'required' modifier or declaring the property as nullable. [/mnt/c/Users/newon/source/repos/FastFsm/FastFsm.Tests/FastFsm.Tests.csproj]
         /mnt/c/Users/newon/source/repos/FastFsm/FastFsm.Tests/Features/Payload/PayloadVariantTests.cs(451,23): warning CS8618: Non-nullable property 'Wrong' must contain a non-null value when exiting constructor. Consider adding the 'required' modifier or declaring the property as nullable. [/mnt/c/Users/newon/source/repos/FastFsm/FastFsm.Tests/FastFsm.Tests.csproj]
         /mnt/c/Users/newon/source/repos/FastFsm/FastFsm.Tests/Features/Payload/PayloadVariantTests.cs(446,23): warning CS8618: Non-nullable property 'Data' must contain a non-null value when exiting constructor. Consider adding the 'required' modifier or declaring the property as nullable. [/mnt/c/Users/newon/source/repos/FastFsm/FastFsm.Tests/FastFsm.Tests.csproj]
         /mnt/c/Users/newon/source/repos/FastFsm/FastFsm.Tests/Features/Payload/PayloadVariantTests.cs(433,23): warning CS8618: Non-nullable property 'WorkflowId' must contain a non-null value when exiting constructor. Consider adding the 'required' modifier or declaring the property as nullable. [/mnt/c/Users/newon/source/repos/FastFsm/FastFsm.Tests/FastFsm.Tests.csproj]
         /mnt/c/Users/newon/source/repos/FastFsm/FastFsm.Tests/Features/Payload/PayloadVariantTests.cs(435,23): warning CS8618: Non-nullable property 'ApprovedBy' must contain a non-null value when exiting constructor. Consider adding the 'required' modifier or declaring the property as nullable. [/mnt/c/Users/newon/source/repos/FastFsm/FastFsm.Tests/FastFsm.Tests.csproj]
         /mnt/c/Users/newon/source/repos/FastFsm/FastFsm.Tests/Features/Payload/PayloadVariantTests.cs(436,23): warning CS8618: Non-nullable property 'Result' must contain a non-null value when exiting constructor. Consider adding the 'required' modifier or declaring the property as nullable. [/mnt/c/Users/newon/source/repos/FastFsm/FastFsm.Tests/FastFsm.Tests.csproj]
         /mnt/c/Users/newon/source/repos/FastFsm/FastFsm.Tests/Features/Payload/PayloadVariantTests.cs(428,23): warning CS8618: Non-nullable property 'Data' must contain a non-null value when exiting constructor. Consider adding the 'required' modifier or declaring the property as nullable. [/mnt/c/Users/newon/source/repos/FastFsm/FastFsm.Tests/FastFsm.Tests.csproj]
         /mnt/c/Users/newon/source/repos/FastFsm/FastFsm.Tests/Features/Payload/PayloadVariantTests.cs(423,23): warning CS8618: Non-nullable property 'SpecialValue' must contain a non-null value when exiting constructor. Consider adding the 'required' modifier or declaring the property as nullable. [/mnt/c/Users/newon/source/repos/FastFsm/FastFsm.Tests/FastFsm.Tests.csproj]
         /mnt/c/Users/newon/source/repos/FastFsm/FastFsm.Tests/Features/Payload/PayloadVariantTests.cs(408,23): warning CS8618: Non-nullable property 'Data' must contain a non-null value when exiting constructor. Consider adding the 'required' modifier or declaring the property as nullable. [/mnt/c/Users/newon/source/repos/FastFsm/FastFsm.Tests/FastFsm.Tests.csproj]
         /mnt/c/Users/newon/source/repos/FastFsm/FastFsm.Tests/Features/Payload/PayloadVariantTests.cs(402,23): warning CS8618: Non-nullable property 'Code' must contain a non-null value when exiting constructor. Consider adding the 'required' modifier or declaring the property as nullable. [/mnt/c/Users/newon/source/repos/FastFsm/FastFsm.Tests/FastFsm.Tests.csproj]
         /mnt/c/Users/newon/source/repos/FastFsm/FastFsm.Tests/Features/Payload/PayloadVariantTests.cs(403,23): warning CS8618: Non-nullable property 'Message' must contain a non-null value when exiting constructor. Consider adding the 'required' modifier or declaring the property as nullable. [/mnt/c/Users/newon/source/repos/FastFsm/FastFsm.Tests/FastFsm.Tests.csproj]
         /mnt/c/Users/newon/source/repos/FastFsm/FastFsm.Tests/Features/Payload/PayloadVariantTests.cs(392,23): warning CS8618: Non-nullable property 'Setting' must contain a non-null value when exiting constructor. Consider adding the 'required' modifier or declaring the property as nullable. [/mnt/c/Users/newon/source/repos/FastFsm/FastFsm.Tests/FastFsm.Tests.csproj]
         /mnt/c/Users/newon/source/repos/FastFsm/FastFsm.Tests/Features/Payload/PayloadVariantTests.cs(380,23): warning CS8618: Non-nullable property 'Message' must contain a non-null value when exiting constructor. Consider adding the 'required' modifier or declaring the property as nullable. [/mnt/c/Users/newon/source/repos/FastFsm/FastFsm.Tests/FastFsm.Tests.csproj]
         /mnt/c/Users/newon/source/repos/FastFsm/FastFsm.Tests/Features/Payload/PayloadVariantTests.cs(381,25): warning CS8618: Non-nullable property 'Recipients' must contain a non-null value when exiting constructor. Consider adding the 'required' modifier or declaring the property as nullable. [/mnt/c/Users/newon/source/repos/FastFsm/FastFsm.Tests/FastFsm.Tests.csproj]
         /mnt/c/Users/newon/source/repos/FastFsm/FastFsm.Tests/Features/Payload/PayloadVariantTests.cs(370,23): warning CS8618: Non-nullable property 'Customer' must contain a non-null value when exiting constructor. Consider adding the 'required' modifier or declaring the property as nullable. [/mnt/c/Users/newon/source/repos/FastFsm/FastFsm.Tests/FastFsm.Tests.csproj]
         /mnt/c/Users/newon/source/repos/FastFsm/FastFsm.Tests/obj/GeneratedFiles/Generator/Generator.StateMachineGenerator/global__StateMachine.Tests.Features.Payload.MixedPayloadMachine.Generated.cs(25,16): warning CS8618: Non-nullable property 'LastSpecialValue' must contain a non-null value when exiting constructor. Consider adding the 'required' modifier or declaring the property as nullable. [/mnt/c/Users/newon/source/repos/FastFsm/FastFsm.Tests/FastFsm.Tests.csproj]
         /mnt/c/Users/newon/source/repos/FastFsm/FastFsm.Tests/obj/GeneratedFiles/Generator/Generator.StateMachineGenerator/global__StateMachine.Tests.Features.Payload.WorkflowMachine.Generated.cs(24,16): warning CS8618: Non-nullable property 'ApprovedBy' must contain a non-null value when exiting constructor. Consider adding the 'required' modifier or declaring the property as nullable. [/mnt/c/Users/newon/source/repos/FastFsm/FastFsm.Tests/FastFsm.Tests.csproj]
         /mnt/c/Users/newon/source/repos/FastFsm/FastFsm.Tests/obj/GeneratedFiles/Generator/Generator.StateMachineGenerator/global__StateMachine.Tests.Features.Payload.WorkflowMachine.Generated.cs(24,16): warning CS8618: Non-nullable property 'Result' must contain a non-null value when exiting constructor. Consider adding the 'required' modifier or declaring the property as nullable. [/mnt/c/Users/newon/source/repos/FastFsm/FastFsm.Tests/FastFsm.Tests.csproj]
         /mnt/c/Users/newon/source/repos/FastFsm/FastFsm.Tests/obj/GeneratedFiles/Generator/Generator.StateMachineGenerator/global__StateMachine.Tests.Features.Payload.ExitCallbackMachine.Generated.cs(18,16): warning CS8618: Non-nullable property 'OnExitPayloadData' must contain a non-null value when exiting constructor. Consider adding the 'required' modifier or declaring the property as nullable. [/mnt/c/Users/newon/source/repos/FastFsm/FastFsm.Tests/FastFsm.Tests.csproj]
         /mnt/c/Users/newon/source/repos/FastFsm/FastFsm.Tests/Features/Exceptions/ExceptionDirective_Propagate_Action_Tests.cs(27,22): warning FSM004: Class 'PropagateOnActionMachine' is missing the [StateMachine(typeof(StateEnum), typeof(TriggerEnum))] attribute. [/mnt/c/Users/newon/source/repos/FastFsm/FastFsm.Tests/FastFsm.Tests.csproj]
         /mnt/c/Users/newon/source/repos/FastFsm/FastFsm.Tests/Machines/InitialStateMachine.cs(9,26): warning FSM004: Class 'InitialStateMachine' is missing the [StateMachine(typeof(StateEnum), typeof(TriggerEnum))] attribute. [/mnt/c/Users/newon/source/repos/FastFsm/FastFsm.Tests/FastFsm.Tests.csproj]
         /mnt/c/Users/newon/source/repos/FastFsm/FastFsm.Tests/Features/Exceptions/ActionExceptionTests.cs(57,22): warning FSM004: Class 'ThrowingActionMachine' is missing the [StateMachine(typeof(StateEnum), typeof(TriggerEnum))] attribute. [/mnt/c/Users/newon/source/repos/FastFsm/FastFsm.Tests/FastFsm.Tests.csproj]
         /mnt/c/Users/newon/source/repos/FastFsm/FastFsm.Tests/Features/Exceptions/ExceptionDirective_Cancellation_Tests.cs(32,22): warning FSM004: Class 'AsyncOceOnEntryMachine' is missing the [StateMachine(typeof(StateEnum), typeof(TriggerEnum))] attribute. [/mnt/c/Users/newon/source/repos/FastFsm/FastFsm.Tests/FastFsm.Tests.csproj]
         /mnt/c/Users/newon/source/repos/FastFsm/FastFsm.Tests/Features/Exceptions/ExceptionDirective_Continue_Action_Tests.cs(29,22): warning FSM004: Class 'ContinueOnActionMachine' is missing the [StateMachine(typeof(StateEnum), typeof(TriggerEnum))] attribute. [/mnt/c/Users/newon/source/repos/FastFsm/FastFsm.Tests/FastFsm.Tests.csproj]
         /mnt/c/Users/newon/source/repos/FastFsm/FastFsm.Tests/Machines/BasicBenchmarkMachine.cs(7,26): warning FSM004: Class 'BasicBenchmarkMachine' is missing the [StateMachine(typeof(StateEnum), typeof(TriggerEnum))] attribute. [/mnt/c/Users/newon/source/repos/FastFsm/FastFsm.Tests/FastFsm.Tests.csproj]
         /mnt/c/Users/newon/source/repos/FastFsm/FastFsm.Tests/Features/EdgeCases/NoTransitionsMachine.cs(7,26): warning FSM004: Class 'NoTransitionsMachine' is missing the [StateMachine(typeof(StateEnum), typeof(TriggerEnum))] attribute. [/mnt/c/Users/newon/source/repos/FastFsm/FastFsm.Tests/FastFsm.Tests.csproj]
         /mnt/c/Users/newon/source/repos/FastFsm/FastFsm.Tests/Machines/FullOrderMachine.cs(13,26): warning FSM004: Class 'FullOrderMachine' is missing the [StateMachine(typeof(StateEnum), typeof(TriggerEnum))] attribute. [/mnt/c/Users/newon/source/repos/FastFsm/FastFsm.Tests/FastFsm.Tests.csproj]
         /mnt/c/Users/newon/source/repos/FastFsm/FastFsm.Tests/Features/Core/GuardPermittedTriggersTests.cs(30,26): warning FSM004: Class 'GuardPermittedMachine' is missing the [StateMachine(typeof(StateEnum), typeof(TriggerEnum))] attribute. [/mnt/c/Users/newon/source/repos/FastFsm/FastFsm.Tests/FastFsm.Tests.csproj]
         /mnt/c/Users/newon/source/repos/FastFsm/FastFsm.Tests/Machines/InternalOnlyMachine.cs(8,26): warning FSM004: Class 'InternalOnlyMachine' is missing the [StateMachine(typeof(StateEnum), typeof(TriggerEnum))] attribute. [/mnt/c/Users/newon/source/repos/FastFsm/FastFsm.Tests/FastFsm.Tests.csproj]
         /mnt/c/Users/newon/source/repos/FastFsm/FastFsm.Tests/Machines/ConflictingNamesMachine.cs(7,26): warning FSM004: Class 'ConflictingNamesMachine' is missing the [StateMachine(typeof(StateEnum), typeof(TriggerEnum))] attribute. [/mnt/c/Users/newon/source/repos/FastFsm/FastFsm.Tests/FastFsm.Tests.csproj]
         /mnt/c/Users/newon/source/repos/FastFsm/FastFsm.Tests/Machines/LongNameMachine.cs(7,26): warning FSM004: Class 'LongNameMachine' is missing the [StateMachine(typeof(StateEnum), typeof(TriggerEnum))] attribute. [/mnt/c/Users/newon/source/repos/FastFsm/FastFsm.Tests/FastFsm.Tests.csproj]
         /mnt/c/Users/newon/source/repos/FastFsm/FastFsm.Tests/Machines/CoreBenchmarkMachine.cs(7,26): warning FSM004: Class 'CoreBenchmarkMachine' is missing the [StateMachine(typeof(StateEnum), typeof(TriggerEnum))] attribute. [/mnt/c/Users/newon/source/repos/FastFsm/FastFsm.Tests/FastFsm.Tests.csproj]
         /mnt/c/Users/newon/source/repos/FastFsm/FastFsm.Tests/Features/Exceptions/TestMachine.cs(11,26): warning FSM004: Class 'TestMachine' is missing the [StateMachine(typeof(StateEnum), typeof(TriggerEnum))] attribute. [/mnt/c/Users/newon/source/repos/FastFsm/FastFsm.Tests/FastFsm.Tests.csproj]
         /mnt/c/Users/newon/source/repos/FastFsm/FastFsm.Tests/Machines/ExceptionCallbackMachine.cs(9,26): warning FSM004: Class 'ExceptionCallbackMachine' is missing the [StateMachine(typeof(StateEnum), typeof(TriggerEnum))] attribute. [/mnt/c/Users/newon/source/repos/FastFsm/FastFsm.Tests/FastFsm.Tests.csproj]
         /mnt/c/Users/newon/source/repos/FastFsm/FastFsm.Tests/Machines/CallbackOrderMachine.cs(8,26): warning FSM004: Class 'CallbackOrderMachine' is missing the [StateMachine(typeof(StateEnum), typeof(TriggerEnum))] attribute. [/mnt/c/Users/newon/source/repos/FastFsm/FastFsm.Tests/FastFsm.Tests.csproj]
         /mnt/c/Users/newon/source/repos/FastFsm/FastFsm.Tests/Features/Payload/Machines.cs(9,26): warning FSM004: Class 'OrderStateMachine' is missing the [StateMachine(typeof(StateEnum), typeof(TriggerEnum))] attribute. [/mnt/c/Users/newon/source/repos/FastFsm/FastFsm.Tests/FastFsm.Tests.csproj]
         /mnt/c/Users/newon/source/repos/FastFsm/FastFsm.Tests/Machines/CaseSensitiveMachine.cs(7,26): warning FSM004: Class 'CaseSensitiveMachine' is missing the [StateMachine(typeof(StateEnum), typeof(TriggerEnum))] attribute. [/mnt/c/Users/newon/source/repos/FastFsm/FastFsm.Tests/FastFsm.Tests.csproj]
         /mnt/c/Users/newon/source/repos/FastFsm/FastFsm.Tests/Machines/PayloadStateMachine.cs(12,26): warning FSM004: Class 'PayloadStateMachine' is missing the [StateMachine(typeof(StateEnum), typeof(TriggerEnum))] attribute. [/mnt/c/Users/newon/source/repos/FastFsm/FastFsm.Tests/FastFsm.Tests.csproj]
         /mnt/c/Users/newon/source/repos/FastFsm/FastFsm.Tests/Machines/FullMultiPayloadMachine.cs(15,26): warning FSM004: Class 'FullMultiPayloadMachine' is missing the [StateMachine(typeof(StateEnum), typeof(TriggerEnum))] attribute. [/mnt/c/Users/newon/source/repos/FastFsm/FastFsm.Tests/FastFsm.Tests.csproj]
         /mnt/c/Users/newon/source/repos/FastFsm/FastFsm.Tests/Features/Hsm/CompileTime/HsmAdditionalCompilationTests.cs(20,30): warning FSM004: Class 'HsmPayloadMachine' is missing the [StateMachine(typeof(StateEnum), typeof(TriggerEnum))] attribute. [/mnt/c/Users/newon/source/repos/FastFsm/FastFsm.Tests/FastFsm.Tests.csproj]
         /mnt/c/Users/newon/source/repos/FastFsm/FastFsm.Tests/Machines/MultipleCallbacksMachine.cs(8,26): warning FSM004: Class 'MultipleCallbacksMachine' is missing the [StateMachine(typeof(StateEnum), typeof(TriggerEnum))] attribute. [/mnt/c/Users/newon/source/repos/FastFsm/FastFsm.Tests/FastFsm.Tests.csproj]
         /mnt/c/Users/newon/source/repos/FastFsm/FastFsm.Tests/Machines/GuardedCallbackMachine.cs(8,26): warning FSM004: Class 'GuardedCallbackMachine' is missing the [StateMachine(typeof(StateEnum), typeof(TriggerEnum))] attribute. [/mnt/c/Users/newon/source/repos/FastFsm/FastFsm.Tests/FastFsm.Tests.csproj]
         /mnt/c/Users/newon/source/repos/FastFsm/FastFsm.Tests/Features/Payload/Machines.cs(28,26): warning FSM004: Class 'PaymentMachine' is missing the [StateMachine(typeof(StateEnum), typeof(TriggerEnum))] attribute. [/mnt/c/Users/newon/source/repos/FastFsm/FastFsm.Tests/FastFsm.Tests.csproj]
         /mnt/c/Users/newon/source/repos/FastFsm/FastFsm.Tests/Features/Hsm/Runtime/HierarchicalRuntime.cs(34,30): warning FSM004: Class 'InitialChildMachine' is missing the [StateMachine(typeof(StateEnum), typeof(TriggerEnum))] attribute. [/mnt/c/Users/newon/source/repos/FastFsm/FastFsm.Tests/FastFsm.Tests.csproj]
         /mnt/c/Users/newon/source/repos/FastFsm/FastFsm.Tests/Machines/InternalTransitionMachine.cs(9,26): warning FSM004: Class 'InternalTransitionMachine' is missing the [StateMachine(typeof(StateEnum), typeof(TriggerEnum))] attribute. [/mnt/c/Users/newon/source/repos/FastFsm/FastFsm.Tests/FastFsm.Tests.csproj]
         /mnt/c/Users/newon/source/repos/FastFsm/FastFsm.Tests/Features/Extensions/ExtensionHookOrderTests.cs(11,26): warning FSM004: Class 'HookOrderMachine' is missing the [StateMachine(typeof(StateEnum), typeof(TriggerEnum))] attribute. [/mnt/c/Users/newon/source/repos/FastFsm/FastFsm.Tests/FastFsm.Tests.csproj]
         /mnt/c/Users/newon/source/repos/FastFsm/FastFsm.Tests/Machines/KeywordStateMachine.cs(7,26): warning FSM004: Class 'KeywordStateMachine' is missing the [StateMachine(typeof(StateEnum), typeof(TriggerEnum))] attribute. [/mnt/c/Users/newon/source/repos/FastFsm/FastFsm.Tests/FastFsm.Tests.csproj]
         /mnt/c/Users/newon/source/repos/FastFsm/FastFsm.Tests/Machines/NoGuardBenchmarkMachine.cs(7,22): warning FSM004: Class 'NoGuardBenchmarkMachine' is missing the [StateMachine(typeof(StateEnum), typeof(TriggerEnum))] attribute. [/mnt/c/Users/newon/source/repos/FastFsm/FastFsm.Tests/FastFsm.Tests.csproj]
         /mnt/c/Users/newon/source/repos/FastFsm/FastFsm.Tests/Machines/NumericMachine.cs(7,26): warning FSM004: Class 'NumericMachine' is missing the [StateMachine(typeof(StateEnum), typeof(TriggerEnum))] attribute. [/mnt/c/Users/newon/source/repos/FastFsm/FastFsm.Tests/FastFsm.Tests.csproj]
         /mnt/c/Users/newon/source/repos/FastFsm/FastFsm.Tests/Machines/WithGuardBenchmarkMachine.cs(7,26): warning FSM004: Class 'WithGuardBenchmarkMachine' is missing the [StateMachine(typeof(StateEnum), typeof(TriggerEnum))] attribute. [/mnt/c/Users/newon/source/repos/FastFsm/FastFsm.Tests/FastFsm.Tests.csproj]
         /mnt/c/Users/newon/source/repos/FastFsm/FastFsm.Tests/Machines/ComplexCallbackMachine.cs(10,26): warning FSM004: Class 'ComplexCallbackMachine' is missing the [StateMachine(typeof(StateEnum), typeof(TriggerEnum))] attribute. [/mnt/c/Users/newon/source/repos/FastFsm/FastFsm.Tests/FastFsm.Tests.csproj]
         /mnt/c/Users/newon/source/repos/FastFsm/FastFsm.Tests/Machines/SelfTransitionMachine.cs(8,26): warning FSM004: Class 'SelfTransitionMachine' is missing the [StateMachine(typeof(StateEnum), typeof(TriggerEnum))] attribute. [/mnt/c/Users/newon/source/repos/FastFsm/FastFsm.Tests/FastFsm.Tests.csproj]
         /mnt/c/Users/newon/source/repos/FastFsm/FastFsm.Tests/Features/Extensions/ExtensionsMachine.cs(6,26): warning FSM004: Class 'ExtensionsMachine' is missing the [StateMachine(typeof(StateEnum), typeof(TriggerEnum))] attribute. [/mnt/c/Users/newon/source/repos/FastFsm/FastFsm.Tests/FastFsm.Tests.csproj]
         /mnt/c/Users/newon/source/repos/FastFsm/FastFsm.Tests/Features/Payload/Machines.cs(42,26): warning FSM004: Class 'NotificationMachine' is missing the [StateMachine(typeof(StateEnum), typeof(TriggerEnum))] attribute. [/mnt/c/Users/newon/source/repos/FastFsm/FastFsm.Tests/FastFsm.Tests.csproj]
         /mnt/c/Users/newon/source/repos/FastFsm/FastFsm.Tests/Features/Payload/Machines.cs(119,26): warning FSM004: Class 'OverloadedMachine' is missing the [StateMachine(typeof(StateEnum), typeof(TriggerEnum))] attribute. [/mnt/c/Users/newon/source/repos/FastFsm/FastFsm.Tests/FastFsm.Tests.csproj]
         /mnt/c/Users/newon/source/repos/FastFsm/FastFsm.Tests/Features/Payload/Machines.cs(168,26): warning FSM004: Class 'InternalPayloadMachine' is missing the [StateMachine(typeof(StateEnum), typeof(TriggerEnum))] attribute. [/mnt/c/Users/newon/source/repos/FastFsm/FastFsm.Tests/FastFsm.Tests.csproj]
         /mnt/c/Users/newon/source/repos/FastFsm/FastFsm.Tests/Machines/SingleStateMachine.cs(7,26): warning FSM004: Class 'SingleStateMachine' is missing the [StateMachine(typeof(StateEnum), typeof(TriggerEnum))] attribute. [/mnt/c/Users/newon/source/repos/FastFsm/FastFsm.Tests/FastFsm.Tests.csproj]
         /mnt/c/Users/newon/source/repos/FastFsm/FastFsm.Tests/Features/Hsm/CompileTime/HsmAdditionalCompilationTests.cs(62,30): warning FSM004: Class 'EqualPriorityMachine' is missing the [StateMachine(typeof(StateEnum), typeof(TriggerEnum))] attribute. [/mnt/c/Users/newon/source/repos/FastFsm/FastFsm.Tests/FastFsm.Tests.csproj]
         /mnt/c/Users/newon/source/repos/FastFsm/FastFsm.Tests/Features/Hsm/Runtime/HierarchicalRuntime.cs(78,30): warning FSM004: Class 'ShallowHistoryMachine' is missing the [StateMachine(typeof(StateEnum), typeof(TriggerEnum))] attribute. [/mnt/c/Users/newon/source/repos/FastFsm/FastFsm.Tests/FastFsm.Tests.csproj]
         /mnt/c/Users/newon/source/repos/FastFsm/FastFsm.Tests/Features/Payload/Machines.cs(257,26): warning FSM004: Class 'WorkflowMachine' is missing the [StateMachine(typeof(StateEnum), typeof(TriggerEnum))] attribute. [/mnt/c/Users/newon/source/repos/FastFsm/FastFsm.Tests/FastFsm.Tests.csproj]
         /mnt/c/Users/newon/source/repos/FastFsm/FastFsm.Tests/Features/Payload/Machines.cs(61,26): warning FSM004: Class 'ProcessingMachine' is missing the [StateMachine(typeof(StateEnum), typeof(TriggerEnum))] attribute. [/mnt/c/Users/newon/source/repos/FastFsm/FastFsm.Tests/FastFsm.Tests.csproj]
         /mnt/c/Users/newon/source/repos/FastFsm/FastFsm.Tests/Features/Payload/Machines.cs(86,26): warning FSM004: Class 'MultiPayloadMachine' is missing the [StateMachine(typeof(StateEnum), typeof(TriggerEnum))] attribute. [/mnt/c/Users/newon/source/repos/FastFsm/FastFsm.Tests/FastFsm.Tests.csproj]
         /mnt/c/Users/newon/source/repos/FastFsm/FastFsm.Tests/Features/Hsm/CompileTime/HsmAdditionalCompilationTests.cs(88,30): warning FSM004: Class 'HierarchyFlagNoHierarchyMachine' is missing the [StateMachine(typeof(StateEnum), typeof(TriggerEnum))] attribute. [/mnt/c/Users/newon/source/repos/FastFsm/FastFsm.Tests/FastFsm.Tests.csproj]
         /mnt/c/Users/newon/source/repos/FastFsm/FastFsm.Tests/Machines/UnicodeMachine.cs(7,26): warning FSM004: Class 'UnicodeMachine' is missing the [StateMachine(typeof(StateEnum), typeof(TriggerEnum))] attribute. [/mnt/c/Users/newon/source/repos/FastFsm/FastFsm.Tests/FastFsm.Tests.csproj]
         /mnt/c/Users/newon/source/repos/FastFsm/FastFsm.Tests/Features/Payload/Machines.cs(211,26): warning FSM004: Class 'InitialPayloadMachine' is missing the [StateMachine(typeof(StateEnum), typeof(TriggerEnum))] attribute. [/mnt/c/Users/newon/source/repos/FastFsm/FastFsm.Tests/FastFsm.Tests.csproj]
         /mnt/c/Users/newon/source/repos/FastFsm/FastFsm.Tests/Features/Payload/Machines.cs(236,26): warning FSM004: Class 'ExitCallbackMachine' is missing the [StateMachine(typeof(StateEnum), typeof(TriggerEnum))] attribute. [/mnt/c/Users/newon/source/repos/FastFsm/FastFsm.Tests/FastFsm.Tests.csproj]
         /mnt/c/Users/newon/source/repos/FastFsm/FastFsm.Tests/Features/Payload/Machines.cs(186,26): warning FSM004: Class 'MixedPayloadMachine' is missing the [StateMachine(typeof(StateEnum), typeof(TriggerEnum))] attribute. [/mnt/c/Users/newon/source/repos/FastFsm/FastFsm.Tests/FastFsm.Tests.csproj]
         /mnt/c/Users/newon/source/repos/FastFsm/FastFsm.Tests/Machines/UnreachableMachine.cs(7,26): warning FSM004: Class 'UnreachableMachine' is missing the [StateMachine(typeof(StateEnum), typeof(TriggerEnum))] attribute. [/mnt/c/Users/newon/source/repos/FastFsm/FastFsm.Tests/FastFsm.Tests.csproj]
         /mnt/c/Users/newon/source/repos/FastFsm/FastFsm.Tests/Features/Payload/Machines.cs(305,26): warning FSM004: Class 'PermittedTriggersMachine' is missing the [StateMachine(typeof(StateEnum), typeof(TriggerEnum))] attribute. [/mnt/c/Users/newon/source/repos/FastFsm/FastFsm.Tests/FastFsm.Tests.csproj]
         /mnt/c/Users/newon/source/repos/FastFsm/FastFsm.Tests/Features/Payload/Machines.cs(293,26): warning FSM004: Class 'ConditionalPayloadMachine' is missing the [StateMachine(typeof(StateEnum), typeof(TriggerEnum))] attribute. [/mnt/c/Users/newon/source/repos/FastFsm/FastFsm.Tests/FastFsm.Tests.csproj]
         /mnt/c/Users/newon/source/repos/FastFsm/FastFsm.Tests/Features/Hsm/Runtime/HierarchicalRuntime.cs(370,30): warning FSM004: Class 'InheritanceMachine' is missing the [StateMachine(typeof(StateEnum), typeof(TriggerEnum))] attribute. [/mnt/c/Users/newon/source/repos/FastFsm/FastFsm.Tests/FastFsm.Tests.csproj]
         /mnt/c/Users/newon/source/repos/FastFsm/FastFsm.Tests/Features/Hsm/Runtime/HierarchicalRuntime.cs(205,30): warning FSM004: Class 'InternalMachine' is missing the [StateMachine(typeof(StateEnum), typeof(TriggerEnum))] attribute. [/mnt/c/Users/newon/source/repos/FastFsm/FastFsm.Tests/FastFsm.Tests.csproj]
         /mnt/c/Users/newon/source/repos/FastFsm/FastFsm.Tests/Features/Hsm/Runtime/HierarchicalRuntime.cs(157,30): warning FSM004: Class 'DeepHistoryMachine' is missing the [StateMachine(typeof(StateEnum), typeof(TriggerEnum))] attribute. [/mnt/c/Users/newon/source/repos/FastFsm/FastFsm.Tests/FastFsm.Tests.csproj]
         /mnt/c/Users/newon/source/repos/FastFsm/FastFsm.Tests/Features/Hsm/CompileTime/HsmParsingCompilationTests.cs(124,26): warning FSM004: Class 'SimpleParentChildMachine' is missing the [StateMachine(typeof(StateEnum), typeof(TriggerEnum))] attribute. [/mnt/c/Users/newon/source/repos/FastFsm/FastFsm.Tests/FastFsm.Tests.csproj]
         /mnt/c/Users/newon/source/repos/FastFsm/FastFsm.Tests/Features/Payload/Machines.cs(316,26): warning FSM004: Class 'StrictMultiPayloadMachine' is missing the [StateMachine(typeof(StateEnum), typeof(TriggerEnum))] attribute. [/mnt/c/Users/newon/source/repos/FastFsm/FastFsm.Tests/FastFsm.Tests.csproj]
         /mnt/c/Users/newon/source/repos/FastFsm/FastFsm.Tests/Features/Hsm/Runtime/HierarchicalRuntime.cs(271,30): warning FSM004: Class 'PriorityMachine' is missing the [StateMachine(typeof(StateEnum), typeof(TriggerEnum))] attribute. [/mnt/c/Users/newon/source/repos/FastFsm/FastFsm.Tests/FastFsm.Tests.csproj]
         /mnt/c/Users/newon/source/repos/FastFsm/FastFsm.Tests/Features/Hsm/Runtime/HierarchicalRuntime.cs(287,30): warning FSM004: Class 'ChildOverridesMachine' is missing the [StateMachine(typeof(StateEnum), typeof(TriggerEnum))] attribute. [/mnt/c/Users/newon/source/repos/FastFsm/FastFsm.Tests/FastFsm.Tests.csproj]
         /mnt/c/Users/newon/source/repos/FastFsm/FastFsm.Tests/Features/Hsm/CompileTime/HsmParsingCompilationTests.cs(169,26): warning FSM004: Class 'DeepHierarchyMachine' is missing the [StateMachine(typeof(StateEnum), typeof(TriggerEnum))] attribute. [/mnt/c/Users/newon/source/repos/FastFsm/FastFsm.Tests/FastFsm.Tests.csproj]
         /mnt/c/Users/newon/source/repos/FastFsm/FastFsm.Tests/Features/Hsm/Runtime/HierarchicalRuntime.cs(303,30): warning FSM004: Class 'SourceOrderTieMachine' is missing the [StateMachine(typeof(StateEnum), typeof(TriggerEnum))] attribute. [/mnt/c/Users/newon/source/repos/FastFsm/FastFsm.Tests/FastFsm.Tests.csproj]
         /mnt/c/Users/newon/source/repos/FastFsm/FastFsm.Tests/Features/Hsm/CompileTime/HsmParsingCompilationTests.cs(222,26): warning FSM004: Class 'ShallowHistoryMachine' is missing the [StateMachine(typeof(StateEnum), typeof(TriggerEnum))] attribute. [/mnt/c/Users/newon/source/repos/FastFsm/FastFsm.Tests/FastFsm.Tests.csproj]
         /mnt/c/Users/newon/source/repos/FastFsm/FastFsm.Tests/Features/Hsm/CompileTime/HsmParsingCompilationTests.cs(255,26): warning FSM004: Class 'DeepHistoryMachine' is missing the [StateMachine(typeof(StateEnum), typeof(TriggerEnum))] attribute. [/mnt/c/Users/newon/source/repos/FastFsm/FastFsm.Tests/FastFsm.Tests.csproj]
         /mnt/c/Users/newon/source/repos/FastFsm/FastFsm.Tests/Features/Hsm/CompileTime/HsmParsingCompilationTests.cs(293,26): warning FSM004: Class 'PriorityTransitionMachine' is missing the [StateMachine(typeof(StateEnum), typeof(TriggerEnum))] attribute. [/mnt/c/Users/newon/source/repos/FastFsm/FastFsm.Tests/FastFsm.Tests.csproj]
         /mnt/c/Users/newon/source/repos/FastFsm/FastFsm.Tests/Features/Hsm/CompileTime/HsmParsingCompilationTests.cs(325,26): warning FSM004: Class 'InternalTransitionMachine' is missing the [StateMachine(typeof(StateEnum), typeof(TriggerEnum))] attribute. [/mnt/c/Users/newon/source/repos/FastFsm/FastFsm.Tests/FastFsm.Tests.csproj]
         /mnt/c/Users/newon/source/repos/FastFsm/FastFsm.Tests/Features/Hsm/CompileTime/HsmParsingCompilationTests.cs(377,26): warning FSM004: Class 'CrossHierarchyMachine' is missing the [StateMachine(typeof(StateEnum), typeof(TriggerEnum))] attribute. [/mnt/c/Users/newon/source/repos/FastFsm/FastFsm.Tests/FastFsm.Tests.csproj]
         /mnt/c/Users/newon/source/repos/FastFsm/FastFsm.Tests/Features/Hsm/CompileTime/HsmParsingCompilationTests.cs(417,26): warning FSM004: Class 'ComplexMixedScenarioMachine' is missing the [StateMachine(typeof(StateEnum), typeof(TriggerEnum))] attribute. [/mnt/c/Users/newon/source/repos/FastFsm/FastFsm.Tests/FastFsm.Tests.csproj]
         /mnt/c/Users/newon/source/repos/FastFsm/FastFsm.Tests/Features/Hsm/CompileTime/HsmParsingCompilationTests.cs(468,26): warning FSM004: Class 'InitialStateMachine' is missing the [StateMachine(typeof(StateEnum), typeof(TriggerEnum))] attribute. [/mnt/c/Users/newon/source/repos/FastFsm/FastFsm.Tests/FastFsm.Tests.csproj]
         /mnt/c/Users/newon/source/repos/FastFsm/FastFsm.Tests/Features/Hsm/CompileTime/HsmParsingCompilationTests.cs(499,26): warning FSM004: Class 'EdgeCaseMachine' is missing the [StateMachine(typeof(StateEnum), typeof(TriggerEnum))] attribute. [/mnt/c/Users/newon/source/repos/FastFsm/FastFsm.Tests/FastFsm.Tests.csproj]
         /mnt/c/Users/newon/source/repos/FastFsm/FastFsm.Tests/Features/Integration/FullVariantExtendedTests.cs(188,13): warning xUnit2031: Do not use a Where clause to filter before calling Assert.Single. Use the overload of Assert.Single that accepts a filtering function. (https://xunit.net/xunit.analyzers/rules/xUnit2031) [/mnt/c/Users/newon/source/repos/FastFsm/FastFsm.Tests/FastFsm.Tests.csproj]

    807 Warning(s)
    0 Error(s)

Time Elapsed 00:00:07.23
