  Determining projects to restore...
  All projects are up-to-date for restore.
  FastFsm.Logging.Tests -> /mnt/c/Users/Lukasz.Buchmiet/source/repos/FastFsm/FastFsm.Logging.Tests/bin/Release/net9.0/FastFsm.Logging.Tests.dll
Test run for /mnt/c/Users/Lukasz.Buchmiet/source/repos/FastFsm/FastFsm.Logging.Tests/bin/Release/net9.0/FastFsm.Logging.Tests.dll (.NETCoreApp,Version=v9.0)
VSTest version 17.14.1 (x64)

Starting test execution, please wait...
A total of 1 test files matched the specified pattern.
[xUnit.net 00:00:00.19]     FastFsm.Logging.Tests.LoggingIntegrationTests.InitialStateOnEntry_LoggedDuringConstruction_Machine_with_Actions [FAIL]
  Failed FastFsm.Logging.Tests.LoggingIntegrationTests.InitialStateOnEntry_LoggedDuringConstruction_Machine_with_Actions [75 ms]
  Error Message:
   Shouldly.ShouldAssertException : LoggedMessages.Count
    should be
1
    but was
0
  Stack Trace:
     at FastFsm.Logging.Tests.LoggingTestBase.VerifyLogCount(Int32 expectedCount) in /mnt/c/Users/Lukasz.Buchmiet/source/repos/FastFsm/FastFsm.Logging.Tests/LoggingTestBase.cs:line 108
   at FastFsm.Logging.Tests.LoggingIntegrationTests.InitialStateOnEntry_LoggedDuringConstruction_Machine_with_Actions() in /mnt/c/Users/Lukasz.Buchmiet/source/repos/FastFsm/FastFsm.Logging.Tests/LoggingIntegrationTests.cs:line 54
   at System.RuntimeMethodHandle.InvokeMethod(Object target, Void** arguments, Signature sig, Boolean isConstructor)
   at System.Reflection.MethodBaseInvoker.InvokeWithNoArgs(Object obj, BindingFlags invokeAttr)

Failed!  - Failed:     1, Passed:     0, Skipped:     0, Total:     1, Duration: 75 ms - FastFsm.Logging.Tests.dll (net9.0)
